Pixelmon Version 9.3.9
Battle data 2025-11-17T17:44:25.942034208Z

Team #0 PlayerParticipant lame1202 minecraft:the_end (-3910.2515624597554, 59.0, -1428.7802632954995) 
	Parasect {Ability:"EffectSpore",CaughtBall:"ultra_ball",DoesLevel:1b,DynamaxLevel:0,EVAttack:45s,EVDefense:4s,EVHP:45s,EVSpecialAttack:4s,EVSpecialDefense:15s,EVSpeed:16s,EXP:11659,Friendship:75s,Gender:1b,GigantamaxFactor:0b,Health:219,HeldItemStack:{count:1,id:"pixelmon:lucky_egg"},IVAttack:4b,IVDefense:10b,IVHP:10b,IVSpAtt:24b,IVSpDef:21b,IVSpeed:25b,Level:87,MintNature:10b,MoveSkillCooldown:[{MoveSkillCooldownCurrent:1763400069074L,MoveSkillCooldownId:"forage",MoveSkillCooldownTarget:1763400094074L}],Moveset:[{MoveID:"False Swipe",MovePP:40b},{MoveID:"X-Scissor",MovePP:15b},{MoveID:"Spore",MovePP:15b},{MoveID:"Stun Spore",MovePP:30b}],NBT_VERSION:2b,Nature:18b,PAbilitySlot:0,PHiddenAbility:0b,PersistentData:{},Pokerus:{Announced:0b,Type:0s},RelrnMoves:["Poison Powder","False Swipe","Scratch","Spore","Stun Spore","Absorb","Aromatherapy","Fury Cutter"],Size:160.5631275379926d,SpecFlags:[],StatsAttack:183s,StatsDefense:168s,StatsHP:219s,StatsSpecialAttack:131s,StatsSpecialDefense:165s,StatsSpeed:73s,UUID:[I;-1276842647,-1846917542,-1364704173,2018912491],Variant:"base",eggCycles:-1,ndex:47,originalTrainer:"lame1202",originalTrainerUUID:[I;-812478946,543770915,-1079866976,-1753718133],palette:"pink",ribbons2:[]}
	Lunala {Ability:"ShadowShield",CaughtBall:"ultra_ball",DoesLevel:1b,DynamaxLevel:10,EVAttack:0s,EVDefense:4s,EVHP:118s,EVSpecialAttack:252s,EVSpecialDefense:4s,EVSpeed:132s,EXP:7716,FormattedNickname:'{"text":"","extra":["『コウモリ』"]}',Friendship:255s,Gender:2b,GigantamaxFactor:0b,Health:444,HeldItemStack:{count:1,id:"pixelmon:choice_scarf"},IVAttack:31b,IVDefense:9b,IVHP:22b,IVSpAtt:15b,IVSpDef:31b,IVSpeed:31b,IV_HTDEFENSE:1b,IV_HTHP:1b,IV_HTSPECIAL_ATTACK:1b,Level:100,MintNature:16b,MoveSkillCooldown:[{MoveSkillCooldownCurrent:1763344623018L,MoveSkillCooldownId:"open_wormhole",MoveSkillCooldownTarget:1763345523018L},{MoveSkillCooldownCurrent:1762706868028L,MoveSkillCooldownId:"forage",MoveSkillCooldownTarget:1762706893028L}],Moveset:[{MoveID:"Moongeist Beam",MovePP:5b},{MoveID:"Moonblast",MovePP:15b},{MoveID:"Psyshock",MovePP:10b},{MoveID:"Focus Blast",MovePP:5b}],NBT_VERSION:2b,Nature:2b,PAbilitySlot:0,PHiddenAbility:0b,PersistentData:{},Pokerus:{Announced:0b,Type:0s},RelrnMoves:["Future Sight","Cosmic Power","Psyshock","Splash","Teleport","Moongeist Beam","Focus Blast"],Size:392.969829837004d,SpecFlags:[],StatsAttack:262s,StatsDefense:215s,StatsHP:444s,StatsSpecialAttack:373s,StatsSpecialDefense:225s,StatsSpeed:289s,UUID:[I;-1179243225,-108770495,-1853800206,-1381633602],Variant:"base",eggCycles:-1,ndex:792,originalTrainer:"lame1202",originalTrainerUUID:[I;-812478946,543770915,-1079866976,-1753718133],palette:"none",ribbons2:[]}
	Yveltal {Ability:"DarkAura",CaughtBall:"master_ball",DoesLevel:1b,DynamaxLevel:10,EVAttack:6s,EVDefense:0s,EVHP:0s,EVSpecialAttack:252s,EVSpecialDefense:0s,EVSpeed:252s,EXP:0,FormattedNickname:'{"text":"","extra":["『カラス』"]}',Friendship:0s,Gender:2b,GigantamaxFactor:0b,Health:393,HeldItemStack:{count:1,id:"pixelmon:life_orb"},IVAttack:22b,IVDefense:31b,IVHP:27b,IVSpAtt:12b,IVSpDef:31b,IVSpeed:31b,IV_HTATTACK:1b,IV_HTHP:1b,IV_HTSPECIAL_ATTACK:1b,Level:100,MoveSkillCooldown:[{MoveSkillCooldownCurrent:1763071366066L,MoveSkillCooldownId:"fly",MoveSkillCooldownTarget:1763071367116L},{MoveSkillCooldownCurrent:1763400062074L,MoveSkillCooldownId:"forage",MoveSkillCooldownTarget:1763400087074L}],Moveset:[{MoveID:"Oblivion Wing",MovePP:10b},{MoveID:"Foul Play",MovePP:15b},{MoveID:"Dark Pulse",MovePP:15b},{MoveID:"Fly",MovePP:15b}],NBT_VERSION:2b,Nature:2b,PAbilitySlot:0,PHiddenAbility:0b,PersistentData:{},Pokerus:{Announced:0b,Type:0s},RelrnMoves:["Foul Play","Fly","Roost","Sky Attack","Snarl","Dark Pulse","Gust","Disable"],Size:354.61112173609985d,SpecFlags:[],StatsAttack:299s,StatsDefense:226s,StatsHP:393s,StatsSpecialAttack:361s,StatsSpecialDefense:232s,StatsSpeed:297s,UUID:[I;-1063911881,-209827597,-1503807379,789664429],Variant:"base",eggCycles:-1,ndex:717,originalTrainer:"lame1202",originalTrainerUUID:[I;-812478946,543770915,-1079866976,-1753718133],palette:"none",ribbons2:[]}
	Urshifu {Ability:"UnseenFist",CaughtBall:"level_ball",DoesLevel:1b,DynamaxLevel:10,EVAttack:252s,EVDefense:6s,EVHP:0s,EVSpecialAttack:0s,EVSpecialDefense:0s,EVSpeed:252s,EXP:0,FormattedNickname:'{"text":"","extra":["『クマ』"]}',Friendship:255s,Gender:0b,GigantamaxFactor:0b,Health:341,HeldItemStack:{count:1,id:"pixelmon:life_orb"},IVAttack:0b,IVDefense:31b,IVHP:31b,IVSpAtt:31b,IVSpDef:6b,IVSpeed:3b,IV_HTATTACK:1b,IV_HTDEFENSE:1b,IV_HTHP:1b,IV_HTSPECIAL_ATTACK:1b,IV_HTSPECIAL_DEFENSE:1b,IV_HTSPEED:1b,Level:100,MintNature:15b,MoveSkillCooldown:[{MoveSkillCooldownCurrent:1763400066000L,MoveSkillCooldownId:"forage",MoveSkillCooldownTarget:1763400091000L}],Moveset:[{MoveID:"Surging Strikes",MovePP:5b},{MoveID:"Close Combat",MovePP:5b},{MoveID:"Thunder Punch",MovePP:15b},{MoveID:"Ice Punch",MovePP:15b}],NBT_VERSION:2b,Nature:5b,PAbilitySlot:0,PHiddenAbility:0b,PersistentData:{},Pokerus:{Announced:0b,Type:0s},RelrnMoves:["Rock Smash","Surging Strikes","Leer","Endure","Aerial Ace","Thunder Punch","Ice Punch"],Size:151.05878067529977d,SpecFlags:[],StatsAttack:359s,StatsDefense:237s,StatsHP:341s,StatsSpecialAttack:145s,StatsSpecialDefense:156s,StatsSpeed:322s,UUID:[I;-326515662,630081550,-1680083011,1637730844],Variant:"rapidstrike",eggCycles:-1,ndex:892,originalTrainer:"lame1202",originalTrainerUUID:[I;-812478946,543770915,-1079866976,-1753718133],palette:"none",ribbons2:[]}
	Eternatus {Ability:"Pressure",CaughtBall:"dusk_ball",DoesLevel:1b,DynamaxLevel:0,EVAttack:15s,EVDefense:1s,EVHP:20s,EVSpecialAttack:2s,EVSpecialDefense:3s,EVSpeed:8s,EXP:2104,Friendship:0s,Gender:2b,GigantamaxFactor:0b,Health:290,HeldItemStack:{count:1,id:"pixelmon:lucky_egg"},IVAttack:31b,IVDefense:31b,IVHP:4b,IVSpAtt:11b,IVSpDef:31b,IVSpeed:10b,Level:72,MoveSkillCooldown:[{MoveSkillCooldownCurrent:1763400042229L,MoveSkillCooldownId:"forage",MoveSkillCooldownTarget:1763400067229L}],Moveset:[{MoveID:"Dynamax Cannon",MovePP:5b},{MoveID:"Poison Tail",MovePP:25b},{MoveID:"Cross Poison",MovePP:20b},{MoveID:"Dragon Pulse",MovePP:10b}],NBT_VERSION:2b,Nature:8b,PAbilitySlot:0,PHiddenAbility:0b,PersistentData:{},Pokerus:{Announced:0b,Type:0s},RelrnMoves:["Dragon Pulse","Poison Tail","Cross Poison","Agility"],Size:594.9818510150182d,SpecFlags:[],StatsAttack:167s,StatsDefense:164s,StatsHP:290s,StatsSpecialAttack:222s,StatsSpecialDefense:147s,StatsSpeed:200s,UUID:[I;323583437,1923499351,-1821434788,-1937172760],Variant:"ordinary",eggCycles:-1,ndex:890,originalTrainer:"lame1202",originalTrainerUUID:[I;-812478946,543770915,-1079866976,-1753718133],palette:"none",ribbons2:[]}
	Calyrex {Ability:"AsOne",CaughtBall:"dive_ball",DoesLevel:1b,DynamaxLevel:0,EVAttack:21s,EVDefense:3s,EVHP:20s,EVSpecialAttack:2s,EVSpecialDefense:3s,EVSpeed:8s,EXP:4554,Friendship:102s,Gender:2b,GigantamaxFactor:0b,Health:251,HeldItemStack:{count:1,id:"pixelmon:lucky_egg"},IVAttack:31b,IVDefense:7b,IVHP:31b,IVSpAtt:31b,IVSpDef:14b,IVSpeed:21b,Level:72,MoveSkillCooldown:[{MoveSkillCooldownCurrent:1763400044784L,MoveSkillCooldownId:"forage",MoveSkillCooldownTarget:1763400069784L}],Moveset:[{MoveID:"Life Dew",MovePP:10b},{MoveID:"Helping Hand",MovePP:20b},{MoveID:"Psychic Terrain",MovePP:10b},{MoveID:"Astral Barrage",MovePP:5b}],NBT_VERSION:2b,Nature:5b,PAbilitySlot:0,PHiddenAbility:0b,PersistentData:{FusedPokemon:{Ability:"GrimNeigh",CaughtBall:"dive_ball",DoesLevel:1b,DynamaxLevel:0,EVAttack:0s,EVDefense:0s,EVHP:0s,EVSpecialAttack:0s,EVSpecialDefense:0s,EVSpeed:0s,EXP:0,Friendship:35s,Gender:2b,GigantamaxFactor:0b,Health:227,IVAttack:31b,IVDefense:20b,IVHP:10b,IVSpAtt:31b,IVSpDef:4b,IVSpeed:31b,Level:70,Moveset:[{MoveID:"Tackle",MovePP:35b},{MoveID:"Tail Whip",MovePP:30b},{MoveID:"Hex",MovePP:10b},{MoveID:"Haze",MovePP:30b}],NBT_VERSION:2b,Nature:1b,PAbilitySlot:0,PHiddenAbility:0b,PersistentData:{},Pokerus:{Announced:0b,Type:0s},RelrnMoves:["Tackle","Tail Whip","Hex"],Size:153.14231627072277d,SpecFlags:[],StatsAttack:117s,StatsDefense:103s,StatsHP:227s,StatsSpecialAttack:229s,StatsSpecialDefense:119s,StatsSpeed:208s,UUID:[I;-330583638,-2093398841,-1301516363,189157875],Variant:"base",eggCycles:-1,ndex:897,originalTrainer:"lame1202",originalTrainerUUID:[I;-812478946,543770915,-1079866976,-1753718133],palette:"none",ribbons2:[]}},Pokerus:{Announced:0b,Type:0s},RelrnMoves:["Helping Hand","Psychic Terrain","Life Dew","Pound"],Size:110.17346430423368d,SpecFlags:[],StatsAttack:168s,StatsDefense:112s,StatsHP:251s,StatsSpecialAttack:265s,StatsSpecialDefense:159s,StatsSpeed:237s,UUID:[I;878262009,638142455,-1732422590,-275664414],Variant:"shadowrider",eggCycles:-1,ndex:898,originalTrainer:"lame1202",originalTrainerUUID:[I;-812478946,543770915,-1079866976,-1753718133],palette:"none",ribbons2:[]}
Team #1 WildPixelmonParticipant Wobbuffet minecraft:the_end (-3882.5736840484383, 58.0, -1440.51944825669) 
	Wobbuffet {Ability:"ShadowTag",CaughtBall:"poke_ball",DoesLevel:1b,DynamaxLevel:0,EVAttack:0s,EVDefense:0s,EVHP:0s,EVSpecialAttack:0s,EVSpecialDefense:0s,EVSpeed:0s,EXP:0,Friendship:0s,Gender:1b,GigantamaxFactor:0b,Health:153,IVAttack:13b,IVDefense:14b,IVHP:15b,IVSpAtt:19b,IVSpDef:20b,IVSpeed:29b,Level:29,Moveset:[{MoveID:"Charm",MovePP:20b},{MoveID:"Counter",MovePP:20b},{MoveID:"Encore",MovePP:5b},{MoveID:"Splash",MovePP:40b}],NBT_VERSION:2b,Nature:19b,PAbilitySlot:0,PHiddenAbility:0b,PersistentData:{},Pokerus:{Announced:0b,Type:0s},RelrnMoves:["Counter","Encore","Charm"],Size:137.52612137070577d,SpecFlags:[],StatsAttack:27s,StatsDefense:42s,StatsHP:153s,StatsSpecialAttack:31s,StatsSpecialDefense:44s,StatsSpeed:28s,UUID:[I;491400608,-1750185152,-1287218032,-1539291417],Variant:"base",eggCycles:-1,ndex:202,palette:"none",ribbons2:[]}

Turn #0 has begun
 Terrain: NONE[5 turns remaining]
 Weather: none
 Pokemon: 

Parasect stats changed from [ACCURACY=100, EVASION=100, ATTACK=0, DEFENSE=0, SPECIAL_ATTACK=0, SPECIAL_DEFENSE=0, SPEED=0] to [ACCURACY=100, EVASION=100, ATTACK=3, DEFENSE=3, SPECIAL_ATTACK=3, SPECIAL_DEFENSE=3, SPEED=4] delta: ATTACK=-3, DEFENSE=-3, SPECIAL_ATTACK=-3, SPECIAL_DEFENSE=-3, SPEED=-4
Lunala stats changed from [ACCURACY=100, EVASION=100, ATTACK=0, DEFENSE=0, SPECIAL_ATTACK=0, SPECIAL_DEFENSE=0, SPEED=0] to [ACCURACY=100, EVASION=100, ATTACK=2, DEFENSE=3, SPECIAL_ATTACK=2, SPECIAL_DEFENSE=2, SPEED=3] delta: ATTACK=-2, DEFENSE=-3, SPECIAL_ATTACK=-2, SPECIAL_DEFENSE=-2, SPEED=-3
Yveltal stats changed from [ACCURACY=100, EVASION=100, ATTACK=0, DEFENSE=0, SPECIAL_ATTACK=0, SPECIAL_DEFENSE=0, SPEED=0] to [ACCURACY=100, EVASION=100, ATTACK=2, DEFENSE=3, SPECIAL_ATTACK=2, SPECIAL_DEFENSE=3, SPEED=3] delta: ATTACK=-2, DEFENSE=-3, SPECIAL_ATTACK=-2, SPECIAL_DEFENSE=-3, SPEED=-3
Urshifu stats changed from [ACCURACY=100, EVASION=100, ATTACK=0, DEFENSE=0, SPECIAL_ATTACK=0, SPECIAL_DEFENSE=0, SPEED=0] to [ACCURACY=100, EVASION=100, ATTACK=2, DEFENSE=3, SPECIAL_ATTACK=3, SPECIAL_DEFENSE=3, SPEED=3] delta: ATTACK=-2, DEFENSE=-3, SPECIAL_ATTACK=-3, SPECIAL_DEFENSE=-3, SPEED=-3
Eternatus stats changed from [ACCURACY=100, EVASION=100, ATTACK=0, DEFENSE=0, SPECIAL_ATTACK=0, SPECIAL_DEFENSE=0, SPEED=0] to [ACCURACY=100, EVASION=100, ATTACK=3, DEFENSE=3, SPECIAL_ATTACK=2, SPECIAL_DEFENSE=3, SPEED=2] delta: ATTACK=-3, DEFENSE=-3, SPECIAL_ATTACK=-2, SPECIAL_DEFENSE=-3, SPEED=-2
Calyrex stats changed from [ACCURACY=100, EVASION=100, ATTACK=0, DEFENSE=0, SPECIAL_ATTACK=0, SPECIAL_DEFENSE=0, SPEED=0] to [ACCURACY=100, EVASION=100, ATTACK=3, DEFENSE=3, SPECIAL_ATTACK=1, SPECIAL_DEFENSE=3, SPEED=2] delta: ATTACK=-3, DEFENSE=-3, SPECIAL_ATTACK=-1, SPECIAL_DEFENSE=-3, SPEED=-2
Wobbuffet stats changed from [ACCURACY=100, EVASION=100, ATTACK=0, DEFENSE=0, SPECIAL_ATTACK=0, SPECIAL_DEFENSE=0, SPEED=0] to [ACCURACY=100, EVASION=100, ATTACK=4, DEFENSE=3, SPECIAL_ATTACK=4, SPECIAL_DEFENSE=3, SPEED=4] delta: ATTACK=-4, DEFENSE=-3, SPECIAL_ATTACK=-4, SPECIAL_DEFENSE=-3, SPEED=-4
Parasect stats changed from [ACCURACY=100, EVASION=100, ATTACK=3, DEFENSE=3, SPECIAL_ATTACK=3, SPECIAL_DEFENSE=3, SPEED=4] to [ACCURACY=100, EVASION=100, ATTACK=183, DEFENSE=168, SPECIAL_ATTACK=131, SPECIAL_DEFENSE=165, SPEED=73] delta: ATTACK=-180, DEFENSE=-165, SPECIAL_ATTACK=-128, SPECIAL_DEFENSE=-162, SPEED=-69
Wobbuffet stats changed from [ACCURACY=100, EVASION=100, ATTACK=4, DEFENSE=3, SPECIAL_ATTACK=4, SPECIAL_DEFENSE=3, SPEED=4] to [ACCURACY=100, EVASION=100, ATTACK=27, DEFENSE=42, SPECIAL_ATTACK=31, SPECIAL_DEFENSE=44, SPEED=28] delta: ATTACK=-23, DEFENSE=-39, SPECIAL_ATTACK=-27, SPECIAL_DEFENSE=-41, SPEED=-24
Wobbuffet selected attack Charm for Wobbuffet targeting Parasect and opted to mega evolve

BATTLE ENDED

BATTLE ENDED
Caught error in battle. Continuing...
Attempted to load class net/minecraft/client/resources/sounds/SoundInstance for invalid dist DEDICATED_SERVER
MC-BOOTSTRAP/fml_loader@4.0.41/net.neoforged.fml.common.asm.RuntimeDistCleaner.processClassWithFlags(RuntimeDistCleaner.java:60)
MC-BOOTSTRAP/cpw.mods.modlauncher@11.0.5/cpw.mods.modlauncher.LaunchPluginHandler.offerClassNodeToPlugins(LaunchPluginHandler.java:94)
MC-BOOTSTRAP/cpw.mods.modlauncher@11.0.5/cpw.mods.modlauncher.ClassTransformer.transform(ClassTransformer.java:120)
MC-BOOTSTRAP/cpw.mods.modlauncher@11.0.5/cpw.mods.modlauncher.TransformingClassLoader.maybeTransformClassBytes(TransformingClassLoader.java:57)
cpw.mods.securejarhandler/cpw.mods.cl.ModuleClassLoader.readerToClass(ModuleClassLoader.java:190)
cpw.mods.securejarhandler/cpw.mods.cl.ModuleClassLoader.lambda$findClass$20(ModuleClassLoader.java:298)
cpw.mods.securejarhandler/cpw.mods.cl.ModuleClassLoader.loadFromModule(ModuleClassLoader.java:311)
cpw.mods.securejarhandler/cpw.mods.cl.ModuleClassLoader.findClass(ModuleClassLoader.java:298)
cpw.mods.securejarhandler/cpw.mods.cl.ModuleClassLoader.loadClass(ModuleClassLoader.java:214)
java.base/java.lang.ClassLoader.loadClass(Unknown Source)
TRANSFORMER/pixelmon@9.3.9/com.pixelmonmod.pixelmon.battles.controller.participants.PlayerParticipant.forfeitBattleForBeingTooFarAway(PlayerParticipant.java:666)
TRANSFORMER/pixelmon@9.3.9/com.pixelmonmod.pixelmon.battles.controller.participants.PlayerParticipant.handlePlayerDistanceFromBattle(PlayerParticipant.java:647)
TRANSFORMER/pixelmon@9.3.9/com.pixelmonmod.pixelmon.battles.controller.participants.PlayerParticipant.tick(PlayerParticipant.java:451)
TRANSFORMER/pixelmon@9.3.9/com.pixelmonmod.pixelmon.battles.controller.BattleController.onUpdate(BattleController.java:1135)
TRANSFORMER/pixelmon@9.3.9/com.pixelmonmod.pixelmon.battles.controller.BattleController.update(BattleController.java:511)
TRANSFORMER/pixelmon@9.3.9/com.pixelmonmod.pixelmon.battles.BattleRegistry.updateBattles(BattleRegistry.java:202)
TRANSFORMER/pixelmon@9.3.9/com.pixelmonmod.pixelmon.battles.BattleTickHandler.tickStart(BattleTickHandler.java:10)
MC-BOOTSTRAP/net.neoforged.bus/net.neoforged.bus.EventBus.post(EventBus.java:360)
MC-BOOTSTRAP/net.neoforged.bus/net.neoforged.bus.EventBus.post(EventBus.java:328)
TRANSFORMER/neoforge@21.1.209/net.neoforged.neoforge.event.EventHooks.fireServerTickPost(EventHooks.java:1020)
TRANSFORMER/minecraft@1.21.1/net.minecraft.server.MinecraftServer.tickServer(MinecraftServer.java:943)
TRANSFORMER/minecraft@1.21.1/net.minecraft.server.MinecraftServer.runServer(MinecraftServer.java:707)
TRANSFORMER/minecraft@1.21.1/net.minecraft.server.MinecraftServer.lambda$spin$2(MinecraftServer.java:267)
java.base/java.lang.Thread.run(Unknown Source)
