Pixelmon Version 9.3.9
Battle data 2025-11-04T15:58:35.747160306Z

Team #0 WildPixelmonParticipant Scrafty pixelmon:ultra_space (3737.1286517024187, 148.0, -2800.1817410451913) 
	Scrafty {Ability:"Moxie",CaughtBall:"poke_ball",DoesLevel:1b,DynamaxLevel:0,EVAttack:0s,EVDefense:0s,EVHP:0s,EVSpecialAttack:0s,EVSpecialDefense:0s,EVSpeed:0s,EXP:0,Friendship:0s,Gender:1b,GigantamaxFactor:0b,Health:93,IVAttack:2b,IVDefense:12b,IVHP:9b,IVSpAtt:8b,IVSpDef:19b,IVSpeed:18b,Level:35,Moveset:[{MoveID:"Headbutt",MovePP:15b},{MoveID:"Torment",MovePP:15b},{MoveID:"Scary Face",MovePP:10b},{MoveID:"Brick Break",MovePP:15b}],NBT_VERSION:2b,Nature:24b,PAbilitySlot:1,PHiddenAbility:0b,PersistentData:{},Pokerus:{Announced:0b,Type:0s},RelrnMoves:["Scary Face","Torment","Headbutt"],Size:119.76330092661854d,SpecFlags:[],StatsAttack:68s,StatsDefense:89s,StatsHP:93s,StatsSpecialAttack:35s,StatsSpecialDefense:101s,StatsSpeed:51s,UUID:[I;822619630,642402175,-1555034868,-2086272338],Variant:"base",eggCycles:-1,ndex:560,palette:"none",ribbons2:[]}
Team #0 WildPixelmonParticipant Beheeyem pixelmon:ultra_space (3739.5, 135.0, -2802.5) 
	Beheeyem {Ability:"Telepathy",CaughtBall:"poke_ball",DoesLevel:1b,DynamaxLevel:0,EVAttack:0s,EVDefense:0s,EVHP:0s,EVSpecialAttack:0s,EVSpecialDefense:0s,EVSpeed:0s,EXP:0,Friendship:0s,Gender:1b,GigantamaxFactor:0b,Health:121,IVAttack:23b,IVDefense:7b,IVHP:9b,IVSpAtt:23b,IVSpDef:14b,IVSpeed:10b,Level:43,Moveset:[{MoveID:"Imprison",MovePP:10b},{MoveID:"Teleport",MovePP:20b},{MoveID:"Guard Split",MovePP:10b},{MoveID:"Recover",MovePP:5b}],NBT_VERSION:2b,Nature:12b,PAbilitySlot:0,PHiddenAbility:0b,PersistentData:{},Pokerus:{Announced:0b,Type:0s},RelrnMoves:["Imprison","Teleport","Guard Split"],Size:103.86923747093734d,SpecFlags:[],StatsAttack:79s,StatsDefense:79s,StatsHP:121s,StatsSpecialAttack:122s,StatsSpecialDefense:82s,StatsSpeed:43s,UUID:[I;1619977420,-1948433743,-1305987460,-2037355582],Variant:"base",eggCycles:-1,ndex:606,palette:"none",ribbons2:[]}
Team #0 WildPixelmonParticipant Golett pixelmon:ultra_space (3736.5, 131.0, -2801.5) 
	Golett {Ability:"IronFist",CaughtBall:"poke_ball",DoesLevel:1b,DynamaxLevel:0,EVAttack:0s,EVDefense:0s,EVHP:0s,EVSpecialAttack:0s,EVSpecialDefense:0s,EVSpeed:0s,EXP:0,Friendship:0s,Gender:2b,GigantamaxFactor:0b,Health:83,IVAttack:8b,IVDefense:0b,IVHP:12b,IVSpAtt:24b,IVSpDef:23b,IVSpeed:30b,Level:32,Moveset:[{MoveID:"Night Shade",MovePP:15b},{MoveID:"Iron Defense",MovePP:15b},{MoveID:"Shadow Ball",MovePP:15b},{MoveID:"Heavy Slam",MovePP:10b}],NBT_VERSION:2b,Nature:9b,PAbilitySlot:0,PHiddenAbility:0b,PersistentData:{},Pokerus:{Announced:0b,Type:0s},RelrnMoves:["Night Shade","Shadow Ball","Iron Defense"],Size:110.2676169589124d,SpecFlags:[],StatsAttack:48s,StatsDefense:40s,StatsHP:83s,StatsSpecialAttack:35s,StatsSpecialDefense:44s,StatsSpeed:37s,UUID:[I;-1298874294,-1322694834,-2120499365,1775065100],Variant:"base",eggCycles:-1,ndex:622,palette:"none",ribbons2:[]}
Team #0 WildPixelmonParticipant Pupitar pixelmon:ultra_space (3738.5, 148.0, -2800.4067809404623) 
	Pupitar {Ability:"ShedSkin",CaughtBall:"poke_ball",DoesLevel:1b,DynamaxLevel:0,EVAttack:0s,EVDefense:0s,EVHP:0s,EVSpecialAttack:0s,EVSpecialDefense:0s,EVSpeed:0s,EXP:0,Friendship:0s,Gender:1b,GigantamaxFactor:0b,Health:149,IVAttack:10b,IVDefense:18b,IVHP:19b,IVSpAtt:7b,IVSpDef:20b,IVSpeed:10b,Level:54,Moveset:[{MoveID:"Payback",MovePP:10b},{MoveID:"Bite",MovePP:25b},{MoveID:"Rock Slide",MovePP:10b},{MoveID:"Thrash",MovePP:10b}],NBT_VERSION:2b,Nature:21b,PAbilitySlot:0,PHiddenAbility:0b,PersistentData:{},Pokerus:{Announced:0b,Type:0s},RelrnMoves:["Payback","Rock Slide","Bite"],Size:117.68031335319976d,SpecFlags:[],StatsAttack:90s,StatsDefense:90s,StatsHP:149s,StatsSpecialAttack:78s,StatsSpecialDefense:100s,StatsSpeed:65s,UUID:[I;888732748,1146373530,-1814709874,-755249743],Variant:"base",eggCycles:-1,ndex:247,palette:"none",ribbons2:[]}
Team #0 WildPixelmonParticipant Minior pixelmon:ultra_space (3739.181406851082, 149.0, -2797.078715977284) 
	Minior {Ability:"ShieldsDown",CaughtBall:"poke_ball",DoesLevel:1b,DynamaxLevel:0,EVAttack:0s,EVDefense:0s,EVHP:0s,EVSpecialAttack:0s,EVSpecialDefense:0s,EVSpeed:0s,EXP:0,Friendship:0s,Gender:2b,GigantamaxFactor:0b,Health:102,IVAttack:10b,IVDefense:22b,IVHP:11b,IVSpAtt:25b,IVSpDef:17b,IVSpeed:31b,Level:40,Moveset:[{MoveID:"Tackle",MovePP:35b},{MoveID:"Confuse Ray",MovePP:10b},{MoveID:"Swift",MovePP:20b},{MoveID:"Stealth Rock",MovePP:20b}],NBT_VERSION:2b,Nature:5b,PAbilitySlot:0,PHiddenAbility:0b,PersistentData:{},Pokerus:{Announced:0b,Type:0s},RelrnMoves:["Tackle","Confuse Ray","Swift"],Size:143.80655054187153d,SpecFlags:[],StatsAttack:62s,StatsDefense:83s,StatsHP:102s,StatsSpecialAttack:63s,StatsSpecialDefense:91s,StatsSpeed:65s,UUID:[I;-542430932,-1570618415,-1835027888,-1507700104],Variant:"meteor",eggCycles:-1,ndex:774,palette:"orange",ribbons2:[]}
Team #1 PlayerParticipant Bluegum_ pixelmon:ultra_space (3738.0828318486706, 148.0, -2799.3647742939497) 
	Metagross {Ability:"ClearBody",CaughtBall:"ultra_ball",DoesLevel:1b,DynamaxLevel:5,EVAttack:61s,EVDefense:118s,EVHP:5s,EVSpecialAttack:28s,EVSpecialDefense:41s,EVSpeed:22s,EXP:348,Friendship:100s,Gender:2b,GigantamaxFactor:0b,Health:125,HeldItemStack:{count:1,id:"pixelmon:rocky_helmet"},IVAttack:1b,IVDefense:9b,IVHP:8b,IVSpAtt:2b,IVSpDef:19b,IVSpeed:15b,Level:57,Moveset:[{MoveID:"Heavy Slam",MovePP:10b},{MoveID:"Metal Claw",MovePP:35b},{MoveID:"Earthquake",MovePP:9b},{MoveID:"Meteor Mash",MovePP:10b}],NBT_VERSION:2b,Nature:15b,PAbilitySlot:0,PHiddenAbility:0b,PersistentData:{},Pokerus:{Announced:0b,Type:0s},RelrnMoves:["Tackle","Metal Claw","Psychic","Heavy Slam","Earthquake","Take Down","Confusion","Gyro Ball","Flash Cannon","Hammer Arm"],Size:101.22247353966273d,SpecFlags:[],StatsAttack:168s,StatsDefense:175s,StatsHP:163s,StatsSpecialAttack:106s,StatsSpecialDefense:124s,StatsSpeed:105s,UUID:[I;781686170,684476857,-1222539749,1755248273],Variant:"base",eggCycles:-1,ndex:376,originalTrainer:"godksrk",originalTrainerUUID:[I;-1534560904,-1643165059,-1785036217,-2046744326],palette:"none",ribbons2:[]}
	Garganacl {Ability:"Sturdy",CaughtBall:"great_ball",DoesLevel:1b,DynamaxLevel:0,EVAttack:0s,EVDefense:0s,EVHP:0s,EVSpecialAttack:0s,EVSpecialDefense:0s,EVSpeed:0s,EXP:0,Friendship:50s,Gender:1b,GigantamaxFactor:0b,Health:133,IVAttack:5b,IVDefense:26b,IVHP:24b,IVSpAtt:2b,IVSpDef:6b,IVSpeed:9b,Level:38,Moveset:[{MoveID:"Tackle",MovePP:35b},{MoveID:"Mud Shot",MovePP:15b},{MoveID:"Rock Tomb",MovePP:15b},{MoveID:"Salt Cure",MovePP:15b}],NBT_VERSION:2b,Nature:5b,PAbilitySlot:1,PHiddenAbility:0b,PersistentData:{},Pokerus:{Announced:0b,Type:0s},RelrnMoves:["Tackle","Rock Tomb","Mud Shot"],Size:188.99673979932308d,SpecFlags:[],StatsAttack:90s,StatsDefense:101s,StatsHP:133s,StatsSpecialAttack:39s,StatsSpecialDefense:75s,StatsSpeed:35s,UUID:[I;-169620632,1798586826,-1511391234,-1101382010],Variant:"base",eggCycles:-1,ndex:934,originalTrainer:"Bluegum_",originalTrainerUUID:[I;-18226562,-815576607,-1945710123,1042587051],palette:"none",ribbons2:[]}
	Glimmora {Ability:"ToxicDebris",CaughtBall:"heal_ball",DoesLevel:1b,DynamaxLevel:0,EVAttack:5s,EVDefense:21s,EVHP:0s,EVSpecialAttack:5s,EVSpecialDefense:1s,EVSpeed:3s,EXP:10135,Friendship:49s,Gender:0b,GigantamaxFactor:0b,Health:193,HeldItemStack:{count:1,id:"pixelmon:expert_belt"},IVAttack:1b,IVDefense:5b,IVHP:12b,IVSpAtt:28b,IVSpDef:1b,IVSpeed:6b,Level:66,Moveset:[{MoveID:"Rock Polish",MovePP:20b},{MoveID:"Toxic Spikes",MovePP:20b},{MoveID:"Rock Slide",MovePP:10b},{MoveID:"Venoshock",MovePP:15b}],NBT_VERSION:2b,Nature:12b,PAbilitySlot:0,PHiddenAbility:0b,PersistentData:{},Pokerus:{Announced:0b,Type:0s},RelrnMoves:["Venoshock","Rock Slide","Rock Polish","Toxic Spikes"],Size:120.54676634163116d,SpecFlags:[],StatsAttack:79s,StatsDefense:143s,StatsHP:193s,StatsSpecialAttack:195s,StatsSpecialDefense:100s,StatsSpeed:122s,UUID:[I;772598296,-498577872,-1277329970,1051373041],Variant:"base",eggCycles:-1,ndex:970,originalTrainer:"Bluegum_",originalTrainerUUID:[I;-18226562,-815576607,-1945710123,1042587051],palette:"none",ribbons2:[]}
	Blaziken {Ability:"Blaze",CaughtBall:"poke_ball",DoesLevel:1b,DynamaxLevel:0,EVAttack:67s,EVDefense:137s,EVHP:18s,EVSpecialAttack:32s,EVSpecialDefense:14s,EVSpeed:34s,EXP:5616,Friendship:3s,Gender:0b,GigantamaxFactor:0b,Health:146,HeldItemStack:{count:1,id:"pixelmon:exp_share"},IVAttack:13b,IVDefense:9b,IVHP:9b,IVSpAtt:1b,IVSpDef:11b,IVSpeed:13b,Level:50,Moveset:[{MoveID:"Flare Blitz",MovePP:15b},{MoveID:"Fire Punch",MovePP:15b},{MoveID:"Close Combat",MovePP:5b},{MoveID:"Swords Dance",MovePP:20b}],NBT_VERSION:2b,Nature:14b,PAbilitySlot:0,PHiddenAbility:0b,PersistentData:{},Pokerus:{Announced:1b,Type:0s},RelrnMoves:["Quick Attack","Sand Attack","Growl","Double Kick","Aerial Ace","Swords Dance","Bulk Up","Close Combat","Flare Blitz","Scratch","Ember","Slash","Bounce","Flame Charge","Fire Blast","Fire Punch"],Size:182.54302336065263d,SpecFlags:[],StatsAttack:139s,StatsDefense:86s,StatsHP:146s,StatsSpecialAttack:119s,StatsSpecialDefense:82s,StatsSpeed:104s,UUID:[I;-1243501749,1089686626,-1980701276,-1821150013],Variant:"base",eggCycles:-1,ndex:257,originalTrainer:"Bluegum_",originalTrainerUUID:[I;-18226562,-815576607,-1945710123,1042587051],palette:"none",ribbon_display2:{received:1761549069944L,receiver:'""',type:"destiny"},ribbons2:[{received:1761549069944L,receiver:'""',type:"destiny"}]}
	Chandelure {Ability:"FlashFire",CaughtBall:"great_ball",DoesLevel:1b,DynamaxLevel:0,EVAttack:15s,EVDefense:36s,EVHP:7s,EVSpecialAttack:9s,EVSpecialDefense:0s,EVSpeed:17s,EXP:5594,Friendship:187s,Gender:0b,GigantamaxFactor:0b,Health:136,HeldItemStack:{count:1,id:"pixelmon:flame_plate"},IVAttack:17b,IVDefense:24b,IVHP:4b,IVSpAtt:17b,IVSpDef:27b,IVSpeed:31b,Level:56,MoveSkillCooldown:[{MoveSkillCooldownCurrent:1762266322125L,MoveSkillCooldownId:"ignite",MoveSkillCooldownTarget:1762266362125L}],Moveset:[{MoveID:"Heat Wave",MovePP:10b},{MoveID:"Overheat",MovePP:5b},{MoveID:"Shadow Ball",MovePP:15b},{MoveID:"Fire Blast",MovePP:5b}],NBT_VERSION:2b,Nature:13b,PAbilitySlot:0,PHiddenAbility:0b,PersistentData:{},Pokerus:{Announced:0b,Type:0s},RelrnMoves:["Smog","Inferno","Poltergeist","Will-O-Wisp","Overheat","Shadow Ball","Flare Blitz","Fire Blast"],Size:152.31493249610517d,SpecFlags:[],StatsAttack:70s,StatsDefense:124s,StatsHP:136s,StatsSpecialAttack:178s,StatsSpecialDefense:120s,StatsSpeed:125s,UUID:[I;-916774223,-1931064497,-1617671008,-952619417],Variant:"base",eggCycles:-1,ndex:609,originalTrainer:"Bluegum_",originalTrainerUUID:[I;-18226562,-815576607,-1945710123,1042587051],palette:"none",ribbon_display2:{received:1761750479281L,receiver:'""',type:"dawn"},ribbons2:[{received:1761750479281L,receiver:'""',type:"dawn"}]}
	Abra {Ability:"Synchronize",CaughtBall:"great_ball",DoesLevel:1b,DynamaxLevel:0,EVAttack:0s,EVDefense:2s,EVHP:0s,EVSpecialAttack:0s,EVSpecialDefense:0s,EVSpeed:0s,EXP:300,Friendship:70s,Gender:0b,GigantamaxFactor:0b,Health:37,IVAttack:15b,IVDefense:21b,IVHP:2b,IVSpAtt:31b,IVSpDef:16b,IVSpeed:13b,Level:18,MoveSkillCooldown:[{MoveSkillCooldownCurrent:1762267450006L,MoveSkillCooldownId:"teleport",MoveSkillCooldownTarget:1762267456306L},{MoveSkillCooldownCurrent:1762266034340L,MoveSkillCooldownId:"forage",MoveSkillCooldownTarget:1762266059340L}],Moveset:[{MoveID:"Teleport",MovePP:20b}],NBT_VERSION:2b,Nature:2b,PAbilitySlot:0,PHiddenAbility:0b,PersistentData:{},Pokerus:{Announced:0b,Type:0s},RelrnMoves:[],Size:95.31237986351857d,SpecFlags:[],StatsAttack:14s,StatsDefense:14s,StatsHP:37s,StatsSpecialAttack:48s,StatsSpecialDefense:27s,StatsSpeed:39s,UUID:[I;-1937185812,1988578088,-1447263109,-1041743685],Variant:"base",eggCycles:-1,ndex:63,originalTrainer:"Bluegum_",originalTrainerUUID:[I;-18226562,-815576607,-1945710123,1042587051],palette:"none",ribbon_display2:{received:1761994420115L,receiver:'""',type:"humble"},ribbons2:[{received:1761994420115L,receiver:'""',type:"humble"}]}

Turn #0 has begun
 Terrain: NONE[5 turns remaining]
 Weather: none
 Pokemon: 

Scrafty stats changed from [ACCURACY=100, EVASION=100, ATTACK=0, DEFENSE=0, SPECIAL_ATTACK=0, SPECIAL_DEFENSE=0, SPEED=0] to [ACCURACY=100, EVASION=100, ATTACK=3, DEFENSE=2, SPECIAL_ATTACK=4, SPECIAL_DEFENSE=2, SPEED=3] delta: ATTACK=-3, DEFENSE=-2, SPECIAL_ATTACK=-4, SPECIAL_DEFENSE=-2, SPEED=-3
Beheeyem stats changed from [ACCURACY=100, EVASION=100, ATTACK=0, DEFENSE=0, SPECIAL_ATTACK=0, SPECIAL_DEFENSE=0, SPEED=0] to [ACCURACY=100, EVASION=100, ATTACK=3, DEFENSE=3, SPECIAL_ATTACK=2, SPECIAL_DEFENSE=3, SPEED=4] delta: ATTACK=-3, DEFENSE=-3, SPECIAL_ATTACK=-2, SPECIAL_DEFENSE=-3, SPEED=-4
Golett stats changed from [ACCURACY=100, EVASION=100, ATTACK=0, DEFENSE=0, SPECIAL_ATTACK=0, SPECIAL_DEFENSE=0, SPEED=0] to [ACCURACY=100, EVASION=100, ATTACK=3, DEFENSE=4, SPECIAL_ATTACK=4, SPECIAL_DEFENSE=4, SPEED=4] delta: ATTACK=-3, DEFENSE=-4, SPECIAL_ATTACK=-4, SPECIAL_DEFENSE=-4, SPEED=-4
Pupitar stats changed from [ACCURACY=100, EVASION=100, ATTACK=0, DEFENSE=0, SPECIAL_ATTACK=0, SPECIAL_DEFENSE=0, SPEED=0] to [ACCURACY=100, EVASION=100, ATTACK=3, DEFENSE=3, SPECIAL_ATTACK=3, SPECIAL_DEFENSE=3, SPEED=3] delta: ATTACK=-3, DEFENSE=-3, SPECIAL_ATTACK=-3, SPECIAL_DEFENSE=-3, SPEED=-3
Minior stats changed from [ACCURACY=100, EVASION=100, ATTACK=0, DEFENSE=0, SPECIAL_ATTACK=0, SPECIAL_DEFENSE=0, SPEED=0] to [ACCURACY=100, EVASION=100, ATTACK=3, DEFENSE=3, SPECIAL_ATTACK=3, SPECIAL_DEFENSE=3, SPEED=3] delta: ATTACK=-3, DEFENSE=-3, SPECIAL_ATTACK=-3, SPECIAL_DEFENSE=-3, SPEED=-3
Metagross stats changed from [ACCURACY=100, EVASION=100, ATTACK=0, DEFENSE=0, SPECIAL_ATTACK=0, SPECIAL_DEFENSE=0, SPEED=0] to [ACCURACY=100, EVASION=100, ATTACK=2, DEFENSE=2, SPECIAL_ATTACK=3, SPECIAL_DEFENSE=3, SPEED=3] delta: ATTACK=-2, DEFENSE=-2, SPECIAL_ATTACK=-3, SPECIAL_DEFENSE=-3, SPEED=-3
Garganacl stats changed from [ACCURACY=100, EVASION=100, ATTACK=0, DEFENSE=0, SPECIAL_ATTACK=0, SPECIAL_DEFENSE=0, SPEED=0] to [ACCURACY=100, EVASION=100, ATTACK=3, DEFENSE=2, SPECIAL_ATTACK=4, SPECIAL_DEFENSE=3, SPEED=4] delta: ATTACK=-3, DEFENSE=-2, SPECIAL_ATTACK=-4, SPECIAL_DEFENSE=-3, SPEED=-4
Glimmora stats changed from [ACCURACY=100, EVASION=100, ATTACK=0, DEFENSE=0, SPECIAL_ATTACK=0, SPECIAL_DEFENSE=0, SPEED=0] to [ACCURACY=100, EVASION=100, ATTACK=3, DEFENSE=3, SPECIAL_ATTACK=2, SPECIAL_DEFENSE=3, SPEED=3] delta: ATTACK=-3, DEFENSE=-3, SPECIAL_ATTACK=-2, SPECIAL_DEFENSE=-3, SPEED=-3
Blaziken stats changed from [ACCURACY=100, EVASION=100, ATTACK=0, DEFENSE=0, SPECIAL_ATTACK=0, SPECIAL_DEFENSE=0, SPEED=0] to [ACCURACY=100, EVASION=100, ATTACK=2, DEFENSE=3, SPECIAL_ATTACK=2, SPECIAL_DEFENSE=3, SPEED=3] delta: ATTACK=-2, DEFENSE=-3, SPECIAL_ATTACK=-2, SPECIAL_DEFENSE=-3, SPEED=-3
Chandelure stats changed from [ACCURACY=100, EVASION=100, ATTACK=0, DEFENSE=0, SPECIAL_ATTACK=0, SPECIAL_DEFENSE=0, SPEED=0] to [ACCURACY=100, EVASION=100, ATTACK=3, DEFENSE=3, SPECIAL_ATTACK=2, SPECIAL_DEFENSE=3, SPEED=3] delta: ATTACK=-3, DEFENSE=-3, SPECIAL_ATTACK=-2, SPECIAL_DEFENSE=-3, SPEED=-3
Abra stats changed from [ACCURACY=100, EVASION=100, ATTACK=0, DEFENSE=0, SPECIAL_ATTACK=0, SPECIAL_DEFENSE=0, SPEED=0] to [ACCURACY=100, EVASION=100, ATTACK=4, DEFENSE=4, SPECIAL_ATTACK=2, SPECIAL_DEFENSE=3, SPEED=3] delta: ATTACK=-4, DEFENSE=-4, SPECIAL_ATTACK=-2, SPECIAL_DEFENSE=-3, SPEED=-3
Battle Message: literal{Scrafty} summoned some nearby allies to assist them
Scrafty stats changed from [ACCURACY=100, EVASION=100, ATTACK=3, DEFENSE=2, SPECIAL_ATTACK=4, SPECIAL_DEFENSE=2, SPEED=3] to [ACCURACY=100, EVASION=100, ATTACK=68, DEFENSE=89, SPECIAL_ATTACK=35, SPECIAL_DEFENSE=101, SPEED=51] delta: ATTACK=-65, DEFENSE=-87, SPECIAL_ATTACK=-31, SPECIAL_DEFENSE=-99, SPEED=-48
Beheeyem stats changed from [ACCURACY=100, EVASION=100, ATTACK=3, DEFENSE=3, SPECIAL_ATTACK=2, SPECIAL_DEFENSE=3, SPEED=4] to [ACCURACY=100, EVASION=100, ATTACK=79, DEFENSE=79, SPECIAL_ATTACK=122, SPECIAL_DEFENSE=82, SPEED=43] delta: ATTACK=-76, DEFENSE=-76, SPECIAL_ATTACK=-120, SPECIAL_DEFENSE=-79, SPEED=-39
Golett stats changed from [ACCURACY=100, EVASION=100, ATTACK=3, DEFENSE=4, SPECIAL_ATTACK=4, SPECIAL_DEFENSE=4, SPEED=4] to [ACCURACY=100, EVASION=100, ATTACK=48, DEFENSE=40, SPECIAL_ATTACK=35, SPECIAL_DEFENSE=44, SPEED=37] delta: ATTACK=-45, DEFENSE=-36, SPECIAL_ATTACK=-31, SPECIAL_DEFENSE=-40, SPEED=-33
Pupitar stats changed from [ACCURACY=100, EVASION=100, ATTACK=3, DEFENSE=3, SPECIAL_ATTACK=3, SPECIAL_DEFENSE=3, SPEED=3] to [ACCURACY=100, EVASION=100, ATTACK=90, DEFENSE=90, SPECIAL_ATTACK=78, SPECIAL_DEFENSE=100, SPEED=65] delta: ATTACK=-87, DEFENSE=-87, SPECIAL_ATTACK=-75, SPECIAL_DEFENSE=-97, SPEED=-62
Minior stats changed from [ACCURACY=100, EVASION=100, ATTACK=3, DEFENSE=3, SPECIAL_ATTACK=3, SPECIAL_DEFENSE=3, SPEED=3] to [ACCURACY=100, EVASION=100, ATTACK=62, DEFENSE=83, SPECIAL_ATTACK=63, SPECIAL_DEFENSE=91, SPEED=65] delta: ATTACK=-59, DEFENSE=-80, SPECIAL_ATTACK=-60, SPECIAL_DEFENSE=-88, SPEED=-62
Metagross stats changed from [ACCURACY=100, EVASION=100, ATTACK=2, DEFENSE=2, SPECIAL_ATTACK=3, SPECIAL_DEFENSE=3, SPEED=3] to [ACCURACY=100, EVASION=100, ATTACK=165, DEFENSE=172, SPECIAL_ATTACK=104, SPECIAL_DEFENSE=122, SPEED=103] delta: ATTACK=-163, DEFENSE=-170, SPECIAL_ATTACK=-101, SPECIAL_DEFENSE=-119, SPEED=-100
Scrafty selected attack Torment for Scrafty targeting Metagross and opted to mega evolve
translation{key='pixelmon.beheeyem', args=[]} weighted their choices as follows:  Imprison, Tier 0, Weight 0.0;  Teleport, Tier 0, Weight 0.0;  Guard Split, Tier 0, Weight 0.0;  Recover, Tier 0, Weight 0.0;  
translation{key='pixelmon.beheeyem', args=[]} couldn't decide if there was a best choice on which course of action to take.
Beheeyem selected attack Teleport for Beheeyem targeting Beheeyem and opted to mega evolve
translation{key='pixelmon.golett', args=[]} weighted their choices as follows:  Night Shade, Tier 2, Weight 20.0;  Iron Defense, Tier 0, Weight 0.0;  Shadow Ball, Tier 2, Weight 16.875;  Heavy Slam, Tier 2, Weight 1.8750001;  
translation{key='pixelmon.golett', args=[]} decided their best choices were:  Night Shade, Tier 2, Weight 20.0;  
Golett selected attack Night Shade for Golett targeting Metagross and opted to mega evolve
translation{key='pixelmon.pupitar', args=[]} weighted their choices as follows:  Payback, Tier 2, Weight 18.75;  Bite, Tier 2, Weight 21.25;  Rock Slide, Tier 2, Weight 9.375;  Thrash, Tier 2, Weight 10.0;  
translation{key='pixelmon.pupitar', args=[]} decided their best choices were:  Bite, Tier 2, Weight 21.25;  
Pupitar selected attack Bite for Pupitar targeting Metagross and opted to mega evolve
translation{key='pixelmon.minior', args=[]} weighted their choices as follows:  Tackle, Tier 2, Weight 1.8750001;  Confuse Ray, Tier 0, Weight 0.0;  Swift, Tier 2, Weight 3.7500002;  Stealth Rock, Tier 0, Weight 0.0;  
translation{key='pixelmon.minior', args=[]} decided their best choices were:  Swift, Tier 2, Weight 3.7500002;  
Minior selected attack Swift for Minior targeting Metagross and opted to mega evolve
Bluegum_ selected attack Earthquake for Metagross targeting Scrafty, Beheeyem, Golett, Pupitar, Minior
Battle Message: Metagross used Earthquake!
Battle Message: It doesn't affect Minior...
Battle Message: It's super effective on Pupitar!
Pupitar was damaged by Metagross type ATTACK for 121 before: 149 after: 28
Scrafty was damaged by Metagross type ATTACK for 66 before: 93 after: 27
Beheeyem was damaged by Metagross type ATTACK for 71 before: 121 after: 50
Golett was damaged by Metagross type ATTACK for 83 before: 83 after: 0
Battle Message: Golett fainted!
Bluegum_ told Metagross to use Earthquake against Minior with results MoveResults{damage=0, fullDamage=0, power=[], accuracy=0, priority=0.0, result=failed, weightMod=0.0} and Pupitar with results MoveResults{damage=121, fullDamage=121, power=[], accuracy=0, priority=0.0, result=hit, weightMod=0.0} and Scrafty with results MoveResults{damage=66, fullDamage=66, power=[], accuracy=0, priority=0.0, result=hit, weightMod=0.0} and Beheeyem with results MoveResults{damage=71, fullDamage=71, power=[], accuracy=0, priority=0.0, result=hit, weightMod=0.0} and Golett with results null
Battle Message: Minior used Swift!
Battle Message: It wasn't very effective...
Metagross was damaged by Minior type ATTACK for 6 before: 160 after: 154
Minior used Swift against Metagross with results MoveResults{damage=6, fullDamage=6, power=[], accuracy=0, priority=0.0, result=hit, weightMod=0.0}
Battle Message: Pupitar used Bite!
Battle Message: It's super effective!
Metagross was damaged by Pupitar type ATTACK for 29 before: 154 after: 125
Battle Message: Pupitar was hurt by Metagross's Rocky Helmet!
Pupitar was damaged by Metagross type ITEM for 24 before: 28 after: 4
Pupitar used Bite against Metagross with results MoveResults{damage=29, fullDamage=29, power=[], accuracy=0, priority=0.0, result=hit, weightMod=0.0}
Battle Message: Scrafty used Torment!
Metagross was given status com.pixelmonmod.pixelmon.battles.status.Torment@1d16333a
Scrafty used Torment against Metagross with results MoveResults{damage=0, fullDamage=0, power=[], accuracy=0, priority=0.0, result=proceed, weightMod=0.0}
Battle Message: Beheeyem used Teleport!
Battle Message: Beheeyem teleported away!

BATTLE ENDED
Beheeyem used Teleport against Beheeyem with results MoveResults{damage=0, fullDamage=0, power=[], accuracy=0, priority=-6.0, result=succeeded, weightMod=0.0}
Error in applyEffect for class com.pixelmonmod.pixelmon.battles.attacks.specialAttacks.basic.Teleport for attack Teleport
Cannot invoke "com.pixelmonmod.pixelmon.entities.pixelmon.PixelmonEntity.setHealth(float)" because the return value of "com.pixelmonmod.pixelmon.battles.controller.participants.PixelmonWrapper.getEntity()" is null
TRANSFORMER/pixelmon@9.3.9/com.pixelmonmod.pixelmon.battles.attacks.specialAttacks.basic.Teleport.wildPokemonAttemptsEscape(Teleport.java:56)
TRANSFORMER/pixelmon@9.3.9/com.pixelmonmod.pixelmon.battles.attacks.specialAttacks.basic.Teleport.applyEffectDuring(Teleport.java:26)
TRANSFORMER/pixelmon@9.3.9/com.pixelmonmod.pixelmon.battles.attacks.Attack.applySelfStatusMove(Attack.java:1193)
TRANSFORMER/pixelmon@9.3.9/com.pixelmonmod.pixelmon.battles.attacks.Attack.useSelfTargetingStatusMoves(Attack.java:619)
TRANSFORMER/pixelmon@9.3.9/com.pixelmonmod.pixelmon.battles.attacks.Attack.use(Attack.java:393)
TRANSFORMER/pixelmon@9.3.9/com.pixelmonmod.pixelmon.battles.controller.participants.PixelmonWrapper.useAttack(PixelmonWrapper.java:1146)
TRANSFORMER/pixelmon@9.3.9/com.pixelmonmod.pixelmon.battles.controller.participants.PixelmonWrapper.useAttack(PixelmonWrapper.java:1075)
TRANSFORMER/pixelmon@9.3.9/com.pixelmonmod.pixelmon.battles.controller.participants.PixelmonWrapper.takeTurn(PixelmonWrapper.java:2035)
TRANSFORMER/pixelmon@9.3.9/com.pixelmonmod.pixelmon.battles.controller.BattleController.takeTurn(BattleController.java:1478)
TRANSFORMER/pixelmon@9.3.9/com.pixelmonmod.pixelmon.battles.controller.BattleController.doTurnLogic(BattleController.java:626)
TRANSFORMER/pixelmon@9.3.9/com.pixelmonmod.pixelmon.battles.controller.BattleController.update(BattleController.java:525)
TRANSFORMER/pixelmon@9.3.9/com.pixelmonmod.pixelmon.battles.BattleRegistry.updateBattles(BattleRegistry.java:202)
TRANSFORMER/pixelmon@9.3.9/com.pixelmonmod.pixelmon.battles.BattleTickHandler.tickStart(BattleTickHandler.java:10)
MC-BOOTSTRAP/net.neoforged.bus/net.neoforged.bus.EventBus.post(EventBus.java:360)
MC-BOOTSTRAP/net.neoforged.bus/net.neoforged.bus.EventBus.post(EventBus.java:328)
TRANSFORMER/neoforge@21.1.209/net.neoforged.neoforge.event.EventHooks.fireServerTickPost(EventHooks.java:1020)
TRANSFORMER/minecraft@1.21.1/net.minecraft.server.MinecraftServer.tickServer(MinecraftServer.java:943)
TRANSFORMER/minecraft@1.21.1/net.minecraft.server.MinecraftServer.runServer(MinecraftServer.java:707)
TRANSFORMER/minecraft@1.21.1/net.minecraft.server.MinecraftServer.lambda$spin$2(MinecraftServer.java:267)
java.base/java.lang.Thread.run(Unknown Source)
