Pixelmon Version 9.3.9
Battle data 2025-11-18T03:08:25.528158022Z

Team #0 PlayerParticipant ___________12345 pixelmon:ultra_space (11184.941026326838, 66.8421577289949, -10755.876603598766) 
	Primarina {Ability:"LiquidVoice",CaughtBall:"poke_ball",DoesLevel:1b,DynamaxLevel:1,EVAttack:166s,EVDefense:143s,EVHP:26s,EVSpecialAttack:65s,EVSpecialDefense:18s,EVSpeed:92s,EXP:504,Friendship:73s,Gender:0b,GigantamaxFactor:0b,Health:273,HeldItemStack:{count:1,id:"pixelmon:waterium_z"},IVAttack:8b,IVDefense:18b,IVHP:0b,IVSpAtt:6b,IVSpDef:1b,IVSpeed:21b,Level:100,MoveSkillCooldown:[{MoveSkillCooldownCurrent:1762268678098L,MoveSkillCooldownId:"forage",MoveSkillCooldownTarget:1762268703098L}],Moveset:[{MoveID:"Moonblast",MovePP:15b},{MoveID:"Ice Beam",MovePP:10b},{MoveID:"Sparkling Aria",MovePP:10b},{MoveID:"Hydro Pump",MovePP:5b}],NBT_VERSION:2b,Nature:24b,PAbilitySlot:0,PHiddenAbility:1b,PersistentData:{},Pokerus:{Announced:1b,Type:0s},RelrnMoves:["Water Gun","Disarming Voice","Growl","Bubble Beam","Icy Wind","Moonblast","Aqua Jet","Pound","Sparkling Aria","Hydro Pump","Misty Terrain","Hyper Voice"],Size:120.20768368133427d,SpecFlags:[],StatsAttack:202s,StatsDefense:206s,StatsHP:276s,StatsSpecialAttack:251s,StatsSpecialDefense:266s,StatsSpeed:169s,UUID:[I;-1172205738,2048607509,-1879822083,-1553849705],Variant:"base",eggCycles:-1,ndex:730,originalTrainer:"___________12345",originalTrainerUUID:[I;-1755248099,-1258862460,-2021475255,1498965264],palette:"none",ribbon_display2:{received:1761568021723L,receiver:'""',type:"destiny"},ribbons2:[{received:1761568021723L,receiver:'""',type:"destiny"}]}
	Nidorina {Ability:"PoisonPoint",CaughtBall:"poke_ball",DoesLevel:1b,DynamaxLevel:0,EVAttack:7s,EVDefense:12s,EVHP:8s,EVSpecialAttack:2s,EVSpecialDefense:1s,EVSpeed:4s,EXP:1610,Friendship:70s,Gender:1b,GigantamaxFactor:0b,Health:75,HeldItemStack:{count:1,id:"pixelmon:lucky_egg"},IVAttack:16b,IVDefense:15b,IVHP:0b,IVSpAtt:22b,IVSpDef:30b,IVSpeed:15b,Level:27,Moveset:[{MoveID:"Growl",MovePP:40b},{MoveID:"Toxic Spikes",MovePP:20b},{MoveID:"Scratch",MovePP:35b},{MoveID:"Tail Whip",MovePP:30b}],NBT_VERSION:2b,Nature:13b,PAbilitySlot:0,PHiddenAbility:0b,PersistentData:{},Pokerus:{Announced:0b,Type:0s},RelrnMoves:["Scratch","Poison Sting","Tail Whip","Growl"],Size:47.919842530827104d,SpecFlags:[],StatsAttack:38s,StatsDefense:46s,StatsHP:75s,StatsSpecialAttack:40s,StatsSpecialDefense:42s,StatsSpeed:42s,UUID:[I;860160464,1418480687,-1230127044,894837323],Variant:"base",eggCycles:-1,ndex:30,originalTrainer:"___________12345",originalTrainerUUID:[I;-1755248099,-1258862460,-2021475255,1498965264],palette:"none",ribbons2:[]}
	Meowth {Ability:"Pickup",CaughtBall:"ultra_ball",DoesLevel:1b,DynamaxLevel:0,EVAttack:0s,EVDefense:8s,EVHP:5s,EVSpecialAttack:2s,EVSpecialDefense:1s,EVSpeed:1s,EXP:1134,Friendship:70s,Gender:0b,GigantamaxFactor:0b,Health:57,HeldItemStack:{count:1,id:"pixelmon:lucky_egg"},IVAttack:12b,IVDefense:28b,IVHP:2b,IVSpAtt:7b,IVSpDef:7b,IVSpeed:10b,Level:26,Moveset:[{MoveID:"Fake Out",MovePP:10b},{MoveID:"Assurance",MovePP:10b},{MoveID:"Feint",MovePP:10b},{MoveID:"Scratch",MovePP:35b}],NBT_VERSION:2b,Nature:12b,PAbilitySlot:0,PHiddenAbility:0b,PersistentData:{},Pokerus:{Announced:0b,Type:0s},RelrnMoves:["Scratch","Fake Out","Growl","Feint"],Size:55.045656677650726d,SpecFlags:[],StatsAttack:26s,StatsDefense:34s,StatsHP:57s,StatsSpecialAttack:32s,StatsSpecialDefense:24s,StatsSpeed:54s,UUID:[I;-123866898,573852571,-1337796700,329700067],Variant:"alolan",eggCycles:-1,ndex:52,originalTrainer:"___________12345",originalTrainerUUID:[I;-1755248099,-1258862460,-2021475255,1498965264],palette:"none",ribbon_display2:{received:1762693524946L,receiver:'""',type:"cloudy"},ribbons2:[{received:1762693524946L,receiver:'""',type:"cloudy"}]}
	Snorunt {Ability:"InnerFocus",CaughtBall:"ultra_ball",DoesLevel:1b,DynamaxLevel:0,EVAttack:0s,EVDefense:0s,EVHP:0s,EVSpecialAttack:0s,EVSpecialDefense:0s,EVSpeed:0s,EXP:0,Friendship:70s,Gender:0b,GigantamaxFactor:0b,Health:42,HeldItemStack:{count:1,id:"pixelmon:lucky_egg"},IVAttack:31b,IVDefense:9b,IVHP:16b,IVSpAtt:24b,IVSpDef:22b,IVSpeed:30b,Level:15,Moveset:[{MoveID:"Headbutt",MovePP:15b},{MoveID:"Powder Snow",MovePP:25b},{MoveID:"Double Team",MovePP:15b},{MoveID:"Ice Shard",MovePP:30b}],NBT_VERSION:2b,Nature:14b,PAbilitySlot:0,PHiddenAbility:0b,PersistentData:{},Pokerus:{Announced:0b,Type:0s},RelrnMoves:["Powder Snow","Double Team","Headbutt"],Size:74.9841895499144d,SpecFlags:[],StatsAttack:24s,StatsDefense:18s,StatsHP:42s,StatsSpecialAttack:23s,StatsSpecialDefense:23s,StatsSpeed:26s,UUID:[I;1546325462,-96452073,-1358181718,1506921383],Variant:"base",eggCycles:-1,ndex:361,originalTrainer:"___________12345",originalTrainerUUID:[I;-1755248099,-1258862460,-2021475255,1498965264],palette:"none",ribbons2:[]}
	Nidorino {Ability:"Rivalry",CaughtBall:"poke_ball",DoesLevel:1b,DynamaxLevel:0,EVAttack:8s,EVDefense:14s,EVHP:8s,EVSpecialAttack:2s,EVSpecialDefense:1s,EVSpeed:5s,EXP:486,Friendship:72s,Gender:0b,GigantamaxFactor:0b,Health:77,HeldItemStack:{count:1,id:"pixelmon:lucky_egg"},IVAttack:28b,IVDefense:22b,IVHP:16b,IVSpAtt:8b,IVSpDef:8b,IVSpeed:25b,Level:28,Moveset:[{MoveID:"Leer",MovePP:30b},{MoveID:"Toxic Spikes",MovePP:20b},{MoveID:"Peck",MovePP:35b},{MoveID:"Focus Energy",MovePP:30b}],NBT_VERSION:2b,Nature:8b,PAbilitySlot:1,PHiddenAbility:0b,PersistentData:{},Pokerus:{Announced:0b,Type:0s},RelrnMoves:["Leer","Poison Sting","Focus Energy","Peck"],Size:57.16655989949157d,SpecFlags:[],StatsAttack:58s,StatsDefense:44s,StatsHP:77s,StatsSpecialAttack:38s,StatsSpecialDefense:34s,StatsSpeed:48s,UUID:[I;-1466104338,-67483390,-2058209950,67073646],Variant:"base",eggCycles:-1,ndex:33,originalTrainer:"___________12345",originalTrainerUUID:[I;-1755248099,-1258862460,-2021475255,1498965264],palette:"none",ribbons2:[]}
	Lunala {Ability:"ShadowShield",CaughtBall:"poke_ball",DoesLevel:1b,DynamaxLevel:1,EVAttack:186s,EVDefense:153s,EVHP:37s,EVSpecialAttack:72s,EVSpecialDefense:15s,EVSpeed:47s,EXP:0,Friendship:150s,Gender:2b,GigantamaxFactor:0b,Health:424,HeldItemStack:{count:1,id:"pixelmon:life_orb"},IVAttack:31b,IVDefense:31b,IVHP:31b,IVSpAtt:27b,IVSpDef:12b,IVSpeed:6b,IV_HTSPECIAL_ATTACK:1b,IV_HTSPECIAL_DEFENSE:1b,IV_HTSPEED:1b,Level:100,MoveSkillCooldown:[{MoveSkillCooldownCurrent:1762885582654L,MoveSkillCooldownId:"teleport",MoveSkillCooldownTarget:1762885585404L},{MoveSkillCooldownCurrent:1763435271052L,MoveSkillCooldownId:"open_wormhole",MoveSkillCooldownTarget:1763436171052L},{MoveSkillCooldownCurrent:1762327790070L,MoveSkillCooldownId:"forage",MoveSkillCooldownTarget:1762327815070L}],Moveset:[{MoveID:"Shadow Ball",MovePP:15b},{MoveID:"Teleport",MovePP:20b},{MoveID:"Phantom Force",MovePP:10b},{MoveID:"Moongeist Beam",MovePP:5b}],NBT_VERSION:2b,Nature:24b,PAbilitySlot:0,PHiddenAbility:0b,PersistentData:{},Pokerus:{Announced:1b,Type:0s},RelrnMoves:["Cosmic Power","Splash","Shadow Ball","Teleport","Moongeist Beam"],Size:405.9875038263135d,SpecFlags:[],StatsAttack:308s,StatsDefense:252s,StatsHP:424s,StatsSpecialAttack:295s,StatsSpecialDefense:278s,StatsSpeed:241s,UUID:[I;-708358819,-229422748,-1359255917,-1287760405],Variant:"base",eggCycles:-1,ndex:792,originalTrainer:"___________12345",originalTrainerUUID:[I;-1755248099,-1258862460,-2021475255,1498965264],palette:"none",ribbons2:[]}
Team #1 WildPixelmonParticipant Machoke pixelmon:ultra_space (11172.296938018242, 62.0, -10729.049958689395) 
	Machoke {Ability:"NoGuard",CaughtBall:"poke_ball",DoesLevel:1b,DynamaxLevel:0,EVAttack:0s,EVDefense:0s,EVHP:0s,EVSpecialAttack:0s,EVSpecialDefense:0s,EVSpeed:0s,EXP:0,Friendship:0s,Gender:0b,GigantamaxFactor:0b,Health:85,IVAttack:15b,IVDefense:30b,IVHP:10b,IVSpAtt:26b,IVSpDef:26b,IVSpeed:3b,Level:28,Moveset:[{MoveID:"Low Kick",MovePP:20b},{MoveID:"Low Sweep",MovePP:20b},{MoveID:"Knock Off",MovePP:20b},{MoveID:"Dual Chop",MovePP:15b}],NBT_VERSION:2b,Nature:4b,PAbilitySlot:1,PHiddenAbility:0b,PersistentData:{},Pokerus:{Announced:0b,Type:0s},RelrnMoves:["Low Kick","Knock Off","Low Sweep"],Size:149.10882563198928d,SpecFlags:[],StatsAttack:65s,StatsDefense:52s,StatsHP:85s,StatsSpecialAttack:40s,StatsSpecialDefense:45s,StatsSpeed:31s,UUID:[I;1307940543,979059460,-1119708303,-1024822183],Variant:"base",eggCycles:-1,ndex:67,palette:"none",ribbons2:[]}

Turn #0 has begun
 Terrain: NONE[5 turns remaining]
 Weather: none
 Pokemon: 

Primarina stats changed from [ACCURACY=100, EVASION=100, ATTACK=0, DEFENSE=0, SPECIAL_ATTACK=0, SPECIAL_DEFENSE=0, SPEED=0] to [ACCURACY=100, EVASION=100, ATTACK=3, DEFENSE=3, SPECIAL_ATTACK=2, SPECIAL_DEFENSE=2, SPEED=3] delta: ATTACK=-3, DEFENSE=-3, SPECIAL_ATTACK=-2, SPECIAL_DEFENSE=-2, SPEED=-3
Nidorina stats changed from [ACCURACY=100, EVASION=100, ATTACK=0, DEFENSE=0, SPECIAL_ATTACK=0, SPECIAL_DEFENSE=0, SPEED=0] to [ACCURACY=100, EVASION=100, ATTACK=3, DEFENSE=3, SPECIAL_ATTACK=3, SPECIAL_DEFENSE=3, SPEED=3] delta: ATTACK=-3, DEFENSE=-3, SPECIAL_ATTACK=-3, SPECIAL_DEFENSE=-3, SPEED=-3
Meowth stats changed from [ACCURACY=100, EVASION=100, ATTACK=0, DEFENSE=0, SPECIAL_ATTACK=0, SPECIAL_DEFENSE=0, SPEED=0] to [ACCURACY=100, EVASION=100, ATTACK=4, DEFENSE=4, SPECIAL_ATTACK=4, SPECIAL_DEFENSE=4, SPEED=3] delta: ATTACK=-4, DEFENSE=-4, SPECIAL_ATTACK=-4, SPECIAL_DEFENSE=-4, SPEED=-3
Snorunt stats changed from [ACCURACY=100, EVASION=100, ATTACK=0, DEFENSE=0, SPECIAL_ATTACK=0, SPECIAL_DEFENSE=0, SPEED=0] to [ACCURACY=100, EVASION=100, ATTACK=4, DEFENSE=4, SPECIAL_ATTACK=4, SPECIAL_DEFENSE=4, SPEED=4] delta: ATTACK=-4, DEFENSE=-4, SPECIAL_ATTACK=-4, SPECIAL_DEFENSE=-4, SPEED=-4
Nidorino stats changed from [ACCURACY=100, EVASION=100, ATTACK=0, DEFENSE=0, SPECIAL_ATTACK=0, SPECIAL_DEFENSE=0, SPEED=0] to [ACCURACY=100, EVASION=100, ATTACK=3, DEFENSE=3, SPECIAL_ATTACK=3, SPECIAL_DEFENSE=3, SPEED=3] delta: ATTACK=-3, DEFENSE=-3, SPECIAL_ATTACK=-3, SPECIAL_DEFENSE=-3, SPEED=-3
Lunala stats changed from [ACCURACY=100, EVASION=100, ATTACK=0, DEFENSE=0, SPECIAL_ATTACK=0, SPECIAL_DEFENSE=0, SPEED=0] to [ACCURACY=100, EVASION=100, ATTACK=2, DEFENSE=3, SPECIAL_ATTACK=2, SPECIAL_DEFENSE=2, SPEED=3] delta: ATTACK=-2, DEFENSE=-3, SPECIAL_ATTACK=-2, SPECIAL_DEFENSE=-2, SPEED=-3
Machoke stats changed from [ACCURACY=100, EVASION=100, ATTACK=0, DEFENSE=0, SPECIAL_ATTACK=0, SPECIAL_DEFENSE=0, SPEED=0] to [ACCURACY=100, EVASION=100, ATTACK=3, DEFENSE=3, SPECIAL_ATTACK=4, SPECIAL_DEFENSE=3, SPEED=4] delta: ATTACK=-3, DEFENSE=-3, SPECIAL_ATTACK=-4, SPECIAL_DEFENSE=-3, SPEED=-4
Primarina stats changed from [ACCURACY=100, EVASION=100, ATTACK=3, DEFENSE=3, SPECIAL_ATTACK=2, SPECIAL_DEFENSE=2, SPEED=3] to [ACCURACY=100, EVASION=100, ATTACK=202, DEFENSE=206, SPECIAL_ATTACK=251, SPECIAL_DEFENSE=266, SPEED=169] delta: ATTACK=-199, DEFENSE=-203, SPECIAL_ATTACK=-249, SPECIAL_DEFENSE=-264, SPEED=-166
Machoke stats changed from [ACCURACY=100, EVASION=100, ATTACK=3, DEFENSE=3, SPECIAL_ATTACK=4, SPECIAL_DEFENSE=3, SPEED=4] to [ACCURACY=100, EVASION=100, ATTACK=65, DEFENSE=52, SPECIAL_ATTACK=40, SPECIAL_DEFENSE=45, SPEED=31] delta: ATTACK=-62, DEFENSE=-49, SPECIAL_ATTACK=-36, SPECIAL_DEFENSE=-42, SPEED=-27
translation{key='pixelmon.machoke', args=[]} weighted their choices as follows:  Low Kick, Tier 2, Weight 1.8115941;  Low Sweep, Tier 2, Weight 1.8115941;  Knock Off, Tier 2, Weight 1.0869565;  Dual Chop, Tier 0, Weight 0.0;  
translation{key='pixelmon.machoke', args=[]} decided their best choices were:  Low Kick, Tier 2, Weight 1.8115941;  Low Sweep, Tier 2, Weight 1.8115941;  Knock Off, Tier 2, Weight 1.0869565;  
Machoke selected attack Knock Off for Machoke targeting Primarina and opted to mega evolve
___________12345 used pixelmon:poke_ball on Machoke
Battle Message: ___________12345 threw the Ultra Ball!
Battle Message: Machoke used Knock Off!
Battle Message: It wasn't very effective...
Primarina was damaged by Machoke type ATTACK for 3 before: 276 after: 273
Machoke used Knock Off against Primarina with results MoveResults{damage=3, fullDamage=3, power=[], accuracy=0, priority=0.0, result=hit, weightMod=0.0}

BATTLE ENDED

BATTLE ENDED
Caught error in battle. Continuing...
Attempted to load class net/minecraft/client/resources/sounds/SoundInstance for invalid dist DEDICATED_SERVER
MC-BOOTSTRAP/fml_loader@4.0.41/net.neoforged.fml.common.asm.RuntimeDistCleaner.processClassWithFlags(RuntimeDistCleaner.java:60)
MC-BOOTSTRAP/cpw.mods.modlauncher@11.0.5/cpw.mods.modlauncher.LaunchPluginHandler.offerClassNodeToPlugins(LaunchPluginHandler.java:94)
MC-BOOTSTRAP/cpw.mods.modlauncher@11.0.5/cpw.mods.modlauncher.ClassTransformer.transform(ClassTransformer.java:120)
MC-BOOTSTRAP/cpw.mods.modlauncher@11.0.5/cpw.mods.modlauncher.TransformingClassLoader.maybeTransformClassBytes(TransformingClassLoader.java:57)
cpw.mods.securejarhandler/cpw.mods.cl.ModuleClassLoader.readerToClass(ModuleClassLoader.java:190)
cpw.mods.securejarhandler/cpw.mods.cl.ModuleClassLoader.lambda$findClass$20(ModuleClassLoader.java:298)
cpw.mods.securejarhandler/cpw.mods.cl.ModuleClassLoader.loadFromModule(ModuleClassLoader.java:311)
cpw.mods.securejarhandler/cpw.mods.cl.ModuleClassLoader.findClass(ModuleClassLoader.java:298)
cpw.mods.securejarhandler/cpw.mods.cl.ModuleClassLoader.loadClass(ModuleClassLoader.java:214)
java.base/java.lang.ClassLoader.loadClass(Unknown Source)
TRANSFORMER/pixelmon@9.3.9/com.pixelmonmod.pixelmon.battles.controller.participants.PlayerParticipant.forfeitBattleForBeingTooFarAway(PlayerParticipant.java:666)
TRANSFORMER/pixelmon@9.3.9/com.pixelmonmod.pixelmon.battles.controller.participants.PlayerParticipant.handlePlayerDistanceFromBattle(PlayerParticipant.java:647)
TRANSFORMER/pixelmon@9.3.9/com.pixelmonmod.pixelmon.battles.controller.participants.PlayerParticipant.tick(PlayerParticipant.java:451)
TRANSFORMER/pixelmon@9.3.9/com.pixelmonmod.pixelmon.battles.controller.BattleController.onUpdate(BattleController.java:1135)
TRANSFORMER/pixelmon@9.3.9/com.pixelmonmod.pixelmon.battles.controller.BattleController.update(BattleController.java:511)
TRANSFORMER/pixelmon@9.3.9/com.pixelmonmod.pixelmon.battles.BattleRegistry.updateBattles(BattleRegistry.java:202)
TRANSFORMER/pixelmon@9.3.9/com.pixelmonmod.pixelmon.battles.BattleTickHandler.tickStart(BattleTickHandler.java:10)
MC-BOOTSTRAP/net.neoforged.bus/net.neoforged.bus.EventBus.post(EventBus.java:360)
MC-BOOTSTRAP/net.neoforged.bus/net.neoforged.bus.EventBus.post(EventBus.java:328)
TRANSFORMER/neoforge@21.1.209/net.neoforged.neoforge.event.EventHooks.fireServerTickPost(EventHooks.java:1020)
TRANSFORMER/minecraft@1.21.1/net.minecraft.server.MinecraftServer.tickServer(MinecraftServer.java:943)
TRANSFORMER/minecraft@1.21.1/net.minecraft.server.MinecraftServer.runServer(MinecraftServer.java:707)
TRANSFORMER/minecraft@1.21.1/net.minecraft.server.MinecraftServer.lambda$spin$2(MinecraftServer.java:267)
java.base/java.lang.Thread.run(Unknown Source)
