Pixelmon Version 9.3.9
Battle data 2025-11-16T18:34:52.014736073Z

Team #0 PlayerParticipant lame1202 minecraft:overworld (-217458.68856816247, 63.0, -170831.72039003216) 
	Parasect {Ability:"EffectSpore",CaughtBall:"ultra_ball",DoesLevel:1b,DynamaxLevel:0,EVAttack:6s,EVDefense:3s,EVHP:8s,EVSpecialAttack:1s,EVSpecialDefense:4s,EVSpeed:4s,EXP:9404,Friendship:130s,Gender:1b,GigantamaxFactor:0b,Health:74,HeldItemStack:{count:1,id:"pixelmon:lucky_egg"},IVAttack:4b,IVDefense:10b,IVHP:10b,IVSpAtt:24b,IVSpDef:21b,IVSpeed:25b,Level:63,MintNature:10b,Moveset:[{MoveID:"False Swipe",MovePP:40b},{MoveID:"Spore",MovePP:15b},{MoveID:"Stun Spore",MovePP:30b},{MoveID:"Aromatherapy",MovePP:5b}],NBT_VERSION:2b,Nature:18b,PAbilitySlot:0,PHiddenAbility:0b,PersistentData:{},Pokerus:{Announced:0b,Type:0s},RelrnMoves:["Poison Powder","Scratch","Spore","Stun Spore","Absorb","Aromatherapy","Fury Cutter"],Size:160.5631275379926d,SpecFlags:[],StatsAttack:126s,StatsDefense:121s,StatsHP:153s,StatsSpecialAttack:94s,StatsSpecialDefense:117s,StatsSpeed:52s,UUID:[I;-1276842647,-1846917542,-1364704173,2018912491],Variant:"base",eggCycles:-1,ndex:47,originalTrainer:"lame1202",originalTrainerUUID:[I;-812478946,543770915,-1079866976,-1753718133],palette:"pink",ribbons2:[]}
	Miraidon {Ability:"HadronEngine",CaughtBall:"dive_ball",DoesLevel:1b,DynamaxLevel:10,EVAttack:0s,EVDefense:4s,EVHP:252s,EVSpecialAttack:206s,EVSpecialDefense:36s,EVSpeed:12s,EXP:4021,Friendship:255s,Gender:2b,GigantamaxFactor:0b,Health:404,HeldItemStack:{count:1,id:"pixelmon:assault_vest"},IVAttack:31b,IVDefense:31b,IVHP:31b,IVSpAtt:14b,IVSpDef:16b,IVSpeed:31b,IV_HTSPECIAL_ATTACK:1b,IV_HTSPECIAL_DEFENSE:1b,Level:100,MintNature:20b,MoveSkillCooldown:[{MoveSkillCooldownCurrent:1763070128452L,MoveSkillCooldownId:"mount_boost",MoveSkillCooldownTarget:1763070168452L}],Moveset:[{MoveID:"Electro Drift",MovePP:5b},{MoveID:"Draco Meteor",MovePP:5b},{MoveID:"Volt Switch",MovePP:20b},{MoveID:"Mirror Coat",MovePP:20b}],NBT_VERSION:2b,Nature:5b,PAbilitySlot:0,PHiddenAbility:0b,PersistentData:{},Pokerus:{Announced:0b,Type:0s},RelrnMoves:["Dragon Pulse","Agility","Mirror Coat","Volt Switch","Electro Drift"],Size:251.36755389744684d,SpecFlags:[],StatsAttack:206s,StatsDefense:237s,StatsHP:404s,StatsSpecialAttack:392s,StatsSpecialDefense:247s,StatsSpeed:309s,UUID:[I;-1276603403,-815378904,-1224603960,576349335],Variant:"base",eggCycles:-1,ndex:1008,originalTrainer:"lame1202",originalTrainerUUID:[I;-812478946,543770915,-1079866976,-1753718133],palette:"none",ribbons2:[]}
	Yveltal {Ability:"DarkAura",CaughtBall:"master_ball",DoesLevel:1b,DynamaxLevel:10,EVAttack:6s,EVDefense:0s,EVHP:0s,EVSpecialAttack:252s,EVSpecialDefense:0s,EVSpeed:252s,EXP:0,FormattedNickname:'{"text":"","extra":["『カラス』"]}',Friendship:255s,Gender:2b,GigantamaxFactor:0b,Health:393,HeldItemStack:{count:1,id:"pixelmon:life_orb"},IVAttack:22b,IVDefense:31b,IVHP:27b,IVSpAtt:12b,IVSpDef:31b,IVSpeed:31b,IV_HTATTACK:1b,IV_HTHP:1b,IV_HTSPECIAL_ATTACK:1b,Level:100,MoveSkillCooldown:[{MoveSkillCooldownCurrent:1763071366066L,MoveSkillCooldownId:"fly",MoveSkillCooldownTarget:1763071367116L}],Moveset:[{MoveID:"Sky Attack",MovePP:5b},{MoveID:"Foul Play",MovePP:15b},{MoveID:"Dark Pulse",MovePP:15b},{MoveID:"Fly",MovePP:15b}],NBT_VERSION:2b,Nature:2b,PAbilitySlot:0,PHiddenAbility:0b,PersistentData:{},Pokerus:{Announced:0b,Type:0s},RelrnMoves:["Foul Play","Fly","Roost","Snarl","Dark Pulse","Gust","Disable"],Size:354.61112173609985d,SpecFlags:[],StatsAttack:299s,StatsDefense:226s,StatsHP:393s,StatsSpecialAttack:361s,StatsSpecialDefense:232s,StatsSpeed:297s,UUID:[I;-1063911881,-209827597,-1503807379,789664429],Variant:"base",eggCycles:-1,ndex:717,originalTrainer:"lame1202",originalTrainerUUID:[I;-812478946,543770915,-1079866976,-1753718133],palette:"none",ribbons2:[]}
	Lunala {Ability:"ShadowShield",CaughtBall:"ultra_ball",DoesLevel:1b,DynamaxLevel:10,EVAttack:0s,EVDefense:4s,EVHP:118s,EVSpecialAttack:252s,EVSpecialDefense:4s,EVSpeed:132s,EXP:7716,FormattedNickname:'{"text":"","extra":["『コウモリ』"]}',Friendship:255s,Gender:2b,GigantamaxFactor:0b,Health:444,HeldItemStack:{count:1,id:"pixelmon:choice_scarf"},IVAttack:31b,IVDefense:9b,IVHP:22b,IVSpAtt:15b,IVSpDef:31b,IVSpeed:31b,IV_HTDEFENSE:1b,IV_HTHP:1b,IV_HTSPECIAL_ATTACK:1b,Level:100,MintNature:16b,MoveSkillCooldown:[{MoveSkillCooldownCurrent:1762894687610L,MoveSkillCooldownId:"open_wormhole",MoveSkillCooldownTarget:1762895587610L},{MoveSkillCooldownCurrent:1762706868028L,MoveSkillCooldownId:"forage",MoveSkillCooldownTarget:1762706893028L}],Moveset:[{MoveID:"Moongeist Beam",MovePP:5b},{MoveID:"Moonblast",MovePP:15b},{MoveID:"Psyshock",MovePP:10b},{MoveID:"Focus Blast",MovePP:5b}],NBT_VERSION:2b,Nature:2b,PAbilitySlot:0,PHiddenAbility:0b,PersistentData:{},Pokerus:{Announced:0b,Type:0s},RelrnMoves:["Future Sight","Cosmic Power","Psyshock","Splash","Teleport","Moongeist Beam","Focus Blast"],Size:392.969829837004d,SpecFlags:[],StatsAttack:262s,StatsDefense:215s,StatsHP:444s,StatsSpecialAttack:373s,StatsSpecialDefense:225s,StatsSpeed:289s,UUID:[I;-1179243225,-108770495,-1853800206,-1381633602],Variant:"base",eggCycles:-1,ndex:792,originalTrainer:"lame1202",originalTrainerUUID:[I;-812478946,543770915,-1079866976,-1753718133],palette:"none",ribbons2:[]}
	Mew {Ability:"Synchronize",CaughtBall:"dive_ball",DoesLevel:1b,DynamaxLevel:0,EVAttack:119s,EVDefense:180s,EVHP:10s,EVSpecialAttack:37s,EVSpecialDefense:153s,EVSpeed:11s,EXP:3370,Friendship:200s,Gender:2b,GigantamaxFactor:0b,Health:308,HeldItemStack:{count:1,id:"pixelmon:lucky_egg"},IVAttack:31b,IVDefense:19b,IVHP:25b,IVSpAtt:31b,IVSpDef:31b,IVSpeed:19b,Level:91,Moveset:[{MoveID:"Metronome",MovePP:10b},{MoveID:"Reflect Type",MovePP:15b},{MoveID:"Transform",MovePP:10b},{MoveID:"Aura Sphere",MovePP:20b}],NBT_VERSION:2b,Nature:8b,NumCloned:3,PAbilitySlot:0,PHiddenAbility:0b,PersistentData:{},Pokerus:{Announced:0b,Type:0s},RelrnMoves:["Metronome","Pound","Nasty Plot","Amnesia","Imprison","Transform","Reflect Type"],Size:106.558880315261d,SpecFlags:[],StatsAttack:266s,StatsDefense:245s,StatsHP:308s,StatsSpecialAttack:223s,StatsSpecialDefense:225s,StatsSpeed:206s,UUID:[I;-1225383886,-584367429,-1538880300,1643557846],Variant:"base",eggCycles:-1,ndex:151,originalTrainer:"lame1202",originalTrainerUUID:[I;-812478946,543770915,-1079866976,-1753718133],palette:"none",ribbons2:[]}
	Mawile {Ability:"Intimidate",CaughtBall:"poke_ball",DoesLevel:1b,DynamaxLevel:0,EVAttack:198s,EVDefense:0s,EVHP:167s,EVSpecialAttack:0s,EVSpecialDefense:0s,EVSpeed:145s,EXP:439,FormattedNickname:'{"text":"","extra":["『ハ』"]}',Friendship:255s,Gender:1b,GigantamaxFactor:0b,Health:280,HeldItemStack:{components:{"pixelmon:mega_evolution":{duration:5400000L,form_name:"mega",valid_pokemon:["mawile"]},"pixelmon:next_usable":"2036-02-17T04:12:18.968934574Z"},count:1,id:"pixelmon:mawilite"},IVAttack:6b,IVDefense:26b,IVHP:29b,IVSpAtt:29b,IVSpDef:0b,IVSpeed:10b,Level:100,MintNature:16b,MoveSkillCooldown:[{MoveSkillCooldownCurrent:1762752859894L,MoveSkillCooldownId:"scare",MoveSkillCooldownTarget:1762753159894L},{MoveSkillCooldownCurrent:1762706857877L,MoveSkillCooldownId:"forage",MoveSkillCooldownTarget:1762706882877L}],Moveset:[{MoveID:"Play Rough",MovePP:10b},{MoveID:"False Swipe",MovePP:40b},{MoveID:"Iron Head",MovePP:15b},{MoveID:"Fire Fang",MovePP:15b}],NBT_VERSION:2b,Nature:10b,PAbilitySlot:1,PHiddenAbility:0b,PersistentData:{},Pokerus:{Announced:0b,Type:0s},RelrnMoves:["Play Rough","Astonish","Bite","Iron Defense","Fire Fang","Crunch","Iron Head"],Size:61.85857324827446d,SpecFlags:[],StatsAttack:230s,StatsDefense:201s,StatsHP:280s,StatsSpecialAttack:144s,StatsSpecialDefense:103s,StatsSpeed:166s,UUID:[I;509829599,-497333300,-1288727742,147472422],Variant:"base",eggCycles:-1,ndex:303,originalTrainer:"lame1202",originalTrainerUUID:[I;-812478946,543770915,-1079866976,-1753718133],palette:"none",ribbons2:[]}
Team #1 WildPixelmonParticipant Latias minecraft:overworld (-217446.32284112155, 66.79094408623885, -170804.54260281415) 
	Latias {Ability:"Levitate",CaughtBall:"poke_ball",DoesLevel:1b,DynamaxLevel:0,EVAttack:0s,EVDefense:0s,EVHP:0s,EVSpecialAttack:0s,EVSpecialDefense:0s,EVSpeed:0s,EXP:0,Friendship:0s,Gender:1b,GigantamaxFactor:0b,Health:210,IVAttack:15b,IVDefense:11b,IVHP:26b,IVSpAtt:31b,IVSpDef:31b,IVSpeed:31b,Level:70,Moveset:[{MoveID:"Charm",MovePP:20b},{MoveID:"Dragon Breath",MovePP:19b},{MoveID:"Wish",MovePP:10b},{MoveID:"Dragon Pulse",MovePP:10b}],NBT_VERSION:2b,Nature:4b,PAbilitySlot:0,PHiddenAbility:0b,PersistentData:{},Pokerus:{Announced:0b,Type:0s},RelrnMoves:["Dragon Breath","Charm","Wish"],Size:98.3616577222831d,SpecFlags:[],StatsAttack:127s,StatsDefense:138s,StatsHP:210s,StatsSpecialAttack:180s,StatsSpecialDefense:208s,StatsSpeed:180s,UUID:[I;1601220951,7227434,-1996988633,624896692],Variant:"base",eggCycles:-1,ndex:380,palette:"none",ribbons2:[]}

Turn #0 has begun
 Terrain: NONE[5 turns remaining]
 Weather: none
 Pokemon: 

Parasect stats changed from [ACCURACY=100, EVASION=100, ATTACK=0, DEFENSE=0, SPECIAL_ATTACK=0, SPECIAL_DEFENSE=0, SPEED=0] to [ACCURACY=100, EVASION=100, ATTACK=3, DEFENSE=3, SPECIAL_ATTACK=3, SPECIAL_DEFENSE=3, SPEED=4] delta: ATTACK=-3, DEFENSE=-3, SPECIAL_ATTACK=-3, SPECIAL_DEFENSE=-3, SPEED=-4
Miraidon stats changed from [ACCURACY=100, EVASION=100, ATTACK=0, DEFENSE=0, SPECIAL_ATTACK=0, SPECIAL_DEFENSE=0, SPEED=0] to [ACCURACY=100, EVASION=100, ATTACK=3, DEFENSE=3, SPECIAL_ATTACK=2, SPECIAL_DEFENSE=2, SPEED=2] delta: ATTACK=-3, DEFENSE=-3, SPECIAL_ATTACK=-2, SPECIAL_DEFENSE=-2, SPEED=-2
Yveltal stats changed from [ACCURACY=100, EVASION=100, ATTACK=0, DEFENSE=0, SPECIAL_ATTACK=0, SPECIAL_DEFENSE=0, SPEED=0] to [ACCURACY=100, EVASION=100, ATTACK=2, DEFENSE=3, SPECIAL_ATTACK=2, SPECIAL_DEFENSE=3, SPEED=3] delta: ATTACK=-2, DEFENSE=-3, SPECIAL_ATTACK=-2, SPECIAL_DEFENSE=-3, SPEED=-3
Lunala stats changed from [ACCURACY=100, EVASION=100, ATTACK=0, DEFENSE=0, SPECIAL_ATTACK=0, SPECIAL_DEFENSE=0, SPEED=0] to [ACCURACY=100, EVASION=100, ATTACK=2, DEFENSE=3, SPECIAL_ATTACK=2, SPECIAL_DEFENSE=2, SPEED=3] delta: ATTACK=-2, DEFENSE=-3, SPECIAL_ATTACK=-2, SPECIAL_DEFENSE=-2, SPEED=-3
Mew stats changed from [ACCURACY=100, EVASION=100, ATTACK=0, DEFENSE=0, SPECIAL_ATTACK=0, SPECIAL_DEFENSE=0, SPEED=0] to [ACCURACY=100, EVASION=100, ATTACK=3, DEFENSE=3, SPECIAL_ATTACK=3, SPECIAL_DEFENSE=3, SPEED=3] delta: ATTACK=-3, DEFENSE=-3, SPECIAL_ATTACK=-3, SPECIAL_DEFENSE=-3, SPEED=-3
Mawile stats changed from [ACCURACY=100, EVASION=100, ATTACK=0, DEFENSE=0, SPECIAL_ATTACK=0, SPECIAL_DEFENSE=0, SPEED=0] to [ACCURACY=100, EVASION=100, ATTACK=3, DEFENSE=3, SPECIAL_ATTACK=3, SPECIAL_DEFENSE=3, SPEED=4] delta: ATTACK=-3, DEFENSE=-3, SPECIAL_ATTACK=-3, SPECIAL_DEFENSE=-3, SPEED=-4
Latias stats changed from [ACCURACY=100, EVASION=100, ATTACK=0, DEFENSE=0, SPECIAL_ATTACK=0, SPECIAL_DEFENSE=0, SPEED=0] to [ACCURACY=100, EVASION=100, ATTACK=3, DEFENSE=3, SPECIAL_ATTACK=2, SPECIAL_DEFENSE=2, SPEED=2] delta: ATTACK=-3, DEFENSE=-3, SPECIAL_ATTACK=-2, SPECIAL_DEFENSE=-2, SPEED=-2
Parasect stats changed from [ACCURACY=100, EVASION=100, ATTACK=3, DEFENSE=3, SPECIAL_ATTACK=3, SPECIAL_DEFENSE=3, SPEED=4] to [ACCURACY=100, EVASION=100, ATTACK=128, DEFENSE=123, SPECIAL_ATTACK=95, SPECIAL_DEFENSE=119, SPEED=53] delta: ATTACK=-125, DEFENSE=-120, SPECIAL_ATTACK=-92, SPECIAL_DEFENSE=-116, SPEED=-49
Latias stats changed from [ACCURACY=100, EVASION=100, ATTACK=3, DEFENSE=3, SPECIAL_ATTACK=2, SPECIAL_DEFENSE=2, SPEED=2] to [ACCURACY=100, EVASION=100, ATTACK=127, DEFENSE=138, SPECIAL_ATTACK=180, SPECIAL_DEFENSE=208, SPEED=180] delta: ATTACK=-124, DEFENSE=-135, SPECIAL_ATTACK=-178, SPECIAL_DEFENSE=-206, SPEED=-178
Latias selected attack Dragon Breath for Latias targeting Parasect and opted to mega evolve
Battle Message: Parasect couldn't escape!
lame1202 fled the battle
Battle Message: Latias used Dragon Breath!
Parasect was damaged by Latias type ATTACK for 82 before: 156 after: 74
Latias used Dragon Breath against Parasect with results MoveResults{damage=82, fullDamage=82, power=[], accuracy=0, priority=0.0, result=hit, weightMod=0.0}

BATTLE ENDED

BATTLE ENDED
Caught error in battle. Continuing...
Attempted to load class net/minecraft/client/resources/sounds/SoundInstance for invalid dist DEDICATED_SERVER
MC-BOOTSTRAP/fml_loader@4.0.41/net.neoforged.fml.common.asm.RuntimeDistCleaner.processClassWithFlags(RuntimeDistCleaner.java:60)
MC-BOOTSTRAP/cpw.mods.modlauncher@11.0.5/cpw.mods.modlauncher.LaunchPluginHandler.offerClassNodeToPlugins(LaunchPluginHandler.java:94)
MC-BOOTSTRAP/cpw.mods.modlauncher@11.0.5/cpw.mods.modlauncher.ClassTransformer.transform(ClassTransformer.java:120)
MC-BOOTSTRAP/cpw.mods.modlauncher@11.0.5/cpw.mods.modlauncher.TransformingClassLoader.maybeTransformClassBytes(TransformingClassLoader.java:57)
cpw.mods.securejarhandler/cpw.mods.cl.ModuleClassLoader.readerToClass(ModuleClassLoader.java:190)
cpw.mods.securejarhandler/cpw.mods.cl.ModuleClassLoader.lambda$findClass$20(ModuleClassLoader.java:298)
cpw.mods.securejarhandler/cpw.mods.cl.ModuleClassLoader.loadFromModule(ModuleClassLoader.java:311)
cpw.mods.securejarhandler/cpw.mods.cl.ModuleClassLoader.findClass(ModuleClassLoader.java:298)
cpw.mods.securejarhandler/cpw.mods.cl.ModuleClassLoader.loadClass(ModuleClassLoader.java:214)
java.base/java.lang.ClassLoader.loadClass(Unknown Source)
TRANSFORMER/pixelmon@9.3.9/com.pixelmonmod.pixelmon.battles.controller.participants.PlayerParticipant.forfeitBattleForBeingTooFarAway(PlayerParticipant.java:666)
TRANSFORMER/pixelmon@9.3.9/com.pixelmonmod.pixelmon.battles.controller.participants.PlayerParticipant.handlePlayerDistanceFromBattle(PlayerParticipant.java:647)
TRANSFORMER/pixelmon@9.3.9/com.pixelmonmod.pixelmon.battles.controller.participants.PlayerParticipant.tick(PlayerParticipant.java:451)
TRANSFORMER/pixelmon@9.3.9/com.pixelmonmod.pixelmon.battles.controller.BattleController.onUpdate(BattleController.java:1135)
TRANSFORMER/pixelmon@9.3.9/com.pixelmonmod.pixelmon.battles.controller.BattleController.update(BattleController.java:511)
TRANSFORMER/pixelmon@9.3.9/com.pixelmonmod.pixelmon.battles.BattleRegistry.updateBattles(BattleRegistry.java:202)
TRANSFORMER/pixelmon@9.3.9/com.pixelmonmod.pixelmon.battles.BattleTickHandler.tickStart(BattleTickHandler.java:10)
MC-BOOTSTRAP/net.neoforged.bus/net.neoforged.bus.EventBus.post(EventBus.java:360)
MC-BOOTSTRAP/net.neoforged.bus/net.neoforged.bus.EventBus.post(EventBus.java:328)
TRANSFORMER/neoforge@21.1.209/net.neoforged.neoforge.event.EventHooks.fireServerTickPost(EventHooks.java:1020)
TRANSFORMER/minecraft@1.21.1/net.minecraft.server.MinecraftServer.tickServer(MinecraftServer.java:943)
TRANSFORMER/minecraft@1.21.1/net.minecraft.server.MinecraftServer.runServer(MinecraftServer.java:707)
TRANSFORMER/minecraft@1.21.1/net.minecraft.server.MinecraftServer.lambda$spin$2(MinecraftServer.java:267)
java.base/java.lang.Thread.run(Unknown Source)
