Pixelmon Version 9.3.9
Battle data 2025-11-07T02:44:49.561077334Z

Team #0 WildPixelmonParticipant Shuckle pixelmon:ultra_space (3027.499850891686, 74.0, -1561.2210815855424) 
	Shuckle {Ability:"Sturdy",CaughtBall:"poke_ball",DoesLevel:1b,DynamaxLevel:0,EVAttack:0s,EVDefense:0s,EVHP:0s,EVSpecialAttack:0s,EVSpecialDefense:0s,EVSpeed:0s,EXP:0,Friendship:0s,Gender:0b,GigantamaxFactor:0b,Health:16,HeldItemStack:{count:1,id:"pixelmon:berry_juice"},IVAttack:7b,IVDefense:17b,IVHP:22b,IVSpAtt:4b,IVSpDef:30b,IVSpeed:21b,Level:4,Moveset:[{MoveID:"Withdraw",MovePP:40b},{MoveID:"Wrap",MovePP:20b},{MoveID:"Rollout",MovePP:20b},{MoveID:"Struggle Bug",MovePP:20b}],NBT_VERSION:2b,Nature:18b,PAbilitySlot:0,PHiddenAbility:0b,PersistentData:{},Pokerus:{Announced:0b,Type:0s},RelrnMoves:["Wrap","Withdraw","Rollout"],Size:61.23671216507529d,SpecFlags:[],StatsAttack:6s,StatsDefense:21s,StatsHP:16s,StatsSpecialAttack:5s,StatsSpecialDefense:24s,StatsSpeed:6s,UUID:[I;1316904973,-268678223,-1244655987,-1603771706],Variant:"base",eggCycles:-1,ndex:213,palette:"none",ribbons2:[]}
Team #0 WildPixelmonParticipant Shuckle pixelmon:ultra_space (3031.965483183177, 74.0, -1561.765959226479) 
	Shuckle {Ability:"Sturdy",CaughtBall:"poke_ball",DoesLevel:1b,DynamaxLevel:0,EVAttack:0s,EVDefense:0s,EVHP:0s,EVSpecialAttack:0s,EVSpecialDefense:0s,EVSpeed:0s,EXP:0,Friendship:0s,Gender:0b,GigantamaxFactor:0b,Health:82,HeldItemStack:{count:1,id:"pixelmon:berry_juice"},IVAttack:1b,IVDefense:7b,IVHP:20b,IVSpAtt:21b,IVSpDef:19b,IVSpeed:17b,Level:45,Moveset:[{MoveID:"Withdraw",MovePP:40b},{MoveID:"Wrap",MovePP:20b},{MoveID:"Rollout",MovePP:20b},{MoveID:"Struggle Bug",MovePP:20b}],NBT_VERSION:2b,Nature:22b,PAbilitySlot:0,PHiddenAbility:0b,PersistentData:{},Pokerus:{Announced:0b,Type:0s},RelrnMoves:["Wrap","Withdraw","Rollout"],Size:56.67897443429196d,SpecFlags:[],StatsAttack:14s,StatsDefense:193s,StatsHP:82s,StatsSpecialAttack:23s,StatsSpecialDefense:242s,StatsSpeed:17s,UUID:[I;1288908333,1911702030,-1271804091,1658859540],Variant:"base",eggCycles:-1,ndex:213,palette:"none",ribbons2:[]}
Team #0 WildPixelmonParticipant Croagunk pixelmon:ultra_space (3027.5, 73.0, -1557.5) 
	Croagunk {Ability:"DrySkin",CaughtBall:"poke_ball",DoesLevel:1b,DynamaxLevel:0,EVAttack:0s,EVDefense:0s,EVHP:0s,EVSpecialAttack:0s,EVSpecialDefense:0s,EVSpeed:0s,EXP:0,Friendship:0s,Gender:0b,GigantamaxFactor:0b,Health:66,IVAttack:17b,IVDefense:12b,IVHP:31b,IVSpAtt:0b,IVSpDef:26b,IVSpeed:23b,Level:25,Moveset:[{MoveID:"Mud-Slap",MovePP:10b},{MoveID:"Venoshock",MovePP:15b},{MoveID:"Sucker Punch",MovePP:5b},{MoveID:"Swagger",MovePP:15b}],NBT_VERSION:2b,Nature:11b,PAbilitySlot:1,PHiddenAbility:0b,PersistentData:{},Pokerus:{Announced:0b,Type:0s},RelrnMoves:["Mud-Slap","Sucker Punch","Venoshock"],Size:51.124092235606106d,SpecFlags:[],StatsAttack:39s,StatsDefense:30s,StatsHP:66s,StatsSpecialAttack:31s,StatsSpecialDefense:31s,StatsSpeed:35s,UUID:[I;1080061204,-1825488185,-1559460038,1848913556],Variant:"base",eggCycles:-1,ndex:453,palette:"none",ribbons2:[]}
Team #0 WildPixelmonParticipant Chewtle pixelmon:ultra_space (3026.5, 72.0, -1558.5) 
	Chewtle {Ability:"ShellArmour",CaughtBall:"poke_ball",DoesLevel:1b,DynamaxLevel:0,EVAttack:0s,EVDefense:0s,EVHP:0s,EVSpecialAttack:0s,EVSpecialDefense:0s,EVSpeed:0s,EXP:0,Friendship:0s,Gender:1b,GigantamaxFactor:0b,Health:51,IVAttack:0b,IVDefense:11b,IVHP:8b,IVSpAtt:7b,IVSpDef:5b,IVSpeed:6b,Level:20,Moveset:[{MoveID:"Tackle",MovePP:35b},{MoveID:"Water Gun",MovePP:25b},{MoveID:"Bite",MovePP:25b},{MoveID:"Headbutt",MovePP:15b}],NBT_VERSION:2b,Nature:20b,PAbilitySlot:1,PHiddenAbility:0b,PersistentData:{},Pokerus:{Announced:0b,Type:0s},RelrnMoves:["Water Gun","Tackle","Bite"],Size:38.58494468976208d,SpecFlags:[],StatsAttack:30s,StatsDefense:27s,StatsHP:51s,StatsSpecialAttack:23s,StatsSpecialDefense:18s,StatsSpeed:23s,UUID:[I;-1194108144,1199784140,-2001376245,2109935890],Variant:"base",eggCycles:-1,ndex:833,palette:"none",ribbons2:[]}
Team #0 WildPixelmonParticipant Grimer pixelmon:ultra_space (3031.715753277922, 74.0, -1557.2943433444043) 
	Grimer {Ability:"StickyHold",CaughtBall:"poke_ball",DoesLevel:1b,DynamaxLevel:0,EVAttack:0s,EVDefense:0s,EVHP:0s,EVSpecialAttack:0s,EVSpecialDefense:0s,EVSpeed:0s,EXP:0,Friendship:0s,Gender:1b,GigantamaxFactor:0b,Health:120,IVAttack:29b,IVDefense:9b,IVHP:31b,IVSpAtt:16b,IVSpDef:4b,IVSpeed:3b,Level:38,Moveset:[{MoveID:"Mud-Slap",MovePP:10b},{MoveID:"Mud Shot",MovePP:15b},{MoveID:"Toxic",MovePP:10b},{MoveID:"Sludge Bomb",MovePP:10b}],NBT_VERSION:2b,Nature:2b,PAbilitySlot:1,PHiddenAbility:0b,PersistentData:{},Pokerus:{Announced:0b,Type:0s},RelrnMoves:["Mud-Slap","Toxic","Mud Shot"],Size:99.14122140742292d,SpecFlags:[],StatsAttack:76s,StatsDefense:46s,StatsHP:120s,StatsSpecialAttack:41s,StatsSpecialDefense:44s,StatsSpeed:25s,UUID:[I;960502850,-129348937,-1668629639,1486577413],Variant:"base",eggCycles:-1,ndex:88,palette:"none",ribbons2:[]}
Team #1 PlayerParticipant lame1202 pixelmon:ultra_space (3026.4312074478858, 77.59872763813442, -1586.9054222803506) 
	Garchomp {Ability:"RoughSkin",CaughtBall:"poke_ball",DoesLevel:1b,DynamaxLevel:0,EVAttack:110s,EVDefense:68s,EVHP:132s,EVSpecialAttack:22s,EVSpecialDefense:51s,EVSpeed:127s,EXP:3721,FormattedNickname:'{"text":"","extra":["『ワニ』"]}',Friendship:255s,Gender:1b,GigantamaxFactor:0b,Health:259,HeldItemStack:{count:1,id:"pixelmon:lum_berry"},IVAttack:27b,IVDefense:24b,IVHP:10b,IVSpAtt:12b,IVSpDef:28b,IVSpeed:27b,IV_HTATTACK:1b,IV_HTDEFENSE:1b,IV_HTHP:1b,IV_HTSPECIAL_ATTACK:1b,IV_HTSPECIAL_DEFENSE:1b,IV_HTSPEED:1b,Level:100,MoveSkillCooldown:[{MoveSkillCooldownCurrent:1762482301795L,MoveSkillCooldownId:"mount_boost",MoveSkillCooldownTarget:1762482341795L},{MoveSkillCooldownCurrent:1762375499334L,MoveSkillCooldownId:"forage",MoveSkillCooldownTarget:1762375524334L}],Moveset:[{MoveID:"Earthquake",MovePP:5b},{MoveID:"Outrage",MovePP:10b},{MoveID:"Stone Edge",MovePP:1b},{MoveID:"Fire Blast",MovePP:4b}],NBT_VERSION:2b,Nature:12b,PAbilitySlot:0,PHiddenAbility:1b,PersistentData:{},Pokerus:{Announced:0b,Type:0s},RelrnMoves:["False Swipe","Dig","Sand Attack","Bite","Swords Dance","Outrage","Sand Tomb","Tackle","Tera Blast","Earthquake","Slash","Bulldoze","Crunch","Fire Blast"],Size:179.34559614068806d,SpecFlags:[],StatsAttack:323s,StatsDefense:267s,StatsHP:390s,StatsSpecialAttack:201s,StatsSpecialDefense:196s,StatsSpeed:271s,UUID:[I;6640726,-1809694469,-1176671605,-1159100764],Variant:"base",eggCycles:-1,ndex:445,originalTrainer:"lame1202",originalTrainerUUID:[I;-812478946,543770915,-1079866976,-1753718133],palette:"none",ribbons2:[]}
	Lunala {Ability:"ShadowShield",CaughtBall:"ultra_ball",DoesLevel:1b,DynamaxLevel:0,EVAttack:179s,EVDefense:252s,EVHP:19s,EVSpecialAttack:34s,EVSpecialDefense:8s,EVSpeed:18s,EXP:7716,Friendship:255s,Gender:2b,GigantamaxFactor:0b,Health:419,HeldItemStack:{count:1,id:"pixelmon:choice_scarf"},IVAttack:31b,IVDefense:9b,IVHP:22b,IVSpAtt:15b,IVSpDef:31b,IVSpeed:31b,IV_HTDEFENSE:1b,IV_HTHP:1b,IV_HTSPECIAL_ATTACK:1b,Level:100,MoveSkillCooldown:[{MoveSkillCooldownCurrent:1762482632304L,MoveSkillCooldownId:"open_wormhole",MoveSkillCooldownTarget:1762483532304L}],Moveset:[{MoveID:"Moongeist Beam",MovePP:5b},{MoveID:"Moonblast",MovePP:15b},{MoveID:"Psyshock",MovePP:10b},{MoveID:"Focus Blast",MovePP:5b}],NBT_VERSION:2b,Nature:2b,PAbilitySlot:0,PHiddenAbility:0b,PersistentData:{},Pokerus:{Announced:0b,Type:0s},RelrnMoves:["Future Sight","Cosmic Power","Psyshock","Splash","Teleport","Moongeist Beam","Focus Blast"],Size:392.969829837004d,SpecFlags:[],StatsAttack:306s,StatsDefense:277s,StatsHP:419s,StatsSpecialAttack:318s,StatsSpecialDefense:252s,StatsSpeed:234s,UUID:[I;-1179243225,-108770495,-1853800206,-1381633602],Variant:"base",eggCycles:-1,ndex:792,originalTrainer:"lame1202",originalTrainerUUID:[I;-812478946,543770915,-1079866976,-1753718133],palette:"none",ribbons2:[]}
	Gholdengo {Ability:"GoodAsGold",CaughtBall:"ultra_ball",DoesLevel:1b,DynamaxLevel:0,EVAttack:228s,EVDefense:9s,EVHP:8s,EVSpecialAttack:237s,EVSpecialDefense:12s,EVSpeed:16s,EXP:9749,Friendship:86s,Gender:2b,GigantamaxFactor:0b,Health:285,HeldItemStack:{count:1,id:"pixelmon:lucky_egg"},IVAttack:12b,IVDefense:30b,IVHP:23b,IVSpAtt:6b,IVSpDef:15b,IVSpeed:10b,Level:92,MoveSkillCooldown:[{MoveSkillCooldownCurrent:1762375519383L,MoveSkillCooldownId:"forage",MoveSkillCooldownTarget:1762375544383L},{MoveSkillCooldownCurrent:1762480951447L,MoveSkillCooldownId:"ore_sense",MoveSkillCooldownTarget:1762481071447L}],Moveset:[{MoveID:"Make It Rain",MovePP:5b},{MoveID:"Shadow Ball",MovePP:15b},{MoveID:"Nasty Plot",MovePP:20b},{MoveID:"Recover",MovePP:5b}],NBT_VERSION:2b,Nature:11b,PAbilitySlot:0,PHiddenAbility:0b,PersistentData:{},Pokerus:{Announced:0b,Type:0s},RelrnMoves:["Night Shade","Nasty Plot","Shadow Ball","Confuse Ray","Recover","Substitute","Flash Cannon","Metal Sound"],Size:51.93591104927317d,SpecFlags:[],StatsAttack:178s,StatsDefense:229s,StatsHP:285s,StatsSpecialAttack:278s,StatsSpecialDefense:189s,StatsSpeed:172s,UUID:[I;-1646217366,-392935378,-1324744369,1913311800],Variant:"base",eggCycles:-1,ndex:1000,originalTrainer:"lame1202",originalTrainerUUID:[I;-812478946,543770915,-1079866976,-1753718133],palette:"none",ribbons2:[]}
	Urshifu {Ability:"UnseenFist",CaughtBall:"level_ball",DoesLevel:1b,DynamaxLevel:0,EVAttack:230s,EVDefense:7s,EVHP:3s,EVSpecialAttack:251s,EVSpecialDefense:14s,EVSpeed:5s,EXP:22432,Friendship:95s,Gender:0b,GigantamaxFactor:0b,Health:295,HeldItemStack:{count:1,id:"pixelmon:lucky_egg"},IVAttack:0b,IVDefense:31b,IVHP:31b,IVSpAtt:31b,IVSpDef:6b,IVSpeed:3b,IV_HTATTACK:1b,IV_HTDEFENSE:1b,IV_HTHP:1b,IV_HTSPECIAL_ATTACK:1b,IV_HTSPECIAL_DEFENSE:1b,IV_HTSPEED:1b,Level:86,MintNature:15b,MoveSkillCooldown:[{MoveSkillCooldownCurrent:1762375513034L,MoveSkillCooldownId:"forage",MoveSkillCooldownTarget:1762375538034L}],Moveset:[{MoveID:"Surging Strikes",MovePP:5b},{MoveID:"Close Combat",MovePP:5b},{MoveID:"Thunder Punch",MovePP:15b},{MoveID:"Ice Punch",MovePP:15b}],NBT_VERSION:2b,Nature:5b,PAbilitySlot:0,PHiddenAbility:0b,PersistentData:{},Pokerus:{Announced:0b,Type:0s},RelrnMoves:["Rock Smash","Surging Strikes","Leer","Endure","Aerial Ace","Thunder Punch","Ice Punch"],Size:151.05878067529977d,SpecFlags:[],StatsAttack:304s,StatsDefense:205s,StatsHP:295s,StatsSpecialAttack:173s,StatsSpecialDefense:137s,StatsSpeed:218s,UUID:[I;-326515662,630081550,-1680083011,1637730844],Variant:"rapidstrike",eggCycles:-1,ndex:892,originalTrainer:"lame1202",originalTrainerUUID:[I;-812478946,543770915,-1079866976,-1753718133],palette:"none",ribbons2:[]}
	Drednaw {Ability:"StrongJaw",CaughtBall:"sport_ball",DoesLevel:1b,DynamaxLevel:0,EVAttack:8s,EVDefense:2s,EVHP:2s,EVSpecialAttack:1s,EVSpecialDefense:0s,EVSpeed:1s,EXP:508,Friendship:50s,Gender:1b,GigantamaxFactor:0b,Health:47,IVAttack:19b,IVDefense:20b,IVHP:7b,IVSpAtt:4b,IVSpDef:4b,IVSpeed:12b,Level:22,Moveset:[{MoveID:"Tackle",MovePP:33b},{MoveID:"Water Gun",MovePP:23b},{MoveID:"Bite",MovePP:24b},{MoveID:"Protect",MovePP:8b}],NBT_VERSION:2b,Nature:11b,PAbilitySlot:0,PHiddenAbility:0b,PersistentData:{},Pokerus:{Announced:0b,Type:0s},RelrnMoves:["Water Gun","Tackle","Bite"],Size:87.4869851843456d,SpecFlags:[],StatsAttack:60s,StatsDefense:53s,StatsHP:73s,StatsSpecialAttack:24s,StatsSpecialDefense:35s,StatsSpeed:40s,UUID:[I;1026125520,-743423498,-1682346142,1098689621],Variant:"base",eggCycles:-1,ndex:834,originalTrainer:"lame1202",originalTrainerUUID:[I;-812478946,543770915,-1079866976,-1753718133],palette:"none",ribbons2:[]}
	Aron {Ability:"Sturdy",CaughtBall:"poke_ball",DoesLevel:0b,DynamaxLevel:0,EVAttack:184s,EVDefense:247s,EVHP:17s,EVSpecialAttack:29s,EVSpecialDefense:12s,EVSpeed:21s,EXP:0,Friendship:35s,Gender:0b,GigantamaxFactor:0b,Health:12,HeldItemStack:{count:1,id:"pixelmon:shell_bell"},IVAttack:7b,IVDefense:6b,IVHP:22b,IVSpAtt:14b,IVSpDef:19b,IVSpeed:3b,Level:1,MoveSkillCooldown:[{MoveSkillCooldownCurrent:1762375525284L,MoveSkillCooldownId:"forage",MoveSkillCooldownTarget:1762375550284L}],Moveset:[{MoveID:"Endeavor",MovePP:5b},{MoveID:"Ancient Power",MovePP:5b},{MoveID:"Harden",MovePP:30b},{MoveID:"Tackle",MovePP:35b}],NBT_VERSION:2b,Nature:5b,PAbilitySlot:0,PHiddenAbility:0b,PersistentData:{},Pokerus:{Announced:0b,Type:0s},RelrnMoves:["Endeavor","Tackle","Ancient Power","Harden"],Size:70.39756754484455d,SpecFlags:[],StatsAttack:6s,StatsDefense:6s,StatsHP:12s,StatsSpecialAttack:6s,StatsSpecialDefense:6s,StatsSpeed:5s,UUID:[I;1771948924,-1989261577,-2020454325,-391739958],Variant:"base",eggCycles:-1,ndex:304,originalTrainer:"lame1202",originalTrainerUUID:[I;-812478946,543770915,-1079866976,-1753718133],palette:"none",ribbons2:[]}

Turn #0 has begun
 Terrain: NONE[5 turns remaining]
 Weather: none
 Pokemon: 

Shuckle stats changed from [ACCURACY=100, EVASION=100, ATTACK=0, DEFENSE=0, SPECIAL_ATTACK=0, SPECIAL_DEFENSE=0, SPEED=0] to [ACCURACY=100, EVASION=100, ATTACK=4, DEFENSE=0, SPECIAL_ATTACK=4, SPECIAL_DEFENSE=0, SPEED=4] delta: ATTACK=-4, SPECIAL_ATTACK=-4, SPEED=-4
Shuckle stats changed from [ACCURACY=100, EVASION=100, ATTACK=0, DEFENSE=0, SPECIAL_ATTACK=0, SPECIAL_DEFENSE=0, SPEED=0] to [ACCURACY=100, EVASION=100, ATTACK=4, DEFENSE=0, SPECIAL_ATTACK=4, SPECIAL_DEFENSE=0, SPEED=4] delta: ATTACK=-4, SPECIAL_ATTACK=-4, SPEED=-4
Croagunk stats changed from [ACCURACY=100, EVASION=100, ATTACK=0, DEFENSE=0, SPECIAL_ATTACK=0, SPECIAL_DEFENSE=0, SPEED=0] to [ACCURACY=100, EVASION=100, ATTACK=3, DEFENSE=4, SPECIAL_ATTACK=3, SPECIAL_DEFENSE=4, SPEED=4] delta: ATTACK=-3, DEFENSE=-4, SPECIAL_ATTACK=-3, SPECIAL_DEFENSE=-4, SPEED=-4
Chewtle stats changed from [ACCURACY=100, EVASION=100, ATTACK=0, DEFENSE=0, SPECIAL_ATTACK=0, SPECIAL_DEFENSE=0, SPEED=0] to [ACCURACY=100, EVASION=100, ATTACK=3, DEFENSE=4, SPECIAL_ATTACK=4, SPECIAL_DEFENSE=4, SPEED=4] delta: ATTACK=-3, DEFENSE=-4, SPECIAL_ATTACK=-4, SPECIAL_DEFENSE=-4, SPEED=-4
Grimer stats changed from [ACCURACY=100, EVASION=100, ATTACK=0, DEFENSE=0, SPECIAL_ATTACK=0, SPECIAL_DEFENSE=0, SPEED=0] to [ACCURACY=100, EVASION=100, ATTACK=3, DEFENSE=4, SPECIAL_ATTACK=4, SPECIAL_DEFENSE=4, SPEED=4] delta: ATTACK=-3, DEFENSE=-4, SPECIAL_ATTACK=-4, SPECIAL_DEFENSE=-4, SPEED=-4
Garchomp stats changed from [ACCURACY=100, EVASION=100, ATTACK=0, DEFENSE=0, SPECIAL_ATTACK=0, SPECIAL_DEFENSE=0, SPEED=0] to [ACCURACY=100, EVASION=100, ATTACK=2, DEFENSE=3, SPECIAL_ATTACK=3, SPECIAL_DEFENSE=3, SPEED=2] delta: ATTACK=-2, DEFENSE=-3, SPECIAL_ATTACK=-3, SPECIAL_DEFENSE=-3, SPEED=-2
Lunala stats changed from [ACCURACY=100, EVASION=100, ATTACK=0, DEFENSE=0, SPECIAL_ATTACK=0, SPECIAL_DEFENSE=0, SPEED=0] to [ACCURACY=100, EVASION=100, ATTACK=2, DEFENSE=3, SPECIAL_ATTACK=2, SPECIAL_DEFENSE=2, SPEED=3] delta: ATTACK=-2, DEFENSE=-3, SPECIAL_ATTACK=-2, SPECIAL_DEFENSE=-2, SPEED=-3
Gholdengo stats changed from [ACCURACY=100, EVASION=100, ATTACK=0, DEFENSE=0, SPECIAL_ATTACK=0, SPECIAL_DEFENSE=0, SPEED=0] to [ACCURACY=100, EVASION=100, ATTACK=3, DEFENSE=3, SPECIAL_ATTACK=2, SPECIAL_DEFENSE=3, SPEED=3] delta: ATTACK=-3, DEFENSE=-3, SPECIAL_ATTACK=-2, SPECIAL_DEFENSE=-3, SPEED=-3
Urshifu stats changed from [ACCURACY=100, EVASION=100, ATTACK=0, DEFENSE=0, SPECIAL_ATTACK=0, SPECIAL_DEFENSE=0, SPEED=0] to [ACCURACY=100, EVASION=100, ATTACK=2, DEFENSE=3, SPECIAL_ATTACK=3, SPECIAL_DEFENSE=3, SPEED=3] delta: ATTACK=-2, DEFENSE=-3, SPECIAL_ATTACK=-3, SPECIAL_DEFENSE=-3, SPEED=-3
Drednaw stats changed from [ACCURACY=100, EVASION=100, ATTACK=0, DEFENSE=0, SPECIAL_ATTACK=0, SPECIAL_DEFENSE=0, SPEED=0] to [ACCURACY=100, EVASION=100, ATTACK=2, DEFENSE=3, SPECIAL_ATTACK=4, SPECIAL_DEFENSE=3, SPEED=3] delta: ATTACK=-2, DEFENSE=-3, SPECIAL_ATTACK=-4, SPECIAL_DEFENSE=-3, SPEED=-3
Aron stats changed from [ACCURACY=100, EVASION=100, ATTACK=0, DEFENSE=0, SPECIAL_ATTACK=0, SPECIAL_DEFENSE=0, SPEED=0] to [ACCURACY=100, EVASION=100, ATTACK=3, DEFENSE=3, SPECIAL_ATTACK=4, SPECIAL_DEFENSE=4, SPEED=4] delta: ATTACK=-3, DEFENSE=-3, SPECIAL_ATTACK=-4, SPECIAL_DEFENSE=-4, SPEED=-4
Battle Message: literal{Shuckle} summoned some nearby allies to assist them
Shuckle stats changed from [ACCURACY=100, EVASION=100, ATTACK=4, DEFENSE=0, SPECIAL_ATTACK=4, SPECIAL_DEFENSE=0, SPEED=4] to [ACCURACY=100, EVASION=100, ATTACK=6, DEFENSE=21, SPECIAL_ATTACK=5, SPECIAL_DEFENSE=24, SPEED=6] delta: ATTACK=-2, DEFENSE=-21, SPECIAL_ATTACK=-1, SPECIAL_DEFENSE=-24, SPEED=-2
Shuckle stats changed from [ACCURACY=100, EVASION=100, ATTACK=4, DEFENSE=0, SPECIAL_ATTACK=4, SPECIAL_DEFENSE=0, SPEED=4] to [ACCURACY=100, EVASION=100, ATTACK=14, DEFENSE=193, SPECIAL_ATTACK=23, SPECIAL_DEFENSE=242, SPEED=17] delta: ATTACK=-10, DEFENSE=-193, SPECIAL_ATTACK=-19, SPECIAL_DEFENSE=-242, SPEED=-13
Croagunk stats changed from [ACCURACY=100, EVASION=100, ATTACK=3, DEFENSE=4, SPECIAL_ATTACK=3, SPECIAL_DEFENSE=4, SPEED=4] to [ACCURACY=100, EVASION=100, ATTACK=39, DEFENSE=30, SPECIAL_ATTACK=31, SPECIAL_DEFENSE=31, SPEED=35] delta: ATTACK=-36, DEFENSE=-26, SPECIAL_ATTACK=-28, SPECIAL_DEFENSE=-27, SPEED=-31
Chewtle stats changed from [ACCURACY=100, EVASION=100, ATTACK=3, DEFENSE=4, SPECIAL_ATTACK=4, SPECIAL_DEFENSE=4, SPEED=4] to [ACCURACY=100, EVASION=100, ATTACK=30, DEFENSE=27, SPECIAL_ATTACK=23, SPECIAL_DEFENSE=18, SPEED=23] delta: ATTACK=-27, DEFENSE=-23, SPECIAL_ATTACK=-19, SPECIAL_DEFENSE=-14, SPEED=-19
Grimer stats changed from [ACCURACY=100, EVASION=100, ATTACK=3, DEFENSE=4, SPECIAL_ATTACK=4, SPECIAL_DEFENSE=4, SPEED=4] to [ACCURACY=100, EVASION=100, ATTACK=76, DEFENSE=46, SPECIAL_ATTACK=41, SPECIAL_DEFENSE=44, SPEED=25] delta: ATTACK=-73, DEFENSE=-42, SPECIAL_ATTACK=-37, SPECIAL_DEFENSE=-40, SPEED=-21
Garchomp stats changed from [ACCURACY=100, EVASION=100, ATTACK=2, DEFENSE=3, SPECIAL_ATTACK=3, SPECIAL_DEFENSE=3, SPEED=2] to [ACCURACY=100, EVASION=100, ATTACK=323, DEFENSE=267, SPECIAL_ATTACK=201, SPECIAL_DEFENSE=196, SPEED=271] delta: ATTACK=-321, DEFENSE=-264, SPECIAL_ATTACK=-198, SPECIAL_DEFENSE=-193, SPEED=-269
Shuckle selected attack Wrap for Shuckle targeting Garchomp and opted to mega evolve
translation{key='pixelmon.shuckle', args=[]} weighted their choices as follows:  Withdraw, Tier 0, Weight 0.0;  Wrap, Tier 2, Weight 0.51282054;  Rollout, Tier 2, Weight 0.51282054;  Struggle Bug, Tier 2, Weight 1.5384616;  
translation{key='pixelmon.shuckle', args=[]} decided their best choices were:  Struggle Bug, Tier 2, Weight 1.5384616;  
Shuckle selected attack Struggle Bug for Shuckle targeting Garchomp and opted to mega evolve
translation{key='pixelmon.croagunk', args=[]} weighted their choices as follows:  Mud-Slap, Tier 2, Weight 0.7692308;  Venoshock, Tier 2, Weight 0.7692308;  Sucker Punch, Tier 2, Weight 1.0256411;  Swagger, Tier 0, Weight 0.0;  
translation{key='pixelmon.croagunk', args=[]} decided their best choices were:  Mud-Slap, Tier 2, Weight 0.7692308;  Venoshock, Tier 2, Weight 0.7692308;  Sucker Punch, Tier 2, Weight 1.0256411;  
Croagunk selected attack Venoshock for Croagunk targeting Garchomp and opted to mega evolve
translation{key='pixelmon.chewtle', args=[]} weighted their choices as follows:  Tackle, Tier 2, Weight 0.7692308;  Water Gun, Tier 2, Weight 1.0256411;  Bite, Tier 2, Weight 0.7692308;  Headbutt, Tier 2, Weight 1.0256411;  
translation{key='pixelmon.chewtle', args=[]} decided their best choices were:  Tackle, Tier 2, Weight 0.7692308;  Water Gun, Tier 2, Weight 1.0256411;  Bite, Tier 2, Weight 0.7692308;  Headbutt, Tier 2, Weight 1.0256411;  
Chewtle selected attack Water Gun for Chewtle targeting Garchomp and opted to mega evolve
translation{key='pixelmon.grimer', args=[]} weighted their choices as follows:  Mud-Slap, Tier 2, Weight 0.7692308;  Mud Shot, Tier 2, Weight 1.5384616;  Toxic, Tier 0, Weight 0.0;  Sludge Bomb, Tier 2, Weight 1.5384616;  
translation{key='pixelmon.grimer', args=[]} decided their best choices were:  Mud-Slap, Tier 2, Weight 0.7692308;  Mud Shot, Tier 2, Weight 1.5384616;  Sludge Bomb, Tier 2, Weight 1.5384616;  
Grimer selected attack Sludge Bomb for Grimer targeting Garchomp and opted to mega evolve

BATTLE ENDED

BATTLE ENDED
Caught error in battle. Continuing...
Attempted to load class net/minecraft/client/resources/sounds/SoundInstance for invalid dist DEDICATED_SERVER
MC-BOOTSTRAP/fml_loader@4.0.41/net.neoforged.fml.common.asm.RuntimeDistCleaner.processClassWithFlags(RuntimeDistCleaner.java:60)
MC-BOOTSTRAP/cpw.mods.modlauncher@11.0.5/cpw.mods.modlauncher.LaunchPluginHandler.offerClassNodeToPlugins(LaunchPluginHandler.java:94)
MC-BOOTSTRAP/cpw.mods.modlauncher@11.0.5/cpw.mods.modlauncher.ClassTransformer.transform(ClassTransformer.java:120)
MC-BOOTSTRAP/cpw.mods.modlauncher@11.0.5/cpw.mods.modlauncher.TransformingClassLoader.maybeTransformClassBytes(TransformingClassLoader.java:57)
cpw.mods.securejarhandler/cpw.mods.cl.ModuleClassLoader.readerToClass(ModuleClassLoader.java:190)
cpw.mods.securejarhandler/cpw.mods.cl.ModuleClassLoader.lambda$findClass$20(ModuleClassLoader.java:298)
cpw.mods.securejarhandler/cpw.mods.cl.ModuleClassLoader.loadFromModule(ModuleClassLoader.java:311)
cpw.mods.securejarhandler/cpw.mods.cl.ModuleClassLoader.findClass(ModuleClassLoader.java:298)
cpw.mods.securejarhandler/cpw.mods.cl.ModuleClassLoader.loadClass(ModuleClassLoader.java:214)
java.base/java.lang.ClassLoader.loadClass(Unknown Source)
TRANSFORMER/pixelmon@9.3.9/com.pixelmonmod.pixelmon.battles.controller.participants.PlayerParticipant.forfeitBattleForBeingTooFarAway(PlayerParticipant.java:666)
TRANSFORMER/pixelmon@9.3.9/com.pixelmonmod.pixelmon.battles.controller.participants.PlayerParticipant.handlePlayerDistanceFromBattle(PlayerParticipant.java:647)
TRANSFORMER/pixelmon@9.3.9/com.pixelmonmod.pixelmon.battles.controller.participants.PlayerParticipant.tick(PlayerParticipant.java:451)
TRANSFORMER/pixelmon@9.3.9/com.pixelmonmod.pixelmon.battles.controller.BattleController.onUpdate(BattleController.java:1135)
TRANSFORMER/pixelmon@9.3.9/com.pixelmonmod.pixelmon.battles.controller.BattleController.update(BattleController.java:511)
TRANSFORMER/pixelmon@9.3.9/com.pixelmonmod.pixelmon.battles.BattleRegistry.updateBattles(BattleRegistry.java:202)
TRANSFORMER/pixelmon@9.3.9/com.pixelmonmod.pixelmon.battles.BattleTickHandler.tickStart(BattleTickHandler.java:10)
MC-BOOTSTRAP/net.neoforged.bus/net.neoforged.bus.EventBus.post(EventBus.java:360)
MC-BOOTSTRAP/net.neoforged.bus/net.neoforged.bus.EventBus.post(EventBus.java:328)
TRANSFORMER/neoforge@21.1.209/net.neoforged.neoforge.event.EventHooks.fireServerTickPost(EventHooks.java:1020)
TRANSFORMER/minecraft@1.21.1/net.minecraft.server.MinecraftServer.tickServer(MinecraftServer.java:943)
TRANSFORMER/minecraft@1.21.1/net.minecraft.server.MinecraftServer.runServer(MinecraftServer.java:707)
TRANSFORMER/minecraft@1.21.1/net.minecraft.server.MinecraftServer.lambda$spin$2(MinecraftServer.java:267)
java.base/java.lang.Thread.run(Unknown Source)
