Pixelmon Version 9.3.9
Battle data 2025-11-13T13:13:19.226520897Z

Team #0 WildPixelmonParticipant Boldore pixelmon:ultra_space (2970.2220587173324, 50.0, -4554.800744642506) 
	Boldore {Ability:"WeakArmor",CaughtBall:"poke_ball",DoesLevel:1b,DynamaxLevel:0,EVAttack:0s,EVDefense:0s,EVHP:0s,EVSpecialAttack:0s,EVSpecialDefense:0s,EVSpeed:0s,EXP:0,Friendship:0s,Gender:1b,GigantamaxFactor:0b,Health:106,IVAttack:6b,IVDefense:16b,IVHP:0b,IVSpAtt:8b,IVSpDef:0b,IVSpeed:11b,Level:40,Moveset:[{MoveID:"Sand Attack",MovePP:15b},{MoveID:"Stealth Rock",MovePP:20b},{MoveID:"Mud-Slap",MovePP:10b},{MoveID:"Rock Slide",MovePP:10b}],NBT_VERSION:2b,Nature:4b,PAbilitySlot:1,PHiddenAbility:0b,PersistentData:{},Pokerus:{Announced:0b,Type:0s},RelrnMoves:["Mud-Slap","Sand Attack","Stealth Rock"],Size:88.44449394713817d,SpecFlags:[],StatsAttack:91s,StatsDefense:95s,StatsHP:106s,StatsSpecialAttack:48s,StatsSpecialDefense:37s,StatsSpeed:25s,UUID:[I;502441909,212159661,-1383914439,1304003013],Variant:"base",eggCycles:-1,ndex:525,palette:"none",ribbons2:[]}
Team #0 WildPixelmonParticipant Vibrava pixelmon:ultra_space (2972.3949965432757, 50.69919948577842, -4552.138992135444) 
	Vibrava {Ability:"Levitate",CaughtBall:"poke_ball",DoesLevel:1b,DynamaxLevel:0,EVAttack:0s,EVDefense:0s,EVHP:0s,EVSpecialAttack:0s,EVSpecialDefense:0s,EVSpeed:0s,EXP:0,Friendship:0s,Gender:0b,GigantamaxFactor:0b,Health:85,IVAttack:8b,IVDefense:0b,IVHP:15b,IVSpAtt:2b,IVSpDef:27b,IVSpeed:16b,Level:35,Moveset:[{MoveID:"Dig",MovePP:10b},{MoveID:"Sand Attack",MovePP:15b},{MoveID:"Screech",MovePP:40b},{MoveID:"Bug Buzz",MovePP:10b}],NBT_VERSION:2b,Nature:4b,PAbilitySlot:0,PHiddenAbility:0b,PersistentData:{},Pokerus:{Announced:0b,Type:0s},RelrnMoves:["Dig","Sand Attack","Screech"],Size:50.87717080177544d,SpecFlags:[],StatsAttack:56s,StatsDefense:40s,StatsHP:85s,StatsSpecialAttack:40s,StatsSpecialDefense:49s,StatsSpeed:59s,UUID:[I;1980533099,-110802140,-1114629705,-109858418],Variant:"base",eggCycles:-1,ndex:329,palette:"none",ribbons2:[]}
Team #0 WildPixelmonParticipant Cacturne pixelmon:ultra_space (2973.5, 48.0, -4557.795129989059) 
	Cacturne {Ability:"SandVeil",CaughtBall:"poke_ball",DoesLevel:1b,DynamaxLevel:0,EVAttack:0s,EVDefense:0s,EVHP:0s,EVSpecialAttack:0s,EVSpecialDefense:0s,EVSpeed:0s,EXP:0,Friendship:0s,Gender:1b,GigantamaxFactor:0b,Health:97,IVAttack:21b,IVDefense:28b,IVHP:11b,IVSpAtt:10b,IVSpDef:8b,IVSpeed:25b,Level:35,Moveset:[{MoveID:"Destiny Bond",MovePP:5b},{MoveID:"Growth",MovePP:20b},{MoveID:"Poison Sting",MovePP:35b},{MoveID:"Spiky Shield",MovePP:10b}],NBT_VERSION:2b,Nature:9b,PAbilitySlot:0,PHiddenAbility:0b,PersistentData:{},Pokerus:{Announced:0b,Type:0s},RelrnMoves:["Destiny Bond","Poison Sting","Growth"],Size:132.57723230618663d,SpecFlags:[],StatsAttack:82s,StatsDefense:61s,StatsHP:97s,StatsSpecialAttack:89s,StatsSpecialDefense:49s,StatsSpeed:52s,UUID:[I;946380218,-961920777,-1858153871,1932521358],Variant:"base",eggCycles:-1,ndex:332,palette:"none",ribbons2:[]}
Team #0 WildPixelmonParticipant Graveler pixelmon:ultra_space (2974.831849144166, 48.0, -4556.168150855834) 
	Graveler {Ability:"Sturdy",CaughtBall:"poke_ball",DoesLevel:1b,DynamaxLevel:0,EVAttack:0s,EVDefense:0s,EVHP:0s,EVSpecialAttack:0s,EVSpecialDefense:0s,EVSpeed:0s,EXP:0,Friendship:0s,Gender:0b,GigantamaxFactor:0b,Health:62,HeldItemStack:{count:1,id:"pixelmon:ever_stone"},IVAttack:3b,IVDefense:21b,IVHP:1b,IVSpAtt:26b,IVSpDef:21b,IVSpeed:17b,Level:25,Moveset:[{MoveID:"Tackle",MovePP:35b},{MoveID:"Rollout",MovePP:20b},{MoveID:"Bulldoze",MovePP:20b},{MoveID:"Rock Throw",MovePP:15b}],NBT_VERSION:2b,Nature:2b,PAbilitySlot:1,PHiddenAbility:0b,PersistentData:{},Pokerus:{Announced:0b,Type:0s},RelrnMoves:["Tackle","Bulldoze","Rollout"],Size:86.72851981263887d,SpecFlags:[],StatsAttack:53s,StatsDefense:67s,StatsHP:62s,StatsSpecialAttack:34s,StatsSpecialDefense:32s,StatsSpeed:26s,UUID:[I;-159126033,1895056655,-1876448193,1148794846],Variant:"base",eggCycles:-1,ndex:75,palette:"none",ribbons2:[]}
Team #0 WildPixelmonParticipant Riolu pixelmon:ultra_space (2974.5, 49.0, -4554.5) 
	Riolu {Ability:"Steadfast",CaughtBall:"poke_ball",DoesLevel:1b,DynamaxLevel:0,EVAttack:0s,EVDefense:0s,EVHP:0s,EVSpecialAttack:0s,EVSpecialDefense:0s,EVSpeed:0s,EXP:0,Friendship:0s,Gender:0b,GigantamaxFactor:0b,Health:73,IVAttack:2b,IVDefense:6b,IVHP:31b,IVSpAtt:11b,IVSpDef:23b,IVSpeed:1b,Level:30,Moveset:[{MoveID:"Endure",MovePP:10b},{MoveID:"Quick Attack",MovePP:30b},{MoveID:"Feint",MovePP:10b},{MoveID:"Metal Claw",MovePP:35b}],NBT_VERSION:2b,Nature:7b,PAbilitySlot:0,PHiddenAbility:0b,PersistentData:{},Pokerus:{Announced:0b,Type:0s},RelrnMoves:["Quick Attack","Endure","Feint"],Size:91.38707446813231d,SpecFlags:[],StatsAttack:51s,StatsDefense:30s,StatsHP:73s,StatsSpecialAttack:26s,StatsSpecialDefense:35s,StatsSpeed:41s,UUID:[I;572717536,-1575008673,-1352310263,965719824],Variant:"base",eggCycles:-1,ndex:447,palette:"none",ribbons2:[]}
Team #1 PlayerParticipant lame1202 minecraft:overworld (3811.9965376450746, 100.0, -2633.547795150002) 
	Garchomp {Ability:"RoughSkin",CaughtBall:"poke_ball",DoesLevel:1b,DynamaxLevel:0,EVAttack:252s,EVDefense:0s,EVHP:6s,EVSpecialAttack:0s,EVSpecialDefense:0s,EVSpeed:252s,EXP:3721,FormattedNickname:'{"text":"","extra":["『ワニ』"]}',Friendship:255s,Gender:1b,GigantamaxFactor:0b,Health:358,HeldItemStack:{count:1,id:"pixelmon:lum_berry"},IVAttack:27b,IVDefense:24b,IVHP:10b,IVSpAtt:12b,IVSpDef:28b,IVSpeed:27b,IV_HTATTACK:1b,IV_HTDEFENSE:1b,IV_HTHP:1b,IV_HTSPECIAL_ATTACK:1b,IV_HTSPECIAL_DEFENSE:1b,IV_HTSPEED:1b,Level:100,MintNature:16b,MoveSkillCooldown:[{MoveSkillCooldownCurrent:1762881070851L,MoveSkillCooldownId:"mount_boost",MoveSkillCooldownTarget:1762881110851L},{MoveSkillCooldownCurrent:1762706851325L,MoveSkillCooldownId:"forage",MoveSkillCooldownTarget:1762706876325L}],Moveset:[{MoveID:"Earthquake",MovePP:10b},{MoveID:"Outrage",MovePP:10b},{MoveID:"Dual Chop",MovePP:15b},{MoveID:"Fire Blast",MovePP:5b}],NBT_VERSION:2b,Nature:12b,PAbilitySlot:0,PHiddenAbility:1b,PersistentData:{},Pokerus:{Announced:0b,Type:0s},RelrnMoves:["False Swipe","Dig","Sand Attack","Bite","Stone Edge","Swords Dance","Outrage","Sand Tomb","Tackle","Tera Blast","Earthquake","Slash","Bulldoze","Crunch","Fire Blast"],Size:179.34559614068806d,SpecFlags:[],StatsAttack:359s,StatsDefense:226s,StatsHP:358s,StatsSpecialAttack:196s,StatsSpecialDefense:185s,StatsSpeed:333s,UUID:[I;6640726,-1809694469,-1176671605,-1159100764],Variant:"base",eggCycles:-1,ndex:445,originalTrainer:"lame1202",originalTrainerUUID:[I;-812478946,543770915,-1079866976,-1753718133],palette:"none",ribbons2:[]}
	Urshifu {Ability:"UnseenFist",CaughtBall:"level_ball",DoesLevel:1b,DynamaxLevel:10,EVAttack:252s,EVDefense:6s,EVHP:0s,EVSpecialAttack:0s,EVSpecialDefense:0s,EVSpeed:252s,EXP:0,FormattedNickname:'{"text":"","extra":["『クマ』"]}',Friendship:255s,Gender:0b,GigantamaxFactor:0b,Health:341,HeldItemStack:{count:1,id:"pixelmon:life_orb"},IVAttack:0b,IVDefense:31b,IVHP:31b,IVSpAtt:31b,IVSpDef:6b,IVSpeed:3b,IV_HTATTACK:1b,IV_HTDEFENSE:1b,IV_HTHP:1b,IV_HTSPECIAL_ATTACK:1b,IV_HTSPECIAL_DEFENSE:1b,IV_HTSPEED:1b,Level:100,MintNature:15b,MoveSkillCooldown:[{MoveSkillCooldownCurrent:1762706865624L,MoveSkillCooldownId:"forage",MoveSkillCooldownTarget:1762706890624L}],Moveset:[{MoveID:"Surging Strikes",MovePP:5b},{MoveID:"Close Combat",MovePP:5b},{MoveID:"Thunder Punch",MovePP:15b},{MoveID:"Ice Punch",MovePP:15b}],NBT_VERSION:2b,Nature:5b,PAbilitySlot:0,PHiddenAbility:0b,PersistentData:{},Pokerus:{Announced:0b,Type:0s},RelrnMoves:["Rock Smash","Surging Strikes","Leer","Endure","Aerial Ace","Thunder Punch","Ice Punch"],Size:151.05878067529977d,SpecFlags:[],StatsAttack:359s,StatsDefense:237s,StatsHP:341s,StatsSpecialAttack:145s,StatsSpecialDefense:156s,StatsSpeed:322s,UUID:[I;-326515662,630081550,-1680083011,1637730844],Variant:"rapidstrike",eggCycles:-1,ndex:892,originalTrainer:"lame1202",originalTrainerUUID:[I;-812478946,543770915,-1079866976,-1753718133],palette:"none",ribbons2:[]}
	Lunala {Ability:"ShadowShield",CaughtBall:"ultra_ball",DoesLevel:1b,DynamaxLevel:10,EVAttack:0s,EVDefense:4s,EVHP:118s,EVSpecialAttack:252s,EVSpecialDefense:4s,EVSpeed:132s,EXP:7716,FormattedNickname:'{"text":"","extra":["『コウモリ』"]}',Friendship:254s,Gender:2b,GigantamaxFactor:0b,Health:444,HeldItemStack:{count:1,id:"pixelmon:choice_scarf"},IVAttack:31b,IVDefense:9b,IVHP:22b,IVSpAtt:15b,IVSpDef:31b,IVSpeed:31b,IV_HTDEFENSE:1b,IV_HTHP:1b,IV_HTSPECIAL_ATTACK:1b,Level:100,MintNature:16b,MoveSkillCooldown:[{MoveSkillCooldownCurrent:1762894687610L,MoveSkillCooldownId:"open_wormhole",MoveSkillCooldownTarget:1762895587610L},{MoveSkillCooldownCurrent:1762706868028L,MoveSkillCooldownId:"forage",MoveSkillCooldownTarget:1762706893028L}],Moveset:[{MoveID:"Moongeist Beam",MovePP:5b},{MoveID:"Moonblast",MovePP:15b},{MoveID:"Psyshock",MovePP:10b},{MoveID:"Focus Blast",MovePP:5b}],NBT_VERSION:2b,Nature:2b,PAbilitySlot:0,PHiddenAbility:0b,PersistentData:{},Pokerus:{Announced:0b,Type:0s},RelrnMoves:["Future Sight","Cosmic Power","Psyshock","Splash","Teleport","Moongeist Beam","Focus Blast"],Size:392.969829837004d,SpecFlags:[],StatsAttack:262s,StatsDefense:215s,StatsHP:444s,StatsSpecialAttack:373s,StatsSpecialDefense:225s,StatsSpeed:289s,UUID:[I;-1179243225,-108770495,-1853800206,-1381633602],Variant:"base",eggCycles:-1,ndex:792,originalTrainer:"lame1202",originalTrainerUUID:[I;-812478946,543770915,-1079866976,-1753718133],palette:"none",ribbons2:[]}
	Necrozma {Ability:"PrismArmor",CaughtBall:"ultra_ball",DoesLevel:1b,DynamaxLevel:10,EVAttack:143s,EVDefense:120s,EVHP:24s,EVSpecialAttack:60s,EVSpecialDefense:36s,EVSpeed:69s,EXP:24180,Friendship:53s,Gender:2b,GigantamaxFactor:0b,Health:300,HeldItemStack:{count:1,id:"pixelmon:lucky_egg"},IVAttack:31b,IVDefense:16b,IVHP:30b,IVSpAtt:31b,IVSpDef:31b,IVSpeed:31b,Level:88,MoveSkillCooldown:[{MoveSkillCooldownCurrent:1762893464066L,MoveSkillCooldownId:"open_wormhole",MoveSkillCooldownTarget:1762894364066L},{MoveSkillCooldownCurrent:1762706871122L,MoveSkillCooldownId:"forage",MoveSkillCooldownTarget:1762706896122L}],Moveset:[{MoveID:"Photon Geyser",MovePP:5b},{MoveID:"Outrage",MovePP:10b},{MoveID:"Earthquake",MovePP:10b},{MoveID:"Stone Edge",MovePP:5b}],NBT_VERSION:2b,Nature:24b,PAbilitySlot:0,PHiddenAbility:0b,PersistentData:{},Pokerus:{Announced:0b,Type:0s},RelrnMoves:["Outrage","Metal Claw","Earthquake","Stealth Rock","Night Slash","Charge Beam","Psycho Cut","Morning Sun","Iron Defense","Photon Geyser"],Size:570.831928793087d,SpecFlags:[],StatsAttack:252s,StatsDefense:223s,StatsHP:300s,StatsSpecialAttack:242s,StatsSpecialDefense:215s,StatsSpeed:186s,UUID:[I;-1087597354,2026982268,-1162648836,-1602538276],Variant:"base",eggCycles:-1,ndex:800,originalTrainer:"lame1202",originalTrainerUUID:[I;-812478946,543770915,-1079866976,-1753718133],palette:"none",ribbons2:[]}
	Yveltal {Ability:"DarkAura",CaughtBall:"master_ball",DoesLevel:1b,DynamaxLevel:10,EVAttack:6s,EVDefense:0s,EVHP:0s,EVSpecialAttack:252s,EVSpecialDefense:0s,EVSpeed:252s,EXP:0,FormattedNickname:'{"text":"","extra":["『カラス』"]}',Friendship:255s,Gender:2b,GigantamaxFactor:0b,Health:393,HeldItemStack:{count:1,id:"pixelmon:life_orb"},IVAttack:22b,IVDefense:31b,IVHP:27b,IVSpAtt:12b,IVSpDef:31b,IVSpeed:31b,IV_HTATTACK:1b,IV_HTHP:1b,IV_HTSPECIAL_ATTACK:1b,Level:100,MoveSkillCooldown:[{MoveSkillCooldownCurrent:1762891541634L,MoveSkillCooldownId:"fly",MoveSkillCooldownTarget:1762891542684L}],Moveset:[{MoveID:"Sky Attack",MovePP:5b},{MoveID:"Foul Play",MovePP:15b},{MoveID:"Dark Pulse",MovePP:15b},{MoveID:"Fly",MovePP:15b}],NBT_VERSION:2b,Nature:2b,PAbilitySlot:0,PHiddenAbility:0b,PersistentData:{},Pokerus:{Announced:0b,Type:0s},RelrnMoves:["Foul Play","Fly","Roost","Snarl","Dark Pulse","Gust","Disable"],Size:354.61112173609985d,SpecFlags:[],StatsAttack:299s,StatsDefense:226s,StatsHP:393s,StatsSpecialAttack:361s,StatsSpecialDefense:232s,StatsSpeed:297s,UUID:[I;-1063911881,-209827597,-1503807379,789664429],Variant:"base",eggCycles:-1,ndex:717,originalTrainer:"lame1202",originalTrainerUUID:[I;-812478946,543770915,-1079866976,-1753718133],palette:"none",ribbons2:[]}
	Mawile {Ability:"Intimidate",CaughtBall:"poke_ball",DoesLevel:1b,DynamaxLevel:0,EVAttack:198s,EVDefense:0s,EVHP:167s,EVSpecialAttack:0s,EVSpecialDefense:0s,EVSpeed:145s,EXP:439,FormattedNickname:'{"text":"","extra":["『ハ』"]}',Friendship:255s,Gender:1b,GigantamaxFactor:0b,Health:280,HeldItemStack:{components:{"pixelmon:mega_evolution":{duration:5400000L,form_name:"mega",valid_pokemon:["mawile"]},"pixelmon:next_usable":"2036-02-17T04:12:18.968934574Z"},count:1,id:"pixelmon:mawilite"},IVAttack:6b,IVDefense:26b,IVHP:29b,IVSpAtt:29b,IVSpDef:0b,IVSpeed:10b,Level:100,MintNature:16b,MoveSkillCooldown:[{MoveSkillCooldownCurrent:1762752859894L,MoveSkillCooldownId:"scare",MoveSkillCooldownTarget:1762753159894L},{MoveSkillCooldownCurrent:1762706857877L,MoveSkillCooldownId:"forage",MoveSkillCooldownTarget:1762706882877L}],Moveset:[{MoveID:"Play Rough",MovePP:10b},{MoveID:"False Swipe",MovePP:40b},{MoveID:"Iron Head",MovePP:15b},{MoveID:"Fire Fang",MovePP:15b}],NBT_VERSION:2b,Nature:10b,PAbilitySlot:1,PHiddenAbility:0b,PersistentData:{},Pokerus:{Announced:0b,Type:0s},RelrnMoves:["Play Rough","Astonish","Bite","Iron Defense","Fire Fang","Crunch","Iron Head"],Size:61.85857324827446d,SpecFlags:[],StatsAttack:230s,StatsDefense:201s,StatsHP:280s,StatsSpecialAttack:144s,StatsSpecialDefense:103s,StatsSpeed:166s,UUID:[I;509829599,-497333300,-1288727742,147472422],Variant:"base",eggCycles:-1,ndex:303,originalTrainer:"lame1202",originalTrainerUUID:[I;-812478946,543770915,-1079866976,-1753718133],palette:"none",ribbons2:[]}

Turn #0 has begun
 Terrain: NONE[5 turns remaining]
 Weather: none
 Pokemon: 

Boldore stats changed from [ACCURACY=100, EVASION=100, ATTACK=0, DEFENSE=0, SPECIAL_ATTACK=0, SPECIAL_DEFENSE=0, SPEED=0] to [ACCURACY=100, EVASION=100, ATTACK=2, DEFENSE=2, SPECIAL_ATTACK=4, SPECIAL_DEFENSE=4, SPEED=4] delta: ATTACK=-2, DEFENSE=-2, SPECIAL_ATTACK=-4, SPECIAL_DEFENSE=-4, SPEED=-4
Vibrava stats changed from [ACCURACY=100, EVASION=100, ATTACK=0, DEFENSE=0, SPECIAL_ATTACK=0, SPECIAL_DEFENSE=0, SPEED=0] to [ACCURACY=100, EVASION=100, ATTACK=3, DEFENSE=4, SPECIAL_ATTACK=4, SPECIAL_DEFENSE=4, SPEED=3] delta: ATTACK=-3, DEFENSE=-4, SPECIAL_ATTACK=-4, SPECIAL_DEFENSE=-4, SPEED=-3
Cacturne stats changed from [ACCURACY=100, EVASION=100, ATTACK=0, DEFENSE=0, SPECIAL_ATTACK=0, SPECIAL_DEFENSE=0, SPEED=0] to [ACCURACY=100, EVASION=100, ATTACK=2, DEFENSE=3, SPECIAL_ATTACK=2, SPECIAL_DEFENSE=3, SPEED=3] delta: ATTACK=-2, DEFENSE=-3, SPECIAL_ATTACK=-2, SPECIAL_DEFENSE=-3, SPEED=-3
Graveler stats changed from [ACCURACY=100, EVASION=100, ATTACK=0, DEFENSE=0, SPECIAL_ATTACK=0, SPECIAL_DEFENSE=0, SPEED=0] to [ACCURACY=100, EVASION=100, ATTACK=3, DEFENSE=2, SPECIAL_ATTACK=4, SPECIAL_DEFENSE=4, SPEED=4] delta: ATTACK=-3, DEFENSE=-2, SPECIAL_ATTACK=-4, SPECIAL_DEFENSE=-4, SPEED=-4
Riolu stats changed from [ACCURACY=100, EVASION=100, ATTACK=0, DEFENSE=0, SPECIAL_ATTACK=0, SPECIAL_DEFENSE=0, SPEED=0] to [ACCURACY=100, EVASION=100, ATTACK=3, DEFENSE=4, SPECIAL_ATTACK=4, SPECIAL_DEFENSE=4, SPEED=3] delta: ATTACK=-3, DEFENSE=-4, SPECIAL_ATTACK=-4, SPECIAL_DEFENSE=-4, SPEED=-3
Garchomp stats changed from [ACCURACY=100, EVASION=100, ATTACK=0, DEFENSE=0, SPECIAL_ATTACK=0, SPECIAL_DEFENSE=0, SPEED=0] to [ACCURACY=100, EVASION=100, ATTACK=2, DEFENSE=3, SPECIAL_ATTACK=3, SPECIAL_DEFENSE=3, SPEED=2] delta: ATTACK=-2, DEFENSE=-3, SPECIAL_ATTACK=-3, SPECIAL_DEFENSE=-3, SPEED=-2
Urshifu stats changed from [ACCURACY=100, EVASION=100, ATTACK=0, DEFENSE=0, SPECIAL_ATTACK=0, SPECIAL_DEFENSE=0, SPEED=0] to [ACCURACY=100, EVASION=100, ATTACK=2, DEFENSE=3, SPECIAL_ATTACK=3, SPECIAL_DEFENSE=3, SPEED=3] delta: ATTACK=-2, DEFENSE=-3, SPECIAL_ATTACK=-3, SPECIAL_DEFENSE=-3, SPEED=-3
Lunala stats changed from [ACCURACY=100, EVASION=100, ATTACK=0, DEFENSE=0, SPECIAL_ATTACK=0, SPECIAL_DEFENSE=0, SPEED=0] to [ACCURACY=100, EVASION=100, ATTACK=2, DEFENSE=3, SPECIAL_ATTACK=2, SPECIAL_DEFENSE=2, SPEED=3] delta: ATTACK=-2, DEFENSE=-3, SPECIAL_ATTACK=-2, SPECIAL_DEFENSE=-2, SPEED=-3
Necrozma stats changed from [ACCURACY=100, EVASION=100, ATTACK=0, DEFENSE=0, SPECIAL_ATTACK=0, SPECIAL_DEFENSE=0, SPEED=0] to [ACCURACY=100, EVASION=100, ATTACK=2, DEFENSE=2, SPECIAL_ATTACK=2, SPECIAL_DEFENSE=3, SPEED=3] delta: ATTACK=-2, DEFENSE=-2, SPECIAL_ATTACK=-2, SPECIAL_DEFENSE=-3, SPEED=-3
Yveltal stats changed from [ACCURACY=100, EVASION=100, ATTACK=0, DEFENSE=0, SPECIAL_ATTACK=0, SPECIAL_DEFENSE=0, SPEED=0] to [ACCURACY=100, EVASION=100, ATTACK=2, DEFENSE=3, SPECIAL_ATTACK=2, SPECIAL_DEFENSE=3, SPEED=3] delta: ATTACK=-2, DEFENSE=-3, SPECIAL_ATTACK=-2, SPECIAL_DEFENSE=-3, SPEED=-3
Mawile stats changed from [ACCURACY=100, EVASION=100, ATTACK=0, DEFENSE=0, SPECIAL_ATTACK=0, SPECIAL_DEFENSE=0, SPEED=0] to [ACCURACY=100, EVASION=100, ATTACK=3, DEFENSE=3, SPECIAL_ATTACK=3, SPECIAL_DEFENSE=3, SPEED=4] delta: ATTACK=-3, DEFENSE=-3, SPECIAL_ATTACK=-3, SPECIAL_DEFENSE=-3, SPEED=-4
Battle Message: literal{Boldore} summoned some nearby allies to assist them
Boldore stats changed from [ACCURACY=100, EVASION=100, ATTACK=2, DEFENSE=2, SPECIAL_ATTACK=4, SPECIAL_DEFENSE=4, SPEED=4] to [ACCURACY=100, EVASION=100, ATTACK=91, DEFENSE=95, SPECIAL_ATTACK=48, SPECIAL_DEFENSE=37, SPEED=25] delta: ATTACK=-89, DEFENSE=-93, SPECIAL_ATTACK=-44, SPECIAL_DEFENSE=-33, SPEED=-21
Vibrava stats changed from [ACCURACY=100, EVASION=100, ATTACK=3, DEFENSE=4, SPECIAL_ATTACK=4, SPECIAL_DEFENSE=4, SPEED=3] to [ACCURACY=100, EVASION=100, ATTACK=56, DEFENSE=40, SPECIAL_ATTACK=40, SPECIAL_DEFENSE=49, SPEED=59] delta: ATTACK=-53, DEFENSE=-36, SPECIAL_ATTACK=-36, SPECIAL_DEFENSE=-45, SPEED=-56
Cacturne stats changed from [ACCURACY=100, EVASION=100, ATTACK=2, DEFENSE=3, SPECIAL_ATTACK=2, SPECIAL_DEFENSE=3, SPEED=3] to [ACCURACY=100, EVASION=100, ATTACK=82, DEFENSE=61, SPECIAL_ATTACK=89, SPECIAL_DEFENSE=49, SPEED=52] delta: ATTACK=-80, DEFENSE=-58, SPECIAL_ATTACK=-87, SPECIAL_DEFENSE=-46, SPEED=-49
Graveler stats changed from [ACCURACY=100, EVASION=100, ATTACK=3, DEFENSE=2, SPECIAL_ATTACK=4, SPECIAL_DEFENSE=4, SPEED=4] to [ACCURACY=100, EVASION=100, ATTACK=53, DEFENSE=67, SPECIAL_ATTACK=34, SPECIAL_DEFENSE=32, SPEED=26] delta: ATTACK=-50, DEFENSE=-65, SPECIAL_ATTACK=-30, SPECIAL_DEFENSE=-28, SPEED=-22
Riolu stats changed from [ACCURACY=100, EVASION=100, ATTACK=3, DEFENSE=4, SPECIAL_ATTACK=4, SPECIAL_DEFENSE=4, SPEED=3] to [ACCURACY=100, EVASION=100, ATTACK=51, DEFENSE=30, SPECIAL_ATTACK=26, SPECIAL_DEFENSE=35, SPEED=41] delta: ATTACK=-48, DEFENSE=-26, SPECIAL_ATTACK=-22, SPECIAL_DEFENSE=-31, SPEED=-38
Garchomp stats changed from [ACCURACY=100, EVASION=100, ATTACK=2, DEFENSE=3, SPECIAL_ATTACK=3, SPECIAL_DEFENSE=3, SPEED=2] to [ACCURACY=100, EVASION=100, ATTACK=359, DEFENSE=226, SPECIAL_ATTACK=196, SPECIAL_DEFENSE=185, SPEED=333] delta: ATTACK=-357, DEFENSE=-223, SPECIAL_ATTACK=-193, SPECIAL_DEFENSE=-182, SPEED=-331
Boldore selected attack Stealth Rock for Boldore targeting Garchomp and opted to mega evolve
translation{key='pixelmon.vibrava', args=[]} weighted their choices as follows:  Dig, Tier 2, Weight 3.3519554;  Sand Attack, Tier 0, Weight 0.0;  Screech, Tier 0, Weight 0.0;  Bug Buzz, Tier 2, Weight 2.2346368;  
translation{key='pixelmon.vibrava', args=[]} decided their best choices were:  Dig, Tier 2, Weight 3.3519554;  
Vibrava selected attack Dig for Vibrava targeting Garchomp and opted to mega evolve
translation{key='pixelmon.cacturne', args=[]} weighted their choices as follows:  Destiny Bond, Tier 0, Weight 0.0;  Growth, Tier 0, Weight 0.0;  Poison Sting, Tier 2, Weight 0.5586592;  Spiky Shield, Tier 0, Weight 0.0;  
translation{key='pixelmon.cacturne', args=[]} decided their best choices were:  Poison Sting, Tier 2, Weight 0.5586592;  
Cacturne selected attack Poison Sting for Cacturne targeting Garchomp and opted to mega evolve
translation{key='pixelmon.graveler', args=[]} weighted their choices as follows:  Tackle, Tier 2, Weight 1.1173184;  Rollout, Tier 2, Weight 0.83798885;  Bulldoze, Tier 2, Weight -68.701385;  Rock Throw, Tier 2, Weight 0.83798885;  
translation{key='pixelmon.graveler', args=[]} decided their best choices were:  Tackle, Tier 2, Weight 1.1173184;  Rollout, Tier 2, Weight 0.83798885;  Rock Throw, Tier 2, Weight 0.83798885;  
Graveler selected attack Tackle for Graveler targeting Garchomp and opted to mega evolve
translation{key='pixelmon.riolu', args=[]} weighted their choices as follows:  Endure, Tier 0, Weight 0.0;  Quick Attack, Tier 2, Weight 1.396648;  Feint, Tier 2, Weight 1.1173184;  Metal Claw, Tier 2, Weight 1.396648;  
translation{key='pixelmon.riolu', args=[]} decided their best choices were:  Quick Attack, Tier 2, Weight 1.396648;  Feint, Tier 2, Weight 1.1173184;  Metal Claw, Tier 2, Weight 1.396648;  
Riolu selected attack Metal Claw for Riolu targeting Garchomp and opted to mega evolve
lame1202 executed command tp Dulmin

BATTLE ENDED

BATTLE ENDED
Caught error in battle. Continuing...
Attempted to load class net/minecraft/client/resources/sounds/SoundInstance for invalid dist DEDICATED_SERVER
MC-BOOTSTRAP/fml_loader@4.0.41/net.neoforged.fml.common.asm.RuntimeDistCleaner.processClassWithFlags(RuntimeDistCleaner.java:60)
MC-BOOTSTRAP/cpw.mods.modlauncher@11.0.5/cpw.mods.modlauncher.LaunchPluginHandler.offerClassNodeToPlugins(LaunchPluginHandler.java:94)
MC-BOOTSTRAP/cpw.mods.modlauncher@11.0.5/cpw.mods.modlauncher.ClassTransformer.transform(ClassTransformer.java:120)
MC-BOOTSTRAP/cpw.mods.modlauncher@11.0.5/cpw.mods.modlauncher.TransformingClassLoader.maybeTransformClassBytes(TransformingClassLoader.java:57)
cpw.mods.securejarhandler/cpw.mods.cl.ModuleClassLoader.readerToClass(ModuleClassLoader.java:190)
cpw.mods.securejarhandler/cpw.mods.cl.ModuleClassLoader.lambda$findClass$20(ModuleClassLoader.java:298)
cpw.mods.securejarhandler/cpw.mods.cl.ModuleClassLoader.loadFromModule(ModuleClassLoader.java:311)
cpw.mods.securejarhandler/cpw.mods.cl.ModuleClassLoader.findClass(ModuleClassLoader.java:298)
cpw.mods.securejarhandler/cpw.mods.cl.ModuleClassLoader.loadClass(ModuleClassLoader.java:214)
java.base/java.lang.ClassLoader.loadClass(Unknown Source)
TRANSFORMER/pixelmon@9.3.9/com.pixelmonmod.pixelmon.battles.controller.participants.PlayerParticipant.forfeitBattleForBeingTooFarAway(PlayerParticipant.java:666)
TRANSFORMER/pixelmon@9.3.9/com.pixelmonmod.pixelmon.battles.controller.participants.PlayerParticipant.handlePlayerDistanceFromBattle(PlayerParticipant.java:647)
TRANSFORMER/pixelmon@9.3.9/com.pixelmonmod.pixelmon.battles.controller.participants.PlayerParticipant.tick(PlayerParticipant.java:451)
TRANSFORMER/pixelmon@9.3.9/com.pixelmonmod.pixelmon.battles.controller.BattleController.onUpdate(BattleController.java:1135)
TRANSFORMER/pixelmon@9.3.9/com.pixelmonmod.pixelmon.battles.controller.BattleController.update(BattleController.java:511)
TRANSFORMER/pixelmon@9.3.9/com.pixelmonmod.pixelmon.battles.BattleRegistry.updateBattles(BattleRegistry.java:202)
TRANSFORMER/pixelmon@9.3.9/com.pixelmonmod.pixelmon.battles.BattleTickHandler.tickStart(BattleTickHandler.java:10)
MC-BOOTSTRAP/net.neoforged.bus/net.neoforged.bus.EventBus.post(EventBus.java:360)
MC-BOOTSTRAP/net.neoforged.bus/net.neoforged.bus.EventBus.post(EventBus.java:328)
TRANSFORMER/neoforge@21.1.209/net.neoforged.neoforge.event.EventHooks.fireServerTickPost(EventHooks.java:1020)
TRANSFORMER/minecraft@1.21.1/net.minecraft.server.MinecraftServer.tickServer(MinecraftServer.java:943)
TRANSFORMER/minecraft@1.21.1/net.minecraft.server.MinecraftServer.runServer(MinecraftServer.java:707)
TRANSFORMER/minecraft@1.21.1/net.minecraft.server.MinecraftServer.lambda$spin$2(MinecraftServer.java:267)
java.base/java.lang.Thread.run(Unknown Source)
