Pixelmon Version 9.3.9
Battle data 2025-10-30T07:08:15.331359754Z

Team #0 WildPixelmonParticipant Lycanroc pixelmon:ultra_space (7851.5, 50.0, -2014.0079713337652) 
	Lycanroc {Ability:"KeenEye",CaughtBall:"poke_ball",DoesLevel:1b,DynamaxLevel:0,EVAttack:0s,EVDefense:0s,EVHP:0s,EVSpecialAttack:0s,EVSpecialDefense:0s,EVSpeed:0s,EXP:0,Friendship:0s,Gender:1b,GigantamaxFactor:0b,Health:122,IVAttack:17b,IVDefense:28b,IVHP:10b,IVSpAtt:11b,IVSpDef:6b,IVSpeed:7b,Level:40,Moveset:[{MoveID:"Quick Attack",MovePP:30b},{MoveID:"Quick Guard",MovePP:15b},{MoveID:"Rock Tomb",MovePP:15b},{MoveID:"Rock Slide",MovePP:9b}],NBT_VERSION:2b,Nature:14b,PAbilitySlot:0,PHiddenAbility:0b,PersistentData:{},Pokerus:{Announced:0b,Type:0s},RelrnMoves:["Quick Attack","Rock Tomb","Quick Guard"],Size:170.35244823432296d,SpecFlags:[],StatsAttack:103s,StatsDefense:68s,StatsHP:122s,StatsSpecialAttack:53s,StatsSpecialDefense:67s,StatsSpeed:80s,UUID:[I;-1087580240,-443134621,-1284637710,1509523438],Variant:"midnight",eggCycles:-1,ndex:745,palette:"none",ribbons2:[]}
Team #0 WildPixelmonParticipant Garganacl pixelmon:ultra_space (7854.530849634548, 51.0, -2007.75) 
	Garganacl {Ability:"PurifyingSalt",CaughtBall:"poke_ball",DoesLevel:1b,DynamaxLevel:0,EVAttack:0s,EVDefense:0s,EVHP:0s,EVSpecialAttack:0s,EVSpecialDefense:0s,EVSpeed:0s,EXP:0,Friendship:0s,Gender:1b,GigantamaxFactor:0b,Health:190,IVAttack:16b,IVDefense:16b,IVHP:28b,IVSpAtt:18b,IVSpDef:19b,IVSpeed:2b,Level:55,Moveset:[{MoveID:"Block",MovePP:5b},{MoveID:"Harden",MovePP:30b},{MoveID:"Tackle",MovePP:35b},{MoveID:"Salt Cure",MovePP:14b}],NBT_VERSION:2b,Nature:16b,PAbilitySlot:0,PHiddenAbility:0b,PersistentData:{},Pokerus:{Announced:0b,Type:0s},RelrnMoves:["Tackle","Block","Harden"],Size:175.7776119397582d,SpecFlags:[],StatsAttack:123s,StatsDefense:156s,StatsHP:190s,StatsSpecialAttack:64s,StatsSpecialDefense:102s,StatsSpeed:48s,UUID:[I;-1043917446,85869300,-2144769987,-1263036498],Variant:"base",eggCycles:-1,ndex:934,palette:"none",ribbons2:[]}
Team #0 WildPixelmonParticipant Beheeyem pixelmon:ultra_space (7855.547013591513, 55.0, -2006.985002511796) 
	Beheeyem {Ability:"Synchronize",CaughtBall:"poke_ball",DoesLevel:1b,DynamaxLevel:0,EVAttack:0s,EVDefense:0s,EVHP:0s,EVSpecialAttack:0s,EVSpecialDefense:0s,EVSpeed:0s,EXP:0,Friendship:0s,Gender:1b,GigantamaxFactor:0b,Health:143,IVAttack:12b,IVDefense:9b,IVHP:19b,IVSpAtt:28b,IVSpDef:21b,IVSpeed:21b,Level:53,Moveset:[{MoveID:"Confusion",MovePP:24b},{MoveID:"Growl",MovePP:40b},{MoveID:"Imprison",MovePP:10b},{MoveID:"Teleport",MovePP:20b}],NBT_VERSION:2b,Nature:5b,PAbilitySlot:1,PHiddenAbility:0b,PersistentData:{},Pokerus:{Announced:0b,Type:0s},RelrnMoves:["Growl","Confusion","Imprison"],Size:116.31379274532442d,SpecFlags:[],StatsAttack:99s,StatsDefense:80s,StatsHP:152s,StatsSpecialAttack:152s,StatsSpecialDefense:116s,StatsSpeed:58s,UUID:[I;1092308029,327175517,-1427509979,608541100],Variant:"base",eggCycles:-1,ndex:606,palette:"none",ribbons2:[]}
Team #0 WildPixelmonParticipant Golett pixelmon:ultra_space (7855.622150988687, 55.0, -2005.504838376536) 
	Golett {Ability:"IronFist",CaughtBall:"poke_ball",DoesLevel:1b,DynamaxLevel:0,EVAttack:0s,EVDefense:0s,EVHP:0s,EVSpecialAttack:0s,EVSpecialDefense:0s,EVSpeed:0s,EXP:0,Friendship:0s,Gender:2b,GigantamaxFactor:0b,Health:107,IVAttack:7b,IVDefense:4b,IVHP:8b,IVSpAtt:26b,IVSpDef:8b,IVSpeed:22b,Level:43,Moveset:[{MoveID:"Astonish",MovePP:15b},{MoveID:"Mud-Slap",MovePP:10b},{MoveID:"Pound",MovePP:35b},{MoveID:"Shadow Punch",MovePP:19b}],NBT_VERSION:2b,Nature:23b,PAbilitySlot:0,PHiddenAbility:0b,PersistentData:{},Pokerus:{Announced:0b,Type:0s},RelrnMoves:["Mud-Slap","Astonish","Pound"],Size:108.87004430753285d,SpecFlags:[],StatsAttack:71s,StatsDefense:49s,StatsHP:107s,StatsSpecialAttack:46s,StatsSpecialDefense:56s,StatsSpeed:39s,UUID:[I;-58149454,-1635169757,-1785569813,1169085073],Variant:"base",eggCycles:-1,ndex:622,palette:"none",ribbons2:[]}
Team #0 WildPixelmonParticipant Dreepy pixelmon:ultra_space (7852.994508148407, 51.0, -2004.4795917007293) 
	Dreepy {Ability:"Infiltrator",CaughtBall:"poke_ball",DoesLevel:1b,DynamaxLevel:0,EVAttack:0s,EVDefense:0s,EVHP:0s,EVSpecialAttack:0s,EVSpecialDefense:0s,EVSpeed:0s,EXP:0,Friendship:0s,Gender:0b,GigantamaxFactor:0b,Health:81,IVAttack:25b,IVDefense:18b,IVHP:31b,IVSpAtt:12b,IVSpDef:19b,IVSpeed:5b,Level:41,Moveset:[{MoveID:"Astonish",MovePP:15b},{MoveID:"Bite",MovePP:24b},{MoveID:"Infestation",MovePP:20b},{MoveID:"Quick Attack",MovePP:30b}],NBT_VERSION:2b,Nature:5b,PAbilitySlot:1,PHiddenAbility:0b,PersistentData:{},Pokerus:{Announced:0b,Type:0s},RelrnMoves:["Astonish","Bite","Infestation"],Size:44.06991749199983d,SpecFlags:[],StatsAttack:70s,StatsDefense:32s,StatsHP:86s,StatsSpecialAttack:42s,StatsSpecialDefense:37s,StatsSpeed:74s,UUID:[I;-1039274654,1978746741,-1115187735,-769706931],Variant:"base",eggCycles:-1,ndex:885,palette:"none",ribbons2:[]}
Team #1 PlayerParticipant godksrk pixelmon:ultra_space (7854.615695072036, 55.0, -2006.1307033973847) 
	Cosmog {Ability:"Unaware",CaughtBall:"master_ball",DoesLevel:1b,DynamaxLevel:0,EVAttack:26s,EVDefense:13s,EVHP:2s,EVSpecialAttack:5s,EVSpecialDefense:1s,EVSpeed:5s,EXP:3963,Friendship:5s,Gender:2b,GigantamaxFactor:0b,Health:83,HeldItemStack:{count:1,id:"pixelmon:lucky_egg"},IVAttack:31b,IVDefense:11b,IVHP:31b,IVSpAtt:31b,IVSpDef:26b,IVSpeed:11b,Level:34,Moveset:[{MoveID:"Splash",MovePP:40b},{MoveID:"Teleport",MovePP:20b}],NBT_VERSION:2b,Nature:17b,PAbilitySlot:0,PHiddenAbility:0b,PersistentData:{},Pokerus:{Announced:0b,Type:0s},RelrnMoves:["Splash"],Size:59.79773105291533d,SpecFlags:[],StatsAttack:33s,StatsDefense:30s,StatsHP:83s,StatsSpecialAttack:38s,StatsSpecialDefense:35s,StatsSpeed:34s,UUID:[I;783626790,41830964,-1469870044,-783743995],Variant:"base",eggCycles:-1,ndex:789,originalTrainer:"godksrk",originalTrainerUUID:[I;-1534560904,-1643165059,-1785036217,-2046744326],palette:"none",ribbons2:[]}
	Marshadow {Ability:"Technician",CaughtBall:"great_ball",DoesLevel:1b,DynamaxLevel:0,EVAttack:20s,EVDefense:8s,EVHP:4s,EVSpecialAttack:18s,EVSpecialDefense:4s,EVSpeed:13s,EXP:3902,Friendship:115s,Gender:2b,GigantamaxFactor:0b,Health:273,HeldItemStack:{count:1,id:"pixelmon:spooky_plate"},IVAttack:10b,IVDefense:16b,IVHP:25b,IVSpAtt:31b,IVSpDef:31b,IVSpeed:31b,Level:86,MoveSkillCooldown:[{MoveSkillCooldownCurrent:1761716256933L,MoveSkillCooldownId:"forage",MoveSkillCooldownTarget:1761716281933L}],Moveset:[{MoveID:"Spectral Thief",MovePP:10b},{MoveID:"Fire Punch",MovePP:15b},{MoveID:"Ice Punch",MovePP:15b},{MoveID:"Assurance",MovePP:10b}],NBT_VERSION:2b,Nature:7b,PAbilitySlot:0,PHiddenAbility:0b,PersistentData:{},Pokerus:{Announced:0b,Type:0s},RelrnMoves:["Assurance","Counter","Fire Punch","Ice Punch"],Size:75.66592948916545d,SpecFlags:[],StatsAttack:255s,StatsDefense:158s,StatsHP:273s,StatsSpecialAttack:171s,StatsSpecialDefense:187s,StatsSpeed:249s,UUID:[I;-1003270197,-1468055099,-1629377688,-1872919878],Variant:"base",eggCycles:-1,ndex:802,originalTrainer:"godksrk",originalTrainerUUID:[I;-1534560904,-1643165059,-1785036217,-2046744326],palette:"none",ribbons2:[]}
	Dragapult {Ability:"ClearBody",CaughtBall:"dive_ball",DoesLevel:1b,DynamaxLevel:10,EVAttack:34s,EVDefense:48s,EVHP:8s,EVSpecialAttack:18s,EVSpecialDefense:1s,EVSpeed:15s,EXP:18491,Friendship:163s,Gender:0b,GigantamaxFactor:0b,Health:209,HeldItemStack:{count:1,id:"pixelmon:dragonium_z"},IVAttack:24b,IVDefense:28b,IVHP:13b,IVSpAtt:3b,IVSpDef:13b,IVSpeed:20b,Level:82,Moveset:[{MoveID:"Shadow Ball",MovePP:15b},{MoveID:"Dragon Darts",MovePP:9b},{MoveID:"Hex",MovePP:10b},{MoveID:"Dragon Rush",MovePP:9b}],NBT_VERSION:2b,Nature:14b,PAbilitySlot:0,PHiddenAbility:0b,PersistentData:{},Pokerus:{Announced:0b,Type:0s},RelrnMoves:["Dragon Pulse","Assurance","Shadow Ball","Hex","Dragon Darts","Dragon Dance"],Size:173.4553657311622d,SpecFlags:[],StatsAttack:228s,StatsDefense:144s,StatsHP:248s,StatsSpecialAttack:175s,StatsSpecialDefense:138s,StatsSpeed:282s,UUID:[I;1223637489,-2089007078,-1471043172,-135570784],Variant:"base",eggCycles:-1,ndex:887,originalTrainer:"godksrk",originalTrainerUUID:[I;-1534560904,-1643165059,-1785036217,-2046744326],palette:"none",ribbons2:[]}
	Naclstack {Ability:"Sturdy",CaughtBall:"dive_ball",DoesLevel:1b,DynamaxLevel:8,EVAttack:0s,EVDefense:0s,EVHP:0s,EVSpecialAttack:0s,EVSpecialDefense:0s,EVSpeed:0s,EXP:0,Friendship:0s,Gender:1b,GigantamaxFactor:0b,Health:133,HeldItemStack:{count:1,id:"pixelmon:waterium_z"},IVAttack:31b,IVDefense:22b,IVHP:1b,IVSpAtt:31b,IVSpDef:31b,IVSpeed:31b,Level:56,Moveset:[{MoveID:"Salt Cure",MovePP:15b},{MoveID:"Mud Shot",MovePP:15b},{MoveID:"Power Gem",MovePP:20b},{MoveID:"Rock Slide",MovePP:10b}],NBT_VERSION:2b,Nature:2b,PAbilitySlot:1,PHiddenAbility:0b,PersistentData:{},Pokerus:{Announced:0b,Type:0s},RelrnMoves:["Tackle","Smack Down","Rock Slide","Salt Cure","Headbutt","Mud Shot","Harden","Power Gem"],Size:62.4146536150743d,SpecFlags:[],StatsAttack:89s,StatsDefense:129s,StatsHP:133s,StatsSpecialAttack:61s,StatsSpecialDefense:95s,StatsSpeed:61s,UUID:[I;-657302535,205865921,-1896310045,-36033053],Variant:"base",eggCycles:-1,ndex:933,originalTrainer:"godksrk",originalTrainerUUID:[I;-1534560904,-1643165059,-1785036217,-2046744326],palette:"none",ribbons2:[]}
	Tyranitar {Ability:"SandStream",CaughtBall:"heal_ball",DoesLevel:1b,DynamaxLevel:0,EVAttack:152s,EVDefense:136s,EVHP:20s,EVSpecialAttack:142s,EVSpecialDefense:19s,EVSpeed:41s,EXP:824,Friendship:235s,Gender:0b,GigantamaxFactor:0b,Health:127,HeldItemStack:{count:1,id:"pixelmon:groundium_z"},IVAttack:23b,IVDefense:20b,IVHP:2b,IVSpAtt:22b,IVSpDef:31b,IVSpeed:25b,Level:70,Moveset:[{MoveID:"Earthquake",MovePP:9b},{MoveID:"Crunch",MovePP:15b},{MoveID:"Stone Edge",MovePP:5b},{MoveID:"Rock Slide",MovePP:10b}],NBT_VERSION:2b,Nature:13b,PAbilitySlot:0,PHiddenAbility:0b,PersistentData:{},Pokerus:{Announced:0b,Type:0s},RelrnMoves:["Payback","Smack Down","Earthquake","Rock Throw","Rock Slide","Bite","Scary Face","Crunch"],Size:183.92491232552595d,SpecFlags:[],StatsAttack:211s,StatsDefense:196s,StatsHP:224s,StatsSpecialAttack:178s,StatsSpecialDefense:170s,StatsSpeed:126s,UUID:[I;1488337459,1577471459,-1770934281,-453487938],Variant:"base",eggCycles:-1,ndex:248,originalTrainer:"godksrk",originalTrainerUUID:[I;-1534560904,-1643165059,-1785036217,-2046744326],palette:"none",ribbons2:[]}
	Salamence {Ability:"Intimidate",CaughtBall:"premier_ball",DoesLevel:1b,DynamaxLevel:0,EVAttack:81s,EVDefense:56s,EVHP:4s,EVSpecialAttack:67s,EVSpecialDefense:18s,EVSpeed:10s,EXP:2760,Friendship:74s,Gender:0b,GigantamaxFactor:0b,Health:166,HeldItemStack:{count:1,id:"pixelmon:dragon_scale"},IVAttack:12b,IVDefense:10b,IVHP:4b,IVSpAtt:24b,IVSpDef:3b,IVSpeed:16b,Level:53,Moveset:[{MoveID:"Fly",MovePP:15b},{MoveID:"Dragon Claw",MovePP:15b},{MoveID:"Zen Headbutt",MovePP:15b},{MoveID:"Crunch",MovePP:15b}],NBT_VERSION:2b,Nature:17b,PAbilitySlot:0,PHiddenAbility:0b,PersistentData:{},Pokerus:{Announced:0b,Type:0s},RelrnMoves:["Leer","Protect","Ember","Dragon Claw","Zen Headbutt","Crunch"],Size:167.30238767783808d,SpecFlags:[],StatsAttack:148s,StatsDefense:102s,StatsHP:166s,StatsSpecialAttack:157s,StatsSpecialDefense:93s,StatsSpeed:120s,UUID:[I;1861083724,1454852893,-1101348348,-2114559626],Variant:"base",eggCycles:-1,ndex:373,originalTrainer:"godksrk",originalTrainerUUID:[I;-1534560904,-1643165059,-1785036217,-2046744326],palette:"none",ribbons2:[]}

Turn #0 has begun
 Terrain: NONE[5 turns remaining]
 Weather: none
 Pokemon: 

Lycanroc stats changed from [ACCURACY=100, EVASION=100, ATTACK=0, DEFENSE=0, SPECIAL_ATTACK=0, SPECIAL_DEFENSE=0, SPEED=0] to [ACCURACY=100, EVASION=100, ATTACK=2, DEFENSE=3, SPECIAL_ATTACK=3, SPECIAL_DEFENSE=3, SPEED=3] delta: ATTACK=-2, DEFENSE=-3, SPECIAL_ATTACK=-3, SPECIAL_DEFENSE=-3, SPEED=-3
Garganacl stats changed from [ACCURACY=100, EVASION=100, ATTACK=0, DEFENSE=0, SPECIAL_ATTACK=0, SPECIAL_DEFENSE=0, SPEED=0] to [ACCURACY=100, EVASION=100, ATTACK=3, DEFENSE=2, SPECIAL_ATTACK=4, SPECIAL_DEFENSE=3, SPEED=4] delta: ATTACK=-3, DEFENSE=-2, SPECIAL_ATTACK=-4, SPECIAL_DEFENSE=-3, SPEED=-4
Beheeyem stats changed from [ACCURACY=100, EVASION=100, ATTACK=0, DEFENSE=0, SPECIAL_ATTACK=0, SPECIAL_DEFENSE=0, SPEED=0] to [ACCURACY=100, EVASION=100, ATTACK=3, DEFENSE=3, SPECIAL_ATTACK=2, SPECIAL_DEFENSE=3, SPEED=4] delta: ATTACK=-3, DEFENSE=-3, SPECIAL_ATTACK=-2, SPECIAL_DEFENSE=-3, SPEED=-4
Golett stats changed from [ACCURACY=100, EVASION=100, ATTACK=0, DEFENSE=0, SPECIAL_ATTACK=0, SPECIAL_DEFENSE=0, SPEED=0] to [ACCURACY=100, EVASION=100, ATTACK=3, DEFENSE=4, SPECIAL_ATTACK=4, SPECIAL_DEFENSE=4, SPEED=4] delta: ATTACK=-3, DEFENSE=-4, SPECIAL_ATTACK=-4, SPECIAL_DEFENSE=-4, SPEED=-4
Dreepy stats changed from [ACCURACY=100, EVASION=100, ATTACK=0, DEFENSE=0, SPECIAL_ATTACK=0, SPECIAL_DEFENSE=0, SPEED=0] to [ACCURACY=100, EVASION=100, ATTACK=3, DEFENSE=4, SPECIAL_ATTACK=4, SPECIAL_DEFENSE=4, SPEED=3] delta: ATTACK=-3, DEFENSE=-4, SPECIAL_ATTACK=-4, SPECIAL_DEFENSE=-4, SPEED=-3
Cosmog stats changed from [ACCURACY=100, EVASION=100, ATTACK=0, DEFENSE=0, SPECIAL_ATTACK=0, SPECIAL_DEFENSE=0, SPEED=0] to [ACCURACY=100, EVASION=100, ATTACK=4, DEFENSE=4, SPECIAL_ATTACK=4, SPECIAL_DEFENSE=4, SPEED=4] delta: ATTACK=-4, DEFENSE=-4, SPECIAL_ATTACK=-4, SPECIAL_DEFENSE=-4, SPEED=-4
Marshadow stats changed from [ACCURACY=100, EVASION=100, ATTACK=0, DEFENSE=0, SPECIAL_ATTACK=0, SPECIAL_DEFENSE=0, SPEED=0] to [ACCURACY=100, EVASION=100, ATTACK=2, DEFENSE=3, SPECIAL_ATTACK=3, SPECIAL_DEFENSE=3, SPEED=2] delta: ATTACK=-2, DEFENSE=-3, SPECIAL_ATTACK=-3, SPECIAL_DEFENSE=-3, SPEED=-2
Dragapult stats changed from [ACCURACY=100, EVASION=100, ATTACK=0, DEFENSE=0, SPECIAL_ATTACK=0, SPECIAL_DEFENSE=0, SPEED=0] to [ACCURACY=100, EVASION=100, ATTACK=2, DEFENSE=3, SPECIAL_ATTACK=3, SPECIAL_DEFENSE=3, SPEED=2] delta: ATTACK=-2, DEFENSE=-3, SPECIAL_ATTACK=-3, SPECIAL_DEFENSE=-3, SPEED=-2
Naclstack stats changed from [ACCURACY=100, EVASION=100, ATTACK=0, DEFENSE=0, SPECIAL_ATTACK=0, SPECIAL_DEFENSE=0, SPEED=0] to [ACCURACY=100, EVASION=100, ATTACK=3, DEFENSE=3, SPECIAL_ATTACK=4, SPECIAL_DEFENSE=3, SPEED=4] delta: ATTACK=-3, DEFENSE=-3, SPECIAL_ATTACK=-4, SPECIAL_DEFENSE=-3, SPEED=-4
Tyranitar stats changed from [ACCURACY=100, EVASION=100, ATTACK=0, DEFENSE=0, SPECIAL_ATTACK=0, SPECIAL_DEFENSE=0, SPEED=0] to [ACCURACY=100, EVASION=100, ATTACK=2, DEFENSE=2, SPECIAL_ATTACK=3, SPECIAL_DEFENSE=3, SPEED=3] delta: ATTACK=-2, DEFENSE=-2, SPECIAL_ATTACK=-3, SPECIAL_DEFENSE=-3, SPEED=-3
Salamence stats changed from [ACCURACY=100, EVASION=100, ATTACK=0, DEFENSE=0, SPECIAL_ATTACK=0, SPECIAL_DEFENSE=0, SPEED=0] to [ACCURACY=100, EVASION=100, ATTACK=2, DEFENSE=3, SPECIAL_ATTACK=2, SPECIAL_DEFENSE=3, SPEED=3] delta: ATTACK=-2, DEFENSE=-3, SPECIAL_ATTACK=-2, SPECIAL_DEFENSE=-3, SPEED=-3
Battle Message: literal{Lycanroc} summoned some nearby allies to assist them
Lycanroc stats changed from [ACCURACY=100, EVASION=100, ATTACK=2, DEFENSE=3, SPECIAL_ATTACK=3, SPECIAL_DEFENSE=3, SPEED=3] to [ACCURACY=100, EVASION=100, ATTACK=103, DEFENSE=68, SPECIAL_ATTACK=53, SPECIAL_DEFENSE=67, SPEED=80] delta: ATTACK=-101, DEFENSE=-65, SPECIAL_ATTACK=-50, SPECIAL_DEFENSE=-64, SPEED=-77
Garganacl stats changed from [ACCURACY=100, EVASION=100, ATTACK=3, DEFENSE=2, SPECIAL_ATTACK=4, SPECIAL_DEFENSE=3, SPEED=4] to [ACCURACY=100, EVASION=100, ATTACK=123, DEFENSE=156, SPECIAL_ATTACK=64, SPECIAL_DEFENSE=102, SPEED=48] delta: ATTACK=-120, DEFENSE=-154, SPECIAL_ATTACK=-60, SPECIAL_DEFENSE=-99, SPEED=-44
Beheeyem stats changed from [ACCURACY=100, EVASION=100, ATTACK=3, DEFENSE=3, SPECIAL_ATTACK=2, SPECIAL_DEFENSE=3, SPEED=4] to [ACCURACY=100, EVASION=100, ATTACK=99, DEFENSE=80, SPECIAL_ATTACK=152, SPECIAL_DEFENSE=116, SPEED=58] delta: ATTACK=-96, DEFENSE=-77, SPECIAL_ATTACK=-150, SPECIAL_DEFENSE=-113, SPEED=-54
Golett stats changed from [ACCURACY=100, EVASION=100, ATTACK=3, DEFENSE=4, SPECIAL_ATTACK=4, SPECIAL_DEFENSE=4, SPEED=4] to [ACCURACY=100, EVASION=100, ATTACK=71, DEFENSE=49, SPECIAL_ATTACK=46, SPECIAL_DEFENSE=56, SPEED=39] delta: ATTACK=-68, DEFENSE=-45, SPECIAL_ATTACK=-42, SPECIAL_DEFENSE=-52, SPEED=-35
Dreepy stats changed from [ACCURACY=100, EVASION=100, ATTACK=3, DEFENSE=4, SPECIAL_ATTACK=4, SPECIAL_DEFENSE=4, SPEED=3] to [ACCURACY=100, EVASION=100, ATTACK=70, DEFENSE=32, SPECIAL_ATTACK=42, SPECIAL_DEFENSE=37, SPEED=74] delta: ATTACK=-67, DEFENSE=-28, SPECIAL_ATTACK=-38, SPECIAL_DEFENSE=-33, SPEED=-71
Cosmog stats changed from [ACCURACY=100, EVASION=100, ATTACK=4, DEFENSE=4, SPECIAL_ATTACK=4, SPECIAL_DEFENSE=4, SPEED=4] to [ACCURACY=100, EVASION=100, ATTACK=33, DEFENSE=30, SPECIAL_ATTACK=38, SPECIAL_DEFENSE=35, SPEED=34] delta: ATTACK=-29, DEFENSE=-26, SPECIAL_ATTACK=-34, SPECIAL_DEFENSE=-31, SPEED=-30
Lycanroc selected attack Rock Slide for Lycanroc targeting Cosmog and opted to mega evolve
translation{key='pixelmon.garganacl', args=[]} weighted their choices as follows:  Block, Tier 0, Weight 0.0;  Harden, Tier 0, Weight 0.0;  Tackle, Tier 2, Weight 97.59036;  Salt Cure, Tier 3, Weight 100.0;  
translation{key='pixelmon.garganacl', args=[]} decided their best choices were:  Salt Cure, Tier 3, Weight 100.0;  
Garganacl selected attack Salt Cure for Garganacl targeting Cosmog and opted to mega evolve
translation{key='pixelmon.beheeyem', args=[]} weighted their choices as follows:  Confusion, Tier 2, Weight 91.56626;  Growl, Tier 0, Weight 0.0;  Imprison, Tier 0, Weight 0.0;  Teleport, Tier 0, Weight 0.0;  
translation{key='pixelmon.beheeyem', args=[]} decided their best choices were:  Confusion, Tier 2, Weight 91.56626;  
Beheeyem selected attack Confusion for Beheeyem targeting Cosmog and opted to mega evolve
translation{key='pixelmon.golett', args=[]} weighted their choices as follows:  Astonish, Tier 3, Weight 100.0;  Mud-Slap, Tier 2, Weight 21.686749;  Pound, Tier 2, Weight 45.78313;  Shadow Punch, Tier 3, Weight 100.0;  
translation{key='pixelmon.golett', args=[]} decided their best choices were:  Astonish, Tier 3, Weight 100.0;  Shadow Punch, Tier 3, Weight 100.0;  
Golett selected attack Shadow Punch for Golett targeting Cosmog and opted to mega evolve
translation{key='pixelmon.dreepy', args=[]} weighted their choices as follows:  Astonish, Tier 2, Weight 97.59036;  Bite, Tier 3, Weight 100.0;  Infestation, Tier 2, Weight 26.506025;  Quick Attack, Tier 2, Weight 43.373497;  
translation{key='pixelmon.dreepy', args=[]} decided their best choices were:  Bite, Tier 3, Weight 100.0;  
Dreepy selected attack Bite for Dreepy targeting Cosmog and opted to mega evolve
godksrk switching from Cosmog to Tyranitar
Global status added Sandstorm[4 turns remaining] by Tyranitar
Weather is now set to Sandstorm[4 turns remaining] by Tyranitar
Battle Message: Tyranitar's Sand Stream whipped up a sandstorm!
Lycanroc stats changed from [ACCURACY=100, EVASION=100, ATTACK=103, DEFENSE=68, SPECIAL_ATTACK=53, SPECIAL_DEFENSE=67, SPEED=80] to [ACCURACY=100, EVASION=100, ATTACK=103, DEFENSE=68, SPECIAL_ATTACK=53, SPECIAL_DEFENSE=100, SPEED=80] delta: SPECIAL_DEFENSE=-33
Garganacl stats changed from [ACCURACY=100, EVASION=100, ATTACK=123, DEFENSE=156, SPECIAL_ATTACK=64, SPECIAL_DEFENSE=102, SPEED=48] to [ACCURACY=100, EVASION=100, ATTACK=123, DEFENSE=156, SPECIAL_ATTACK=64, SPECIAL_DEFENSE=153, SPEED=48] delta: SPECIAL_DEFENSE=-51
Tyranitar stats changed from [ACCURACY=100, EVASION=100, ATTACK=2, DEFENSE=2, SPECIAL_ATTACK=3, SPECIAL_DEFENSE=3, SPEED=3] to [ACCURACY=100, EVASION=100, ATTACK=208, DEFENSE=194, SPECIAL_ATTACK=175, SPECIAL_DEFENSE=250, SPEED=124] delta: ATTACK=-206, DEFENSE=-192, SPECIAL_ATTACK=-172, SPECIAL_DEFENSE=-247, SPEED=-121
Battle Message: Lycanroc used Rock Slide!
Tyranitar was damaged by Lycanroc type ATTACK for 21 before: 221 after: 200
Lycanroc used Rock Slide against Tyranitar with results MoveResults{damage=21, fullDamage=21, power=[], accuracy=0, priority=0.0, result=hit, weightMod=0.0}
Battle Message: Dreepy used Bite!
Battle Message: It wasn't very effective...
Tyranitar was damaged by Dreepy type ATTACK for 4 before: 200 after: 196
Dreepy used Bite against Tyranitar with results MoveResults{damage=4, fullDamage=4, power=[], accuracy=0, priority=0.0, result=hit, weightMod=0.0}
Battle Message: Beheeyem used Confusion!
Battle Message: It doesn't affect Tyranitar...
Beheeyem used Confusion against Tyranitar with results MoveResults{damage=0, fullDamage=0, power=[], accuracy=0, priority=0.0, result=failed, weightMod=0.0}
Battle Message: Garganacl used Salt Cure!
Tyranitar was damaged by Garganacl type ATTACK for 18 before: 196 after: 178
Tyranitar was given status com.pixelmonmod.pixelmon.battles.status.SaltCure@21d03040
Battle Message: Tyranitar is being salt cured!
Garganacl used Salt Cure against Tyranitar with results MoveResults{damage=18, fullDamage=18, power=[], accuracy=0, priority=0.0, result=hit, weightMod=0.0}
Battle Message: Golett used Shadow Punch!
Battle Message: It wasn't very effective...
Tyranitar was damaged by Golett type ATTACK for 8 before: 178 after: 170
Golett used Shadow Punch against Tyranitar with results MoveResults{damage=8, fullDamage=8, power=[], accuracy=0, priority=0.0, result=hit, weightMod=0.0}
Battle Message: Tyranitar is hurt by Salt Cure!
Tyranitar was damaged by Tyranitar type STATUS for 27 before: 170 after: 143
Battle Message: The sandstorm rages harshly!
Battle Message: Dreepy was buffeted by the sandstorm!
Dreepy was damaged by Dreepy type WEATHER for 5 before: 86 after: 81
Battle Message: Beheeyem was buffeted by the sandstorm!
Beheeyem was damaged by Beheeyem type WEATHER for 9 before: 152 after: 143

Turn #0 has ended
 Terrain: NONE[5 turns remaining]
 Weather: Sandstorm[4 turns remaining]
 Pokemon: 
 Lycanroc[health=122, , max health=122]
  Stats: ACCURACY=100, EVASION=100, ATTACK=103, DEFENSE=68, SPECIAL_ATTACK=53, SPECIAL_DEFENSE=100, SPEED=80, stages=[, ACCURACY=0, , , EVASION=0, , , ATTACK=0, , , DEFENSE=0, , , SPECIAL_ATTACK=0, , , SPECIAL_DEFENSE=0, , , SPEED=0, , , ]

 Garganacl[health=190, , max health=190]
  Stats: ACCURACY=100, EVASION=100, ATTACK=123, DEFENSE=156, SPECIAL_ATTACK=64, SPECIAL_DEFENSE=153, SPEED=48, stages=[, ACCURACY=0, , , EVASION=0, , , ATTACK=0, , , DEFENSE=0, , , SPECIAL_ATTACK=0, , , SPECIAL_DEFENSE=0, , , SPEED=0, , , ]

 Beheeyem[health=152, , max health=152]
  Stats: ACCURACY=100, EVASION=100, ATTACK=99, DEFENSE=80, SPECIAL_ATTACK=152, SPECIAL_DEFENSE=116, SPEED=58, stages=[, ACCURACY=0, , , EVASION=0, , , ATTACK=0, , , DEFENSE=0, , , SPECIAL_ATTACK=0, , , SPECIAL_DEFENSE=0, , , SPEED=0, , , ]

 Golett[health=107, , max health=107]
  Stats: ACCURACY=100, EVASION=100, ATTACK=71, DEFENSE=49, SPECIAL_ATTACK=46, SPECIAL_DEFENSE=56, SPEED=39, stages=[, ACCURACY=0, , , EVASION=0, , , ATTACK=0, , , DEFENSE=0, , , SPECIAL_ATTACK=0, , , SPECIAL_DEFENSE=0, , , SPEED=0, , , ]

 Dreepy[health=86, , max health=86]
  Stats: ACCURACY=100, EVASION=100, ATTACK=70, DEFENSE=32, SPECIAL_ATTACK=42, SPECIAL_DEFENSE=37, SPEED=74, stages=[, ACCURACY=0, , , EVASION=0, , , ATTACK=0, , , DEFENSE=0, , , SPECIAL_ATTACK=0, , , SPECIAL_DEFENSE=0, , , SPEED=0, , , ]

 Tyranitar[health=221, , max health=221]
  Stats: ACCURACY=100, EVASION=100, ATTACK=208, DEFENSE=194, SPECIAL_ATTACK=175, SPECIAL_DEFENSE=250, SPEED=124, stages=[, ACCURACY=0, , , EVASION=0, , , ATTACK=0, , , DEFENSE=0, , , SPECIAL_ATTACK=0, , , SPECIAL_DEFENSE=0, , , SPEED=0, , , ]


Turn #1 has begun
 Terrain: NONE[5 turns remaining]
 Weather: Sandstorm[4 turns remaining]
 Pokemon: 
 Lycanroc[health=122, , max health=122]
  Stats: ACCURACY=100, EVASION=100, ATTACK=103, DEFENSE=68, SPECIAL_ATTACK=53, SPECIAL_DEFENSE=100, SPEED=80, stages=[, ACCURACY=0, , , EVASION=0, , , ATTACK=0, , , DEFENSE=0, , , SPECIAL_ATTACK=0, , , SPECIAL_DEFENSE=0, , , SPEED=0, , , ]

 Garganacl[health=190, , max health=190]
  Stats: ACCURACY=100, EVASION=100, ATTACK=123, DEFENSE=156, SPECIAL_ATTACK=64, SPECIAL_DEFENSE=153, SPEED=48, stages=[, ACCURACY=0, , , EVASION=0, , , ATTACK=0, , , DEFENSE=0, , , SPECIAL_ATTACK=0, , , SPECIAL_DEFENSE=0, , , SPEED=0, , , ]

 Beheeyem[health=143, , max health=152]
  Stats: ACCURACY=100, EVASION=100, ATTACK=99, DEFENSE=80, SPECIAL_ATTACK=152, SPECIAL_DEFENSE=116, SPEED=58, stages=[, ACCURACY=0, , , EVASION=0, , , ATTACK=0, , , DEFENSE=0, , , SPECIAL_ATTACK=0, , , SPECIAL_DEFENSE=0, , , SPEED=0, , , ]

 Golett[health=107, , max health=107]
  Stats: ACCURACY=100, EVASION=100, ATTACK=71, DEFENSE=49, SPECIAL_ATTACK=46, SPECIAL_DEFENSE=56, SPEED=39, stages=[, ACCURACY=0, , , EVASION=0, , , ATTACK=0, , , DEFENSE=0, , , SPECIAL_ATTACK=0, , , SPECIAL_DEFENSE=0, , , SPEED=0, , , ]

 Dreepy[health=81, , max health=86]
  Stats: ACCURACY=100, EVASION=100, ATTACK=70, DEFENSE=32, SPECIAL_ATTACK=42, SPECIAL_DEFENSE=37, SPEED=74, stages=[, ACCURACY=0, , , EVASION=0, , , ATTACK=0, , , DEFENSE=0, , , SPECIAL_ATTACK=0, , , SPECIAL_DEFENSE=0, , , SPEED=0, , , ]

 Tyranitar[health=143, , max health=221]
  Stats: ACCURACY=100, EVASION=100, ATTACK=208, DEFENSE=194, SPECIAL_ATTACK=175, SPECIAL_DEFENSE=250, SPEED=124, stages=[, ACCURACY=0, , , EVASION=0, , , ATTACK=0, , , DEFENSE=0, , , SPECIAL_ATTACK=0, , , SPECIAL_DEFENSE=0, , , SPEED=0, , , ]


Lycanroc selected attack Rock Slide for Lycanroc targeting Tyranitar and opted to mega evolve
translation{key='pixelmon.garganacl', args=[]} weighted their choices as follows:  Block, Tier 0, Weight 0.0;  Harden, Tier 0, Weight 0.0;  Tackle, Tier 2, Weight 3.167421;  Salt Cure, Tier 2, Weight 9.502263;  
translation{key='pixelmon.garganacl', args=[]} decided their best choices were:  Salt Cure, Tier 2, Weight 9.502263;  
Garganacl selected attack Salt Cure for Garganacl targeting Tyranitar and opted to mega evolve
translation{key='pixelmon.beheeyem', args=[]} weighted their choices as follows:  Confusion, Tier 0, Weight 0.0;  Growl, Tier 0, Weight 0.0;  Imprison, Tier 0, Weight 0.0;  Teleport, Tier 0, Weight 0.0;  
translation{key='pixelmon.beheeyem', args=[]} couldn't decide if there was a best choice on which course of action to take.
Beheeyem selected attack Teleport for Beheeyem targeting Beheeyem and opted to mega evolve
translation{key='pixelmon.golett', args=[]} weighted their choices as follows:  Astonish, Tier 2, Weight 1.8099549;  Mud-Slap, Tier 2, Weight 4.072398;  Pound, Tier 2, Weight 1.8099549;  Shadow Punch, Tier 2, Weight 4.072398;  
translation{key='pixelmon.golett', args=[]} decided their best choices were:  Mud-Slap, Tier 2, Weight 4.072398;  Shadow Punch, Tier 2, Weight 4.072398;  
Golett selected attack Shadow Punch for Golett targeting Tyranitar and opted to mega evolve
translation{key='pixelmon.dreepy', args=[]} weighted their choices as follows:  Astonish, Tier 2, Weight 1.8099549;  Bite, Tier 2, Weight 2.2624435;  Infestation, Tier 2, Weight 2.7149322;  Quick Attack, Tier 2, Weight 1.3574661;  
translation{key='pixelmon.dreepy', args=[]} decided their best choices were:  Astonish, Tier 2, Weight 1.8099549;  Bite, Tier 2, Weight 2.2624435;  Infestation, Tier 2, Weight 2.7149322;  Quick Attack, Tier 2, Weight 1.3574661;  
Dreepy selected attack Astonish for Dreepy targeting Tyranitar and opted to mega evolve
godksrk selected attack Earthquake for Tyranitar targeting Lycanroc, Garganacl, Beheeyem, Golett, Dreepy
Battle Message: Tyranitar used Earthquake!
Battle Message: It's super effective on Lycanroc!
Lycanroc was damaged by Tyranitar type ATTACK for 122 before: 122 after: 0
Battle Message: Lycanroc fainted!
Battle Message: A critical hit on Dreepy!
Dreepy was damaged by Tyranitar type ATTACK for 81 before: 81 after: 0
Battle Message: Dreepy fainted!
Beheeyem was damaged by Tyranitar type ATTACK for 110 before: 143 after: 33
Battle Message: It's super effective on Garganacl!
Garganacl was damaged by Tyranitar type ATTACK for 120 before: 190 after: 70
Golett was damaged by Tyranitar type ATTACK for 107 before: 107 after: 0
Battle Message: Golett fainted!
godksrk told Tyranitar to use Earthquake against Lycanroc with results MoveResults{damage=122, fullDamage=251, power=[], accuracy=0, priority=0.0, result=killed, weightMod=0.0} and Dreepy with results MoveResults{damage=81, fullDamage=432, power=[], accuracy=0, priority=0.0, result=killed, weightMod=0.0} and Beheeyem with results MoveResults{damage=110, fullDamage=110, power=[], accuracy=0, priority=0.0, result=hit, weightMod=0.0} and Garganacl with results MoveResults{damage=120, fullDamage=120, power=[], accuracy=0, priority=0.0, result=hit, weightMod=0.0} and Golett with results MoveResults{damage=107, fullDamage=190, power=[], accuracy=0, priority=0.0, result=killed, weightMod=0.0}
Tyranitar stats changed from [ACCURACY=100, EVASION=100, ATTACK=208, DEFENSE=194, SPECIAL_ATTACK=175, SPECIAL_DEFENSE=250, SPEED=124] to [ACCURACY=100, EVASION=100, ATTACK=211, DEFENSE=196, SPECIAL_ATTACK=178, SPECIAL_DEFENSE=255, SPEED=126] delta: ATTACK=-3, DEFENSE=-2, SPECIAL_ATTACK=-3, SPECIAL_DEFENSE=-5, SPEED=-2
Battle Message: Garganacl used Salt Cure!
Tyranitar was damaged by Garganacl type ATTACK for 20 before: 147 after: 127
Battle Message: Tyranitar has already been salt cured.
Garganacl used Salt Cure against Tyranitar with results MoveResults{damage=20, fullDamage=20, power=[], accuracy=0, priority=0.0, result=hit, weightMod=0.0}
Battle Message: Beheeyem used Teleport!
Battle Message: Beheeyem teleported away!

BATTLE ENDED
Beheeyem used Teleport against Beheeyem with results MoveResults{damage=0, fullDamage=0, power=[], accuracy=0, priority=-6.0, result=succeeded, weightMod=0.0}
Error in applyEffect for class com.pixelmonmod.pixelmon.battles.attacks.specialAttacks.basic.Teleport for attack Teleport
Cannot invoke "com.pixelmonmod.pixelmon.entities.pixelmon.PixelmonEntity.setHealth(float)" because the return value of "com.pixelmonmod.pixelmon.battles.controller.participants.PixelmonWrapper.getEntity()" is null
TRANSFORMER/pixelmon@9.3.9/com.pixelmonmod.pixelmon.battles.attacks.specialAttacks.basic.Teleport.wildPokemonAttemptsEscape(Teleport.java:56)
TRANSFORMER/pixelmon@9.3.9/com.pixelmonmod.pixelmon.battles.attacks.specialAttacks.basic.Teleport.applyEffectDuring(Teleport.java:26)
TRANSFORMER/pixelmon@9.3.9/com.pixelmonmod.pixelmon.battles.attacks.Attack.applySelfStatusMove(Attack.java:1193)
TRANSFORMER/pixelmon@9.3.9/com.pixelmonmod.pixelmon.battles.attacks.Attack.useSelfTargetingStatusMoves(Attack.java:619)
TRANSFORMER/pixelmon@9.3.9/com.pixelmonmod.pixelmon.battles.attacks.Attack.use(Attack.java:393)
TRANSFORMER/pixelmon@9.3.9/com.pixelmonmod.pixelmon.battles.controller.participants.PixelmonWrapper.useAttack(PixelmonWrapper.java:1146)
TRANSFORMER/pixelmon@9.3.9/com.pixelmonmod.pixelmon.battles.controller.participants.PixelmonWrapper.useAttack(PixelmonWrapper.java:1075)
TRANSFORMER/pixelmon@9.3.9/com.pixelmonmod.pixelmon.battles.controller.participants.PixelmonWrapper.takeTurn(PixelmonWrapper.java:2035)
TRANSFORMER/pixelmon@9.3.9/com.pixelmonmod.pixelmon.battles.controller.BattleController.takeTurn(BattleController.java:1478)
TRANSFORMER/pixelmon@9.3.9/com.pixelmonmod.pixelmon.battles.controller.BattleController.doTurnLogic(BattleController.java:626)
TRANSFORMER/pixelmon@9.3.9/com.pixelmonmod.pixelmon.battles.controller.BattleController.update(BattleController.java:525)
TRANSFORMER/pixelmon@9.3.9/com.pixelmonmod.pixelmon.battles.BattleRegistry.updateBattles(BattleRegistry.java:202)
TRANSFORMER/pixelmon@9.3.9/com.pixelmonmod.pixelmon.battles.BattleTickHandler.tickStart(BattleTickHandler.java:10)
MC-BOOTSTRAP/net.neoforged.bus/net.neoforged.bus.EventBus.post(EventBus.java:360)
MC-BOOTSTRAP/net.neoforged.bus/net.neoforged.bus.EventBus.post(EventBus.java:328)
TRANSFORMER/neoforge@21.1.209/net.neoforged.neoforge.event.EventHooks.fireServerTickPost(EventHooks.java:1020)
TRANSFORMER/minecraft@1.21.1/net.minecraft.server.MinecraftServer.tickServer(MinecraftServer.java:943)
TRANSFORMER/minecraft@1.21.1/net.minecraft.server.MinecraftServer.runServer(MinecraftServer.java:707)
TRANSFORMER/minecraft@1.21.1/net.minecraft.server.MinecraftServer.lambda$spin$2(MinecraftServer.java:267)
java.base/java.lang.Thread.run(Unknown Source)
