Pixelmon Version 9.3.9
Battle data 2025-11-21T01:29:30.063855939Z

Team #0 PlayerParticipant lame1202 minecraft:overworld (-2167.5226826030107, 102.17675927506424, -1.6309382684357352) 
	Gholdengo {Ability:"GoodAsGold",CaughtBall:"ultra_ball",DoesLevel:1b,DynamaxLevel:10,EVAttack:0s,EVDefense:0s,EVHP:252s,EVSpecialAttack:252s,EVSpecialDefense:0s,EVSpeed:6s,EXP:3297,FormattedNickname:'{"text":"","extra":["『キン』"]}',Friendship:162s,Gender:2b,GigantamaxFactor:0b,Health:378,HeldItemStack:{count:1,id:"pixelmon:choice_specs"},IVAttack:12b,IVDefense:30b,IVHP:23b,IVSpAtt:6b,IVSpDef:15b,IVSpeed:10b,IV_HTATTACK:1b,IV_HTDEFENSE:1b,IV_HTHP:1b,IV_HTSPECIAL_ATTACK:1b,IV_HTSPECIAL_DEFENSE:1b,IV_HTSPEED:1b,Level:100,MoveSkillCooldown:[{MoveSkillCooldownCurrent:1762540317434L,MoveSkillCooldownId:"ore_sense",MoveSkillCooldownTarget:1762540437434L},{MoveSkillCooldownCurrent:1762700864955L,MoveSkillCooldownId:"forage",MoveSkillCooldownTarget:1762700889955L}],Moveset:[{MoveID:"Make It Rain",MovePP:8b,MovePPLevel:3b},{MoveID:"Shadow Ball",MovePP:15b},{MoveID:"Trick",MovePP:10b},{MoveID:"Power Gem",MovePP:20b}],NBT_VERSION:2b,Nature:11b,PAbilitySlot:0,PHiddenAbility:0b,PersistentData:{},Pokerus:{Announced:0b,Type:0s},RelrnMoves:["Night Shade","Nasty Plot","Make It Rain","Shadow Ball","Confuse Ray","Recover","Substitute","Flash Cannon","Power Gem","Metal Sound"],Size:51.93591104927317d,SpecFlags:[],StatsAttack:156s,StatsDefense:248s,StatsHP:378s,StatsSpecialAttack:328s,StatsSpecialDefense:218s,StatsSpeed:205s,UUID:[I;-1646217366,-392935378,-1324744369,1913311800],Variant:"base",eggCycles:-1,ndex:1000,originalTrainer:"lame1202",originalTrainerUUID:[I;-812478946,543770915,-1079866976,-1753718133],palette:"none",ribbons2:[]}
	Eternatus {Ability:"Pressure",CaughtBall:"dusk_ball",DoesLevel:1b,DynamaxLevel:0,EVAttack:0s,EVDefense:0s,EVHP:6s,EVSpecialAttack:252s,EVSpecialDefense:0s,EVSpeed:252s,EXP:854,FormattedNickname:'{"text":"","extra":["『トカゲ』"]}',Friendship:203s,Gender:2b,GigantamaxFactor:0b,Health:422,HeldItemStack:{count:1,id:"pixelmon:life_orb"},IVAttack:31b,IVDefense:31b,IVHP:4b,IVSpAtt:11b,IVSpDef:31b,IVSpeed:10b,IV_HTHP:1b,IV_HTSPECIAL_ATTACK:1b,IV_HTSPEED:1b,Level:100,MoveSkillCooldown:[{MoveSkillCooldownCurrent:1763400042229L,MoveSkillCooldownId:"forage",MoveSkillCooldownTarget:1763400067229L}],Moveset:[{MoveID:"Sludge Wave",MovePP:16b,MovePPLevel:3b},{MoveID:"Dynamax Cannon",MovePP:8b,MovePPLevel:3b},{MoveID:"Shadow Ball",MovePP:15b},{MoveID:"Flamethrower",MovePP:15b}],NBT_VERSION:2b,Nature:8b,PAbilitySlot:0,PHiddenAbility:0b,PersistentData:{},Pokerus:{Announced:0b,Type:0s},RelrnMoves:["Dragon Pulse","Flamethrower","Poison Tail","Cross Poison","Agility","Shadow Ball","Dynamax Cannon","Eternabeam"],Size:594.9818510150182d,SpecFlags:[],StatsAttack:226s,StatsDefense:226s,StatsHP:422s,StatsSpecialAttack:389s,StatsSpecialDefense:203s,StatsSpeed:359s,UUID:[I;323583437,1923499351,-1821434788,-1937172760],Variant:"ordinary",eggCycles:-1,ndex:890,originalTrainer:"lame1202",originalTrainerUUID:[I;-812478946,543770915,-1079866976,-1753718133],palette:"none",ribbons2:[]}
	Ho-Oh {Ability:"Regenerator",CaughtBall:"master_ball",DoesLevel:1b,DynamaxLevel:10,EVAttack:252s,EVDefense:0s,EVHP:0s,EVSpecialAttack:0s,EVSpecialDefense:6s,EVSpeed:252s,EXP:3092,Friendship:254s,Gender:2b,GigantamaxFactor:0b,Health:353,HeldItemStack:{count:1,id:"pixelmon:life_orb"},IVAttack:13b,IVDefense:31b,IVHP:17b,IVSpAtt:22b,IVSpDef:31b,IVSpeed:31b,IV_HTATTACK:1b,IV_HTHP:1b,IV_HTSPECIAL_ATTACK:1b,Level:100,MintNature:15b,Moveset:[{MoveID:"Sacred Fire",MovePP:8b,MovePPLevel:3b},{MoveID:"Brave Bird",MovePP:15b},{MoveID:"Earthquake",MovePP:10b},{MoveID:"Iron Head",MovePP:15b}],NBT_VERSION:2b,Nature:10b,PAbilitySlot:0,PHiddenAbility:1b,PersistentData:{},Pokerus:{Announced:0b,Type:0s},RelrnMoves:["Weather Ball","Earthquake","Life Dew","Ancient Power","Recover","Brave Bird","Sacred Fire"],Size:230.74821496940933d,SpecFlags:[],StatsAttack:359s,StatsDefense:216s,StatsHP:353s,StatsSpecialAttack:230s,StatsSpecialDefense:345s,StatsSpeed:306s,UUID:[I;2049581236,1474905742,-1691877046,1643759506],Variant:"base",eggCycles:-1,ndex:250,originalTrainer:"lame1202",originalTrainerUUID:[I;-812478946,543770915,-1079866976,-1753718133],palette:"rainbow",ribbons2:[]}
	Yveltal {Ability:"DarkAura",CaughtBall:"master_ball",DoesLevel:1b,DynamaxLevel:10,EVAttack:6s,EVDefense:0s,EVHP:0s,EVSpecialAttack:252s,EVSpecialDefense:0s,EVSpeed:252s,EXP:0,FormattedNickname:'{"text":"","extra":["『カラス』"]}',Friendship:12s,Gender:2b,GigantamaxFactor:0b,Health:393,HeldItemStack:{count:1,id:"pixelmon:life_orb"},IVAttack:22b,IVDefense:31b,IVHP:27b,IVSpAtt:12b,IVSpDef:31b,IVSpeed:31b,IV_HTATTACK:1b,IV_HTHP:1b,IV_HTSPECIAL_ATTACK:1b,Level:100,MoveSkillCooldown:[{MoveSkillCooldownCurrent:1763071366066L,MoveSkillCooldownId:"fly",MoveSkillCooldownTarget:1763071367116L},{MoveSkillCooldownCurrent:1763400062074L,MoveSkillCooldownId:"forage",MoveSkillCooldownTarget:1763400087074L}],Moveset:[{MoveID:"Oblivion Wing",MovePP:16b,MovePPLevel:3b},{MoveID:"Foul Play",MovePP:15b},{MoveID:"Dark Pulse",MovePP:15b},{MoveID:"Roost",MovePP:8b,MovePPLevel:3b}],NBT_VERSION:2b,Nature:2b,PAbilitySlot:0,PHiddenAbility:0b,PersistentData:{},Pokerus:{Announced:0b,Type:0s},RelrnMoves:["Foul Play","Fly","Roost","Sky Attack","Snarl","Dark Pulse","Gust","Disable","Oblivion Wing"],Size:354.61112173609985d,SpecFlags:[],StatsAttack:299s,StatsDefense:226s,StatsHP:393s,StatsSpecialAttack:361s,StatsSpecialDefense:232s,StatsSpeed:297s,UUID:[I;-1063911881,-209827597,-1503807379,789664429],Variant:"base",eggCycles:-1,ndex:717,originalTrainer:"lame1202",originalTrainerUUID:[I;-812478946,543770915,-1079866976,-1753718133],palette:"none",ribbons2:[]}
	Rayquaza {Ability:"AirLock",CaughtBall:"master_ball",DoesLevel:1b,DynamaxLevel:10,EVAttack:4s,EVDefense:0s,EVHP:2s,EVSpecialAttack:5s,EVSpecialDefense:2s,EVSpeed:14s,EXP:11990,Friendship:111s,Gender:2b,GigantamaxFactor:0b,Health:317,HeldItemStack:{count:1,id:"pixelmon:lucky_egg"},IVAttack:31b,IVDefense:3b,IVHP:31b,IVSpAtt:31b,IVSpDef:31b,IVSpeed:31b,Level:90,Moveset:[{MoveID:"Dragon Ascent",MovePP:8b,MovePPLevel:3b},{MoveID:"Earthquake",MovePP:10b},{MoveID:"Extreme Speed",MovePP:8b,MovePPLevel:3b},{MoveID:"Dragon Dance",MovePP:20b}],NBT_VERSION:2b,Nature:13b,PAbilitySlot:0,PHiddenAbility:0b,PersistentData:{},Pokerus:{Announced:0b,Type:0s},RelrnMoves:["Extreme Speed","Rest","Fly","Air Slash","Dragon Ascent","Scary Face","Ancient Power","Dragon Dance","Crunch"],Size:301.23705596515174d,SpecFlags:[],StatsAttack:272s,StatsDefense:169s,StatsHP:317s,StatsSpecialAttack:304s,StatsSpecialDefense:195s,StatsSpeed:227s,UUID:[I;-498987553,-920499450,-1360032534,1684928416],Variant:"base",eggCycles:-1,ndex:384,originalTrainer:"lame1202",originalTrainerUUID:[I;-812478946,543770915,-1079866976,-1753718133],palette:"none",ribbons2:[]}
	Parasect {Ability:"Damp",CaughtBall:"ultra_ball",DoesLevel:1b,DynamaxLevel:0,EVAttack:252s,EVDefense:0s,EVHP:6s,EVSpecialAttack:0s,EVSpecialDefense:0s,EVSpeed:252s,EXP:14580,FormattedNickname:'{"text":"","extra":["『キノコ』"]}',Friendship:70s,Gender:1b,GigantamaxFactor:0b,Health:262,HeldItemStack:{count:1,id:"pixelmon:leftovers"},IVAttack:4b,IVDefense:10b,IVHP:10b,IVSpAtt:24b,IVSpDef:21b,IVSpeed:25b,IV_HTATTACK:1b,IV_HTDEFENSE:1b,IV_HTHP:1b,IV_HTSPECIAL_ATTACK:1b,IV_HTSPECIAL_DEFENSE:1b,IV_HTSPEED:1b,Level:100,MintNature:14b,MoveSkillCooldown:[{MoveSkillCooldownCurrent:1763400069074L,MoveSkillCooldownId:"forage",MoveSkillCooldownTarget:1763400094074L}],Moveset:[{MoveID:"False Swipe",MovePP:40b},{MoveID:"Spore",MovePP:24b,MovePPLevel:3b},{MoveID:"X-Scissor",MovePP:15b},{MoveID:"Stun Spore",MovePP:30b}],NBT_VERSION:2b,Nature:18b,PAbilitySlot:0,PHiddenAbility:1b,PersistentData:{},Pokerus:{Announced:0b,Type:0s},RelrnMoves:["Poison Powder","False Swipe","Scratch","Spore","Stun Spore","Absorb","Aromatherapy","Fury Cutter"],Size:160.5631275379926d,SpecFlags:[],StatsAttack:289s,StatsDefense:176s,StatsHP:262s,StatsSpecialAttack:156s,StatsSpecialDefense:196s,StatsSpeed:174s,UUID:[I;-1276842647,-1846917542,-1364704173,2018912491],Variant:"base",eggCycles:-1,ndex:47,originalTrainer:"lame1202",originalTrainerUUID:[I;-812478946,543770915,-1079866976,-1753718133],palette:"pink",ribbons2:[]}
Team #1 WildPixelmonParticipant Shinx minecraft:overworld (-2195.5794117973956, 94.0, -9.555059248862705) 
	Shinx {Ability:"Rivalry",CaughtBall:"poke_ball",DoesLevel:1b,DynamaxLevel:0,EVAttack:0s,EVDefense:0s,EVHP:0s,EVSpecialAttack:0s,EVSpecialDefense:0s,EVSpeed:0s,EXP:0,Friendship:0s,Gender:0b,GigantamaxFactor:0b,Health:42,IVAttack:5b,IVDefense:25b,IVHP:25b,IVSpAtt:31b,IVSpDef:4b,IVSpeed:19b,Level:15,Moveset:[{MoveID:"Tackle",MovePP:35b},{MoveID:"Thunder Shock",MovePP:30b},{MoveID:"Charge",MovePP:20b},{MoveID:"Bite",MovePP:25b}],NBT_VERSION:2b,Nature:2b,PAbilitySlot:0,PHiddenAbility:0b,PersistentData:{},Pokerus:{Announced:0b,Type:0s},RelrnMoves:["Tackle","Thunder Shock","Charge"],Size:49.620454971547005d,SpecFlags:[],StatsAttack:25s,StatsDefense:18s,StatsHP:42s,StatsSpecialAttack:21s,StatsSpecialDefense:15s,StatsSpeed:21s,UUID:[I;-1682848740,-682605297,-1994667797,1397545021],Variant:"base",eggCycles:-1,ndex:403,palette:"none",ribbons2:[]}

Turn #0 has begun
 Terrain: NONE[5 turns remaining]
 Weather: none
 Pokemon: 

Gholdengo stats changed from [ACCURACY=100, EVASION=100, ATTACK=0, DEFENSE=0, SPECIAL_ATTACK=0, SPECIAL_DEFENSE=0, SPEED=0] to [ACCURACY=100, EVASION=100, ATTACK=3, DEFENSE=3, SPECIAL_ATTACK=2, SPECIAL_DEFENSE=3, SPEED=3] delta: ATTACK=-3, DEFENSE=-3, SPECIAL_ATTACK=-2, SPECIAL_DEFENSE=-3, SPEED=-3
Eternatus stats changed from [ACCURACY=100, EVASION=100, ATTACK=0, DEFENSE=0, SPECIAL_ATTACK=0, SPECIAL_DEFENSE=0, SPEED=0] to [ACCURACY=100, EVASION=100, ATTACK=3, DEFENSE=3, SPECIAL_ATTACK=2, SPECIAL_DEFENSE=3, SPEED=2] delta: ATTACK=-3, DEFENSE=-3, SPECIAL_ATTACK=-2, SPECIAL_DEFENSE=-3, SPEED=-2
Ho-Oh stats changed from [ACCURACY=100, EVASION=100, ATTACK=0, DEFENSE=0, SPECIAL_ATTACK=0, SPECIAL_DEFENSE=0, SPEED=0] to [ACCURACY=100, EVASION=100, ATTACK=2, DEFENSE=3, SPECIAL_ATTACK=2, SPECIAL_DEFENSE=1, SPEED=3] delta: ATTACK=-2, DEFENSE=-3, SPECIAL_ATTACK=-2, SPECIAL_DEFENSE=-1, SPEED=-3
Yveltal stats changed from [ACCURACY=100, EVASION=100, ATTACK=0, DEFENSE=0, SPECIAL_ATTACK=0, SPECIAL_DEFENSE=0, SPEED=0] to [ACCURACY=100, EVASION=100, ATTACK=2, DEFENSE=3, SPECIAL_ATTACK=2, SPECIAL_DEFENSE=3, SPEED=3] delta: ATTACK=-2, DEFENSE=-3, SPECIAL_ATTACK=-2, SPECIAL_DEFENSE=-3, SPEED=-3
Rayquaza stats changed from [ACCURACY=100, EVASION=100, ATTACK=0, DEFENSE=0, SPECIAL_ATTACK=0, SPECIAL_DEFENSE=0, SPEED=0] to [ACCURACY=100, EVASION=100, ATTACK=2, DEFENSE=3, SPECIAL_ATTACK=2, SPECIAL_DEFENSE=3, SPEED=3] delta: ATTACK=-2, DEFENSE=-3, SPECIAL_ATTACK=-2, SPECIAL_DEFENSE=-3, SPEED=-3
Parasect stats changed from [ACCURACY=100, EVASION=100, ATTACK=0, DEFENSE=0, SPECIAL_ATTACK=0, SPECIAL_DEFENSE=0, SPEED=0] to [ACCURACY=100, EVASION=100, ATTACK=3, DEFENSE=3, SPECIAL_ATTACK=3, SPECIAL_DEFENSE=3, SPEED=4] delta: ATTACK=-3, DEFENSE=-3, SPECIAL_ATTACK=-3, SPECIAL_DEFENSE=-3, SPEED=-4
Shinx stats changed from [ACCURACY=100, EVASION=100, ATTACK=0, DEFENSE=0, SPECIAL_ATTACK=0, SPECIAL_DEFENSE=0, SPEED=0] to [ACCURACY=100, EVASION=100, ATTACK=3, DEFENSE=4, SPECIAL_ATTACK=4, SPECIAL_DEFENSE=4, SPEED=4] delta: ATTACK=-3, DEFENSE=-4, SPECIAL_ATTACK=-4, SPECIAL_DEFENSE=-4, SPEED=-4
Gholdengo stats changed from [ACCURACY=100, EVASION=100, ATTACK=3, DEFENSE=3, SPECIAL_ATTACK=2, SPECIAL_DEFENSE=3, SPEED=3] to [ACCURACY=100, EVASION=100, ATTACK=156, DEFENSE=248, SPECIAL_ATTACK=492, SPECIAL_DEFENSE=218, SPEED=205] delta: ATTACK=-153, DEFENSE=-245, SPECIAL_ATTACK=-490, SPECIAL_DEFENSE=-215, SPEED=-202
Shinx stats changed from [ACCURACY=100, EVASION=100, ATTACK=3, DEFENSE=4, SPECIAL_ATTACK=4, SPECIAL_DEFENSE=4, SPEED=4] to [ACCURACY=100, EVASION=100, ATTACK=25, DEFENSE=18, SPECIAL_ATTACK=21, SPECIAL_DEFENSE=15, SPEED=21] delta: ATTACK=-22, DEFENSE=-14, SPECIAL_ATTACK=-17, SPECIAL_DEFENSE=-11, SPEED=-17
Shinx selected attack Charge for Shinx targeting Shinx and opted to mega evolve

BATTLE ENDED

BATTLE ENDED
Caught error in battle. Continuing...
Attempted to load class net/minecraft/client/resources/sounds/SoundInstance for invalid dist DEDICATED_SERVER
MC-BOOTSTRAP/fml_loader@4.0.41/net.neoforged.fml.common.asm.RuntimeDistCleaner.processClassWithFlags(RuntimeDistCleaner.java:60)
MC-BOOTSTRAP/cpw.mods.modlauncher@11.0.5/cpw.mods.modlauncher.LaunchPluginHandler.offerClassNodeToPlugins(LaunchPluginHandler.java:94)
MC-BOOTSTRAP/cpw.mods.modlauncher@11.0.5/cpw.mods.modlauncher.ClassTransformer.transform(ClassTransformer.java:120)
MC-BOOTSTRAP/cpw.mods.modlauncher@11.0.5/cpw.mods.modlauncher.TransformingClassLoader.maybeTransformClassBytes(TransformingClassLoader.java:57)
cpw.mods.securejarhandler/cpw.mods.cl.ModuleClassLoader.readerToClass(ModuleClassLoader.java:190)
cpw.mods.securejarhandler/cpw.mods.cl.ModuleClassLoader.lambda$findClass$20(ModuleClassLoader.java:298)
cpw.mods.securejarhandler/cpw.mods.cl.ModuleClassLoader.loadFromModule(ModuleClassLoader.java:311)
cpw.mods.securejarhandler/cpw.mods.cl.ModuleClassLoader.findClass(ModuleClassLoader.java:298)
cpw.mods.securejarhandler/cpw.mods.cl.ModuleClassLoader.loadClass(ModuleClassLoader.java:214)
java.base/java.lang.ClassLoader.loadClass(Unknown Source)
TRANSFORMER/pixelmon@9.3.9/com.pixelmonmod.pixelmon.battles.controller.participants.PlayerParticipant.forfeitBattleForBeingTooFarAway(PlayerParticipant.java:666)
TRANSFORMER/pixelmon@9.3.9/com.pixelmonmod.pixelmon.battles.controller.participants.PlayerParticipant.handlePlayerDistanceFromBattle(PlayerParticipant.java:647)
TRANSFORMER/pixelmon@9.3.9/com.pixelmonmod.pixelmon.battles.controller.participants.PlayerParticipant.tick(PlayerParticipant.java:451)
TRANSFORMER/pixelmon@9.3.9/com.pixelmonmod.pixelmon.battles.controller.BattleController.onUpdate(BattleController.java:1135)
TRANSFORMER/pixelmon@9.3.9/com.pixelmonmod.pixelmon.battles.controller.BattleController.update(BattleController.java:511)
TRANSFORMER/pixelmon@9.3.9/com.pixelmonmod.pixelmon.battles.BattleRegistry.updateBattles(BattleRegistry.java:202)
TRANSFORMER/pixelmon@9.3.9/com.pixelmonmod.pixelmon.battles.BattleTickHandler.tickStart(BattleTickHandler.java:10)
MC-BOOTSTRAP/net.neoforged.bus/net.neoforged.bus.EventBus.post(EventBus.java:360)
MC-BOOTSTRAP/net.neoforged.bus/net.neoforged.bus.EventBus.post(EventBus.java:328)
TRANSFORMER/neoforge@21.1.209/net.neoforged.neoforge.event.EventHooks.fireServerTickPost(EventHooks.java:1020)
TRANSFORMER/minecraft@1.21.1/net.minecraft.server.MinecraftServer.tickServer(MinecraftServer.java:943)
TRANSFORMER/minecraft@1.21.1/net.minecraft.server.MinecraftServer.runServer(MinecraftServer.java:707)
TRANSFORMER/minecraft@1.21.1/net.minecraft.server.MinecraftServer.lambda$spin$2(MinecraftServer.java:267)
java.base/java.lang.Thread.run(Unknown Source)
