Pixelmon Version 9.3.9
Battle data 2025-11-11T15:44:11.727818802Z

Team #0 PlayerParticipant Dulmin minecraft:overworld (-2412.791249145794, 43.5, -1500.0319507869128) 
	Arceus {Ability:"Multitype",CaughtBall:"poke_ball",DoesLevel:1b,DynamaxLevel:0,EVAttack:152s,EVDefense:173s,EVHP:31s,EVSpecialAttack:79s,EVSpecialDefense:19s,EVSpeed:56s,EXP:17006,Friendship:57s,Gender:2b,GigantamaxFactor:0b,Health:388,HeldItemStack:{count:1,id:"pixelmon:legend_plate"},IVAttack:31b,IVDefense:31b,IVHP:2b,IVSpAtt:31b,IVSpDef:0b,IVSpeed:31b,IV_HTATTACK:1b,IV_HTDEFENSE:1b,IV_HTHP:1b,IV_HTSPECIAL_ATTACK:1b,IV_HTSPECIAL_DEFENSE:1b,IV_HTSPEED:1b,Level:100,Moveset:[{MoveID:"Judgment",MovePP:8b,MovePPLevel:3b},{MoveID:"Gravity",MovePP:5b},{MoveID:"Earthquake",MovePP:10b},{MoveID:"Extreme Speed",MovePP:5b}],NBT_VERSION:2b,Nature:0b,PAbilitySlot:0,PHiddenAbility:0b,PersistentData:{},Pokerus:{Announced:0b,Type:0s},RelrnMoves:["Extreme Speed","Earthquake","Cosmic Power","Earth Power","Gravity"],Size:329.9822809754581d,SpecFlags:[],StatsAttack:314s,StatsDefense:319s,StatsHP:388s,StatsSpecialAttack:295s,StatsSpecialDefense:280s,StatsSpeed:290s,UUID:[I;274323203,-1232321768,-1137249648,-857832600],Variant:"base",eggCycles:-1,ndex:493,originalTrainer:"Dulmin",originalTrainerUUID:[I;-2036690395,-938456484,-1479550921,1712610171],palette:"none",ribbons2:[]}
Team #0 PlayerParticipant Bluegum_ minecraft:overworld (-2411.18351692366, 44.0, -1497.300000011921) 
	Necrozma {Ability:"PrismArmor",CaughtBall:"master_ball",DoesLevel:1b,DynamaxLevel:10,EVAttack:0s,EVDefense:120s,EVHP:61s,EVSpecialAttack:252s,EVSpecialDefense:20s,EVSpeed:57s,EXP:2688,Friendship:254s,Gender:2b,GigantamaxFactor:0b,Health:350,HeldItemStack:{count:1,id:"pixelmon:assault_vest"},IVAttack:14b,IVDefense:31b,IVHP:31b,IVSpAtt:12b,IVSpDef:31b,IVSpeed:28b,IV_HTATTACK:1b,IV_HTDEFENSE:1b,IV_HTHP:1b,IV_HTSPECIAL_ATTACK:1b,IV_HTSPECIAL_DEFENSE:1b,IV_HTSPEED:1b,Level:100,MoveSkillCooldown:[{MoveSkillCooldownCurrent:1762874399053L,MoveSkillCooldownId:"open_wormhole",MoveSkillCooldownTarget:1762875299053L}],Moveset:[{MoveID:"Earthquake",MovePP:10b},{MoveID:"Photon Geyser",MovePP:5b},{MoveID:"Prismatic Laser",MovePP:10b},{MoveID:"Moongeist Beam",MovePP:6b,MovePPLevel:1b}],NBT_VERSION:2b,Nature:2b,PAbilitySlot:0,PHiddenAbility:0b,PersistentData:{FusedPokemon:{Ability:"ShadowShield",CaughtBall:"master_ball",DoesLevel:1b,DynamaxLevel:10,EVAttack:52s,EVDefense:61s,EVHP:10s,EVSpecialAttack:30s,EVSpecialDefense:15s,EVSpeed:10s,EXP:2523,Friendship:132s,Gender:2b,GigantamaxFactor:0b,Health:274,IVAttack:31b,IVDefense:31b,IVHP:31b,IVSpAtt:31b,IVSpDef:31b,IVSpeed:31b,Level:65,MoveSkillCooldown:[{MoveSkillCooldownCurrent:1762540468759L,MoveSkillCooldownId:"open_wormhole",MoveSkillCooldownTarget:1762541368759L}],Moveset:[{MoveID:"Moongeist Beam",MovePP:5b},{MoveID:"Shadow Ball",MovePP:15b},{MoveID:"Night Daze",MovePP:10b},{MoveID:"Psychic",MovePP:10b}],NBT_VERSION:2b,Nature:2b,PAbilitySlot:0,PHiddenAbility:0b,PersistentData:{},Pokerus:{Announced:0b,Type:0s},RelrnMoves:["Cosmic Power","Night Daze","Shadow Ball","Confuse Ray","Confusion","Moongeist Beam"],Size:423.68655728993264d,SpecFlags:[],StatsAttack:180s,StatsDefense:150s,StatsHP:274s,StatsSpecialAttack:208s,StatsSpecialDefense:166s,StatsSpeed:152s,UUID:[I;262669123,-1009497750,-1895264588,-494530766],Variant:"base",eggCycles:-1,ndex:792,originalTrainer:"Bluegum_",originalTrainerUUID:[I;-18226562,-815576607,-1945710123,1042587051],palette:"none",ribbons2:[]},SrcForm:"dawn"},Pokerus:{Announced:0b,Type:0s},RelrnMoves:["Earthquake","Moonlight","Night Slash","Confusion","Photon Geyser","Prismatic Laser","Moongeist Beam","Stored Power","Hyper Voice"],Size:527.1826480247724d,SpecFlags:[],StatsAttack:262s,StatsDefense:284s,StatsHP:350s,StatsSpecialAttack:413s,StatsSpecialDefense:295s,StatsSpeed:204s,UUID:[I;1907024463,-107854951,-1498588856,370906150],Variant:"dawn",eggCycles:-1,ndex:800,originalTrainer:"Bluegum_",originalTrainerUUID:[I;-18226562,-815576607,-1945710123,1042587051],palette:"none",ribbons2:[]}
Team #0 PlayerParticipant ___________12345 minecraft:overworld (-2409.300000011921, 43.0, -1499.6996600751254) 
	Primarina {Ability:"LiquidVoice",CaughtBall:"poke_ball",DoesLevel:1b,DynamaxLevel:1,EVAttack:166s,EVDefense:143s,EVHP:26s,EVSpecialAttack:65s,EVSpecialDefense:18s,EVSpeed:92s,EXP:504,Friendship:70s,Gender:0b,GigantamaxFactor:0b,Health:276,HeldItemStack:{count:1,id:"pixelmon:quick_claw"},IVAttack:8b,IVDefense:18b,IVHP:0b,IVSpAtt:6b,IVSpDef:1b,IVSpeed:21b,Level:100,MoveSkillCooldown:[{MoveSkillCooldownCurrent:1762268678098L,MoveSkillCooldownId:"forage",MoveSkillCooldownTarget:1762268703098L}],Moveset:[{MoveID:"Moonblast",MovePP:15b},{MoveID:"Icy Wind",MovePP:15b},{MoveID:"Sparkling Aria",MovePP:10b},{MoveID:"Hydro Pump",MovePP:5b}],NBT_VERSION:2b,Nature:24b,PAbilitySlot:0,PHiddenAbility:1b,PersistentData:{},Pokerus:{Announced:1b,Type:0s},RelrnMoves:["Water Gun","Disarming Voice","Growl","Pound","Sparkling Aria","Misty Terrain","Bubble Beam","Icy Wind","Aqua Jet","Hyper Voice","Moonblast"],Size:120.20768368133427d,SpecFlags:[],StatsAttack:202s,StatsDefense:206s,StatsHP:276s,StatsSpecialAttack:251s,StatsSpecialDefense:266s,StatsSpeed:169s,UUID:[I;-1172205738,2048607509,-1879822083,-1553849705],Variant:"base",eggCycles:-1,ndex:730,originalTrainer:"___________12345",originalTrainerUUID:[I;-1755248099,-1258862460,-2021475255,1498965264],palette:"none",ribbon_display2:{received:1761568021723L,receiver:'""',type:"destiny"},ribbons2:[{received:1761568021723L,receiver:'""',type:"destiny"}]}
Team #0 PlayerParticipant lame1202 minecraft:overworld (-2412.0180258786695, 43.5, -1498.6527245301377) 
	Garchomp {Ability:"RoughSkin",CaughtBall:"poke_ball",DoesLevel:1b,DynamaxLevel:0,EVAttack:252s,EVDefense:0s,EVHP:6s,EVSpecialAttack:0s,EVSpecialDefense:0s,EVSpeed:252s,EXP:3721,FormattedNickname:'{"text":"","extra":["『ワニ』"]}',Friendship:255s,Gender:1b,GigantamaxFactor:0b,Health:289,HeldItemStack:{count:1,id:"pixelmon:lum_berry"},IVAttack:27b,IVDefense:24b,IVHP:10b,IVSpAtt:12b,IVSpDef:28b,IVSpeed:27b,IV_HTATTACK:1b,IV_HTDEFENSE:1b,IV_HTHP:1b,IV_HTSPECIAL_ATTACK:1b,IV_HTSPECIAL_DEFENSE:1b,IV_HTSPEED:1b,Level:100,MintNature:16b,MoveSkillCooldown:[{MoveSkillCooldownCurrent:1762875423156L,MoveSkillCooldownId:"mount_boost",MoveSkillCooldownTarget:1762875463156L},{MoveSkillCooldownCurrent:1762706851325L,MoveSkillCooldownId:"forage",MoveSkillCooldownTarget:1762706876325L}],Moveset:[{MoveID:"Earthquake",MovePP:10b},{MoveID:"Outrage",MovePP:10b},{MoveID:"Dual Chop",MovePP:15b},{MoveID:"Fire Blast",MovePP:5b}],NBT_VERSION:2b,Nature:12b,PAbilitySlot:0,PHiddenAbility:1b,PersistentData:{},Pokerus:{Announced:0b,Type:0s},RelrnMoves:["False Swipe","Dig","Sand Attack","Bite","Stone Edge","Swords Dance","Outrage","Sand Tomb","Tackle","Tera Blast","Earthquake","Slash","Bulldoze","Crunch","Fire Blast"],Size:179.34559614068806d,SpecFlags:[],StatsAttack:359s,StatsDefense:226s,StatsHP:358s,StatsSpecialAttack:196s,StatsSpecialDefense:185s,StatsSpeed:333s,UUID:[I;6640726,-1809694469,-1176671605,-1159100764],Variant:"base",eggCycles:-1,ndex:445,originalTrainer:"lame1202",originalTrainerUUID:[I;-812478946,543770915,-1079866976,-1753718133],palette:"none",ribbons2:[]}
Team #1 RaidPixelmonParticipant Latios N/A N/A 
	Latios {Ability:"Levitate",CaughtBall:"poke_ball",DoesLevel:1b,DynamaxLevel:30,EVAttack:0s,EVDefense:0s,EVHP:0s,EVSpecialAttack:0s,EVSpecialDefense:0s,EVSpeed:0s,EXP:0,Friendship:0s,Gender:0b,GigantamaxFactor:0b,Health:196,IVAttack:31b,IVDefense:25b,IVHP:31b,IVSpAtt:31b,IVSpDef:31b,IVSpeed:31b,Level:64,Moveset:[{MoveID:"Recover",MovePP:5b},{MoveID:"Dragon Breath",MovePP:20b},{MoveID:"Ally Switch",MovePP:15b},{MoveID:"Zen Headbutt",MovePP:15b}],NBT_VERSION:2b,Nature:7b,PAbilitySlot:0,PHiddenAbility:0b,PersistentData:{},Pokerus:{Announced:0b,Type:0s},RelrnMoves:["Dragon Breath","Recover","Ally Switch"],Size:106.3112512144996d,SpecFlags:[],StatsAttack:154s,StatsDefense:123s,StatsHP:196s,StatsSpecialAttack:171s,StatsSpecialDefense:165s,StatsSpeed:165s,UUID:[I;-334943284,-736934656,-1495616646,1605975816],Variant:"base",eggCycles:-1,ndex:381,palette:"none",ribbons2:[]}

Turn #0 has begun
 Terrain: NONE[5 turns remaining]
 Weather: none
 Pokemon: 

Arceus stats changed from [ACCURACY=100, EVASION=100, ATTACK=0, DEFENSE=0, SPECIAL_ATTACK=0, SPECIAL_DEFENSE=0, SPEED=0] to [ACCURACY=100, EVASION=100, ATTACK=2, DEFENSE=2, SPECIAL_ATTACK=2, SPECIAL_DEFENSE=2, SPEED=2] delta: ATTACK=-2, DEFENSE=-2, SPECIAL_ATTACK=-2, SPECIAL_DEFENSE=-2, SPEED=-2
Necrozma stats changed from [ACCURACY=100, EVASION=100, ATTACK=0, DEFENSE=0, SPECIAL_ATTACK=0, SPECIAL_DEFENSE=0, SPEED=0] to [ACCURACY=100, EVASION=100, ATTACK=2, DEFENSE=2, SPECIAL_ATTACK=1, SPECIAL_DEFENSE=2, SPEED=3] delta: ATTACK=-2, DEFENSE=-2, SPECIAL_ATTACK=-1, SPECIAL_DEFENSE=-2, SPEED=-3
Primarina stats changed from [ACCURACY=100, EVASION=100, ATTACK=0, DEFENSE=0, SPECIAL_ATTACK=0, SPECIAL_DEFENSE=0, SPEED=0] to [ACCURACY=100, EVASION=100, ATTACK=3, DEFENSE=3, SPECIAL_ATTACK=2, SPECIAL_DEFENSE=2, SPEED=3] delta: ATTACK=-3, DEFENSE=-3, SPECIAL_ATTACK=-2, SPECIAL_DEFENSE=-2, SPEED=-3
Garchomp stats changed from [ACCURACY=100, EVASION=100, ATTACK=0, DEFENSE=0, SPECIAL_ATTACK=0, SPECIAL_DEFENSE=0, SPEED=0] to [ACCURACY=100, EVASION=100, ATTACK=2, DEFENSE=3, SPECIAL_ATTACK=3, SPECIAL_DEFENSE=3, SPEED=2] delta: ATTACK=-2, DEFENSE=-3, SPECIAL_ATTACK=-3, SPECIAL_DEFENSE=-3, SPEED=-2
Latios stats changed from [ACCURACY=100, EVASION=100, ATTACK=0, DEFENSE=0, SPECIAL_ATTACK=0, SPECIAL_DEFENSE=0, SPEED=0] to [ACCURACY=100, EVASION=100, ATTACK=3, DEFENSE=3, SPECIAL_ATTACK=2, SPECIAL_DEFENSE=2, SPEED=2] delta: ATTACK=-3, DEFENSE=-3, SPECIAL_ATTACK=-2, SPECIAL_DEFENSE=-2, SPEED=-2
Arceus stats changed from [ACCURACY=100, EVASION=100, ATTACK=2, DEFENSE=2, SPECIAL_ATTACK=2, SPECIAL_DEFENSE=2, SPEED=2] to [ACCURACY=100, EVASION=100, ATTACK=314, DEFENSE=319, SPECIAL_ATTACK=295, SPECIAL_DEFENSE=280, SPEED=290] delta: ATTACK=-312, DEFENSE=-317, SPECIAL_ATTACK=-293, SPECIAL_DEFENSE=-278, SPEED=-288
Necrozma stats changed from [ACCURACY=100, EVASION=100, ATTACK=2, DEFENSE=2, SPECIAL_ATTACK=1, SPECIAL_DEFENSE=2, SPEED=3] to [ACCURACY=100, EVASION=100, ATTACK=262, DEFENSE=284, SPECIAL_ATTACK=413, SPECIAL_DEFENSE=442, SPEED=204] delta: ATTACK=-260, DEFENSE=-282, SPECIAL_ATTACK=-412, SPECIAL_DEFENSE=-440, SPEED=-201
Primarina stats changed from [ACCURACY=100, EVASION=100, ATTACK=3, DEFENSE=3, SPECIAL_ATTACK=2, SPECIAL_DEFENSE=2, SPEED=3] to [ACCURACY=100, EVASION=100, ATTACK=202, DEFENSE=206, SPECIAL_ATTACK=251, SPECIAL_DEFENSE=266, SPEED=169] delta: ATTACK=-199, DEFENSE=-203, SPECIAL_ATTACK=-249, SPECIAL_DEFENSE=-264, SPEED=-166
Garchomp stats changed from [ACCURACY=100, EVASION=100, ATTACK=2, DEFENSE=3, SPECIAL_ATTACK=3, SPECIAL_DEFENSE=3, SPEED=2] to [ACCURACY=100, EVASION=100, ATTACK=359, DEFENSE=226, SPECIAL_ATTACK=196, SPECIAL_DEFENSE=185, SPEED=333] delta: ATTACK=-357, DEFENSE=-223, SPECIAL_ATTACK=-193, SPECIAL_DEFENSE=-182, SPEED=-331
Latios stats changed from [ACCURACY=100, EVASION=100, ATTACK=3, DEFENSE=3, SPECIAL_ATTACK=2, SPECIAL_DEFENSE=2, SPEED=2] to [ACCURACY=100, EVASION=100, ATTACK=154, DEFENSE=123, SPECIAL_ATTACK=171, SPECIAL_DEFENSE=165, SPEED=165] delta: ATTACK=-151, DEFENSE=-120, SPECIAL_ATTACK=-169, SPECIAL_DEFENSE=-163, SPEED=-163
Battle Message: Dynamax Energy gathered around Dulmin!
Battle Message: Dynamax Energy gathered around !
empty weighted their choices as follows:  Dragon Dance, Tier 2, Weight 75.0;  Max Guard, Tier 2, Weight 50.0;  Recover, Tier 0, Weight 0.0;  Max Guard, Tier 2, Weight 50.0;  Confusion, Tier 2, Weight 7.3164945;  Confusion, Tier 2, Weight 2.6714284;  Confusion, Tier 2, Weight 10.969565;  Confusion, Tier 2, Weight 11.831844;  Max Mindstorm, Tier 2, Weight 13.917525;  Max Mindstorm, Tier 2, Weight 5.142857;  Max Mindstorm, Tier 2, Weight 20.652174;  Max Mindstorm, Tier 2, Weight 22.625698;  Heal Pulse, Tier 0, Weight 0.0;  Heal Pulse, Tier 0, Weight 0.0;  Heal Pulse, Tier 0, Weight 0.0;  Heal Pulse, Tier 0, Weight 0.0;  Max Guard, Tier 2, Weight 50.0;  
empty decided their best choices were:  Dragon Dance, Tier 2, Weight 75.0;  
Latios selected attack Dragon Dance for Latios targeting Latios
Dulmin selected attack Judgment for Arceus targeting Latios
___________12345 selected attack Moonblast for Primarina targeting Latios
Bluegum_ selected attack Moongeist Beam for Necrozma targeting Latios and opted to mega evolve
lame1202 selected attack Outrage for Garchomp targeting Latios and opted to mega evolve
empty weighted their choices as follows:  Dragon Dance, Tier 0, Weight 0.0;  Recover, Tier 0, Weight 0.0;  Confusion, Tier 2, Weight 7.3164945;  Confusion, Tier 2, Weight 2.6714284;  Confusion, Tier 2, Weight 10.969565;  Confusion, Tier 2, Weight 11.831844;  Max Mindstorm, Tier 2, Weight 13.917525;  Max Mindstorm, Tier 2, Weight 5.142857;  Max Mindstorm, Tier 2, Weight 20.652174;  Max Mindstorm, Tier 2, Weight 22.625698;  Heal Pulse, Tier 0, Weight 0.0;  Heal Pulse, Tier 0, Weight 0.0;  Heal Pulse, Tier 0, Weight 0.0;  Heal Pulse, Tier 0, Weight 0.0;  
empty decided their best choices were:  Max Mindstorm, Tier 2, Weight 22.625698;  
Latios selected attack Recover for Latios targeting Latios
Battle Message: Latios used Recover!
Battle Message: Latios's HP is full!
Latios used Recover against Latios with results MoveResults{damage=0, fullDamage=0, power=[], accuracy=0, priority=4.0, result=failed, weightMod=0.0}
Latios selected attack Max Mindstorm for Latios targeting Garchomp
Battle Message: Latios used Max Mindstorm!
Garchomp was damaged by Latios type ATTACK for 69 before: 358 after: 289
Global status removed NONE[5 turns remaining]
Terrain has changed from NONE[5 turns remaining] to nothing
Battle Message: A psychic aura enveloped the battlefield!
Global status added PSYCHIC[5 turns remaining] by Latios
Terrain has changed from NONE[5 turns remaining] to PSYCHIC[5 turns remaining] by Latios
Latios used Max Mindstorm against Garchomp with results MoveResults{damage=69, fullDamage=69, power=[], accuracy=0, priority=4.0, result=hit, weightMod=0.0}
Latios selected attack Dragon Dance for Latios targeting Latios
Battle Message: Latios used Dragon Dance!
Battle Message: Latios's Attack was increased!
Battle Message: Latios's Speed was increased!
Latios used Dragon Dance against Latios with results MoveResults{damage=0, fullDamage=0, power=[], accuracy=0, priority=4.0, result=succeeded, weightMod=0.0}
Latios selected attack Heal Pulse for Latios targeting Arceus
Battle Message: Latios used Heal Pulse!
Battle Message: Arceus surrounds itself with psychic terrain.
Latios used Heal Pulse against Arceus with results MoveResults{damage=0, fullDamage=0, power=[], accuracy=0, priority=4.0, result=failed, weightMod=0.0}
Battle Message: 『ワニ』 used Outrage!

BATTLE ENDED
Latios has un-dynamaxed
Caught error in battle. Continuing...
Cannot invoke "com.pixelmonmod.pixelmon.battles.controller.participants.PixelmonWrapper.getOnBattleField()" because "pw" is null
TRANSFORMER/pixelmon@9.3.9/com.pixelmonmod.pixelmon.battles.controller.participants.PixelmonWrapper.manageTargetingSwitchedOutPokemon(PixelmonWrapper.java:1283)
TRANSFORMER/pixelmon@9.3.9/com.pixelmonmod.pixelmon.battles.controller.participants.PixelmonWrapper.useAttack(PixelmonWrapper.java:1135)
TRANSFORMER/pixelmon@9.3.9/com.pixelmonmod.pixelmon.battles.controller.participants.PixelmonWrapper.useAttack(PixelmonWrapper.java:1075)
TRANSFORMER/pixelmon@9.3.9/com.pixelmonmod.pixelmon.battles.controller.participants.PixelmonWrapper.takeTurn(PixelmonWrapper.java:2035)
TRANSFORMER/pixelmon@9.3.9/com.pixelmonmod.pixelmon.battles.controller.BattleController.takeTurn(BattleController.java:1478)
TRANSFORMER/pixelmon@9.3.9/com.pixelmonmod.pixelmon.battles.controller.BattleController.doTurnLogic(BattleController.java:626)
TRANSFORMER/pixelmon@9.3.9/com.pixelmonmod.pixelmon.battles.controller.BattleController.update(BattleController.java:525)
TRANSFORMER/pixelmon@9.3.9/com.pixelmonmod.pixelmon.battles.BattleRegistry.updateBattles(BattleRegistry.java:202)
TRANSFORMER/pixelmon@9.3.9/com.pixelmonmod.pixelmon.battles.BattleTickHandler.tickStart(BattleTickHandler.java:10)
MC-BOOTSTRAP/net.neoforged.bus/net.neoforged.bus.EventBus.post(EventBus.java:360)
MC-BOOTSTRAP/net.neoforged.bus/net.neoforged.bus.EventBus.post(EventBus.java:328)
TRANSFORMER/neoforge@21.1.209/net.neoforged.neoforge.event.EventHooks.fireServerTickPost(EventHooks.java:1020)
TRANSFORMER/minecraft@1.21.1/net.minecraft.server.MinecraftServer.tickServer(MinecraftServer.java:943)
TRANSFORMER/minecraft@1.21.1/net.minecraft.server.MinecraftServer.runServer(MinecraftServer.java:707)
TRANSFORMER/minecraft@1.21.1/net.minecraft.server.MinecraftServer.lambda$spin$2(MinecraftServer.java:267)
java.base/java.lang.Thread.run(Unknown Source)
