Pixelmon Version 9.3.9
Battle data 2025-11-14T00:57:26.293035005Z

Team #0 PlayerParticipant lame1202 minecraft:overworld (3812.5, 101.0, -2636.5) 
	Miraidon {Ability:"HadronEngine",CaughtBall:"dive_ball",DoesLevel:1b,DynamaxLevel:0,EVAttack:0s,EVDefense:4s,EVHP:252s,EVSpecialAttack:206s,EVSpecialDefense:36s,EVSpeed:12s,EXP:4021,Friendship:255s,Gender:2b,GigantamaxFactor:0b,Health:398,HeldItemStack:{count:1,id:"pixelmon:assault_vest"},IVAttack:31b,IVDefense:31b,IVHP:31b,IVSpAtt:14b,IVSpDef:16b,IVSpeed:31b,IV_HTSPECIAL_ATTACK:1b,IV_HTSPECIAL_DEFENSE:1b,Level:100,MintNature:20b,MoveSkillCooldown:[{MoveSkillCooldownCurrent:1763070128452L,MoveSkillCooldownId:"mount_boost",MoveSkillCooldownTarget:1763070168452L}],Moveset:[{MoveID:"Electro Drift",MovePP:5b},{MoveID:"Draco Meteor",MovePP:5b},{MoveID:"Volt Switch",MovePP:20b},{MoveID:"Mirror Coat",MovePP:20b}],NBT_VERSION:2b,Nature:5b,PAbilitySlot:0,PHiddenAbility:0b,PersistentData:{},Pokerus:{Announced:0b,Type:0s},RelrnMoves:["Dragon Pulse","Agility","Mirror Coat","Volt Switch","Electro Drift"],Size:251.36755389744684d,SpecFlags:[],StatsAttack:206s,StatsDefense:237s,StatsHP:404s,StatsSpecialAttack:392s,StatsSpecialDefense:247s,StatsSpeed:309s,UUID:[I;-1276603403,-815378904,-1224603960,576349335],Variant:"base",eggCycles:-1,ndex:1008,originalTrainer:"lame1202",originalTrainerUUID:[I;-812478946,543770915,-1079866976,-1753718133],palette:"none",ribbons2:[]}
	Yveltal {Ability:"DarkAura",CaughtBall:"master_ball",DoesLevel:1b,DynamaxLevel:10,EVAttack:6s,EVDefense:0s,EVHP:0s,EVSpecialAttack:252s,EVSpecialDefense:0s,EVSpeed:252s,EXP:0,FormattedNickname:'{"text":"","extra":["『カラス』"]}',Friendship:255s,Gender:2b,GigantamaxFactor:0b,Health:393,HeldItemStack:{count:1,id:"pixelmon:life_orb"},IVAttack:22b,IVDefense:31b,IVHP:27b,IVSpAtt:12b,IVSpDef:31b,IVSpeed:31b,IV_HTATTACK:1b,IV_HTHP:1b,IV_HTSPECIAL_ATTACK:1b,Level:100,MoveSkillCooldown:[{MoveSkillCooldownCurrent:1763071366066L,MoveSkillCooldownId:"fly",MoveSkillCooldownTarget:1763071367116L}],Moveset:[{MoveID:"Sky Attack",MovePP:5b},{MoveID:"Foul Play",MovePP:15b},{MoveID:"Dark Pulse",MovePP:15b},{MoveID:"Fly",MovePP:15b}],NBT_VERSION:2b,Nature:2b,PAbilitySlot:0,PHiddenAbility:0b,PersistentData:{},Pokerus:{Announced:0b,Type:0s},RelrnMoves:["Foul Play","Fly","Roost","Snarl","Dark Pulse","Gust","Disable"],Size:354.61112173609985d,SpecFlags:[],StatsAttack:299s,StatsDefense:226s,StatsHP:393s,StatsSpecialAttack:361s,StatsSpecialDefense:232s,StatsSpeed:297s,UUID:[I;-1063911881,-209827597,-1503807379,789664429],Variant:"base",eggCycles:-1,ndex:717,originalTrainer:"lame1202",originalTrainerUUID:[I;-812478946,543770915,-1079866976,-1753718133],palette:"none",ribbons2:[]}
	Lunala {Ability:"ShadowShield",CaughtBall:"ultra_ball",DoesLevel:1b,DynamaxLevel:10,EVAttack:0s,EVDefense:4s,EVHP:118s,EVSpecialAttack:252s,EVSpecialDefense:4s,EVSpeed:132s,EXP:7716,FormattedNickname:'{"text":"","extra":["『コウモリ』"]}',Friendship:255s,Gender:2b,GigantamaxFactor:0b,Health:444,HeldItemStack:{count:1,id:"pixelmon:choice_scarf"},IVAttack:31b,IVDefense:9b,IVHP:22b,IVSpAtt:15b,IVSpDef:31b,IVSpeed:31b,IV_HTDEFENSE:1b,IV_HTHP:1b,IV_HTSPECIAL_ATTACK:1b,Level:100,MintNature:16b,MoveSkillCooldown:[{MoveSkillCooldownCurrent:1762894687610L,MoveSkillCooldownId:"open_wormhole",MoveSkillCooldownTarget:1762895587610L},{MoveSkillCooldownCurrent:1762706868028L,MoveSkillCooldownId:"forage",MoveSkillCooldownTarget:1762706893028L}],Moveset:[{MoveID:"Moongeist Beam",MovePP:5b},{MoveID:"Moonblast",MovePP:15b},{MoveID:"Psyshock",MovePP:10b},{MoveID:"Focus Blast",MovePP:5b}],NBT_VERSION:2b,Nature:2b,PAbilitySlot:0,PHiddenAbility:0b,PersistentData:{},Pokerus:{Announced:0b,Type:0s},RelrnMoves:["Future Sight","Cosmic Power","Psyshock","Splash","Teleport","Moongeist Beam","Focus Blast"],Size:392.969829837004d,SpecFlags:[],StatsAttack:262s,StatsDefense:215s,StatsHP:444s,StatsSpecialAttack:373s,StatsSpecialDefense:225s,StatsSpeed:289s,UUID:[I;-1179243225,-108770495,-1853800206,-1381633602],Variant:"base",eggCycles:-1,ndex:792,originalTrainer:"lame1202",originalTrainerUUID:[I;-812478946,543770915,-1079866976,-1753718133],palette:"none",ribbons2:[]}
	Garchomp {Ability:"RoughSkin",CaughtBall:"poke_ball",DoesLevel:1b,DynamaxLevel:0,EVAttack:252s,EVDefense:0s,EVHP:6s,EVSpecialAttack:0s,EVSpecialDefense:0s,EVSpeed:252s,EXP:3721,FormattedNickname:'{"text":"","extra":["『ワニ』"]}',Friendship:255s,Gender:1b,GigantamaxFactor:0b,Health:358,HeldItemStack:{count:1,id:"pixelmon:lum_berry"},IVAttack:27b,IVDefense:24b,IVHP:10b,IVSpAtt:12b,IVSpDef:28b,IVSpeed:27b,IV_HTATTACK:1b,IV_HTDEFENSE:1b,IV_HTHP:1b,IV_HTSPECIAL_ATTACK:1b,IV_HTSPECIAL_DEFENSE:1b,IV_HTSPEED:1b,Level:100,MintNature:16b,MoveSkillCooldown:[{MoveSkillCooldownCurrent:1763064892439L,MoveSkillCooldownId:"mount_boost",MoveSkillCooldownTarget:1763064932439L},{MoveSkillCooldownCurrent:1762706851325L,MoveSkillCooldownId:"forage",MoveSkillCooldownTarget:1762706876325L}],Moveset:[{MoveID:"Earthquake",MovePP:10b},{MoveID:"Outrage",MovePP:10b},{MoveID:"Dual Chop",MovePP:15b},{MoveID:"Fire Blast",MovePP:5b}],NBT_VERSION:2b,Nature:12b,PAbilitySlot:0,PHiddenAbility:1b,PersistentData:{},Pokerus:{Announced:0b,Type:0s},RelrnMoves:["False Swipe","Dig","Sand Attack","Bite","Stone Edge","Swords Dance","Outrage","Sand Tomb","Tackle","Tera Blast","Earthquake","Slash","Bulldoze","Crunch","Fire Blast"],Size:179.34559614068806d,SpecFlags:[],StatsAttack:359s,StatsDefense:226s,StatsHP:358s,StatsSpecialAttack:196s,StatsSpecialDefense:185s,StatsSpeed:333s,UUID:[I;6640726,-1809694469,-1176671605,-1159100764],Variant:"base",eggCycles:-1,ndex:445,originalTrainer:"lame1202",originalTrainerUUID:[I;-812478946,543770915,-1079866976,-1753718133],palette:"none",ribbons2:[]}
	Mew {Ability:"Synchronize",CaughtBall:"dive_ball",DoesLevel:1b,DynamaxLevel:0,EVAttack:119s,EVDefense:180s,EVHP:10s,EVSpecialAttack:37s,EVSpecialDefense:153s,EVSpeed:11s,EXP:6743,Friendship:144s,Gender:2b,GigantamaxFactor:0b,Health:258,HeldItemStack:{count:1,id:"pixelmon:lucky_egg"},IVAttack:31b,IVDefense:19b,IVHP:25b,IVSpAtt:31b,IVSpDef:31b,IVSpeed:19b,Level:76,Moveset:[{MoveID:"Metronome",MovePP:10b},{MoveID:"Reflect Type",MovePP:15b},{MoveID:"Imprison",MovePP:10b},{MoveID:"Nasty Plot",MovePP:20b}],NBT_VERSION:2b,Nature:8b,NumCloned:3,PAbilitySlot:0,PHiddenAbility:0b,PersistentData:{},Pokerus:{Announced:0b,Type:0s},RelrnMoves:["Metronome","Pound","Nasty Plot","Amnesia","Reflect Type"],Size:106.558880315261d,SpecFlags:[],StatsAttack:223s,StatsDefense:205s,StatsHP:258s,StatsSpecialAttack:187s,StatsSpecialDefense:188s,StatsSpeed:173s,UUID:[I;-1225383886,-584367429,-1538880300,1643557846],Variant:"base",eggCycles:-1,ndex:151,originalTrainer:"lame1202",originalTrainerUUID:[I;-812478946,543770915,-1079866976,-1753718133],palette:"none",ribbons2:[]}
	Mewtwo {Ability:"Pressure",CaughtBall:"dusk_ball",DoesLevel:1b,DynamaxLevel:0,EVAttack:121s,EVDefense:180s,EVHP:10s,EVSpecialAttack:34s,EVSpecialDefense:154s,EVSpeed:11s,EXP:24856,Friendship:45s,Gender:2b,GigantamaxFactor:0b,Health:331,HeldItemStack:{count:1,id:"pixelmon:lucky_egg"},IVAttack:18b,IVDefense:31b,IVHP:31b,IVSpAtt:5b,IVSpDef:31b,IVSpeed:16b,Level:93,Moveset:[{MoveID:"Ancient Power",MovePP:5b},{MoveID:"Psycho Cut",MovePP:20b},{MoveID:"Psychic",MovePP:10b},{MoveID:"Future Sight",MovePP:10b}],NBT_VERSION:2b,Nature:20b,PAbilitySlot:0,PHiddenAbility:0b,PersistentData:{},Pokerus:{Announced:0b,Type:0s},RelrnMoves:["Psychic","Ancient Power","Psycho Cut","Recover"],Size:206.0209624484397d,SpecFlags:[],StatsAttack:254s,StatsDefense:243s,StatsHP:331s,StatsSpecialAttack:333s,StatsSpecialDefense:213s,StatsSpeed:264s,UUID:[I;-1276529656,-1319485356,-1583467090,494765367],Variant:"base",eggCycles:-1,ndex:150,originalTrainer:"lame1202",originalTrainerUUID:[I;-812478946,543770915,-1079866976,-1753718133],palette:"none",ribbons2:[]}
Team #1 WildPixelmonParticipant Joltik minecraft:overworld (3675.5165187906914, 21.0, -3022.3991026974636) 
	Joltik {Ability:"Unnerve",CaughtBall:"poke_ball",DoesLevel:1b,DynamaxLevel:0,EVAttack:0s,EVDefense:0s,EVHP:0s,EVSpecialAttack:0s,EVSpecialDefense:0s,EVSpeed:0s,EXP:0,Friendship:0s,Gender:0b,GigantamaxFactor:0b,Health:46,IVAttack:25b,IVDefense:17b,IVHP:25b,IVSpAtt:19b,IVSpDef:2b,IVSpeed:9b,Level:16,Moveset:[{MoveID:"Absorb",MovePP:25b},{MoveID:"Fury Cutter",MovePP:20b},{MoveID:"Electroweb",MovePP:15b},{MoveID:"String Shot",MovePP:30b}],NBT_VERSION:2b,Nature:20b,PAbilitySlot:1,PHiddenAbility:0b,PersistentData:{},Pokerus:{Announced:0b,Type:0s},RelrnMoves:["Absorb","Fury Cutter","Electroweb"],Size:20.025145891590924d,SpecFlags:[],StatsAttack:24s,StatsDefense:23s,StatsHP:46s,StatsSpecialAttack:28s,StatsSpecialDefense:18s,StatsSpeed:27s,UUID:[I;363612521,-1564588365,-1286758516,-2000569359],Variant:"base",eggCycles:-1,ndex:595,palette:"none",ribbons2:[]}

Turn #0 has begun
 Terrain: NONE[5 turns remaining]
 Weather: none
 Pokemon: 

Miraidon stats changed from [ACCURACY=100, EVASION=100, ATTACK=0, DEFENSE=0, SPECIAL_ATTACK=0, SPECIAL_DEFENSE=0, SPEED=0] to [ACCURACY=100, EVASION=100, ATTACK=3, DEFENSE=3, SPECIAL_ATTACK=2, SPECIAL_DEFENSE=2, SPEED=2] delta: ATTACK=-3, DEFENSE=-3, SPECIAL_ATTACK=-2, SPECIAL_DEFENSE=-2, SPEED=-2
Yveltal stats changed from [ACCURACY=100, EVASION=100, ATTACK=0, DEFENSE=0, SPECIAL_ATTACK=0, SPECIAL_DEFENSE=0, SPEED=0] to [ACCURACY=100, EVASION=100, ATTACK=2, DEFENSE=3, SPECIAL_ATTACK=2, SPECIAL_DEFENSE=3, SPEED=3] delta: ATTACK=-2, DEFENSE=-3, SPECIAL_ATTACK=-2, SPECIAL_DEFENSE=-3, SPEED=-3
Lunala stats changed from [ACCURACY=100, EVASION=100, ATTACK=0, DEFENSE=0, SPECIAL_ATTACK=0, SPECIAL_DEFENSE=0, SPEED=0] to [ACCURACY=100, EVASION=100, ATTACK=2, DEFENSE=3, SPECIAL_ATTACK=2, SPECIAL_DEFENSE=2, SPEED=3] delta: ATTACK=-2, DEFENSE=-3, SPECIAL_ATTACK=-2, SPECIAL_DEFENSE=-2, SPEED=-3
Garchomp stats changed from [ACCURACY=100, EVASION=100, ATTACK=0, DEFENSE=0, SPECIAL_ATTACK=0, SPECIAL_DEFENSE=0, SPEED=0] to [ACCURACY=100, EVASION=100, ATTACK=2, DEFENSE=3, SPECIAL_ATTACK=3, SPECIAL_DEFENSE=3, SPEED=2] delta: ATTACK=-2, DEFENSE=-3, SPECIAL_ATTACK=-3, SPECIAL_DEFENSE=-3, SPEED=-2
Mew stats changed from [ACCURACY=100, EVASION=100, ATTACK=0, DEFENSE=0, SPECIAL_ATTACK=0, SPECIAL_DEFENSE=0, SPEED=0] to [ACCURACY=100, EVASION=100, ATTACK=3, DEFENSE=3, SPECIAL_ATTACK=3, SPECIAL_DEFENSE=3, SPEED=3] delta: ATTACK=-3, DEFENSE=-3, SPECIAL_ATTACK=-3, SPECIAL_DEFENSE=-3, SPEED=-3
Mewtwo stats changed from [ACCURACY=100, EVASION=100, ATTACK=0, DEFENSE=0, SPECIAL_ATTACK=0, SPECIAL_DEFENSE=0, SPEED=0] to [ACCURACY=100, EVASION=100, ATTACK=2, DEFENSE=3, SPECIAL_ATTACK=1, SPECIAL_DEFENSE=3, SPEED=2] delta: ATTACK=-2, DEFENSE=-3, SPECIAL_ATTACK=-1, SPECIAL_DEFENSE=-3, SPEED=-2
Joltik stats changed from [ACCURACY=100, EVASION=100, ATTACK=0, DEFENSE=0, SPECIAL_ATTACK=0, SPECIAL_DEFENSE=0, SPEED=0] to [ACCURACY=100, EVASION=100, ATTACK=4, DEFENSE=4, SPECIAL_ATTACK=3, SPECIAL_DEFENSE=4, SPEED=3] delta: ATTACK=-4, DEFENSE=-4, SPECIAL_ATTACK=-3, SPECIAL_DEFENSE=-4, SPEED=-3
Miraidon stats changed from [ACCURACY=100, EVASION=100, ATTACK=3, DEFENSE=3, SPECIAL_ATTACK=2, SPECIAL_DEFENSE=2, SPEED=2] to [ACCURACY=100, EVASION=100, ATTACK=206, DEFENSE=237, SPECIAL_ATTACK=392, SPECIAL_DEFENSE=370, SPEED=309] delta: ATTACK=-203, DEFENSE=-234, SPECIAL_ATTACK=-390, SPECIAL_DEFENSE=-368, SPEED=-307
Joltik stats changed from [ACCURACY=100, EVASION=100, ATTACK=4, DEFENSE=4, SPECIAL_ATTACK=3, SPECIAL_DEFENSE=4, SPEED=3] to [ACCURACY=100, EVASION=100, ATTACK=24, DEFENSE=23, SPECIAL_ATTACK=28, SPECIAL_DEFENSE=18, SPEED=27] delta: ATTACK=-20, DEFENSE=-19, SPECIAL_ATTACK=-25, SPECIAL_DEFENSE=-14, SPEED=-24
Global status removed NONE[5 turns remaining]
Terrain has changed from NONE[5 turns remaining] to nothing
Battle Message: An electric current runs across the battlefield!
Global status added ELECTRIC[5 turns remaining] by Miraidon
Terrain has changed from NONE[5 turns remaining] to ELECTRIC[5 turns remaining] by Miraidon
Battle Message: Miraidon turned the ground into Electric Terrain, energizing its futuristic engine!
Battle Message: Joltik's Unnerve made the opponent too nervous to eat Berries!
Joltik selected attack Fury Cutter for Joltik targeting Miraidon and opted to mega evolve
lame1202 executed command execute in minecraft:overworld run tp lame1202 3812.5 101 -2636.5

BATTLE ENDED

BATTLE ENDED
Caught error in battle. Continuing...
Attempted to load class net/minecraft/client/resources/sounds/SoundInstance for invalid dist DEDICATED_SERVER
MC-BOOTSTRAP/fml_loader@4.0.41/net.neoforged.fml.common.asm.RuntimeDistCleaner.processClassWithFlags(RuntimeDistCleaner.java:60)
MC-BOOTSTRAP/cpw.mods.modlauncher@11.0.5/cpw.mods.modlauncher.LaunchPluginHandler.offerClassNodeToPlugins(LaunchPluginHandler.java:94)
MC-BOOTSTRAP/cpw.mods.modlauncher@11.0.5/cpw.mods.modlauncher.ClassTransformer.transform(ClassTransformer.java:120)
MC-BOOTSTRAP/cpw.mods.modlauncher@11.0.5/cpw.mods.modlauncher.TransformingClassLoader.maybeTransformClassBytes(TransformingClassLoader.java:57)
cpw.mods.securejarhandler/cpw.mods.cl.ModuleClassLoader.readerToClass(ModuleClassLoader.java:190)
cpw.mods.securejarhandler/cpw.mods.cl.ModuleClassLoader.lambda$findClass$20(ModuleClassLoader.java:298)
cpw.mods.securejarhandler/cpw.mods.cl.ModuleClassLoader.loadFromModule(ModuleClassLoader.java:311)
cpw.mods.securejarhandler/cpw.mods.cl.ModuleClassLoader.findClass(ModuleClassLoader.java:298)
cpw.mods.securejarhandler/cpw.mods.cl.ModuleClassLoader.loadClass(ModuleClassLoader.java:214)
java.base/java.lang.ClassLoader.loadClass(Unknown Source)
TRANSFORMER/pixelmon@9.3.9/com.pixelmonmod.pixelmon.battles.controller.participants.PlayerParticipant.forfeitBattleForBeingTooFarAway(PlayerParticipant.java:666)
TRANSFORMER/pixelmon@9.3.9/com.pixelmonmod.pixelmon.battles.controller.participants.PlayerParticipant.handlePlayerDistanceFromBattle(PlayerParticipant.java:647)
TRANSFORMER/pixelmon@9.3.9/com.pixelmonmod.pixelmon.battles.controller.participants.PlayerParticipant.tick(PlayerParticipant.java:451)
TRANSFORMER/pixelmon@9.3.9/com.pixelmonmod.pixelmon.battles.controller.BattleController.onUpdate(BattleController.java:1135)
TRANSFORMER/pixelmon@9.3.9/com.pixelmonmod.pixelmon.battles.controller.BattleController.update(BattleController.java:511)
TRANSFORMER/pixelmon@9.3.9/com.pixelmonmod.pixelmon.battles.BattleRegistry.updateBattles(BattleRegistry.java:202)
TRANSFORMER/pixelmon@9.3.9/com.pixelmonmod.pixelmon.battles.BattleTickHandler.tickStart(BattleTickHandler.java:10)
MC-BOOTSTRAP/net.neoforged.bus/net.neoforged.bus.EventBus.post(EventBus.java:360)
MC-BOOTSTRAP/net.neoforged.bus/net.neoforged.bus.EventBus.post(EventBus.java:328)
TRANSFORMER/neoforge@21.1.209/net.neoforged.neoforge.event.EventHooks.fireServerTickPost(EventHooks.java:1020)
TRANSFORMER/minecraft@1.21.1/net.minecraft.server.MinecraftServer.tickServer(MinecraftServer.java:943)
TRANSFORMER/minecraft@1.21.1/net.minecraft.server.MinecraftServer.runServer(MinecraftServer.java:707)
TRANSFORMER/minecraft@1.21.1/net.minecraft.server.MinecraftServer.lambda$spin$2(MinecraftServer.java:267)
java.base/java.lang.Thread.run(Unknown Source)
