Pixelmon Version 9.3.9
Battle data 2025-11-10T15:52:40.011681151Z

Team #0 WildPixelmonParticipant Lycanroc pixelmon:ultra_space (3927.085859302397, 76.0, -3063.0625) 
	Lycanroc {Ability:"ToughClaws",CaughtBall:"poke_ball",DoesLevel:1b,DynamaxLevel:0,EVAttack:0s,EVDefense:0s,EVHP:0s,EVSpecialAttack:0s,EVSpecialDefense:0s,EVSpeed:0s,EXP:0,Friendship:0s,Gender:0b,GigantamaxFactor:0b,Health:114,IVAttack:20b,IVDefense:10b,IVHP:11b,IVSpAtt:9b,IVSpDef:22b,IVSpeed:17b,Level:40,Moveset:[{MoveID:"Quick Attack",MovePP:30b},{MoveID:"Sand Attack",MovePP:15b},{MoveID:"Tackle",MovePP:35b},{MoveID:"Rock Slide",MovePP:10b}],NBT_VERSION:2b,Nature:21b,PAbilitySlot:0,PHiddenAbility:0b,PersistentData:{},Pokerus:{Announced:0b,Type:0s},RelrnMoves:["Quick Attack","Tackle","Sand Attack"],Size:102.3636032726878d,SpecFlags:[],StatsAttack:95s,StatsDefense:61s,StatsHP:114s,StatsSpecialAttack:52s,StatsSpecialDefense:71s,StatsSpeed:99s,UUID:[I;935115873,-459191872,-1798381590,-1298476691],Variant:"dusk",eggCycles:-1,ndex:745,palette:"none",ribbons2:[]}
Team #0 WildPixelmonParticipant Minior pixelmon:ultra_space (3926.5, 78.0, -3067.5) 
	Minior {Ability:"ShieldsDown",CaughtBall:"poke_ball",DoesLevel:1b,DynamaxLevel:0,EVAttack:0s,EVDefense:0s,EVHP:0s,EVSpecialAttack:0s,EVSpecialDefense:0s,EVSpeed:0s,EXP:0,Friendship:0s,Gender:2b,GigantamaxFactor:0b,Health:109,IVAttack:8b,IVDefense:21b,IVHP:29b,IVSpAtt:12b,IVSpDef:10b,IVSpeed:29b,Level:40,Moveset:[{MoveID:"Tackle",MovePP:35b},{MoveID:"Defense Curl",MovePP:40b},{MoveID:"Confuse Ray",MovePP:10b},{MoveID:"Self-Destruct",MovePP:5b}],NBT_VERSION:2b,Nature:0b,PAbilitySlot:0,PHiddenAbility:0b,PersistentData:{},Pokerus:{Announced:0b,Type:0s},RelrnMoves:["Tackle","Confuse Ray","Defense Curl"],Size:132.53398416210115d,SpecFlags:[],StatsAttack:56s,StatsDefense:93s,StatsHP:109s,StatsSpecialAttack:57s,StatsSpecialDefense:89s,StatsSpeed:64s,UUID:[I;-1412503134,996427256,-1225543751,877326019],Variant:"meteor",eggCycles:-1,ndex:774,palette:"red",ribbons2:[]}
Team #0 WildPixelmonParticipant Elgyem pixelmon:ultra_space (3929.5, 79.0, -3067.5) 
	Elgyem {Ability:"Synchronize",CaughtBall:"poke_ball",DoesLevel:1b,DynamaxLevel:0,EVAttack:0s,EVDefense:0s,EVHP:0s,EVSpecialAttack:0s,EVSpecialDefense:0s,EVSpeed:0s,EXP:0,Friendship:0s,Gender:0b,GigantamaxFactor:0b,Health:97,IVAttack:18b,IVDefense:25b,IVHP:4b,IVSpAtt:13b,IVSpDef:16b,IVSpeed:26b,Level:41,Moveset:[{MoveID:"Imprison",MovePP:10b},{MoveID:"Teleport",MovePP:20b},{MoveID:"Psybeam",MovePP:20b},{MoveID:"Guard Split",MovePP:10b}],NBT_VERSION:2b,Nature:21b,PAbilitySlot:1,PHiddenAbility:0b,PersistentData:{},Pokerus:{Announced:0b,Type:0s},RelrnMoves:["Psybeam","Imprison","Teleport"],Size:47.457035291887316d,SpecFlags:[],StatsAttack:51s,StatsDefense:60s,StatsHP:97s,StatsSpecialAttack:80s,StatsSpecialDefense:61s,StatsSpeed:40s,UUID:[I;-212591417,505496164,-2061160534,-1057768590],Variant:"base",eggCycles:-1,ndex:605,palette:"none",ribbons2:[]}
Team #0 WildPixelmonParticipant Corvisquire pixelmon:ultra_space (3930.5, 79.29119987487783, -3067.5) 
	Corvisquire {Ability:"KeenEye",CaughtBall:"poke_ball",DoesLevel:1b,DynamaxLevel:0,EVAttack:0s,EVDefense:0s,EVHP:0s,EVSpecialAttack:0s,EVSpecialDefense:0s,EVSpeed:0s,EXP:0,Friendship:0s,Gender:1b,GigantamaxFactor:0b,Health:95,IVAttack:4b,IVDefense:28b,IVHP:9b,IVSpAtt:26b,IVSpDef:25b,IVSpeed:4b,Level:35,Moveset:[{MoveID:"Peck",MovePP:35b},{MoveID:"Fury Attack",MovePP:20b},{MoveID:"Pluck",MovePP:20b},{MoveID:"Scary Face",MovePP:10b}],NBT_VERSION:2b,Nature:23b,PAbilitySlot:0,PHiddenAbility:0b,PersistentData:{},Pokerus:{Announced:0b,Type:0s},RelrnMoves:["Peck","Pluck","Fury Attack"],Size:65.0465864132506d,SpecFlags:[],StatsAttack:53s,StatsDefense:53s,StatsHP:95s,StatsSpecialAttack:44s,StatsSpecialDefense:57s,StatsSpeed:54s,UUID:[I;118054124,839929468,-1848996006,-36111518],Variant:"base",eggCycles:-1,ndex:822,palette:"none",ribbons2:[]}
Team #0 WildPixelmonParticipant Larvitar pixelmon:ultra_space (3926.5, 78.0, -3065.5) 
	Larvitar {Ability:"Guts",CaughtBall:"poke_ball",DoesLevel:1b,DynamaxLevel:0,EVAttack:0s,EVDefense:0s,EVHP:0s,EVSpecialAttack:0s,EVSpecialDefense:0s,EVSpeed:0s,EXP:0,Friendship:0s,Gender:0b,GigantamaxFactor:0b,Health:75,IVAttack:21b,IVDefense:27b,IVHP:25b,IVSpAtt:18b,IVSpDef:21b,IVSpeed:31b,Level:29,Moveset:[{MoveID:"Leer",MovePP:30b},{MoveID:"Rock Throw",MovePP:15b},{MoveID:"Bite",MovePP:25b},{MoveID:"Stomping Tantrum",MovePP:10b}],NBT_VERSION:2b,Nature:22b,PAbilitySlot:0,PHiddenAbility:0b,PersistentData:{},Pokerus:{Announced:0b,Type:0s},RelrnMoves:["Leer","Rock Throw","Bite"],Size:61.57119012023279d,SpecFlags:[],StatsAttack:48s,StatsDefense:36s,StatsHP:75s,StatsSpecialAttack:36s,StatsSpecialDefense:44s,StatsSpeed:37s,UUID:[I;899303009,790381199,-1107218373,15301160],Variant:"base",eggCycles:-1,ndex:246,palette:"none",ribbons2:[]}
Team #1 PlayerParticipant ootodl pixelmon:ultra_space (3910.9751817826127, 86.06918044579747, -3086.3781910098487) 
	Charizard {Ability:"Blaze",CaughtBall:"poke_ball",DoesLevel:1b,DynamaxLevel:0,EVAttack:205s,EVDefense:164s,EVHP:16s,EVSpecialAttack:69s,EVSpecialDefense:16s,EVSpeed:40s,EXP:21989,FormattedNickname:'{"text":"","extra":["리자몽"]}',Friendship:211s,Gender:0b,GigantamaxFactor:0b,Health:281,HeldItemStack:{count:1,id:"pixelmon:leftovers"},IVAttack:23b,IVDefense:3b,IVHP:26b,IVSpAtt:22b,IVSpDef:21b,IVSpeed:13b,Level:95,MoveSkillCooldown:[{MoveSkillCooldownCurrent:1762707969494L,MoveSkillCooldownId:"ignite",MoveSkillCooldownTarget:1762708009494L}],Moveset:[{MoveID:"Heat Wave",MovePP:9b},{MoveID:"Dragon Breath",MovePP:20b},{MoveID:"Inferno",MovePP:5b},{MoveID:"False Swipe",MovePP:40b}],NBT_VERSION:2b,Nature:4b,PAbilitySlot:0,PHiddenAbility:0b,PersistentData:{},Pokerus:{Announced:1b,Type:0s},RelrnMoves:["Flamethrower","Scratch","Dragon Breath","Air Slash","Growl","Fire Spin","Inferno","Ember","Heat Wave","Smokescreen","Fire Fang"],Size:216.6912739956298d,SpecFlags:[],StatsAttack:235s,StatsDefense:195s,StatsHP:281s,StatsSpecialAttack:249s,StatsSpecialDefense:190s,StatsSpeed:216s,UUID:[I;-443457251,642927920,-1949964527,109174676],Variant:"base",eggCycles:-1,ndex:6,originalTrainer:"ootodl",originalTrainerUUID:[I;1141033193,-808041599,-1379937266,-349334450],palette:"none",ribbon_display2:{received:1761663791716L,receiver:'""',type:"destiny"},ribbons2:[{received:1761663791716L,receiver:'""',type:"destiny"}]}
	Solgaleo {Ability:"FullMetalBody",CaughtBall:"poke_ball",DoesLevel:1b,DynamaxLevel:0,EVAttack:221s,EVDefense:168s,EVHP:14s,EVSpecialAttack:66s,EVSpecialDefense:11s,EVSpeed:30s,EXP:7961,Friendship:50s,Gender:2b,GigantamaxFactor:0b,Health:274,HeldItemStack:{count:1,id:"pixelmon:leftovers"},IVAttack:31b,IVDefense:31b,IVHP:12b,IVSpAtt:31b,IVSpDef:11b,IVSpeed:29b,Level:68,MoveSkillCooldown:[{MoveSkillCooldownCurrent:1762784919408L,MoveSkillCooldownId:"teleport",MoveSkillCooldownTarget:1762784923258L},{MoveSkillCooldownCurrent:1762786199635L,MoveSkillCooldownId:"open_wormhole",MoveSkillCooldownTarget:1762787099635L},{MoveSkillCooldownCurrent:1762786192312L,MoveSkillCooldownId:"forage",MoveSkillCooldownTarget:1762786217312L}],Moveset:[{MoveID:"Wild Charge",MovePP:15b},{MoveID:"Teleport",MovePP:20b},{MoveID:"Cosmic Power",MovePP:20b},{MoveID:"Sunsteel Strike",MovePP:5b}],NBT_VERSION:2b,Nature:17b,PAbilitySlot:0,PHiddenAbility:0b,PersistentData:{},Pokerus:{Announced:1b,Type:0s},RelrnMoves:["Cosmic Power","Sunsteel Strike","Splash","Teleport"],Size:305.94504483278024d,SpecFlags:[],StatsAttack:224s,StatsDefense:200s,StatsHP:274s,StatsSpecialAttack:209s,StatsSpecialDefense:135s,StatsSpeed:161s,UUID:[I;-1305609642,-546813647,-1525871460,687569683],Variant:"base",eggCycles:-1,ndex:791,originalTrainer:"Dulmin",originalTrainerUUID:[I;-2036690395,-938456484,-1479550921,1712610171],palette:"none",ribbons2:[]}
	IronTreads {Ability:"QuarkDrive",CaughtBall:"ultra_ball",DoesLevel:1b,DynamaxLevel:0,EVAttack:252s,EVDefense:177s,EVHP:1s,EVSpecialAttack:63s,EVSpecialDefense:4s,EVSpeed:13s,EXP:10380,Friendship:26s,Gender:2b,GigantamaxFactor:0b,Health:291,HeldItemStack:{count:1,id:"pixelmon:rocky_helmet"},IVAttack:0b,IVDefense:19b,IVHP:22b,IVSpAtt:15b,IVSpDef:31b,IVSpeed:13b,Level:93,Moveset:[{MoveID:"Iron Defense",MovePP:15b},{MoveID:"Wild Charge",MovePP:15b},{MoveID:"Iron Head",MovePP:15b},{MoveID:"Earthquake",MovePP:10b}],NBT_VERSION:2b,Nature:11b,PAbilitySlot:0,PHiddenAbility:0b,PersistentData:{},Pokerus:{Announced:1b,Type:0s},RelrnMoves:["Electric Terrain","Endeavor","Rapid Spin","Heavy Slam","Earthquake","Horn Attack","Wild Charge","Iron Head"],Size:78.12419348751072d,SpecFlags:[],StatsAttack:271s,StatsDefense:315s,StatsHP:291s,StatsSpecialAttack:150s,StatsSpecialDefense:164s,StatsSpeed:217s,UUID:[I;1279146968,1160466108,-2001504577,1615458787],Variant:"base",eggCycles:-1,ndex:990,originalTrainer:"ootodl",originalTrainerUUID:[I;1141033193,-808041599,-1379937266,-349334450],palette:"none",ribbons2:[]}
	Rockruff {Ability:"KeenEye",CaughtBall:"ultra_ball",DoesLevel:1b,DynamaxLevel:0,EVAttack:3s,EVDefense:0s,EVHP:0s,EVSpecialAttack:1s,EVSpecialDefense:0s,EVSpeed:0s,EXP:976,Friendship:70s,Gender:0b,GigantamaxFactor:0b,Health:58,IVAttack:7b,IVDefense:14b,IVHP:11b,IVSpAtt:5b,IVSpDef:1b,IVSpeed:31b,Level:24,Moveset:[{MoveID:"Leer",MovePP:30b},{MoveID:"Tackle",MovePP:35b},{MoveID:"Sand Attack",MovePP:15b},{MoveID:"Double Team",MovePP:15b}],NBT_VERSION:2b,Nature:23b,PAbilitySlot:0,PHiddenAbility:0b,PersistentData:{},Pokerus:{Announced:0b,Type:0s},RelrnMoves:["Leer","Tackle","Sand Attack"],Size:66.09232151095462d,SpecFlags:[],StatsAttack:38s,StatsDefense:27s,StatsHP:58s,StatsSpecialAttack:20s,StatsSpecialDefense:26s,StatsSpeed:36s,UUID:[I;-985446694,406998438,-1959753417,1604517453],Variant:"base",eggCycles:-1,ndex:744,originalTrainer:"ootodl",originalTrainerUUID:[I;1141033193,-808041599,-1379937266,-349334450],palette:"none",ribbons2:[]}
	Rockruff {Ability:"KeenEye",CaughtBall:"ultra_ball",DoesLevel:1b,DynamaxLevel:0,EVAttack:2s,EVDefense:0s,EVHP:0s,EVSpecialAttack:1s,EVSpecialDefense:0s,EVSpeed:0s,EXP:818,Friendship:70s,Gender:1b,GigantamaxFactor:0b,Health:60,IVAttack:22b,IVDefense:26b,IVHP:19b,IVSpAtt:23b,IVSpDef:26b,IVSpeed:3b,Level:24,Moveset:[{MoveID:"Leer",MovePP:30b},{MoveID:"Tackle",MovePP:35b},{MoveID:"Sand Attack",MovePP:15b},{MoveID:"Double Team",MovePP:15b}],NBT_VERSION:2b,Nature:3b,PAbilitySlot:0,PHiddenAbility:0b,PersistentData:{},Pokerus:{Announced:0b,Type:0s},RelrnMoves:["Leer","Tackle","Sand Attack"],Size:54.82626668767323d,SpecFlags:[],StatsAttack:41s,StatsDefense:30s,StatsHP:60s,StatsSpecialAttack:24s,StatsSpecialDefense:30s,StatsSpeed:34s,UUID:[I;-510872099,430984614,-1126601979,550442260],Variant:"base",eggCycles:-1,ndex:744,originalTrainer:"ootodl",originalTrainerUUID:[I;1141033193,-808041599,-1379937266,-349334450],palette:"none",ribbons2:[]}
	Rockruff {Ability:"VitalSpirit",CaughtBall:"ultra_ball",DoesLevel:1b,DynamaxLevel:0,EVAttack:1s,EVDefense:0s,EVHP:0s,EVSpecialAttack:1s,EVSpecialDefense:0s,EVSpeed:0s,EXP:660,Friendship:70s,Gender:1b,GigantamaxFactor:0b,Health:62,IVAttack:8b,IVDefense:2b,IVHP:29b,IVSpAtt:1b,IVSpDef:3b,IVSpeed:20b,Level:24,Moveset:[{MoveID:"Leer",MovePP:30b},{MoveID:"Sand Attack",MovePP:15b},{MoveID:"Double Team",MovePP:15b},{MoveID:"Rock Throw",MovePP:15b}],NBT_VERSION:2b,Nature:4b,PAbilitySlot:1,PHiddenAbility:0b,PersistentData:{},Pokerus:{Announced:0b,Type:0s},RelrnMoves:["Leer","Sand Attack","Double Team"],Size:56.097370816556d,SpecFlags:[],StatsAttack:38s,StatsDefense:24s,StatsHP:62s,StatsSpecialAttack:19s,StatsSpecialDefense:24s,StatsSpeed:38s,UUID:[I;607964791,-496153942,-1240652812,-692522394],Variant:"base",eggCycles:-1,ndex:744,originalTrainer:"ootodl",originalTrainerUUID:[I;1141033193,-808041599,-1379937266,-349334450],palette:"none",ribbons2:[]}

Turn #0 has begun
 Terrain: NONE[5 turns remaining]
 Weather: none
 Pokemon: 

Lycanroc stats changed from [ACCURACY=100, EVASION=100, ATTACK=0, DEFENSE=0, SPECIAL_ATTACK=0, SPECIAL_DEFENSE=0, SPEED=0] to [ACCURACY=100, EVASION=100, ATTACK=2, DEFENSE=3, SPECIAL_ATTACK=3, SPECIAL_DEFENSE=3, SPEED=2] delta: ATTACK=-2, DEFENSE=-3, SPECIAL_ATTACK=-3, SPECIAL_DEFENSE=-3, SPEED=-2
Minior stats changed from [ACCURACY=100, EVASION=100, ATTACK=0, DEFENSE=0, SPECIAL_ATTACK=0, SPECIAL_DEFENSE=0, SPEED=0] to [ACCURACY=100, EVASION=100, ATTACK=3, DEFENSE=3, SPECIAL_ATTACK=3, SPECIAL_DEFENSE=3, SPEED=3] delta: ATTACK=-3, DEFENSE=-3, SPECIAL_ATTACK=-3, SPECIAL_DEFENSE=-3, SPEED=-3
Elgyem stats changed from [ACCURACY=100, EVASION=100, ATTACK=0, DEFENSE=0, SPECIAL_ATTACK=0, SPECIAL_DEFENSE=0, SPEED=0] to [ACCURACY=100, EVASION=100, ATTACK=3, DEFENSE=3, SPECIAL_ATTACK=3, SPECIAL_DEFENSE=3, SPEED=4] delta: ATTACK=-3, DEFENSE=-3, SPECIAL_ATTACK=-3, SPECIAL_DEFENSE=-3, SPEED=-4
Corvisquire stats changed from [ACCURACY=100, EVASION=100, ATTACK=0, DEFENSE=0, SPECIAL_ATTACK=0, SPECIAL_DEFENSE=0, SPEED=0] to [ACCURACY=100, EVASION=100, ATTACK=3, DEFENSE=3, SPECIAL_ATTACK=4, SPECIAL_DEFENSE=3, SPEED=3] delta: ATTACK=-3, DEFENSE=-3, SPECIAL_ATTACK=-4, SPECIAL_DEFENSE=-3, SPEED=-3
Larvitar stats changed from [ACCURACY=100, EVASION=100, ATTACK=0, DEFENSE=0, SPECIAL_ATTACK=0, SPECIAL_DEFENSE=0, SPEED=0] to [ACCURACY=100, EVASION=100, ATTACK=3, DEFENSE=4, SPECIAL_ATTACK=4, SPECIAL_DEFENSE=4, SPEED=4] delta: ATTACK=-3, DEFENSE=-4, SPECIAL_ATTACK=-4, SPECIAL_DEFENSE=-4, SPEED=-4
Charizard stats changed from [ACCURACY=100, EVASION=100, ATTACK=0, DEFENSE=0, SPECIAL_ATTACK=0, SPECIAL_DEFENSE=0, SPEED=0] to [ACCURACY=100, EVASION=100, ATTACK=3, DEFENSE=3, SPECIAL_ATTACK=2, SPECIAL_DEFENSE=3, SPEED=3] delta: ATTACK=-3, DEFENSE=-3, SPECIAL_ATTACK=-2, SPECIAL_DEFENSE=-3, SPEED=-3
Solgaleo stats changed from [ACCURACY=100, EVASION=100, ATTACK=0, DEFENSE=0, SPECIAL_ATTACK=0, SPECIAL_DEFENSE=0, SPEED=0] to [ACCURACY=100, EVASION=100, ATTACK=2, DEFENSE=2, SPECIAL_ATTACK=2, SPECIAL_DEFENSE=3, SPEED=3] delta: ATTACK=-2, DEFENSE=-2, SPECIAL_ATTACK=-2, SPECIAL_DEFENSE=-3, SPEED=-3
IronTreads stats changed from [ACCURACY=100, EVASION=100, ATTACK=0, DEFENSE=0, SPECIAL_ATTACK=0, SPECIAL_DEFENSE=0, SPEED=0] to [ACCURACY=100, EVASION=100, ATTACK=2, DEFENSE=2, SPECIAL_ATTACK=3, SPECIAL_DEFENSE=3, SPEED=2] delta: ATTACK=-2, DEFENSE=-2, SPECIAL_ATTACK=-3, SPECIAL_DEFENSE=-3, SPEED=-2
Rockruff stats changed from [ACCURACY=100, EVASION=100, ATTACK=0, DEFENSE=0, SPECIAL_ATTACK=0, SPECIAL_DEFENSE=0, SPEED=0] to [ACCURACY=100, EVASION=100, ATTACK=3, DEFENSE=4, SPECIAL_ATTACK=4, SPECIAL_DEFENSE=4, SPEED=3] delta: ATTACK=-3, DEFENSE=-4, SPECIAL_ATTACK=-4, SPECIAL_DEFENSE=-4, SPEED=-3
Rockruff stats changed from [ACCURACY=100, EVASION=100, ATTACK=0, DEFENSE=0, SPECIAL_ATTACK=0, SPECIAL_DEFENSE=0, SPEED=0] to [ACCURACY=100, EVASION=100, ATTACK=3, DEFENSE=4, SPECIAL_ATTACK=4, SPECIAL_DEFENSE=4, SPEED=3] delta: ATTACK=-3, DEFENSE=-4, SPECIAL_ATTACK=-4, SPECIAL_DEFENSE=-4, SPEED=-3
Rockruff stats changed from [ACCURACY=100, EVASION=100, ATTACK=0, DEFENSE=0, SPECIAL_ATTACK=0, SPECIAL_DEFENSE=0, SPEED=0] to [ACCURACY=100, EVASION=100, ATTACK=3, DEFENSE=4, SPECIAL_ATTACK=4, SPECIAL_DEFENSE=4, SPEED=3] delta: ATTACK=-3, DEFENSE=-4, SPECIAL_ATTACK=-4, SPECIAL_DEFENSE=-4, SPEED=-3
Battle Message: literal{Lycanroc} summoned some nearby allies to assist them
Lycanroc stats changed from [ACCURACY=100, EVASION=100, ATTACK=2, DEFENSE=3, SPECIAL_ATTACK=3, SPECIAL_DEFENSE=3, SPEED=2] to [ACCURACY=100, EVASION=100, ATTACK=95, DEFENSE=61, SPECIAL_ATTACK=52, SPECIAL_DEFENSE=71, SPEED=99] delta: ATTACK=-93, DEFENSE=-58, SPECIAL_ATTACK=-49, SPECIAL_DEFENSE=-68, SPEED=-97
Minior stats changed from [ACCURACY=100, EVASION=100, ATTACK=3, DEFENSE=3, SPECIAL_ATTACK=3, SPECIAL_DEFENSE=3, SPEED=3] to [ACCURACY=100, EVASION=100, ATTACK=56, DEFENSE=93, SPECIAL_ATTACK=57, SPECIAL_DEFENSE=89, SPEED=64] delta: ATTACK=-53, DEFENSE=-90, SPECIAL_ATTACK=-54, SPECIAL_DEFENSE=-86, SPEED=-61
Elgyem stats changed from [ACCURACY=100, EVASION=100, ATTACK=3, DEFENSE=3, SPECIAL_ATTACK=3, SPECIAL_DEFENSE=3, SPEED=4] to [ACCURACY=100, EVASION=100, ATTACK=51, DEFENSE=60, SPECIAL_ATTACK=80, SPECIAL_DEFENSE=61, SPEED=40] delta: ATTACK=-48, DEFENSE=-57, SPECIAL_ATTACK=-77, SPECIAL_DEFENSE=-58, SPEED=-36
Corvisquire stats changed from [ACCURACY=100, EVASION=100, ATTACK=3, DEFENSE=3, SPECIAL_ATTACK=4, SPECIAL_DEFENSE=3, SPEED=3] to [ACCURACY=100, EVASION=100, ATTACK=53, DEFENSE=53, SPECIAL_ATTACK=44, SPECIAL_DEFENSE=57, SPEED=54] delta: ATTACK=-50, DEFENSE=-50, SPECIAL_ATTACK=-40, SPECIAL_DEFENSE=-54, SPEED=-51
Larvitar stats changed from [ACCURACY=100, EVASION=100, ATTACK=3, DEFENSE=4, SPECIAL_ATTACK=4, SPECIAL_DEFENSE=4, SPEED=4] to [ACCURACY=100, EVASION=100, ATTACK=48, DEFENSE=36, SPECIAL_ATTACK=36, SPECIAL_DEFENSE=44, SPEED=37] delta: ATTACK=-45, DEFENSE=-32, SPECIAL_ATTACK=-32, SPECIAL_DEFENSE=-40, SPEED=-33
Charizard stats changed from [ACCURACY=100, EVASION=100, ATTACK=3, DEFENSE=3, SPECIAL_ATTACK=2, SPECIAL_DEFENSE=3, SPEED=3] to [ACCURACY=100, EVASION=100, ATTACK=235, DEFENSE=195, SPECIAL_ATTACK=249, SPECIAL_DEFENSE=190, SPEED=216] delta: ATTACK=-232, DEFENSE=-192, SPECIAL_ATTACK=-247, SPECIAL_DEFENSE=-187, SPEED=-213
Lycanroc selected attack Quick Attack for Lycanroc targeting Charizard and opted to mega evolve
translation{key='pixelmon.minior', args=[]} weighted their choices as follows:  Tackle, Tier 2, Weight 2.1352313;  Defense Curl, Tier 0, Weight 0.0;  Confuse Ray, Tier 0, Weight 0.0;  Self-Destruct, Tier 2, Weight 0.0;  
translation{key='pixelmon.minior', args=[]} decided their best choices were:  Tackle, Tier 2, Weight 2.1352313;  
Minior selected attack Tackle for Minior targeting Charizard and opted to mega evolve
translation{key='pixelmon.elgyem', args=[]} weighted their choices as follows:  Imprison, Tier 0, Weight 0.0;  Teleport, Tier 0, Weight 0.0;  Psybeam, Tier 2, Weight 6.405694;  Guard Split, Tier 0, Weight 0.0;  
translation{key='pixelmon.elgyem', args=[]} decided their best choices were:  Psybeam, Tier 2, Weight 6.405694;  
Elgyem selected attack Psybeam for Elgyem targeting Charizard and opted to mega evolve
translation{key='pixelmon.corvisquire', args=[]} weighted their choices as follows:  Peck, Tier 2, Weight 2.4911032;  Fury Attack, Tier 2, Weight 3.202847;  Pluck, Tier 2, Weight 3.5587187;  Scary Face, Tier 0, Weight 0.0;  
translation{key='pixelmon.corvisquire', args=[]} decided their best choices were:  Pluck, Tier 2, Weight 3.5587187;  
Corvisquire selected attack Pluck for Corvisquire targeting Charizard and opted to mega evolve
translation{key='pixelmon.larvitar', args=[]} weighted their choices as follows:  Leer, Tier 0, Weight 0.0;  Rock Throw, Tier 2, Weight 10.676157;  Bite, Tier 2, Weight 2.1352313;  Stomping Tantrum, Tier 0, Weight 0.0;  
translation{key='pixelmon.larvitar', args=[]} decided their best choices were:  Rock Throw, Tier 2, Weight 10.676157;  
Larvitar selected attack Rock Throw for Larvitar targeting Charizard and opted to mega evolve

BATTLE ENDED

BATTLE ENDED
Caught error in battle. Continuing...
Attempted to load class net/minecraft/client/resources/sounds/SoundInstance for invalid dist DEDICATED_SERVER
MC-BOOTSTRAP/fml_loader@4.0.41/net.neoforged.fml.common.asm.RuntimeDistCleaner.processClassWithFlags(RuntimeDistCleaner.java:60)
MC-BOOTSTRAP/cpw.mods.modlauncher@11.0.5/cpw.mods.modlauncher.LaunchPluginHandler.offerClassNodeToPlugins(LaunchPluginHandler.java:94)
MC-BOOTSTRAP/cpw.mods.modlauncher@11.0.5/cpw.mods.modlauncher.ClassTransformer.transform(ClassTransformer.java:120)
MC-BOOTSTRAP/cpw.mods.modlauncher@11.0.5/cpw.mods.modlauncher.TransformingClassLoader.maybeTransformClassBytes(TransformingClassLoader.java:57)
cpw.mods.securejarhandler/cpw.mods.cl.ModuleClassLoader.readerToClass(ModuleClassLoader.java:190)
cpw.mods.securejarhandler/cpw.mods.cl.ModuleClassLoader.lambda$findClass$20(ModuleClassLoader.java:298)
cpw.mods.securejarhandler/cpw.mods.cl.ModuleClassLoader.loadFromModule(ModuleClassLoader.java:311)
cpw.mods.securejarhandler/cpw.mods.cl.ModuleClassLoader.findClass(ModuleClassLoader.java:298)
cpw.mods.securejarhandler/cpw.mods.cl.ModuleClassLoader.loadClass(ModuleClassLoader.java:214)
java.base/java.lang.ClassLoader.loadClass(Unknown Source)
TRANSFORMER/pixelmon@9.3.9/com.pixelmonmod.pixelmon.battles.controller.participants.PlayerParticipant.forfeitBattleForBeingTooFarAway(PlayerParticipant.java:666)
TRANSFORMER/pixelmon@9.3.9/com.pixelmonmod.pixelmon.battles.controller.participants.PlayerParticipant.handlePlayerDistanceFromBattle(PlayerParticipant.java:647)
TRANSFORMER/pixelmon@9.3.9/com.pixelmonmod.pixelmon.battles.controller.participants.PlayerParticipant.tick(PlayerParticipant.java:451)
TRANSFORMER/pixelmon@9.3.9/com.pixelmonmod.pixelmon.battles.controller.BattleController.onUpdate(BattleController.java:1135)
TRANSFORMER/pixelmon@9.3.9/com.pixelmonmod.pixelmon.battles.controller.BattleController.update(BattleController.java:511)
TRANSFORMER/pixelmon@9.3.9/com.pixelmonmod.pixelmon.battles.BattleRegistry.updateBattles(BattleRegistry.java:202)
TRANSFORMER/pixelmon@9.3.9/com.pixelmonmod.pixelmon.battles.BattleTickHandler.tickStart(BattleTickHandler.java:10)
MC-BOOTSTRAP/net.neoforged.bus/net.neoforged.bus.EventBus.post(EventBus.java:360)
MC-BOOTSTRAP/net.neoforged.bus/net.neoforged.bus.EventBus.post(EventBus.java:328)
TRANSFORMER/neoforge@21.1.209/net.neoforged.neoforge.event.EventHooks.fireServerTickPost(EventHooks.java:1020)
TRANSFORMER/minecraft@1.21.1/net.minecraft.server.MinecraftServer.tickServer(MinecraftServer.java:943)
TRANSFORMER/minecraft@1.21.1/net.minecraft.server.MinecraftServer.runServer(MinecraftServer.java:707)
TRANSFORMER/minecraft@1.21.1/net.minecraft.server.MinecraftServer.lambda$spin$2(MinecraftServer.java:267)
java.base/java.lang.Thread.run(Unknown Source)
