Pixelmon Version 9.3.9
Battle data 2025-11-05T06:09:05.888598064Z

Team #0 WildPixelmonParticipant Lurantis pixelmon:ultra_space (3680.399999976158, 97.0, -2531.114986796487) 
	Lurantis {Ability:"LeafGuard",CaughtBall:"poke_ball",DoesLevel:1b,DynamaxLevel:0,EVAttack:0s,EVDefense:0s,EVHP:0s,EVSpecialAttack:0s,EVSpecialDefense:0s,EVSpeed:0s,EXP:0,Friendship:0s,Gender:1b,GigantamaxFactor:0b,Health:95,IVAttack:20b,IVDefense:23b,IVHP:1b,IVSpAtt:22b,IVSpDef:23b,IVSpeed:0b,Level:46,Moveset:[{MoveID:"Fury Cutter",MovePP:20b},{MoveID:"Leafage",MovePP:40b},{MoveID:"Night Slash",MovePP:15b},{MoveID:"X-Scissor",MovePP:15b}],NBT_VERSION:2b,Nature:22b,PAbilitySlot:0,PHiddenAbility:0b,PersistentData:{},Pokerus:{Announced:0b,Type:0s},RelrnMoves:["Night Slash","Leafage","Fury Cutter"],Size:148.43149111474298d,SpecFlags:[],StatsAttack:110s,StatsDefense:88s,StatsHP:120s,StatsSpecialAttack:88s,StatsSpecialDefense:107s,StatsSpeed:46s,UUID:[I;2047635801,-9351207,-1442019550,1091514320],Variant:"base",eggCycles:-1,ndex:754,palette:"none",ribbons2:[]}
Team #0 WildPixelmonParticipant Pancham pixelmon:ultra_space (3675.5, 95.0, -2534.5) 
	Pancham {Ability:"IronFist",CaughtBall:"poke_ball",DoesLevel:1b,DynamaxLevel:0,EVAttack:0s,EVDefense:0s,EVHP:0s,EVSpecialAttack:0s,EVSpecialDefense:0s,EVSpeed:0s,EXP:0,Friendship:0s,Gender:1b,GigantamaxFactor:0b,Health:84,IVAttack:11b,IVDefense:24b,IVHP:7b,IVSpAtt:21b,IVSpDef:2b,IVSpeed:22b,Level:31,Moveset:[{MoveID:"Leer",MovePP:30b},{MoveID:"Tackle",MovePP:35b},{MoveID:"Taunt",MovePP:20b},{MoveID:"Low Sweep",MovePP:20b}],NBT_VERSION:2b,Nature:15b,PAbilitySlot:0,PHiddenAbility:0b,PersistentData:{},Pokerus:{Announced:0b,Type:0s},RelrnMoves:["Leer","Tackle","Taunt"],Size:66.07243815507306d,SpecFlags:[],StatsAttack:59s,StatsDefense:50s,StatsHP:84s,StatsSpecialAttack:36s,StatsSpecialDefense:35s,StatsSpeed:41s,UUID:[I;632391582,1043154206,-1077161524,-1774383191],Variant:"base",eggCycles:-1,ndex:674,palette:"none",ribbons2:[]}
Team #0 WildPixelmonParticipant Simipour pixelmon:ultra_space (3678.2048700109417, 102.0, -2534.5) 
	Simipour {Ability:"Gluttony",CaughtBall:"poke_ball",DoesLevel:1b,DynamaxLevel:0,EVAttack:0s,EVDefense:0s,EVHP:0s,EVSpecialAttack:0s,EVSpecialDefense:0s,EVSpeed:0s,EXP:0,Friendship:0s,Gender:0b,GigantamaxFactor:0b,Health:100,IVAttack:13b,IVDefense:13b,IVHP:2b,IVSpAtt:1b,IVSpDef:0b,IVSpeed:30b,Level:36,Moveset:[{MoveID:"Fury Swipes",MovePP:15b},{MoveID:"Leer",MovePP:30b},{MoveID:"Lick",MovePP:30b},{MoveID:"Scald",MovePP:15b}],NBT_VERSION:2b,Nature:20b,PAbilitySlot:0,PHiddenAbility:0b,PersistentData:{},Pokerus:{Announced:0b,Type:0s},RelrnMoves:["Lick","Leer","Fury Swipes"],Size:150.95173491095798d,SpecFlags:[],StatsAttack:80s,StatsDefense:55s,StatsHP:100s,StatsSpecialAttack:82s,StatsSpecialDefense:45s,StatsSpeed:88s,UUID:[I;795344391,-1436922354,-1236048278,333968046],Variant:"base",eggCycles:-1,ndex:516,palette:"none",ribbons2:[]}
Team #0 WildPixelmonParticipant Primeape pixelmon:ultra_space (3678.5, 103.0, -2530.5) 
	Primeape {Ability:"VitalSpirit",CaughtBall:"poke_ball",DoesLevel:1b,DynamaxLevel:0,EVAttack:0s,EVDefense:0s,EVHP:0s,EVSpecialAttack:0s,EVSpecialDefense:0s,EVSpeed:0s,EXP:0,Friendship:0s,Gender:0b,GigantamaxFactor:0b,Health:77,IVAttack:24b,IVDefense:16b,IVHP:12b,IVSpAtt:20b,IVSpDef:7b,IVSpeed:12b,Level:28,Moveset:[{MoveID:"Focus Energy",MovePP:30b},{MoveID:"Scratch",MovePP:35b},{MoveID:"Thrash",MovePP:10b},{MoveID:"Screech",MovePP:40b}],NBT_VERSION:2b,Nature:17b,PAbilitySlot:0,PHiddenAbility:0b,PersistentData:{},Pokerus:{Announced:0b,Type:0s},RelrnMoves:["Scratch","Focus Energy","Thrash"],Size:93.44480187685252d,SpecFlags:[],StatsAttack:63s,StatsDefense:43s,StatsHP:77s,StatsSpecialAttack:48s,StatsSpecialDefense:46s,StatsSpeed:61s,UUID:[I;-1337695578,1584090973,-1797699104,-939808434],Variant:"base",eggCycles:-1,ndex:57,palette:"none",ribbons2:[]}
Team #0 WildPixelmonParticipant Primeape pixelmon:ultra_space (3679.831849144166, 102.0, -2534.5) 
	Primeape {Ability:"VitalSpirit",CaughtBall:"poke_ball",DoesLevel:1b,DynamaxLevel:0,EVAttack:0s,EVDefense:0s,EVHP:0s,EVSpecialAttack:0s,EVSpecialDefense:0s,EVSpeed:0s,EXP:0,Friendship:0s,Gender:1b,GigantamaxFactor:0b,Health:140,IVAttack:28b,IVDefense:5b,IVHP:30b,IVSpAtt:18b,IVSpDef:26b,IVSpeed:18b,Level:50,Moveset:[{MoveID:"Leer",MovePP:30b},{MoveID:"Cross Chop",MovePP:5b},{MoveID:"Assurance",MovePP:10b},{MoveID:"Thrash",MovePP:10b}],NBT_VERSION:2b,Nature:12b,PAbilitySlot:0,PHiddenAbility:0b,PersistentData:{},Pokerus:{Announced:0b,Type:0s},RelrnMoves:["Leer","Assurance","Cross Chop"],Size:79.80151302900403d,SpecFlags:[],StatsAttack:124s,StatsDefense:73s,StatsHP:140s,StatsSpecialAttack:74s,StatsSpecialDefense:79s,StatsSpeed:109s,UUID:[I;-1546925959,-1773517770,-1869067051,-2017860370],Variant:"base",eggCycles:-1,ndex:57,palette:"none",ribbons2:[]}
Team #1 PlayerParticipant ___________12345 pixelmon:ultra_space (3676.474097693627, 95.0, -2532.2303972311583) 
	Primarina {Ability:"LiquidVoice",CaughtBall:"poke_ball",DoesLevel:1b,DynamaxLevel:1,EVAttack:166s,EVDefense:143s,EVHP:26s,EVSpecialAttack:65s,EVSpecialDefense:18s,EVSpeed:92s,EXP:22427,Friendship:10s,Gender:0b,GigantamaxFactor:0b,Health:128,HeldItemStack:{count:1,id:"pixelmon:quick_claw"},IVAttack:8b,IVDefense:18b,IVHP:0b,IVSpAtt:6b,IVSpDef:1b,IVSpeed:21b,Level:88,MoveSkillCooldown:[{MoveSkillCooldownCurrent:1762268678098L,MoveSkillCooldownId:"forage",MoveSkillCooldownTarget:1762268703098L}],Moveset:[{MoveID:"Moonblast",MovePP:15b},{MoveID:"Icy Wind",MovePP:15b},{MoveID:"Sparkling Aria",MovePP:10b},{MoveID:"Hydro Pump",MovePP:5b}],NBT_VERSION:2b,Nature:24b,PAbilitySlot:0,PHiddenAbility:1b,PersistentData:{},Pokerus:{Announced:1b,Type:0s},RelrnMoves:["Water Gun","Disarming Voice","Growl","Pound","Sparkling Aria","Misty Terrain","Bubble Beam","Icy Wind","Aqua Jet","Hyper Voice","Moonblast"],Size:120.20768368133427d,SpecFlags:[],StatsAttack:178s,StatsDefense:182s,StatsHP:244s,StatsSpecialAttack:221s,StatsSpecialDefense:235s,StatsSpeed:149s,UUID:[I;-1172205738,2048607509,-1879822083,-1553849705],Variant:"base",eggCycles:-1,ndex:730,originalTrainer:"___________12345",originalTrainerUUID:[I;-1755248099,-1258862460,-2021475255,1498965264],palette:"none",ribbon_display2:{received:1761568021723L,receiver:'""',type:"destiny"},ribbons2:[{received:1761568021723L,receiver:'""',type:"destiny"}]}
	Garganacl {Ability:"Sturdy",CaughtBall:"poke_ball",DoesLevel:1b,DynamaxLevel:0,EVAttack:28s,EVDefense:29s,EVHP:13s,EVSpecialAttack:27s,EVSpecialDefense:2s,EVSpeed:11s,EXP:915,Friendship:117s,Gender:1b,GigantamaxFactor:0b,Health:198,HeldItemStack:{count:1,id:"pixelmon:grip_claw"},IVAttack:29b,IVDefense:30b,IVHP:11b,IVSpAtt:9b,IVSpDef:0b,IVSpeed:21b,Level:60,MoveSkillCooldown:[{MoveSkillCooldownCurrent:1762268669243L,MoveSkillCooldownId:"forage",MoveSkillCooldownTarget:1762268694243L}],Moveset:[{MoveID:"Earthquake",MovePP:10b},{MoveID:"Power Gem",MovePP:20b},{MoveID:"Hammer Arm",MovePP:10b},{MoveID:"Salt Cure",MovePP:15b}],NBT_VERSION:2b,Nature:19b,PAbilitySlot:1,PHiddenAbility:0b,PersistentData:{},Pokerus:{Announced:0b,Type:0s},RelrnMoves:["Heavy Slam","Rock Throw","Stone Edge","Rock Polish","Headbutt","Hammer Arm","Power Gem","Smack Down","Earthquake","Rock Slide","Salt Cure","Iron Defense","Recover","Harden"],Size:163.60431217324987d,SpecFlags:[],StatsAttack:146s,StatsDefense:183s,StatsHP:198s,StatsSpecialAttack:74s,StatsSpecialDefense:113s,StatsSpeed:54s,UUID:[I;1713029720,1545488389,-1483056504,-113463254],Variant:"base",eggCycles:-1,ndex:934,originalTrainer:"godksrk",originalTrainerUUID:[I;-1534560904,-1643165059,-1785036217,-2046744326],palette:"none",ribbons2:[]}
	Lunala {Ability:"ShadowShield",CaughtBall:"poke_ball",DoesLevel:1b,DynamaxLevel:0,EVAttack:186s,EVDefense:153s,EVHP:37s,EVSpecialAttack:72s,EVSpecialDefense:15s,EVSpeed:47s,EXP:10496,Friendship:231s,Gender:2b,GigantamaxFactor:0b,Health:275,HeldItemStack:{count:1,id:"pixelmon:exp_share"},IVAttack:31b,IVDefense:31b,IVHP:31b,IVSpAtt:27b,IVSpDef:12b,IVSpeed:6b,Level:64,MoveSkillCooldown:[{MoveSkillCooldownCurrent:1762317581007L,MoveSkillCooldownId:"teleport",MoveSkillCooldownTarget:1762317585257L},{MoveSkillCooldownCurrent:1762322493606L,MoveSkillCooldownId:"open_wormhole",MoveSkillCooldownTarget:1762323393606L}],Moveset:[{MoveID:"Shadow Ball",MovePP:15b},{MoveID:"Teleport",MovePP:20b},{MoveID:"Phantom Force",MovePP:10b},{MoveID:"Moongeist Beam",MovePP:5b}],NBT_VERSION:2b,Nature:24b,PAbilitySlot:0,PHiddenAbility:0b,PersistentData:{},Pokerus:{Announced:0b,Type:0s},RelrnMoves:["Cosmic Power","Splash","Shadow Ball","Teleport","Moongeist Beam"],Size:405.9875038263135d,SpecFlags:[],StatsAttack:199s,StatsDefense:163s,StatsHP:275s,StatsSpecialAttack:188s,StatsSpecialDefense:167s,StatsSpeed:140s,UUID:[I;-708358819,-229422748,-1359255917,-1287760405],Variant:"base",eggCycles:-1,ndex:792,originalTrainer:"___________12345",originalTrainerUUID:[I;-1755248099,-1258862460,-2021475255,1498965264],palette:"none",ribbons2:[]}
	Golurk {Ability:"Klutz",CaughtBall:"poke_ball",DoesLevel:1b,DynamaxLevel:10,EVAttack:0s,EVDefense:0s,EVHP:0s,EVSpecialAttack:3s,EVSpecialDefense:0s,EVSpeed:0s,EXP:4739,Friendship:0s,Gender:2b,GigantamaxFactor:0b,Health:204,IVAttack:31b,IVDefense:18b,IVHP:31b,IVSpAtt:31b,IVSpDef:18b,IVSpeed:31b,Level:63,Moveset:[{MoveID:"High Horsepower",MovePP:10b},{MoveID:"Pound",MovePP:35b},{MoveID:"Stomping Tantrum",MovePP:10b},{MoveID:"Heavy Slam",MovePP:10b}],NBT_VERSION:2b,Nature:18b,PAbilitySlot:1,PHiddenAbility:0b,PersistentData:{},Pokerus:{Announced:0b,Type:0s},RelrnMoves:["High Horsepower","Pound","Defense Curl","Iron Defense","Stomping Tantrum"],Size:285.54785344541284d,SpecFlags:[],StatsAttack:180s,StatsDefense:105s,StatsHP:204s,StatsSpecialAttack:103s,StatsSpecialDefense:117s,StatsSpeed:93s,UUID:[I;-325145876,-613530735,-1893003260,-1814404333],Variant:"base",eggCycles:-1,ndex:623,originalTrainer:"___________12345",originalTrainerUUID:[I;-1755248099,-1258862460,-2021475255,1498965264],palette:"none",ribbons2:[]}
	FlutterMane {Ability:"Protosynthesis",CaughtBall:"great_ball",DoesLevel:1b,DynamaxLevel:0,EVAttack:1s,EVDefense:2s,EVHP:0s,EVSpecialAttack:2s,EVSpecialDefense:0s,EVSpeed:3s,EXP:9690,Friendship:0s,Gender:2b,GigantamaxFactor:0b,Health:145,IVAttack:12b,IVDefense:6b,IVHP:15b,IVSpAtt:21b,IVSpDef:24b,IVSpeed:13b,Level:60,MoveSkillCooldown:[{MoveSkillCooldownCurrent:1762273941625L,MoveSkillCooldownId:"forage",MoveSkillCooldownTarget:1762273966625L}],Moveset:[{MoveID:"Psybeam",MovePP:20b},{MoveID:"Wish",MovePP:10b},{MoveID:"Mystical Fire",MovePP:10b},{MoveID:"Power Gem",MovePP:20b}],NBT_VERSION:2b,Nature:22b,PAbilitySlot:0,PHiddenAbility:0b,PersistentData:{},Pokerus:{Announced:0b,Type:0s},RelrnMoves:["Mystical Fire","Psybeam","Wish"],Size:138.92977365177134d,SpecFlags:[],StatsAttack:78s,StatsDefense:66s,StatsHP:145s,StatsSpecialAttack:179s,StatsSpecialDefense:199s,StatsSpeed:175s,UUID:[I;-2062171945,245714830,-1451289096,-77222673],Variant:"base",eggCycles:-1,ndex:987,originalTrainer:"godksrk",originalTrainerUUID:[I;-1534560904,-1643165059,-1785036217,-2046744326],palette:"none",ribbons2:[]}
	Pheromosa {Ability:"BeastBoost",CaughtBall:"beast_ball",DoesLevel:1b,DynamaxLevel:10,EVAttack:0s,EVDefense:0s,EVHP:0s,EVSpecialAttack:0s,EVSpecialDefense:0s,EVSpeed:0s,EXP:0,Friendship:0s,Gender:2b,GigantamaxFactor:0b,Health:181,IVAttack:31b,IVDefense:9b,IVHP:31b,IVSpAtt:31b,IVSpDef:31b,IVSpeed:17b,Level:63,Moveset:[{MoveID:"Bug Bite",MovePP:20b},{MoveID:"Double Kick",MovePP:30b},{MoveID:"Stomp",MovePP:20b},{MoveID:"Agility",MovePP:30b}],NBT_VERSION:2b,Nature:6b,PAbilitySlot:0,PHiddenAbility:0b,PersistentData:{},Pokerus:{Announced:0b,Type:0s},RelrnMoves:["Leer","Low Kick","Double Kick","Bug Bite","Stomp"],Size:274.60677936221526d,SpecFlags:[],StatsAttack:216s,StatsDefense:57s,StatsHP:181s,StatsSpecialAttack:197s,StatsSpecialDefense:71s,StatsSpeed:184s,UUID:[I;714750824,1537757049,-1971659261,1317847606],Variant:"base",eggCycles:-1,ndex:795,originalTrainer:"___________12345",originalTrainerUUID:[I;-1755248099,-1258862460,-2021475255,1498965264],palette:"none",ribbons2:[]}

Turn #0 has begun
 Terrain: NONE[5 turns remaining]
 Weather: none
 Pokemon: 

Lurantis stats changed from [ACCURACY=100, EVASION=100, ATTACK=0, DEFENSE=0, SPECIAL_ATTACK=0, SPECIAL_DEFENSE=0, SPEED=0] to [ACCURACY=100, EVASION=100, ATTACK=2, DEFENSE=3, SPECIAL_ATTACK=3, SPECIAL_DEFENSE=3, SPEED=4] delta: ATTACK=-2, DEFENSE=-3, SPECIAL_ATTACK=-3, SPECIAL_DEFENSE=-3, SPEED=-4
Pancham stats changed from [ACCURACY=100, EVASION=100, ATTACK=0, DEFENSE=0, SPECIAL_ATTACK=0, SPECIAL_DEFENSE=0, SPEED=0] to [ACCURACY=100, EVASION=100, ATTACK=3, DEFENSE=3, SPECIAL_ATTACK=4, SPECIAL_DEFENSE=4, SPEED=4] delta: ATTACK=-3, DEFENSE=-3, SPECIAL_ATTACK=-4, SPECIAL_DEFENSE=-4, SPEED=-4
Simipour stats changed from [ACCURACY=100, EVASION=100, ATTACK=0, DEFENSE=0, SPECIAL_ATTACK=0, SPECIAL_DEFENSE=0, SPEED=0] to [ACCURACY=100, EVASION=100, ATTACK=3, DEFENSE=3, SPECIAL_ATTACK=3, SPECIAL_DEFENSE=3, SPEED=2] delta: ATTACK=-3, DEFENSE=-3, SPECIAL_ATTACK=-3, SPECIAL_DEFENSE=-3, SPEED=-2
Primeape stats changed from [ACCURACY=100, EVASION=100, ATTACK=0, DEFENSE=0, SPECIAL_ATTACK=0, SPECIAL_DEFENSE=0, SPEED=0] to [ACCURACY=100, EVASION=100, ATTACK=2, DEFENSE=3, SPECIAL_ATTACK=3, SPECIAL_DEFENSE=3, SPEED=3] delta: ATTACK=-2, DEFENSE=-3, SPECIAL_ATTACK=-3, SPECIAL_DEFENSE=-3, SPEED=-3
Primeape stats changed from [ACCURACY=100, EVASION=100, ATTACK=0, DEFENSE=0, SPECIAL_ATTACK=0, SPECIAL_DEFENSE=0, SPEED=0] to [ACCURACY=100, EVASION=100, ATTACK=2, DEFENSE=3, SPECIAL_ATTACK=3, SPECIAL_DEFENSE=3, SPEED=3] delta: ATTACK=-2, DEFENSE=-3, SPECIAL_ATTACK=-3, SPECIAL_DEFENSE=-3, SPEED=-3
Primarina stats changed from [ACCURACY=100, EVASION=100, ATTACK=0, DEFENSE=0, SPECIAL_ATTACK=0, SPECIAL_DEFENSE=0, SPEED=0] to [ACCURACY=100, EVASION=100, ATTACK=3, DEFENSE=3, SPECIAL_ATTACK=2, SPECIAL_DEFENSE=2, SPEED=3] delta: ATTACK=-3, DEFENSE=-3, SPECIAL_ATTACK=-2, SPECIAL_DEFENSE=-2, SPEED=-3
Garganacl stats changed from [ACCURACY=100, EVASION=100, ATTACK=0, DEFENSE=0, SPECIAL_ATTACK=0, SPECIAL_DEFENSE=0, SPEED=0] to [ACCURACY=100, EVASION=100, ATTACK=3, DEFENSE=2, SPECIAL_ATTACK=4, SPECIAL_DEFENSE=3, SPEED=4] delta: ATTACK=-3, DEFENSE=-2, SPECIAL_ATTACK=-4, SPECIAL_DEFENSE=-3, SPEED=-4
Lunala stats changed from [ACCURACY=100, EVASION=100, ATTACK=0, DEFENSE=0, SPECIAL_ATTACK=0, SPECIAL_DEFENSE=0, SPEED=0] to [ACCURACY=100, EVASION=100, ATTACK=2, DEFENSE=3, SPECIAL_ATTACK=2, SPECIAL_DEFENSE=2, SPEED=3] delta: ATTACK=-2, DEFENSE=-3, SPECIAL_ATTACK=-2, SPECIAL_DEFENSE=-2, SPEED=-3
Golurk stats changed from [ACCURACY=100, EVASION=100, ATTACK=0, DEFENSE=0, SPECIAL_ATTACK=0, SPECIAL_DEFENSE=0, SPEED=0] to [ACCURACY=100, EVASION=100, ATTACK=2, DEFENSE=3, SPECIAL_ATTACK=3, SPECIAL_DEFENSE=3, SPEED=3] delta: ATTACK=-2, DEFENSE=-3, SPECIAL_ATTACK=-3, SPECIAL_DEFENSE=-3, SPEED=-3
FlutterMane stats changed from [ACCURACY=100, EVASION=100, ATTACK=0, DEFENSE=0, SPECIAL_ATTACK=0, SPECIAL_DEFENSE=0, SPEED=0] to [ACCURACY=100, EVASION=100, ATTACK=3, DEFENSE=3, SPECIAL_ATTACK=2, SPECIAL_DEFENSE=2, SPEED=2] delta: ATTACK=-3, DEFENSE=-3, SPECIAL_ATTACK=-2, SPECIAL_DEFENSE=-2, SPEED=-2
Pheromosa stats changed from [ACCURACY=100, EVASION=100, ATTACK=0, DEFENSE=0, SPECIAL_ATTACK=0, SPECIAL_DEFENSE=0, SPEED=0] to [ACCURACY=100, EVASION=100, ATTACK=2, DEFENSE=4, SPECIAL_ATTACK=2, SPECIAL_DEFENSE=4, SPEED=1] delta: ATTACK=-2, DEFENSE=-4, SPECIAL_ATTACK=-2, SPECIAL_DEFENSE=-4, SPEED=-1
Battle Message: literal{Lurantis} summoned some nearby allies to assist them
Lurantis stats changed from [ACCURACY=100, EVASION=100, ATTACK=2, DEFENSE=3, SPECIAL_ATTACK=3, SPECIAL_DEFENSE=3, SPEED=4] to [ACCURACY=100, EVASION=100, ATTACK=249, DEFENSE=199, SPECIAL_ATTACK=200, SPECIAL_DEFENSE=244, SPEED=138] delta: ATTACK=-247, DEFENSE=-196, SPECIAL_ATTACK=-197, SPECIAL_DEFENSE=-241, SPEED=-134
Pancham stats changed from [ACCURACY=100, EVASION=100, ATTACK=3, DEFENSE=3, SPECIAL_ATTACK=4, SPECIAL_DEFENSE=4, SPEED=4] to [ACCURACY=100, EVASION=100, ATTACK=59, DEFENSE=50, SPECIAL_ATTACK=36, SPECIAL_DEFENSE=35, SPEED=41] delta: ATTACK=-56, DEFENSE=-47, SPECIAL_ATTACK=-32, SPECIAL_DEFENSE=-31, SPEED=-37
Simipour stats changed from [ACCURACY=100, EVASION=100, ATTACK=3, DEFENSE=3, SPECIAL_ATTACK=3, SPECIAL_DEFENSE=3, SPEED=2] to [ACCURACY=100, EVASION=100, ATTACK=80, DEFENSE=55, SPECIAL_ATTACK=82, SPECIAL_DEFENSE=45, SPEED=88] delta: ATTACK=-77, DEFENSE=-52, SPECIAL_ATTACK=-79, SPECIAL_DEFENSE=-42, SPEED=-86
Primeape stats changed from [ACCURACY=100, EVASION=100, ATTACK=2, DEFENSE=3, SPECIAL_ATTACK=3, SPECIAL_DEFENSE=3, SPEED=3] to [ACCURACY=100, EVASION=100, ATTACK=63, DEFENSE=43, SPECIAL_ATTACK=48, SPECIAL_DEFENSE=46, SPEED=61] delta: ATTACK=-61, DEFENSE=-40, SPECIAL_ATTACK=-45, SPECIAL_DEFENSE=-43, SPEED=-58
Primeape stats changed from [ACCURACY=100, EVASION=100, ATTACK=2, DEFENSE=3, SPECIAL_ATTACK=3, SPECIAL_DEFENSE=3, SPEED=3] to [ACCURACY=100, EVASION=100, ATTACK=124, DEFENSE=73, SPECIAL_ATTACK=74, SPECIAL_DEFENSE=79, SPEED=109] delta: ATTACK=-122, DEFENSE=-70, SPECIAL_ATTACK=-71, SPECIAL_DEFENSE=-76, SPEED=-106
Primarina stats changed from [ACCURACY=100, EVASION=100, ATTACK=3, DEFENSE=3, SPECIAL_ATTACK=2, SPECIAL_DEFENSE=2, SPEED=3] to [ACCURACY=100, EVASION=100, ATTACK=178, DEFENSE=182, SPECIAL_ATTACK=221, SPECIAL_DEFENSE=235, SPEED=149] delta: ATTACK=-175, DEFENSE=-179, SPECIAL_ATTACK=-219, SPECIAL_DEFENSE=-233, SPEED=-146
translation{key='pixelmon.lurantis', args=[]} weighted their choices as follows:  Fury Cutter, Tier 2, Weight 9.016393;  Leafage, Tier 2, Weight 55.32787;  Night Slash, Tier 2, Weight 15.57377;  X-Scissor, Tier 2, Weight 17.622952;  
translation{key='pixelmon.lurantis', args=[]} decided their best choices were:  Leafage, Tier 2, Weight 55.32787;  
Lurantis selected attack Leafage for Lurantis targeting Primarina and opted to mega evolve
translation{key='pixelmon.pancham', args=[]} weighted their choices as follows:  Leer, Tier 0, Weight 0.0;  Tackle, Tier 2, Weight 2.4590163;  Taunt, Tier 0, Weight 0.0;  Low Sweep, Tier 2, Weight 2.4590163;  
translation{key='pixelmon.pancham', args=[]} decided their best choices were:  Tackle, Tier 2, Weight 2.4590163;  Low Sweep, Tier 2, Weight 2.4590163;  
Pancham selected attack Low Sweep for Pancham targeting Primarina and opted to mega evolve
translation{key='pixelmon.simipour', args=[]} weighted their choices as follows:  Fury Swipes, Tier 2, Weight 6.147541;  Leer, Tier 0, Weight 0.0;  Lick, Tier 2, Weight 2.4590163;  Scald, Tier 2, Weight 3.2786884;  
translation{key='pixelmon.simipour', args=[]} decided their best choices were:  Fury Swipes, Tier 2, Weight 6.147541;  
Simipour selected attack Fury Swipes for Simipour targeting Primarina and opted to mega evolve
translation{key='pixelmon.primeape', args=[]} weighted their choices as follows:  Focus Energy, Tier 0, Weight 0.0;  Scratch, Tier 2, Weight 2.4590163;  Thrash, Tier 2, Weight 5.327869;  Screech, Tier 0, Weight 0.0;  
translation{key='pixelmon.primeape', args=[]} decided their best choices were:  Thrash, Tier 2, Weight 5.327869;  
Primeape selected attack Thrash for Primeape targeting Primarina and opted to mega evolve
translation{key='pixelmon.primeape', args=[]} weighted their choices as follows:  Leer, Tier 0, Weight 0.0;  Cross Chop, Tier 2, Weight 9.836065;  Assurance, Tier 2, Weight 7.786885;  Thrash, Tier 2, Weight 15.57377;  
translation{key='pixelmon.primeape', args=[]} decided their best choices were:  Thrash, Tier 2, Weight 15.57377;  
Primeape selected attack Thrash for Primeape targeting Primarina and opted to mega evolve
Battle Message: Primarina couldn't escape!
___________12345 fled the battle
Battle Message: Lurantis used Leafage!
Battle Message: It's super effective!
Primarina was damaged by Lurantis type ATTACK for 116 before: 244 after: 128
Lurantis used Leafage against Primarina with results MoveResults{damage=116, fullDamage=116, power=[], accuracy=0, priority=0.0, result=hit, weightMod=0.0}
Battle Message: Primeape used Thrash!

BATTLE ENDED
Caught error in battle. Continuing...
Cannot invoke "com.pixelmonmod.pixelmon.battles.controller.participants.PixelmonWrapper.getOnBattleField()" because "pw" is null
TRANSFORMER/pixelmon@9.3.9/com.pixelmonmod.pixelmon.battles.controller.participants.PixelmonWrapper.manageTargetingSwitchedOutPokemon(PixelmonWrapper.java:1283)
TRANSFORMER/pixelmon@9.3.9/com.pixelmonmod.pixelmon.battles.controller.participants.PixelmonWrapper.useAttack(PixelmonWrapper.java:1135)
TRANSFORMER/pixelmon@9.3.9/com.pixelmonmod.pixelmon.battles.controller.participants.PixelmonWrapper.useAttack(PixelmonWrapper.java:1075)
TRANSFORMER/pixelmon@9.3.9/com.pixelmonmod.pixelmon.battles.controller.participants.PixelmonWrapper.takeTurn(PixelmonWrapper.java:2035)
TRANSFORMER/pixelmon@9.3.9/com.pixelmonmod.pixelmon.battles.controller.BattleController.takeTurn(BattleController.java:1478)
TRANSFORMER/pixelmon@9.3.9/com.pixelmonmod.pixelmon.battles.controller.BattleController.doTurnLogic(BattleController.java:626)
TRANSFORMER/pixelmon@9.3.9/com.pixelmonmod.pixelmon.battles.controller.BattleController.update(BattleController.java:525)
TRANSFORMER/pixelmon@9.3.9/com.pixelmonmod.pixelmon.battles.BattleRegistry.updateBattles(BattleRegistry.java:202)
TRANSFORMER/pixelmon@9.3.9/com.pixelmonmod.pixelmon.battles.BattleTickHandler.tickStart(BattleTickHandler.java:10)
MC-BOOTSTRAP/net.neoforged.bus/net.neoforged.bus.EventBus.post(EventBus.java:360)
MC-BOOTSTRAP/net.neoforged.bus/net.neoforged.bus.EventBus.post(EventBus.java:328)
TRANSFORMER/neoforge@21.1.209/net.neoforged.neoforge.event.EventHooks.fireServerTickPost(EventHooks.java:1020)
TRANSFORMER/minecraft@1.21.1/net.minecraft.server.MinecraftServer.tickServer(MinecraftServer.java:943)
TRANSFORMER/minecraft@1.21.1/net.minecraft.server.MinecraftServer.runServer(MinecraftServer.java:707)
TRANSFORMER/minecraft@1.21.1/net.minecraft.server.MinecraftServer.lambda$spin$2(MinecraftServer.java:267)
java.base/java.lang.Thread.run(Unknown Source)
