Pixelmon Version 9.3.9
Battle data 2025-11-09T17:59:10.266165808Z

Team #0 PlayerParticipant Dulmin minecraft:overworld (-109622.5, 70.16563631421214, -7726.978643641546) 
	Arceus {Ability:"Multitype",CaughtBall:"poke_ball",DoesLevel:1b,DynamaxLevel:0,EVAttack:152s,EVDefense:173s,EVHP:31s,EVSpecialAttack:79s,EVSpecialDefense:19s,EVSpeed:56s,EXP:17006,Friendship:60s,Gender:2b,GigantamaxFactor:0b,Health:371,HeldItemStack:{count:1,id:"pixelmon:legend_plate"},IVAttack:31b,IVDefense:31b,IVHP:2b,IVSpAtt:31b,IVSpDef:0b,IVSpeed:31b,IV_HTATTACK:1b,IV_HTDEFENSE:1b,IV_HTHP:1b,IV_HTSPECIAL_ATTACK:1b,IV_HTSPECIAL_DEFENSE:1b,IV_HTSPEED:1b,Level:100,Moveset:[{MoveID:"Judgment",MovePP:8b,MovePPLevel:3b},{MoveID:"Gravity",MovePP:5b},{MoveID:"Earthquake",MovePP:10b},{MoveID:"Extreme Speed",MovePP:5b}],NBT_VERSION:2b,Nature:0b,PAbilitySlot:0,PHiddenAbility:0b,PersistentData:{},Pokerus:{Announced:0b,Type:0s},RelrnMoves:["Extreme Speed","Earthquake","Cosmic Power","Earth Power","Gravity"],Size:329.9822809754581d,SpecFlags:[],StatsAttack:314s,StatsDefense:319s,StatsHP:388s,StatsSpecialAttack:295s,StatsSpecialDefense:280s,StatsSpeed:290s,UUID:[I;274323203,-1232321768,-1137249648,-857832600],Variant:"base",eggCycles:-1,ndex:493,originalTrainer:"Dulmin",originalTrainerUUID:[I;-2036690395,-938456484,-1479550921,1712610171],palette:"none",ribbons2:[]}
	Meowscarada {Ability:"Overgrow",CaughtBall:"poke_ball",DoesLevel:1b,DynamaxLevel:4,EVAttack:160s,EVDefense:74s,EVHP:45s,EVSpecialAttack:104s,EVSpecialDefense:47s,EVSpeed:80s,EXP:14077,Friendship:123s,Gender:0b,GigantamaxFactor:0b,Health:274,HeldItemStack:{count:1,id:"pixelmon:lucky_egg"},IVAttack:8b,IVDefense:19b,IVHP:7b,IVSpAtt:4b,IVSpDef:3b,IVSpeed:28b,Level:98,Moveset:[{MoveID:"Play Rough",MovePP:10b},{MoveID:"Leaf Storm",MovePP:5b},{MoveID:"Night Slash",MovePP:15b},{MoveID:"Flower Trick",MovePP:10b}],NBT_VERSION:2b,Nature:24b,PAbilitySlot:0,PHiddenAbility:0b,PersistentData:{},Pokerus:{Announced:0b,Type:0s},RelrnMoves:["Quick Attack","Tail Whip","Play Rough","Bite","U-turn","Flower Trick","Magical Leaf","Seed Bomb","Scratch","Night Slash","Leafage","Slash","Hone Claws"],Size:148.3402534215136d,SpecFlags:[],StatsAttack:267s,StatsDefense:178s,StatsHP:274s,StatsSpecialAttack:173s,StatsSpecialDefense:171s,StatsSpeed:293s,UUID:[I;1021258708,906510405,-1579751669,282896280],Variant:"base",eggCycles:-1,ndex:908,originalTrainer:"Dulmin",originalTrainerUUID:[I;-2036690395,-938456484,-1479550921,1712610171],palette:"none",ribbon_display2:{received:1761542430734L,receiver:'""',type:"destiny"},ribbons2:[{received:1761542430734L,receiver:'""',type:"destiny"}]}
	Poipole {Ability:"BeastBoost",CaughtBall:"beast_ball",DoesLevel:1b,DynamaxLevel:0,EVAttack:7s,EVDefense:0s,EVHP:0s,EVSpecialAttack:0s,EVSpecialDefense:0s,EVSpeed:1s,EXP:5592,Friendship:70s,Gender:2b,GigantamaxFactor:0b,Health:106,IVAttack:31b,IVDefense:31b,IVHP:7b,IVSpAtt:31b,IVSpDef:21b,IVSpeed:27b,Level:40,Moveset:[{MoveID:"Acid",MovePP:30b},{MoveID:"Dragon Pulse",MovePP:10b},{MoveID:"Venom Drench",MovePP:20b},{MoveID:"Nasty Plot",MovePP:20b}],NBT_VERSION:2b,Nature:19b,PAbilitySlot:0,PHiddenAbility:0b,PersistentData:{},Pokerus:{Announced:0b,Type:0s},RelrnMoves:["Dragon Pulse","Acid","Venom Drench"],Size:72.61204114591779d,SpecFlags:[],StatsAttack:76s,StatsDefense:71s,StatsHP:106s,StatsSpecialAttack:82s,StatsSpecialDefense:67s,StatsSpeed:66s,UUID:[I;1998207396,-2033956974,-1866155372,-62879868],Variant:"base",eggCycles:-1,ndex:803,originalTrainer:"Dulmin",originalTrainerUUID:[I;-2036690395,-938456484,-1479550921,1712610171],palette:"none",ribbon_display2:{received:1762705656931L,receiver:'""',type:"uncommon"},ribbons2:[{received:1762705656931L,receiver:'""',type:"uncommon"}]}
	Celebi {Ability:"NaturalCure",CaughtBall:"timer_ball",DoesLevel:1b,DynamaxLevel:0,EVAttack:39s,EVDefense:21s,EVHP:12s,EVSpecialAttack:28s,EVSpecialDefense:6s,EVSpeed:29s,EXP:3103,Friendship:100s,Gender:2b,GigantamaxFactor:0b,Health:250,HeldItemStack:{count:1,id:"pixelmon:lucky_egg"},IVAttack:31b,IVDefense:11b,IVHP:17b,IVSpAtt:15b,IVSpDef:31b,IVSpeed:31b,Level:75,Moveset:[{MoveID:"Heal Bell",MovePP:5b},{MoveID:"Magical Leaf",MovePP:20b},{MoveID:"Ancient Power",MovePP:5b},{MoveID:"Future Sight",MovePP:10b}],NBT_VERSION:2b,Nature:16b,PAbilitySlot:0,PHiddenAbility:0b,PersistentData:{},Pokerus:{Announced:0b,Type:0s},RelrnMoves:["Magical Leaf","Ancient Power","Heal Bell"],Size:80.27506906399852d,SpecFlags:[],StatsAttack:185s,StatsDefense:167s,StatsHP:250s,StatsSpecialAttack:171s,StatsSpecialDefense:161s,StatsSpeed:201s,UUID:[I;414510221,-147894510,-1243886360,-680334375],Variant:"base",eggCycles:-1,ndex:251,originalTrainer:"Dulmin",originalTrainerUUID:[I;-2036690395,-938456484,-1479550921,1712610171],palette:"none",ribbons2:[]}
	Zeraora {Ability:"VoltAbsorb",CaughtBall:"ultra_ball",DoesLevel:1b,DynamaxLevel:0,EVAttack:113s,EVDefense:101s,EVHP:24s,EVSpecialAttack:63s,EVSpecialDefense:24s,EVSpeed:59s,EXP:21951,Friendship:120s,Gender:2b,GigantamaxFactor:0b,Health:235,HeldItemStack:{count:1,id:"pixelmon:lucky_egg"},IVAttack:31b,IVDefense:31b,IVHP:9b,IVSpAtt:31b,IVSpDef:18b,IVSpeed:19b,Level:84,MoveSkillCooldown:[{MoveSkillCooldownCurrent:1762498231567L,MoveSkillCooldownId:"forage",MoveSkillCooldownTarget:1762498256567L}],Moveset:[{MoveID:"Power-Up Punch",MovePP:20b},{MoveID:"False Swipe",MovePP:38b},{MoveID:"Discharge",MovePP:15b},{MoveID:"Wild Charge",MovePP:15b}],NBT_VERSION:2b,Nature:1b,PAbilitySlot:0,PHiddenAbility:0b,PersistentData:{},Pokerus:{Announced:0b,Type:0s},RelrnMoves:["Power-Up Punch","False Swipe","Scratch","Volt Switch","Slash","Hone Claws","Discharge"],Size:120.59886162978043d,SpecFlags:[],StatsAttack:242s,StatsDefense:178s,StatsHP:254s,StatsSpecialAttack:215s,StatsSpecialDefense:159s,StatsSpeed:273s,UUID:[I;365991058,-1622324458,-1316234411,-396164988],Variant:"base",eggCycles:-1,ndex:807,originalTrainer:"Dulmin",originalTrainerUUID:[I;-2036690395,-938456484,-1479550921,1712610171],palette:"none",ribbons2:[]}
	Lunala {Ability:"ShadowShield",CaughtBall:"sport_ball",DoesLevel:1b,DynamaxLevel:0,EVAttack:175s,EVDefense:107s,EVHP:32s,EVSpecialAttack:115s,EVSpecialDefense:30s,EVSpeed:51s,EXP:923,Friendship:255s,Gender:2b,GigantamaxFactor:0b,Health:348,HeldItemStack:{count:1,id:"pixelmon:lucky_egg"},IVAttack:2b,IVDefense:9b,IVHP:31b,IVSpAtt:31b,IVSpDef:14b,IVSpeed:31b,Level:82,MoveSkillCooldown:[{MoveSkillCooldownCurrent:1761798911410L,MoveSkillCooldownId:"teleport",MoveSkillCooldownTarget:1761798915410L},{MoveSkillCooldownCurrent:1762701590833L,MoveSkillCooldownId:"open_wormhole",MoveSkillCooldownTarget:1762702490833L},{MoveSkillCooldownCurrent:1761644522110L,MoveSkillCooldownId:"forage",MoveSkillCooldownTarget:1761644547110L}],Moveset:[{MoveID:"Moonblast",MovePP:15b},{MoveID:"Phantom Force",MovePP:10b},{MoveID:"Cosmic Power",MovePP:20b},{MoveID:"Moongeist Beam",MovePP:5b}],NBT_VERSION:2b,Nature:2b,PAbilitySlot:0,PHiddenAbility:0b,PersistentData:{},Pokerus:{Announced:0b,Type:0s},RelrnMoves:["Cosmic Power","Splash","Teleport","Moongeist Beam","Moonblast"],Size:408.9626233022486d,SpecFlags:[],StatsAttack:227s,StatsDefense:180s,StatsHP:348s,StatsSpecialAttack:278s,StatsSpecialDefense:198s,StatsSpeed:199s,UUID:[I;1899233864,386286474,-2089601150,-441269346],Variant:"base",eggCycles:-1,ndex:792,originalTrainer:"Dulmin",originalTrainerUUID:[I;-2036690395,-938456484,-1479550921,1712610171],palette:"none",ribbons2:[]}
Team #1 WildPixelmonParticipant Swanna minecraft:overworld (-109352.213607146, 83.4482929794816, -7658.065537036799) 
	Swanna {Ability:"KeenEye",CaughtBall:"poke_ball",DoesLevel:1b,DynamaxLevel:0,EVAttack:0s,EVDefense:0s,EVHP:0s,EVSpecialAttack:0s,EVSpecialDefense:0s,EVSpeed:0s,EXP:0,Friendship:0s,Gender:1b,GigantamaxFactor:0b,Health:1,IVAttack:9b,IVDefense:6b,IVHP:29b,IVSpAtt:24b,IVSpDef:25b,IVSpeed:9b,Level:47,Moveset:[{MoveID:"Defog",MovePP:14b},{MoveID:"Aerial Ace",MovePP:18b},{MoveID:"Air Slash",MovePP:14b},{MoveID:"Rain Dance",MovePP:5b}],NBT_VERSION:2b,Nature:0b,PAbilitySlot:0,PHiddenAbility:0b,PersistentData:{},Pokerus:{Announced:0b,Type:0s},RelrnMoves:["Defog","Air Slash","Aerial Ace"],Size:200.6043155575743d,SpecFlags:[],StatsAttack:91s,StatsDefense:67s,StatsHP:141s,StatsSpecialAttack:98s,StatsSpecialDefense:75s,StatsSpeed:101s,UUID:[I;-731049123,-468890756,-1918373960,756051756],Variant:"base",eggCycles:-1,ndex:581,palette:"none",ribbons2:[]}

Turn #0 has begun
 Terrain: NONE[5 turns remaining]
 Weather: none
 Pokemon: 

Arceus stats changed from [ACCURACY=100, EVASION=100, ATTACK=0, DEFENSE=0, SPECIAL_ATTACK=0, SPECIAL_DEFENSE=0, SPEED=0] to [ACCURACY=100, EVASION=100, ATTACK=2, DEFENSE=2, SPECIAL_ATTACK=2, SPECIAL_DEFENSE=2, SPEED=2] delta: ATTACK=-2, DEFENSE=-2, SPECIAL_ATTACK=-2, SPECIAL_DEFENSE=-2, SPEED=-2
Meowscarada stats changed from [ACCURACY=100, EVASION=100, ATTACK=0, DEFENSE=0, SPECIAL_ATTACK=0, SPECIAL_DEFENSE=0, SPEED=0] to [ACCURACY=100, EVASION=100, ATTACK=2, DEFENSE=3, SPECIAL_ATTACK=3, SPECIAL_DEFENSE=3, SPEED=2] delta: ATTACK=-2, DEFENSE=-3, SPECIAL_ATTACK=-3, SPECIAL_DEFENSE=-3, SPEED=-2
Poipole stats changed from [ACCURACY=100, EVASION=100, ATTACK=0, DEFENSE=0, SPECIAL_ATTACK=0, SPECIAL_DEFENSE=0, SPEED=0] to [ACCURACY=100, EVASION=100, ATTACK=3, DEFENSE=3, SPECIAL_ATTACK=3, SPECIAL_DEFENSE=3, SPEED=3] delta: ATTACK=-3, DEFENSE=-3, SPECIAL_ATTACK=-3, SPECIAL_DEFENSE=-3, SPEED=-3
Celebi stats changed from [ACCURACY=100, EVASION=100, ATTACK=0, DEFENSE=0, SPECIAL_ATTACK=0, SPECIAL_DEFENSE=0, SPEED=0] to [ACCURACY=100, EVASION=100, ATTACK=3, DEFENSE=3, SPECIAL_ATTACK=3, SPECIAL_DEFENSE=3, SPEED=3] delta: ATTACK=-3, DEFENSE=-3, SPECIAL_ATTACK=-3, SPECIAL_DEFENSE=-3, SPEED=-3
Zeraora stats changed from [ACCURACY=100, EVASION=100, ATTACK=0, DEFENSE=0, SPECIAL_ATTACK=0, SPECIAL_DEFENSE=0, SPEED=0] to [ACCURACY=100, EVASION=100, ATTACK=2, DEFENSE=3, SPECIAL_ATTACK=2, SPECIAL_DEFENSE=3, SPEED=2] delta: ATTACK=-2, DEFENSE=-3, SPECIAL_ATTACK=-2, SPECIAL_DEFENSE=-3, SPEED=-2
Lunala stats changed from [ACCURACY=100, EVASION=100, ATTACK=0, DEFENSE=0, SPECIAL_ATTACK=0, SPECIAL_DEFENSE=0, SPEED=0] to [ACCURACY=100, EVASION=100, ATTACK=2, DEFENSE=3, SPECIAL_ATTACK=2, SPECIAL_DEFENSE=2, SPEED=3] delta: ATTACK=-2, DEFENSE=-3, SPECIAL_ATTACK=-2, SPECIAL_DEFENSE=-2, SPEED=-3
Swanna stats changed from [ACCURACY=100, EVASION=100, ATTACK=0, DEFENSE=0, SPECIAL_ATTACK=0, SPECIAL_DEFENSE=0, SPEED=0] to [ACCURACY=100, EVASION=100, ATTACK=3, DEFENSE=3, SPECIAL_ATTACK=3, SPECIAL_DEFENSE=3, SPEED=3] delta: ATTACK=-3, DEFENSE=-3, SPECIAL_ATTACK=-3, SPECIAL_DEFENSE=-3, SPEED=-3
Arceus stats changed from [ACCURACY=100, EVASION=100, ATTACK=2, DEFENSE=2, SPECIAL_ATTACK=2, SPECIAL_DEFENSE=2, SPEED=2] to [ACCURACY=100, EVASION=100, ATTACK=314, DEFENSE=319, SPECIAL_ATTACK=295, SPECIAL_DEFENSE=280, SPEED=290] delta: ATTACK=-312, DEFENSE=-317, SPECIAL_ATTACK=-293, SPECIAL_DEFENSE=-278, SPEED=-288
Swanna stats changed from [ACCURACY=100, EVASION=100, ATTACK=3, DEFENSE=3, SPECIAL_ATTACK=3, SPECIAL_DEFENSE=3, SPEED=3] to [ACCURACY=100, EVASION=100, ATTACK=91, DEFENSE=67, SPECIAL_ATTACK=98, SPECIAL_DEFENSE=75, SPEED=101] delta: ATTACK=-88, DEFENSE=-64, SPECIAL_ATTACK=-95, SPECIAL_DEFENSE=-72, SPEED=-98
Swanna selected attack Air Slash for Swanna targeting Arceus and opted to mega evolve
Dulmin used pixelmon:poke_ball on Swanna
Battle Message: Dulmin threw the Quick Ball!
Battle Message: Swanna used Air Slash!
Arceus was damaged by Swanna type ATTACK for 17 before: 388 after: 371
Swanna used Air Slash against Arceus with results MoveResults{damage=17, fullDamage=17, power=[], accuracy=0, priority=0.0, result=hit, weightMod=0.0}

Turn #0 has ended
 Terrain: NONE[5 turns remaining]
 Weather: none
 Pokemon: 
 Arceus[health=388, , max health=388]
  Stats: ACCURACY=100, EVASION=100, ATTACK=314, DEFENSE=319, SPECIAL_ATTACK=295, SPECIAL_DEFENSE=280, SPEED=290, stages=[, ACCURACY=0, , , EVASION=0, , , ATTACK=0, , , DEFENSE=0, , , SPECIAL_ATTACK=0, , , SPECIAL_DEFENSE=0, , , SPEED=0, , , ]

 Swanna[health=141, , max health=141]
  Stats: ACCURACY=100, EVASION=100, ATTACK=91, DEFENSE=67, SPECIAL_ATTACK=98, SPECIAL_DEFENSE=75, SPEED=101, stages=[, ACCURACY=0, , , EVASION=0, , , ATTACK=0, , , DEFENSE=0, , , SPECIAL_ATTACK=0, , , SPECIAL_DEFENSE=0, , , SPEED=0, , , ]


Turn #1 has begun
 Terrain: NONE[5 turns remaining]
 Weather: none
 Pokemon: 
 Arceus[health=371, , max health=388]
  Stats: ACCURACY=100, EVASION=100, ATTACK=314, DEFENSE=319, SPECIAL_ATTACK=295, SPECIAL_DEFENSE=280, SPEED=290, stages=[, ACCURACY=0, , , EVASION=0, , , ATTACK=0, , , DEFENSE=0, , , SPECIAL_ATTACK=0, , , SPECIAL_DEFENSE=0, , , SPEED=0, , , ]

 Swanna[health=141, , max health=141]
  Stats: ACCURACY=100, EVASION=100, ATTACK=91, DEFENSE=67, SPECIAL_ATTACK=98, SPECIAL_DEFENSE=75, SPEED=101, stages=[, ACCURACY=0, , , EVASION=0, , , ATTACK=0, , , DEFENSE=0, , , SPECIAL_ATTACK=0, , , SPECIAL_DEFENSE=0, , , SPEED=0, , , ]


Swanna selected attack Aerial Ace for Swanna targeting Arceus and opted to mega evolve
Dulmin switching from Arceus to Zeraora
Zeraora stats changed from [ACCURACY=100, EVASION=100, ATTACK=2, DEFENSE=3, SPECIAL_ATTACK=2, SPECIAL_DEFENSE=3, SPEED=2] to [ACCURACY=100, EVASION=100, ATTACK=242, DEFENSE=178, SPECIAL_ATTACK=215, SPECIAL_DEFENSE=159, SPEED=273] delta: ATTACK=-240, DEFENSE=-175, SPECIAL_ATTACK=-213, SPECIAL_DEFENSE=-156, SPEED=-271
Battle Message: Swanna used Aerial Ace!
Battle Message: It wasn't very effective...
Zeraora was damaged by Swanna type ATTACK for 9 before: 254 after: 245
Swanna used Aerial Ace against Zeraora with results MoveResults{damage=9, fullDamage=9, power=[], accuracy=0, priority=0.0, result=hit, weightMod=0.0}

Turn #1 has ended
 Terrain: NONE[5 turns remaining]
 Weather: none
 Pokemon: 
 Zeraora[health=254, , max health=254]
  Stats: ACCURACY=100, EVASION=100, ATTACK=242, DEFENSE=178, SPECIAL_ATTACK=215, SPECIAL_DEFENSE=159, SPEED=273, stages=[, ACCURACY=0, , , EVASION=0, , , ATTACK=0, , , DEFENSE=0, , , SPECIAL_ATTACK=0, , , SPECIAL_DEFENSE=0, , , SPEED=0, , , ]

 Swanna[health=141, , max health=141]
  Stats: ACCURACY=100, EVASION=100, ATTACK=91, DEFENSE=67, SPECIAL_ATTACK=98, SPECIAL_DEFENSE=75, SPEED=101, stages=[, ACCURACY=0, , , EVASION=0, , , ATTACK=0, , , DEFENSE=0, , , SPECIAL_ATTACK=0, , , SPECIAL_DEFENSE=0, , , SPEED=0, , , ]


Turn #2 has begun
 Terrain: NONE[5 turns remaining]
 Weather: none
 Pokemon: 
 Zeraora[health=245, , max health=254]
  Stats: ACCURACY=100, EVASION=100, ATTACK=242, DEFENSE=178, SPECIAL_ATTACK=215, SPECIAL_DEFENSE=159, SPEED=273, stages=[, ACCURACY=0, , , EVASION=0, , , ATTACK=0, , , DEFENSE=0, , , SPECIAL_ATTACK=0, , , SPECIAL_DEFENSE=0, , , SPEED=0, , , ]

 Swanna[health=141, , max health=141]
  Stats: ACCURACY=100, EVASION=100, ATTACK=91, DEFENSE=67, SPECIAL_ATTACK=98, SPECIAL_DEFENSE=75, SPEED=101, stages=[, ACCURACY=0, , , EVASION=0, , , ATTACK=0, , , DEFENSE=0, , , SPECIAL_ATTACK=0, , , SPECIAL_DEFENSE=0, , , SPEED=0, , , ]


Swanna selected attack Defog for Swanna targeting Zeraora and opted to mega evolve
Dulmin selected attack False Swipe for Zeraora targeting Swanna
Battle Message: Zeraora used False Swipe!
Swanna was damaged by Zeraora type ATTACK for 91 before: 141 after: 50
Dulmin told Zeraora to use False Swipe against Swanna with results MoveResults{damage=91, fullDamage=91, power=[], accuracy=0, priority=0.0, result=hit, weightMod=0.0}
Battle Message: Swanna used Defog!
Battle Message: Zeraora's evasion was decreased!
Swanna used Defog against Zeraora with results MoveResults{damage=0, fullDamage=0, power=[], accuracy=0, priority=0.0, result=succeeded, weightMod=0.0}

Turn #2 has ended
 Terrain: NONE[5 turns remaining]
 Weather: none
 Pokemon: 
 Zeraora[health=245, , max health=254]
  Stats: ACCURACY=100, EVASION=100, ATTACK=242, DEFENSE=178, SPECIAL_ATTACK=215, SPECIAL_DEFENSE=159, SPEED=273, stages=[, ACCURACY=0, , , EVASION=-1, , , ATTACK=0, , , DEFENSE=0, , , SPECIAL_ATTACK=0, , , SPECIAL_DEFENSE=0, , , SPEED=0, , , ]

 Swanna[health=141, , max health=141]
  Stats: ACCURACY=100, EVASION=100, ATTACK=91, DEFENSE=67, SPECIAL_ATTACK=98, SPECIAL_DEFENSE=75, SPEED=101, stages=[, ACCURACY=0, , , EVASION=0, , , ATTACK=0, , , DEFENSE=0, , , SPECIAL_ATTACK=0, , , SPECIAL_DEFENSE=0, , , SPEED=0, , , ]


Turn #3 has begun
 Terrain: NONE[5 turns remaining]
 Weather: none
 Pokemon: 
 Zeraora[health=245, , max health=254]
  Stats: ACCURACY=100, EVASION=100, ATTACK=242, DEFENSE=178, SPECIAL_ATTACK=215, SPECIAL_DEFENSE=159, SPEED=273, stages=[, ACCURACY=0, , , EVASION=-1, , , ATTACK=0, , , DEFENSE=0, , , SPECIAL_ATTACK=0, , , SPECIAL_DEFENSE=0, , , SPEED=0, , , ]

 Swanna[health=50, , max health=141]
  Stats: ACCURACY=100, EVASION=100, ATTACK=91, DEFENSE=67, SPECIAL_ATTACK=98, SPECIAL_DEFENSE=75, SPEED=101, stages=[, ACCURACY=0, , , EVASION=0, , , ATTACK=0, , , DEFENSE=0, , , SPECIAL_ATTACK=0, , , SPECIAL_DEFENSE=0, , , SPEED=0, , , ]


Swanna selected attack Aerial Ace for Swanna targeting Zeraora and opted to mega evolve
Dulmin selected attack False Swipe for Zeraora targeting Swanna
Battle Message: Zeraora used False Swipe!
Swanna was damaged by Zeraora type ATTACK for 49 before: 50 after: 1
Dulmin told Zeraora to use False Swipe against Swanna with results MoveResults{damage=49, fullDamage=49, power=[], accuracy=0, priority=0.0, result=hit, weightMod=0.0}
Battle Message: Swanna used Aerial Ace!
Battle Message: It wasn't very effective...
Zeraora was damaged by Swanna type ATTACK for 10 before: 245 after: 235
Swanna used Aerial Ace against Zeraora with results MoveResults{damage=10, fullDamage=10, power=[], accuracy=0, priority=0.0, result=hit, weightMod=0.0}

Turn #3 has ended
 Terrain: NONE[5 turns remaining]
 Weather: none
 Pokemon: 
 Zeraora[health=245, , max health=254]
  Stats: ACCURACY=100, EVASION=100, ATTACK=242, DEFENSE=178, SPECIAL_ATTACK=215, SPECIAL_DEFENSE=159, SPEED=273, stages=[, ACCURACY=0, , , EVASION=-1, , , ATTACK=0, , , DEFENSE=0, , , SPECIAL_ATTACK=0, , , SPECIAL_DEFENSE=0, , , SPEED=0, , , ]

 Swanna[health=50, , max health=141]
  Stats: ACCURACY=100, EVASION=100, ATTACK=91, DEFENSE=67, SPECIAL_ATTACK=98, SPECIAL_DEFENSE=75, SPEED=101, stages=[, ACCURACY=0, , , EVASION=0, , , ATTACK=0, , , DEFENSE=0, , , SPECIAL_ATTACK=0, , , SPECIAL_DEFENSE=0, , , SPEED=0, , , ]


Turn #4 has begun
 Terrain: NONE[5 turns remaining]
 Weather: none
 Pokemon: 
 Zeraora[health=235, , max health=254]
  Stats: ACCURACY=100, EVASION=100, ATTACK=242, DEFENSE=178, SPECIAL_ATTACK=215, SPECIAL_DEFENSE=159, SPEED=273, stages=[, ACCURACY=0, , , EVASION=-1, , , ATTACK=0, , , DEFENSE=0, , , SPECIAL_ATTACK=0, , , SPECIAL_DEFENSE=0, , , SPEED=0, , , ]

 Swanna[health=1, , max health=141]
  Stats: ACCURACY=100, EVASION=100, ATTACK=91, DEFENSE=67, SPECIAL_ATTACK=98, SPECIAL_DEFENSE=75, SPEED=101, stages=[, ACCURACY=0, , , EVASION=0, , , ATTACK=0, , , DEFENSE=0, , , SPECIAL_ATTACK=0, , , SPECIAL_DEFENSE=0, , , SPEED=0, , , ]


Swanna selected attack Rain Dance for Swanna targeting Swanna and opted to mega evolve
Dulmin used pixelmon:poke_ball on Swanna
Battle Message: Dulmin threw the Ultra Ball!

BATTLE ENDED
Caught error in battle. Continuing...
Cannot invoke "net.minecraft.world.entity.Entity.getId()" because "entity" is null
TRANSFORMER/pixelmon@9.3.9/com.pixelmonmod.pixelmon.entities.pokeballs.PokeBallEntity.setPairedEntity(PokeBallEntity.java:736)
TRANSFORMER/pixelmon@9.3.9/com.pixelmonmod.pixelmon.entities.pokeballs.EmptyPokeBallEntity.<init>(EmptyPokeBallEntity.java:138)
TRANSFORMER/pixelmon@9.3.9/com.pixelmonmod.pixelmon.items.PokeBallItem.useFromBag(PokeBallItem.java:124)
TRANSFORMER/pixelmon@9.3.9/com.pixelmonmod.pixelmon.items.PixelmonItem.useFromBag(PixelmonItem.java:94)
TRANSFORMER/pixelmon@9.3.9/com.pixelmonmod.pixelmon.battles.controller.participants.PixelmonWrapper.useItem(PixelmonWrapper.java:1488)
TRANSFORMER/pixelmon@9.3.9/com.pixelmonmod.pixelmon.battles.controller.participants.PixelmonWrapper.takeTurn(PixelmonWrapper.java:1974)
TRANSFORMER/pixelmon@9.3.9/com.pixelmonmod.pixelmon.battles.controller.BattleController.takeTurn(BattleController.java:1478)
TRANSFORMER/pixelmon@9.3.9/com.pixelmonmod.pixelmon.battles.controller.BattleController.doTurnLogic(BattleController.java:626)
TRANSFORMER/pixelmon@9.3.9/com.pixelmonmod.pixelmon.battles.controller.BattleController.update(BattleController.java:525)
TRANSFORMER/pixelmon@9.3.9/com.pixelmonmod.pixelmon.battles.BattleRegistry.updateBattles(BattleRegistry.java:202)
TRANSFORMER/pixelmon@9.3.9/com.pixelmonmod.pixelmon.battles.BattleTickHandler.tickStart(BattleTickHandler.java:10)
MC-BOOTSTRAP/net.neoforged.bus/net.neoforged.bus.EventBus.post(EventBus.java:360)
MC-BOOTSTRAP/net.neoforged.bus/net.neoforged.bus.EventBus.post(EventBus.java:328)
TRANSFORMER/neoforge@21.1.209/net.neoforged.neoforge.event.EventHooks.fireServerTickPost(EventHooks.java:1020)
TRANSFORMER/minecraft@1.21.1/net.minecraft.server.MinecraftServer.tickServer(MinecraftServer.java:943)
TRANSFORMER/minecraft@1.21.1/net.minecraft.server.MinecraftServer.runServer(MinecraftServer.java:707)
TRANSFORMER/minecraft@1.21.1/net.minecraft.server.MinecraftServer.lambda$spin$2(MinecraftServer.java:267)
java.base/java.lang.Thread.run(Unknown Source)
