Pixelmon Version 9.3.9
Battle data 2025-11-10T02:03:18.701646497Z

Team #0 PlayerParticipant tydf62 minecraft:overworld (3696.1310676259404, 104.49037886397255, -2648.1409839045277) 
	Marshadow {Ability:"Technician",CaughtBall:"ultra_ball",DoesLevel:1b,DynamaxLevel:0,EVAttack:0s,EVDefense:3s,EVHP:0s,EVSpecialAttack:0s,EVSpecialDefense:0s,EVSpeed:1s,EXP:4262,Friendship:74s,Gender:2b,GigantamaxFactor:0b,Health:0,IVAttack:23b,IVDefense:31b,IVHP:31b,IVSpAtt:25b,IVSpDef:31b,IVSpeed:29b,Level:70,Moveset:[{MoveID:"Smack Down",MovePP:15b},{MoveID:"Thunder Punch",MovePP:15b},{MoveID:"False Swipe",MovePP:40b},{MoveID:"Force Palm",MovePP:10b}],NBT_VERSION:2b,Nature:20b,PAbilitySlot:0,PHiddenAbility:0b,PersistentData:{},Pokerus:{Announced:0b,Type:0s},RelrnMoves:["Smack Down","Force Palm","Feint","Thunder Punch","Role Play"],Size:81.23850445718556d,SpecFlags:[],StatsAttack:196s,StatsDefense:139s,StatsHP:227s,StatsSpecialAttack:162s,StatsSpecialDefense:136s,StatsSpeed:200s,UUID:[I;705127340,438783776,-1544746743,-375421359],Variant:"base",eggCycles:-1,ndex:802,originalTrainer:"tydf62",originalTrainerUUID:[I;1311049962,106647496,-1737040315,-1251436753],palette:"none",ribbons2:[]}
	Ting-Lu {Ability:"VesselOfRuin",CaughtBall:"ultra_ball",DoesLevel:1b,DynamaxLevel:0,EVAttack:72s,EVDefense:99s,EVHP:15s,EVSpecialAttack:88s,EVSpecialDefense:7s,EVSpeed:25s,EXP:5492,Friendship:4s,Gender:2b,GigantamaxFactor:0b,Health:305,IVAttack:31b,IVDefense:31b,IVHP:3b,IVSpAtt:19b,IVSpDef:31b,IVSpeed:6b,Level:71,Moveset:[{MoveID:"Earthquake",MovePP:10b},{MoveID:"Stone Edge",MovePP:5b},{MoveID:"Thrash",MovePP:10b},{MoveID:"Rock Slide",MovePP:10b}],NBT_VERSION:2b,Nature:21b,PAbilitySlot:0,PHiddenAbility:0b,PersistentData:{},Pokerus:{Announced:0b,Type:0s},RelrnMoves:["Spikes","Earthquake","Rock Slide","Stone Edge","Thrash","Mean Look"],Size:288.37844907125947d,SpecFlags:[],StatsAttack:175s,StatsDefense:222s,StatsHP:305s,StatsSpecialAttack:112s,StatsSpecialDefense:155s,StatsSpeed:77s,UUID:[I;-338442360,1892172165,-1074631831,92592753],Variant:"base",eggCycles:-1,ndex:1003,originalTrainer:"tydf62",originalTrainerUUID:[I;1311049962,106647496,-1737040315,-1251436753],palette:"none",ribbons2:[]}
	IronThorns {Ability:"QuarkDrive",CaughtBall:"great_ball",DoesLevel:1b,DynamaxLevel:0,EVAttack:4s,EVDefense:2s,EVHP:3s,EVSpecialAttack:6s,EVSpecialDefense:0s,EVSpeed:0s,EXP:9907,Friendship:1s,Gender:2b,GigantamaxFactor:0b,Health:191,IVAttack:15b,IVDefense:16b,IVHP:30b,IVSpAtt:21b,IVSpDef:24b,IVSpeed:16b,Level:55,Moveset:[{MoveID:"Ice Fang",MovePP:15b},{MoveID:"Iron Defense",MovePP:15b},{MoveID:"Earthquake",MovePP:10b},{MoveID:"Thunderbolt",MovePP:15b}],NBT_VERSION:2b,Nature:14b,PAbilitySlot:0,PHiddenAbility:0b,PersistentData:{},Pokerus:{Announced:0b,Type:0s},RelrnMoves:["Ice Fang","Charge","Sandstorm","Iron Defense","Thunderbolt"],Size:118.88380247918326d,SpecFlags:[],StatsAttack:161s,StatsDefense:121s,StatsHP:191s,StatsSpecialAttack:94s,StatsSpecialDefense:110s,StatsSpeed:102s,UUID:[I;-803880848,1666991570,-1656242781,-1983398643],Variant:"base",eggCycles:-1,ndex:995,originalTrainer:"godksrk",originalTrainerUUID:[I;-1534560904,-1643165059,-1785036217,-2046744326],palette:"none",ribbons2:[]}
	Gabite {Ability:"SandVeil",CaughtBall:"dive_ball",DoesLevel:1b,DynamaxLevel:0,EVAttack:11s,EVDefense:31s,EVHP:0s,EVSpecialAttack:10s,EVSpecialDefense:2s,EVSpeed:4s,EXP:213,Friendship:70s,Gender:1b,GigantamaxFactor:0b,Health:129,IVAttack:1b,IVDefense:8b,IVHP:23b,IVSpAtt:1b,IVSpDef:8b,IVSpeed:30b,Level:46,Moveset:[{MoveID:"Earthquake",MovePP:9b},{MoveID:"Outrage",MovePP:10b},{MoveID:"Bite",MovePP:25b},{MoveID:"False Swipe",MovePP:40b}],NBT_VERSION:2b,Nature:24b,PAbilitySlot:0,PHiddenAbility:0b,PersistentData:{},Pokerus:{Announced:0b,Type:0s},RelrnMoves:["False Swipe","Earthquake","Sand Attack","Bite","Slash","Bulldoze"],Size:118.38736344712252d,SpecFlags:[],StatsAttack:89s,StatsDefense:72s,StatsHP:129s,StatsSpecialAttack:46s,StatsSpecialDefense:64s,StatsSpeed:94s,UUID:[I;1397578134,36192353,-1886986328,752187175],Variant:"base",eggCycles:-1,ndex:444,originalTrainer:"godksrk",originalTrainerUUID:[I;-1534560904,-1643165059,-1785036217,-2046744326],palette:"none",ribbons2:[]}
	SlitherWing {Ability:"Protosynthesis",CaughtBall:"ultra_ball",DoesLevel:1b,DynamaxLevel:0,EVAttack:6s,EVDefense:1s,EVHP:0s,EVSpecialAttack:0s,EVSpecialDefense:3s,EVSpeed:0s,EXP:7816,Friendship:1s,Gender:2b,GigantamaxFactor:0b,Health:169,IVAttack:4b,IVDefense:28b,IVHP:20b,IVSpAtt:17b,IVSpDef:17b,IVSpeed:2b,Level:55,Moveset:[{MoveID:"Leech Life",MovePP:10b},{MoveID:"Heat Wave",MovePP:10b},{MoveID:"Stun Spore",MovePP:30b},{MoveID:"Close Combat",MovePP:5b}],NBT_VERSION:2b,Nature:6b,PAbilitySlot:0,PHiddenAbility:0b,PersistentData:{},Pokerus:{Announced:0b,Type:0s},RelrnMoves:["Poison Powder","Stun Spore","Leech Life","Bug Bite","Stomp","U-turn","Close Combat"],Size:181.05683180598908d,SpecFlags:[],StatsAttack:171s,StatsDefense:107s,StatsHP:169s,StatsSpecialAttack:107s,StatsSpecialDefense:130s,StatsSpeed:85s,UUID:[I;-169701527,695026025,-1559405922,1591175485],Variant:"base",eggCycles:-1,ndex:988,originalTrainer:"tydf62",originalTrainerUUID:[I;1311049962,106647496,-1737040315,-1251436753],palette:"none",ribbon_display2:{received:1761717711218L,receiver:'""',type:"rare"},ribbons2:[{received:1761717711218L,receiver:'""',type:"rare"}]}
	Charizard {Ability:"Blaze",CaughtBall:"poke_ball",DoesLevel:1b,DynamaxLevel:0,EVAttack:105s,EVDefense:88s,EVHP:22s,EVSpecialAttack:81s,EVSpecialDefense:19s,EVSpeed:104s,EXP:6776,Friendship:255s,Gender:1b,GigantamaxFactor:0b,Health:179,IVAttack:10b,IVDefense:28b,IVHP:25b,IVSpAtt:14b,IVSpDef:3b,IVSpeed:13b,Level:59,MoveSkillCooldown:[{MoveSkillCooldownCurrent:1762297726889L,MoveSkillCooldownId:"fly",MoveSkillCooldownTarget:1762297731289L},{MoveSkillCooldownCurrent:1761557596772L,MoveSkillCooldownId:"smelt",MoveSkillCooldownTarget:1761557656772L},{MoveSkillCooldownCurrent:1761692941984L,MoveSkillCooldownId:"forage",MoveSkillCooldownTarget:1761692966984L}],Moveset:[{MoveID:"Dragon Breath",MovePP:20b},{MoveID:"Slash",MovePP:20b},{MoveID:"Fly",MovePP:15b},{MoveID:"Flamethrower",MovePP:15b}],NBT_VERSION:2b,Nature:23b,PAbilitySlot:0,PHiddenAbility:0b,PersistentData:{},Pokerus:{Announced:1b,Type:0s},RelrnMoves:["Flamethrower","Scratch","Dragon Breath","Air Slash","Growl","Ember","Slash","Smokescreen","Fire Fang"],Size:210.36729780347463d,SpecFlags:[],StatsAttack:125s,StatsDefense:126s,StatsHP:179s,StatsSpecialAttack:153s,StatsSpecialDefense:119s,StatsSpeed:131s,UUID:[I;714632146,-1406385135,-1263117827,38141909],Variant:"base",eggCycles:-1,ndex:6,originalTrainer:"tydf62",originalTrainerUUID:[I;1311049962,106647496,-1737040315,-1251436753],palette:"none",ribbon_display2:{received:1761544972207L,receiver:'""',type:"destiny"},ribbons2:[{received:1761544972207L,receiver:'""',type:"destiny"}]}
Team #1 WildPixelmonParticipant Salamence minecraft:overworld (3675.8239914180645, 123.8967346863399, -2659.4249792267997) 
	Salamence {Ability:"Aerilate",CaughtBall:"poke_ball",DoesLevel:1b,DynamaxLevel:0,EVAttack:0s,EVDefense:0s,EVHP:0s,EVSpecialAttack:0s,EVSpecialDefense:0s,EVSpeed:0s,EXP:0,Friendship:0s,Gender:1b,GigantamaxFactor:0b,Health:249,IVAttack:2b,IVDefense:2b,IVHP:13b,IVSpAtt:7b,IVSpDef:5b,IVSpeed:5b,Level:79,Moveset:[{MoveID:"Ember",MovePP:25b},{MoveID:"Roost",MovePP:5b},{MoveID:"Dragon Claw",MovePP:14b},{MoveID:"Zen Headbutt",MovePP:15b}],NBT_VERSION:2b,Nature:4b,PAbilitySlot:0,PHiddenAbility:0b,PersistentData:{},Pokerus:{Announced:0b,Type:0s},RelrnMoves:["Roost","Ember","Dragon Claw"],Size:158.2785051979131d,SpecFlags:[],StatsAttack:235s,StatsDefense:211s,StatsHP:249s,StatsSpecialAttack:200s,StatsSpecialDefense:151s,StatsSpeed:198s,UUID:[I;-705280775,1965506999,-1349383519,1844212244],Variant:"mega",eggCycles:-1,ndex:373,palette:"shiny",ribbons2:[]}

Turn #0 has begun
 Terrain: NONE[5 turns remaining]
 Weather: none
 Pokemon: 

Marshadow stats changed from [ACCURACY=100, EVASION=100, ATTACK=0, DEFENSE=0, SPECIAL_ATTACK=0, SPECIAL_DEFENSE=0, SPEED=0] to [ACCURACY=100, EVASION=100, ATTACK=2, DEFENSE=3, SPECIAL_ATTACK=3, SPECIAL_DEFENSE=3, SPEED=2] delta: ATTACK=-2, DEFENSE=-3, SPECIAL_ATTACK=-3, SPECIAL_DEFENSE=-3, SPEED=-2
Ting-Lu stats changed from [ACCURACY=100, EVASION=100, ATTACK=0, DEFENSE=0, SPECIAL_ATTACK=0, SPECIAL_DEFENSE=0, SPEED=0] to [ACCURACY=100, EVASION=100, ATTACK=2, DEFENSE=2, SPECIAL_ATTACK=3, SPECIAL_DEFENSE=3, SPEED=4] delta: ATTACK=-2, DEFENSE=-2, SPECIAL_ATTACK=-3, SPECIAL_DEFENSE=-3, SPEED=-4
IronThorns stats changed from [ACCURACY=100, EVASION=100, ATTACK=0, DEFENSE=0, SPECIAL_ATTACK=0, SPECIAL_DEFENSE=0, SPEED=0] to [ACCURACY=100, EVASION=100, ATTACK=2, DEFENSE=2, SPECIAL_ATTACK=3, SPECIAL_DEFENSE=3, SPEED=3] delta: ATTACK=-2, DEFENSE=-2, SPECIAL_ATTACK=-3, SPECIAL_DEFENSE=-3, SPEED=-3
Gabite stats changed from [ACCURACY=100, EVASION=100, ATTACK=0, DEFENSE=0, SPECIAL_ATTACK=0, SPECIAL_DEFENSE=0, SPEED=0] to [ACCURACY=100, EVASION=100, ATTACK=3, DEFENSE=3, SPECIAL_ATTACK=4, SPECIAL_DEFENSE=3, SPEED=3] delta: ATTACK=-3, DEFENSE=-3, SPECIAL_ATTACK=-4, SPECIAL_DEFENSE=-3, SPEED=-3
SlitherWing stats changed from [ACCURACY=100, EVASION=100, ATTACK=0, DEFENSE=0, SPECIAL_ATTACK=0, SPECIAL_DEFENSE=0, SPEED=0] to [ACCURACY=100, EVASION=100, ATTACK=2, DEFENSE=3, SPECIAL_ATTACK=3, SPECIAL_DEFENSE=2, SPEED=3] delta: ATTACK=-2, DEFENSE=-3, SPECIAL_ATTACK=-3, SPECIAL_DEFENSE=-2, SPEED=-3
Charizard stats changed from [ACCURACY=100, EVASION=100, ATTACK=0, DEFENSE=0, SPECIAL_ATTACK=0, SPECIAL_DEFENSE=0, SPEED=0] to [ACCURACY=100, EVASION=100, ATTACK=3, DEFENSE=3, SPECIAL_ATTACK=2, SPECIAL_DEFENSE=3, SPEED=3] delta: ATTACK=-3, DEFENSE=-3, SPECIAL_ATTACK=-2, SPECIAL_DEFENSE=-3, SPEED=-3
Salamence stats changed from [ACCURACY=100, EVASION=100, ATTACK=0, DEFENSE=0, SPECIAL_ATTACK=0, SPECIAL_DEFENSE=0, SPEED=0] to [ACCURACY=100, EVASION=100, ATTACK=2, DEFENSE=2, SPECIAL_ATTACK=2, SPECIAL_DEFENSE=3, SPEED=2] delta: ATTACK=-2, DEFENSE=-2, SPECIAL_ATTACK=-2, SPECIAL_DEFENSE=-3, SPEED=-2
Salamence changed abilities from Aerilate to Aerilate
Marshadow stats changed from [ACCURACY=100, EVASION=100, ATTACK=2, DEFENSE=3, SPECIAL_ATTACK=3, SPECIAL_DEFENSE=3, SPEED=2] to [ACCURACY=100, EVASION=100, ATTACK=196, DEFENSE=139, SPECIAL_ATTACK=162, SPECIAL_DEFENSE=136, SPEED=200] delta: ATTACK=-194, DEFENSE=-136, SPECIAL_ATTACK=-159, SPECIAL_DEFENSE=-133, SPEED=-198
Salamence stats changed from [ACCURACY=100, EVASION=100, ATTACK=2, DEFENSE=2, SPECIAL_ATTACK=2, SPECIAL_DEFENSE=3, SPEED=2] to [ACCURACY=100, EVASION=100, ATTACK=380, DEFENSE=353, SPECIAL_ATTACK=330, SPECIAL_DEFENSE=263, SPEED=328] delta: ATTACK=-378, DEFENSE=-351, SPECIAL_ATTACK=-328, SPECIAL_DEFENSE=-260, SPEED=-326
translation{key='pixelmon.salamence', args=[]} weighted their choices as follows:  Ember, Tier 2, Weight 40.088104;  Roost, Tier 0, Weight 0.0;  Dragon Claw, Tier 3, Weight 100.0;  Zen Headbutt, Tier 3, Weight 90.0;  
translation{key='pixelmon.salamence', args=[]} decided their best choices were:  Dragon Claw, Tier 3, Weight 100.0;  
Salamence selected attack Dragon Claw for Salamence targeting Marshadow and opted to mega evolve
tydf62 selected attack Smack Down for Marshadow targeting Salamence
Battle Message: Salamence used Dragon Claw!
Marshadow was damaged by Salamence type ATTACK for 227 before: 227 after: 0
Battle Message: Marshadow fainted!
Salamence used Dragon Claw against Marshadow with results MoveResults{damage=227, fullDamage=289, power=[], accuracy=0, priority=0.0, result=killed, weightMod=0.0}
Battle Message: Ting-Lu's Vessel of Ruin weakened the Special Attack of all surrounding Pokémon!
Global status added com.pixelmonmod.pixelmon.battles.status.OfRuinStatus@31b47f1 by Ting-Lu

Turn #0 has ended
 Terrain: NONE[5 turns remaining]
 Weather: none
 Pokemon: 
 Ting-Lu[health=305, , max health=305]
  Stats: ACCURACY=100, EVASION=100, ATTACK=2, DEFENSE=2, SPECIAL_ATTACK=3, SPECIAL_DEFENSE=3, SPEED=4, stages=[, ACCURACY=0, , , EVASION=0, , , ATTACK=0, , , DEFENSE=0, , , SPECIAL_ATTACK=0, , , SPECIAL_DEFENSE=0, , , SPEED=0, , , ]

 Salamence[health=159, , max health=249]
  Stats: ACCURACY=100, EVASION=100, ATTACK=380, DEFENSE=353, SPECIAL_ATTACK=330, SPECIAL_DEFENSE=263, SPEED=328, stages=[, ACCURACY=0, , , EVASION=0, , , ATTACK=0, , , DEFENSE=0, , , SPECIAL_ATTACK=0, , , SPECIAL_DEFENSE=0, , , SPEED=0, , , ]


Turn #1 has begun
 Terrain: NONE[5 turns remaining]
 Weather: none
 Pokemon: 
 Ting-Lu[health=305, , max health=305]
  Stats: ACCURACY=100, EVASION=100, ATTACK=2, DEFENSE=2, SPECIAL_ATTACK=3, SPECIAL_DEFENSE=3, SPEED=4, stages=[, ACCURACY=0, , , EVASION=0, , , ATTACK=0, , , DEFENSE=0, , , SPECIAL_ATTACK=0, , , SPECIAL_DEFENSE=0, , , SPEED=0, , , ]

 Salamence[health=249, , max health=249]
  Stats: ACCURACY=100, EVASION=100, ATTACK=380, DEFENSE=353, SPECIAL_ATTACK=330, SPECIAL_DEFENSE=263, SPEED=328, stages=[, ACCURACY=0, , , EVASION=0, , , ATTACK=0, , , DEFENSE=0, , , SPECIAL_ATTACK=0, , , SPECIAL_DEFENSE=0, , , SPEED=0, , , ]


Ting-Lu stats changed from [ACCURACY=100, EVASION=100, ATTACK=2, DEFENSE=2, SPECIAL_ATTACK=3, SPECIAL_DEFENSE=3, SPEED=4] to [ACCURACY=100, EVASION=100, ATTACK=175, DEFENSE=222, SPECIAL_ATTACK=112, SPECIAL_DEFENSE=155, SPEED=77] delta: ATTACK=-173, DEFENSE=-220, SPECIAL_ATTACK=-109, SPECIAL_DEFENSE=-152, SPEED=-73
Salamence stats changed from [ACCURACY=100, EVASION=100, ATTACK=380, DEFENSE=353, SPECIAL_ATTACK=330, SPECIAL_DEFENSE=263, SPEED=328] to [ACCURACY=100, EVASION=100, ATTACK=380, DEFENSE=353, SPECIAL_ATTACK=247, SPECIAL_DEFENSE=263, SPEED=328] delta: SPECIAL_ATTACK=83
translation{key='pixelmon.salamence', args=[]} weighted their choices as follows:  Ember, Tier 2, Weight 20.0;  Roost, Tier 0, Weight 0.0;  Dragon Claw, Tier 2, Weight 62.95082;  Zen Headbutt, Tier 0, Weight 0.0;  
translation{key='pixelmon.salamence', args=[]} decided their best choices were:  Dragon Claw, Tier 2, Weight 62.95082;  
Salamence selected attack Dragon Claw for Salamence targeting Ting-Lu and opted to mega evolve

BATTLE ENDED

BATTLE ENDED
Caught error in battle. Continuing...
Attempted to load class net/minecraft/client/resources/sounds/SoundInstance for invalid dist DEDICATED_SERVER
MC-BOOTSTRAP/fml_loader@4.0.41/net.neoforged.fml.common.asm.RuntimeDistCleaner.processClassWithFlags(RuntimeDistCleaner.java:60)
MC-BOOTSTRAP/cpw.mods.modlauncher@11.0.5/cpw.mods.modlauncher.LaunchPluginHandler.offerClassNodeToPlugins(LaunchPluginHandler.java:94)
MC-BOOTSTRAP/cpw.mods.modlauncher@11.0.5/cpw.mods.modlauncher.ClassTransformer.transform(ClassTransformer.java:120)
MC-BOOTSTRAP/cpw.mods.modlauncher@11.0.5/cpw.mods.modlauncher.TransformingClassLoader.maybeTransformClassBytes(TransformingClassLoader.java:57)
cpw.mods.securejarhandler/cpw.mods.cl.ModuleClassLoader.readerToClass(ModuleClassLoader.java:190)
cpw.mods.securejarhandler/cpw.mods.cl.ModuleClassLoader.lambda$findClass$20(ModuleClassLoader.java:298)
cpw.mods.securejarhandler/cpw.mods.cl.ModuleClassLoader.loadFromModule(ModuleClassLoader.java:311)
cpw.mods.securejarhandler/cpw.mods.cl.ModuleClassLoader.findClass(ModuleClassLoader.java:298)
cpw.mods.securejarhandler/cpw.mods.cl.ModuleClassLoader.loadClass(ModuleClassLoader.java:214)
java.base/java.lang.ClassLoader.loadClass(Unknown Source)
TRANSFORMER/pixelmon@9.3.9/com.pixelmonmod.pixelmon.battles.controller.participants.PlayerParticipant.forfeitBattleForBeingTooFarAway(PlayerParticipant.java:666)
TRANSFORMER/pixelmon@9.3.9/com.pixelmonmod.pixelmon.battles.controller.participants.PlayerParticipant.handlePlayerDistanceFromBattle(PlayerParticipant.java:647)
TRANSFORMER/pixelmon@9.3.9/com.pixelmonmod.pixelmon.battles.controller.participants.PlayerParticipant.tick(PlayerParticipant.java:451)
TRANSFORMER/pixelmon@9.3.9/com.pixelmonmod.pixelmon.battles.controller.BattleController.onUpdate(BattleController.java:1135)
TRANSFORMER/pixelmon@9.3.9/com.pixelmonmod.pixelmon.battles.controller.BattleController.update(BattleController.java:511)
TRANSFORMER/pixelmon@9.3.9/com.pixelmonmod.pixelmon.battles.BattleRegistry.updateBattles(BattleRegistry.java:202)
TRANSFORMER/pixelmon@9.3.9/com.pixelmonmod.pixelmon.battles.BattleTickHandler.tickStart(BattleTickHandler.java:10)
MC-BOOTSTRAP/net.neoforged.bus/net.neoforged.bus.EventBus.post(EventBus.java:360)
MC-BOOTSTRAP/net.neoforged.bus/net.neoforged.bus.EventBus.post(EventBus.java:328)
TRANSFORMER/neoforge@21.1.209/net.neoforged.neoforge.event.EventHooks.fireServerTickPost(EventHooks.java:1020)
TRANSFORMER/minecraft@1.21.1/net.minecraft.server.MinecraftServer.tickServer(MinecraftServer.java:943)
TRANSFORMER/minecraft@1.21.1/net.minecraft.server.MinecraftServer.runServer(MinecraftServer.java:707)
TRANSFORMER/minecraft@1.21.1/net.minecraft.server.MinecraftServer.lambda$spin$2(MinecraftServer.java:267)
java.base/java.lang.Thread.run(Unknown Source)
