Pixelmon Version 9.3.9
Battle data 2025-11-17T18:39:42.061085055Z

Team #0 PlayerParticipant lame1202 pixelmon:ultra_space (3267.5976600565295, 87.41999998688698, -4860.1704152078455) 
	Eternatus {Ability:"Pressure",CaughtBall:"dusk_ball",DoesLevel:1b,DynamaxLevel:0,EVAttack:17s,EVDefense:130s,EVHP:38s,EVSpecialAttack:2s,EVSpecialDefense:3s,EVSpeed:8s,EXP:12407,Friendship:0s,Gender:2b,GigantamaxFactor:0b,Health:297,HeldItemStack:{count:1,id:"pixelmon:lucky_egg"},IVAttack:31b,IVDefense:31b,IVHP:4b,IVSpAtt:11b,IVSpDef:31b,IVSpeed:10b,Level:73,MoveSkillCooldown:[{MoveSkillCooldownCurrent:1763400042229L,MoveSkillCooldownId:"forage",MoveSkillCooldownTarget:1763400067229L}],Moveset:[{MoveID:"Dynamax Cannon",MovePP:5b},{MoveID:"Poison Tail",MovePP:25b},{MoveID:"Cross Poison",MovePP:20b},{MoveID:"Dragon Pulse",MovePP:10b}],NBT_VERSION:2b,Nature:8b,PAbilitySlot:0,PHiddenAbility:0b,PersistentData:{},Pokerus:{Announced:0b,Type:0s},RelrnMoves:["Dragon Pulse","Poison Tail","Cross Poison","Agility"],Size:594.9818510150182d,SpecFlags:[],StatsAttack:169s,StatsDefense:190s,StatsHP:297s,StatsSpecialAttack:225s,StatsSpecialDefense:149s,StatsSpeed:203s,UUID:[I;323583437,1923499351,-1821434788,-1937172760],Variant:"ordinary",eggCycles:-1,ndex:890,originalTrainer:"lame1202",originalTrainerUUID:[I;-812478946,543770915,-1079866976,-1753718133],palette:"none",ribbons2:[]}
	Gholdengo {Ability:"GoodAsGold",CaughtBall:"ultra_ball",DoesLevel:1b,DynamaxLevel:0,EVAttack:228s,EVDefense:9s,EVHP:8s,EVSpecialAttack:237s,EVSpecialDefense:12s,EVSpeed:16s,EXP:3297,FormattedNickname:'{"text":"","extra":["『キン』"]}',Friendship:62s,Gender:2b,GigantamaxFactor:0b,Health:309,HeldItemStack:{count:1,id:"pixelmon:choice_specs"},IVAttack:12b,IVDefense:30b,IVHP:23b,IVSpAtt:6b,IVSpDef:15b,IVSpeed:10b,Level:100,MoveSkillCooldown:[{MoveSkillCooldownCurrent:1762540317434L,MoveSkillCooldownId:"ore_sense",MoveSkillCooldownTarget:1762540437434L},{MoveSkillCooldownCurrent:1762700864955L,MoveSkillCooldownId:"forage",MoveSkillCooldownTarget:1762700889955L}],Moveset:[{MoveID:"Make It Rain",MovePP:5b},{MoveID:"Shadow Ball",MovePP:15b},{MoveID:"Trick",MovePP:10b},{MoveID:"Power Gem",MovePP:20b}],NBT_VERSION:2b,Nature:11b,PAbilitySlot:0,PHiddenAbility:0b,PersistentData:{},Pokerus:{Announced:0b,Type:0s},RelrnMoves:["Night Shade","Nasty Plot","Make It Rain","Shadow Ball","Confuse Ray","Recover","Substitute","Flash Cannon","Power Gem","Metal Sound"],Size:51.93591104927317d,SpecFlags:[],StatsAttack:194s,StatsDefense:249s,StatsHP:309s,StatsSpecialAttack:302s,StatsSpecialDefense:205s,StatsSpeed:187s,UUID:[I;-1646217366,-392935378,-1324744369,1913311800],Variant:"base",eggCycles:-1,ndex:1000,originalTrainer:"lame1202",originalTrainerUUID:[I;-812478946,543770915,-1079866976,-1753718133],palette:"none",ribbons2:[]}
	Yveltal {Ability:"DarkAura",CaughtBall:"master_ball",DoesLevel:1b,DynamaxLevel:10,EVAttack:6s,EVDefense:0s,EVHP:0s,EVSpecialAttack:252s,EVSpecialDefense:0s,EVSpeed:252s,EXP:0,FormattedNickname:'{"text":"","extra":["『カラス』"]}',Friendship:0s,Gender:2b,GigantamaxFactor:0b,Health:393,HeldItemStack:{count:1,id:"pixelmon:life_orb"},IVAttack:22b,IVDefense:31b,IVHP:27b,IVSpAtt:12b,IVSpDef:31b,IVSpeed:31b,IV_HTATTACK:1b,IV_HTHP:1b,IV_HTSPECIAL_ATTACK:1b,Level:100,MoveSkillCooldown:[{MoveSkillCooldownCurrent:1763071366066L,MoveSkillCooldownId:"fly",MoveSkillCooldownTarget:1763071367116L},{MoveSkillCooldownCurrent:1763400062074L,MoveSkillCooldownId:"forage",MoveSkillCooldownTarget:1763400087074L}],Moveset:[{MoveID:"Oblivion Wing",MovePP:10b},{MoveID:"Foul Play",MovePP:15b},{MoveID:"Dark Pulse",MovePP:15b},{MoveID:"Fly",MovePP:15b}],NBT_VERSION:2b,Nature:2b,PAbilitySlot:0,PHiddenAbility:0b,PersistentData:{},Pokerus:{Announced:0b,Type:0s},RelrnMoves:["Foul Play","Fly","Roost","Sky Attack","Snarl","Dark Pulse","Gust","Disable"],Size:354.61112173609985d,SpecFlags:[],StatsAttack:299s,StatsDefense:226s,StatsHP:393s,StatsSpecialAttack:361s,StatsSpecialDefense:232s,StatsSpeed:297s,UUID:[I;-1063911881,-209827597,-1503807379,789664429],Variant:"base",eggCycles:-1,ndex:717,originalTrainer:"lame1202",originalTrainerUUID:[I;-812478946,543770915,-1079866976,-1753718133],palette:"none",ribbons2:[]}
	Miraidon {Ability:"HadronEngine",CaughtBall:"dive_ball",DoesLevel:1b,DynamaxLevel:10,EVAttack:0s,EVDefense:4s,EVHP:252s,EVSpecialAttack:206s,EVSpecialDefense:36s,EVSpeed:12s,EXP:4021,Friendship:0s,Gender:2b,GigantamaxFactor:0b,Health:404,HeldItemStack:{count:1,id:"pixelmon:assault_vest"},IVAttack:31b,IVDefense:31b,IVHP:31b,IVSpAtt:14b,IVSpDef:16b,IVSpeed:31b,IV_HTSPECIAL_ATTACK:1b,IV_HTSPECIAL_DEFENSE:1b,Level:100,MintNature:20b,MoveSkillCooldown:[{MoveSkillCooldownCurrent:1763070128452L,MoveSkillCooldownId:"mount_boost",MoveSkillCooldownTarget:1763070168452L},{MoveSkillCooldownCurrent:1763400059867L,MoveSkillCooldownId:"forage",MoveSkillCooldownTarget:1763400084867L}],Moveset:[{MoveID:"Electro Drift",MovePP:5b},{MoveID:"Draco Meteor",MovePP:5b},{MoveID:"Volt Switch",MovePP:20b},{MoveID:"Mirror Coat",MovePP:20b}],NBT_VERSION:2b,Nature:5b,PAbilitySlot:0,PHiddenAbility:0b,PersistentData:{},Pokerus:{Announced:0b,Type:0s},RelrnMoves:["Dragon Pulse","Agility","Mirror Coat","Volt Switch","Electro Drift"],Size:251.36755389744684d,SpecFlags:[],StatsAttack:206s,StatsDefense:237s,StatsHP:404s,StatsSpecialAttack:392s,StatsSpecialDefense:247s,StatsSpeed:309s,UUID:[I;-1276603403,-815378904,-1224603960,576349335],Variant:"base",eggCycles:-1,ndex:1008,originalTrainer:"lame1202",originalTrainerUUID:[I;-812478946,543770915,-1079866976,-1753718133],palette:"none",ribbons2:[]}
	Parasect {Ability:"EffectSpore",CaughtBall:"ultra_ball",DoesLevel:1b,DynamaxLevel:0,EVAttack:47s,EVDefense:133s,EVHP:63s,EVSpecialAttack:4s,EVSpecialDefense:15s,EVSpeed:16s,EXP:18704,Friendship:75s,Gender:1b,GigantamaxFactor:0b,Health:226,HeldItemStack:{count:1,id:"pixelmon:lucky_egg"},IVAttack:4b,IVDefense:10b,IVHP:10b,IVSpAtt:24b,IVSpDef:21b,IVSpeed:25b,Level:88,MintNature:10b,MoveSkillCooldown:[{MoveSkillCooldownCurrent:1763400069074L,MoveSkillCooldownId:"forage",MoveSkillCooldownTarget:1763400094074L}],Moveset:[{MoveID:"False Swipe",MovePP:40b},{MoveID:"X-Scissor",MovePP:15b},{MoveID:"Spore",MovePP:15b},{MoveID:"Stun Spore",MovePP:30b}],NBT_VERSION:2b,Nature:18b,PAbilitySlot:0,PHiddenAbility:0b,PersistentData:{},Pokerus:{Announced:0b,Type:0s},RelrnMoves:["Poison Powder","False Swipe","Scratch","Spore","Stun Spore","Absorb","Aromatherapy","Fury Cutter"],Size:160.5631275379926d,SpecFlags:[],StatsAttack:186s,StatsDefense:201s,StatsHP:226s,StatsSpecialAttack:132s,StatsSpecialDefense:167s,StatsSpeed:74s,UUID:[I;-1276842647,-1846917542,-1364704173,2018912491],Variant:"base",eggCycles:-1,ndex:47,originalTrainer:"lame1202",originalTrainerUUID:[I;-812478946,543770915,-1079866976,-1753718133],palette:"pink",ribbons2:[]}
	Calyrex {Ability:"AsOne",CaughtBall:"dive_ball",DoesLevel:1b,DynamaxLevel:0,EVAttack:23s,EVDefense:132s,EVHP:38s,EVSpecialAttack:2s,EVSpecialDefense:3s,EVSpeed:8s,EXP:14857,Friendship:102s,Gender:2b,GigantamaxFactor:0b,Health:258,HeldItemStack:{count:1,id:"pixelmon:lucky_egg"},IVAttack:31b,IVDefense:7b,IVHP:31b,IVSpAtt:31b,IVSpDef:14b,IVSpeed:21b,Level:73,MoveSkillCooldown:[{MoveSkillCooldownCurrent:1763400044784L,MoveSkillCooldownId:"forage",MoveSkillCooldownTarget:1763400069784L}],Moveset:[{MoveID:"Life Dew",MovePP:10b},{MoveID:"Helping Hand",MovePP:20b},{MoveID:"Psychic Terrain",MovePP:10b},{MoveID:"Astral Barrage",MovePP:5b}],NBT_VERSION:2b,Nature:5b,PAbilitySlot:0,PHiddenAbility:0b,PersistentData:{FusedPokemon:{Ability:"GrimNeigh",CaughtBall:"dive_ball",DoesLevel:1b,DynamaxLevel:0,EVAttack:0s,EVDefense:0s,EVHP:0s,EVSpecialAttack:0s,EVSpecialDefense:0s,EVSpeed:0s,EXP:0,Friendship:35s,Gender:2b,GigantamaxFactor:0b,Health:227,IVAttack:31b,IVDefense:20b,IVHP:10b,IVSpAtt:31b,IVSpDef:4b,IVSpeed:31b,Level:70,Moveset:[{MoveID:"Tackle",MovePP:35b},{MoveID:"Tail Whip",MovePP:30b},{MoveID:"Hex",MovePP:10b},{MoveID:"Haze",MovePP:30b}],NBT_VERSION:2b,Nature:1b,PAbilitySlot:0,PHiddenAbility:0b,PersistentData:{},Pokerus:{Announced:0b,Type:0s},RelrnMoves:["Tackle","Tail Whip","Hex"],Size:153.14231627072277d,SpecFlags:[],StatsAttack:117s,StatsDefense:103s,StatsHP:227s,StatsSpecialAttack:229s,StatsSpecialDefense:119s,StatsSpeed:208s,UUID:[I;-330583638,-2093398841,-1301516363,189157875],Variant:"base",eggCycles:-1,ndex:897,originalTrainer:"lame1202",originalTrainerUUID:[I;-812478946,543770915,-1079866976,-1753718133],palette:"none",ribbons2:[]}},Pokerus:{Announced:0b,Type:0s},RelrnMoves:["Helping Hand","Psychic Terrain","Life Dew","Pound"],Size:110.17346430423368d,SpecFlags:[],StatsAttack:170s,StatsDefense:135s,StatsHP:258s,StatsSpecialAttack:268s,StatsSpecialDefense:161s,StatsSpeed:240s,UUID:[I;878262009,638142455,-1732422590,-275664414],Variant:"shadowrider",eggCycles:-1,ndex:898,originalTrainer:"lame1202",originalTrainerUUID:[I;-812478946,543770915,-1079866976,-1753718133],palette:"none",ribbons2:[]}
Team #1 WildPixelmonParticipant Applin pixelmon:ultra_space (3242.1500000059605, 89.0, -4876.7595789359775) 
	Applin {Ability:"Gluttony",CaughtBall:"poke_ball",DoesLevel:1b,DynamaxLevel:0,EVAttack:0s,EVDefense:0s,EVHP:0s,EVSpecialAttack:0s,EVSpecialDefense:0s,EVSpeed:0s,EXP:0,Friendship:0s,Gender:0b,GigantamaxFactor:0b,Health:59,IVAttack:13b,IVDefense:31b,IVHP:17b,IVSpAtt:19b,IVSpDef:31b,IVSpeed:31b,Level:25,Moveset:[{MoveID:"Astonish",MovePP:15b},{MoveID:"Withdraw",MovePP:40b}],NBT_VERSION:2b,Nature:19b,PAbilitySlot:1,PHiddenAbility:0b,PersistentData:{},Pokerus:{Announced:0b,Type:0s},RelrnMoves:["Astonish"],Size:35.49573860607245d,SpecFlags:[],StatsAttack:28s,StatsDefense:52s,StatsHP:59s,StatsSpecialAttack:31s,StatsSpecialDefense:32s,StatsSpeed:19s,UUID:[I;-1934397788,-628274229,-1734136529,-1847272680],Variant:"base",eggCycles:-1,ndex:840,palette:"none",ribbons2:[]}

Turn #0 has begun
 Terrain: NONE[5 turns remaining]
 Weather: none
 Pokemon: 

Eternatus stats changed from [ACCURACY=100, EVASION=100, ATTACK=0, DEFENSE=0, SPECIAL_ATTACK=0, SPECIAL_DEFENSE=0, SPEED=0] to [ACCURACY=100, EVASION=100, ATTACK=3, DEFENSE=3, SPECIAL_ATTACK=2, SPECIAL_DEFENSE=3, SPEED=2] delta: ATTACK=-3, DEFENSE=-3, SPECIAL_ATTACK=-2, SPECIAL_DEFENSE=-3, SPEED=-2
Gholdengo stats changed from [ACCURACY=100, EVASION=100, ATTACK=0, DEFENSE=0, SPECIAL_ATTACK=0, SPECIAL_DEFENSE=0, SPEED=0] to [ACCURACY=100, EVASION=100, ATTACK=3, DEFENSE=3, SPECIAL_ATTACK=2, SPECIAL_DEFENSE=3, SPEED=3] delta: ATTACK=-3, DEFENSE=-3, SPECIAL_ATTACK=-2, SPECIAL_DEFENSE=-3, SPEED=-3
Yveltal stats changed from [ACCURACY=100, EVASION=100, ATTACK=0, DEFENSE=0, SPECIAL_ATTACK=0, SPECIAL_DEFENSE=0, SPEED=0] to [ACCURACY=100, EVASION=100, ATTACK=2, DEFENSE=3, SPECIAL_ATTACK=2, SPECIAL_DEFENSE=3, SPEED=3] delta: ATTACK=-2, DEFENSE=-3, SPECIAL_ATTACK=-2, SPECIAL_DEFENSE=-3, SPEED=-3
Miraidon stats changed from [ACCURACY=100, EVASION=100, ATTACK=0, DEFENSE=0, SPECIAL_ATTACK=0, SPECIAL_DEFENSE=0, SPEED=0] to [ACCURACY=100, EVASION=100, ATTACK=3, DEFENSE=3, SPECIAL_ATTACK=2, SPECIAL_DEFENSE=2, SPEED=2] delta: ATTACK=-3, DEFENSE=-3, SPECIAL_ATTACK=-2, SPECIAL_DEFENSE=-2, SPEED=-2
Parasect stats changed from [ACCURACY=100, EVASION=100, ATTACK=0, DEFENSE=0, SPECIAL_ATTACK=0, SPECIAL_DEFENSE=0, SPEED=0] to [ACCURACY=100, EVASION=100, ATTACK=3, DEFENSE=3, SPECIAL_ATTACK=3, SPECIAL_DEFENSE=3, SPEED=4] delta: ATTACK=-3, DEFENSE=-3, SPECIAL_ATTACK=-3, SPECIAL_DEFENSE=-3, SPEED=-4
Calyrex stats changed from [ACCURACY=100, EVASION=100, ATTACK=0, DEFENSE=0, SPECIAL_ATTACK=0, SPECIAL_DEFENSE=0, SPEED=0] to [ACCURACY=100, EVASION=100, ATTACK=3, DEFENSE=3, SPECIAL_ATTACK=1, SPECIAL_DEFENSE=3, SPEED=2] delta: ATTACK=-3, DEFENSE=-3, SPECIAL_ATTACK=-1, SPECIAL_DEFENSE=-3, SPEED=-2
Applin stats changed from [ACCURACY=100, EVASION=100, ATTACK=0, DEFENSE=0, SPECIAL_ATTACK=0, SPECIAL_DEFENSE=0, SPEED=0] to [ACCURACY=100, EVASION=100, ATTACK=4, DEFENSE=3, SPECIAL_ATTACK=4, SPECIAL_DEFENSE=4, SPEED=4] delta: ATTACK=-4, DEFENSE=-3, SPECIAL_ATTACK=-4, SPECIAL_DEFENSE=-4, SPEED=-4
Eternatus stats changed from [ACCURACY=100, EVASION=100, ATTACK=3, DEFENSE=3, SPECIAL_ATTACK=2, SPECIAL_DEFENSE=3, SPEED=2] to [ACCURACY=100, EVASION=100, ATTACK=169, DEFENSE=190, SPECIAL_ATTACK=225, SPECIAL_DEFENSE=149, SPEED=203] delta: ATTACK=-166, DEFENSE=-187, SPECIAL_ATTACK=-223, SPECIAL_DEFENSE=-146, SPEED=-201
Applin stats changed from [ACCURACY=100, EVASION=100, ATTACK=4, DEFENSE=3, SPECIAL_ATTACK=4, SPECIAL_DEFENSE=4, SPEED=4] to [ACCURACY=100, EVASION=100, ATTACK=28, DEFENSE=52, SPECIAL_ATTACK=31, SPECIAL_DEFENSE=32, SPEED=19] delta: ATTACK=-24, DEFENSE=-49, SPECIAL_ATTACK=-27, SPECIAL_DEFENSE=-28, SPEED=-15
Battle Message: Eternatus is exerting its Pressure!
translation{key='pixelmon.applin', args=[]} weighted their choices as follows:  Astonish, Tier 2, Weight 1.010101;  Withdraw, Tier 0, Weight 0.0;  
translation{key='pixelmon.applin', args=[]} decided their best choices were:  Astonish, Tier 2, Weight 1.010101;  
Applin selected attack Astonish for Applin targeting Eternatus and opted to mega evolve
lame1202 executed command pc

BATTLE ENDED

BATTLE ENDED
Caught error in battle. Continuing...
Attempted to load class net/minecraft/client/resources/sounds/SoundInstance for invalid dist DEDICATED_SERVER
MC-BOOTSTRAP/fml_loader@4.0.41/net.neoforged.fml.common.asm.RuntimeDistCleaner.processClassWithFlags(RuntimeDistCleaner.java:60)
MC-BOOTSTRAP/cpw.mods.modlauncher@11.0.5/cpw.mods.modlauncher.LaunchPluginHandler.offerClassNodeToPlugins(LaunchPluginHandler.java:94)
MC-BOOTSTRAP/cpw.mods.modlauncher@11.0.5/cpw.mods.modlauncher.ClassTransformer.transform(ClassTransformer.java:120)
MC-BOOTSTRAP/cpw.mods.modlauncher@11.0.5/cpw.mods.modlauncher.TransformingClassLoader.maybeTransformClassBytes(TransformingClassLoader.java:57)
cpw.mods.securejarhandler/cpw.mods.cl.ModuleClassLoader.readerToClass(ModuleClassLoader.java:190)
cpw.mods.securejarhandler/cpw.mods.cl.ModuleClassLoader.lambda$findClass$20(ModuleClassLoader.java:298)
cpw.mods.securejarhandler/cpw.mods.cl.ModuleClassLoader.loadFromModule(ModuleClassLoader.java:311)
cpw.mods.securejarhandler/cpw.mods.cl.ModuleClassLoader.findClass(ModuleClassLoader.java:298)
cpw.mods.securejarhandler/cpw.mods.cl.ModuleClassLoader.loadClass(ModuleClassLoader.java:214)
java.base/java.lang.ClassLoader.loadClass(Unknown Source)
TRANSFORMER/pixelmon@9.3.9/com.pixelmonmod.pixelmon.battles.controller.participants.PlayerParticipant.forfeitBattleForBeingTooFarAway(PlayerParticipant.java:666)
TRANSFORMER/pixelmon@9.3.9/com.pixelmonmod.pixelmon.battles.controller.participants.PlayerParticipant.handlePlayerDistanceFromBattle(PlayerParticipant.java:647)
TRANSFORMER/pixelmon@9.3.9/com.pixelmonmod.pixelmon.battles.controller.participants.PlayerParticipant.tick(PlayerParticipant.java:451)
TRANSFORMER/pixelmon@9.3.9/com.pixelmonmod.pixelmon.battles.controller.BattleController.onUpdate(BattleController.java:1135)
TRANSFORMER/pixelmon@9.3.9/com.pixelmonmod.pixelmon.battles.controller.BattleController.update(BattleController.java:511)
TRANSFORMER/pixelmon@9.3.9/com.pixelmonmod.pixelmon.battles.BattleRegistry.updateBattles(BattleRegistry.java:202)
TRANSFORMER/pixelmon@9.3.9/com.pixelmonmod.pixelmon.battles.BattleTickHandler.tickStart(BattleTickHandler.java:10)
MC-BOOTSTRAP/net.neoforged.bus/net.neoforged.bus.EventBus.post(EventBus.java:360)
MC-BOOTSTRAP/net.neoforged.bus/net.neoforged.bus.EventBus.post(EventBus.java:328)
TRANSFORMER/neoforge@21.1.209/net.neoforged.neoforge.event.EventHooks.fireServerTickPost(EventHooks.java:1020)
TRANSFORMER/minecraft@1.21.1/net.minecraft.server.MinecraftServer.tickServer(MinecraftServer.java:943)
TRANSFORMER/minecraft@1.21.1/net.minecraft.server.MinecraftServer.runServer(MinecraftServer.java:707)
TRANSFORMER/minecraft@1.21.1/net.minecraft.server.MinecraftServer.lambda$spin$2(MinecraftServer.java:267)
java.base/java.lang.Thread.run(Unknown Source)
