Pixelmon Version 9.3.9
Battle data 2025-10-30T00:33:39.694026056Z

Team #0 WildPixelmonParticipant Cosmog pixelmon:ultra_space (4896.203251470502, 51.0, -2159.7999999970198) 
	Cosmog {Ability:"Unaware",CaughtBall:"poke_ball",DoesLevel:1b,DynamaxLevel:0,EVAttack:0s,EVDefense:0s,EVHP:0s,EVSpecialAttack:0s,EVSpecialDefense:0s,EVSpeed:0s,EXP:0,Friendship:0s,Gender:2b,GigantamaxFactor:0b,Health:42,IVAttack:10b,IVDefense:31b,IVHP:31b,IVSpAtt:31b,IVSpDef:27b,IVSpeed:13b,Level:15,Moveset:[{MoveID:"Splash",MovePP:39b},{MoveID:"Teleport",MovePP:20b}],NBT_VERSION:2b,Nature:16b,PAbilitySlot:0,PHiddenAbility:0b,PersistentData:{},Pokerus:{Announced:0b,Type:0s},RelrnMoves:["Splash"],Size:64.1373015672226d,SpecFlags:[],StatsAttack:15s,StatsDefense:18s,StatsHP:42s,StatsSpecialAttack:18s,StatsSpecialDefense:16s,StatsSpeed:19s,UUID:[I;885384621,-1834594863,-1368163436,-695384001],Variant:"base",eggCycles:-1,ndex:789,palette:"none",ribbons2:[]}
Team #0 WildPixelmonParticipant Durant pixelmon:ultra_space (4893.775755094884, 51.0, -2154.3676152907924) 
	Durant {Ability:"Swarm",CaughtBall:"poke_ball",DoesLevel:1b,DynamaxLevel:0,EVAttack:0s,EVDefense:0s,EVHP:0s,EVSpecialAttack:0s,EVSpecialDefense:0s,EVSpeed:0s,EXP:0,Friendship:0s,Gender:1b,GigantamaxFactor:0b,Health:91,IVAttack:11b,IVDefense:26b,IVHP:24b,IVSpAtt:27b,IVSpDef:11b,IVSpeed:2b,Level:34,Moveset:[{MoveID:"Metal Claw",MovePP:35b},{MoveID:"Bug Bite",MovePP:20b},{MoveID:"Agility",MovePP:30b},{MoveID:"Dig",MovePP:10b}],NBT_VERSION:2b,Nature:3b,PAbilitySlot:0,PHiddenAbility:0b,PersistentData:{},Pokerus:{Announced:0b,Type:0s},RelrnMoves:["Metal Claw","Agility","Bug Bite"],Size:48.49084047780979d,SpecFlags:[],StatsAttack:82s,StatsDefense:90s,StatsHP:91s,StatsSpecialAttack:46s,StatsSpecialDefense:41s,StatsSpeed:79s,UUID:[I;122423146,-547927521,-1283069993,779868222],Variant:"base",eggCycles:-1,ndex:632,palette:"none",ribbons2:[]}
Team #0 WildPixelmonParticipant Naclstack pixelmon:ultra_space (4893.060003342768, 51.0, -2154.300000011921) 
	Naclstack {Ability:"PurifyingSalt",CaughtBall:"poke_ball",DoesLevel:1b,DynamaxLevel:0,EVAttack:0s,EVDefense:0s,EVHP:0s,EVSpecialAttack:0s,EVSpecialDefense:0s,EVSpeed:0s,EXP:0,Friendship:0s,Gender:0b,GigantamaxFactor:0b,Health:102,IVAttack:7b,IVDefense:3b,IVHP:30b,IVSpAtt:9b,IVSpDef:25b,IVSpeed:27b,Level:37,Moveset:[{MoveID:"Harden",MovePP:30b},{MoveID:"Mud Shot",MovePP:15b},{MoveID:"Smack Down",MovePP:15b},{MoveID:"Headbutt",MovePP:15b}],NBT_VERSION:2b,Nature:13b,PAbilitySlot:0,PHiddenAbility:0b,PersistentData:{},Pokerus:{Announced:0b,Type:0s},RelrnMoves:["Smack Down","Mud Shot","Harden"],Size:53.357874205446976d,SpecFlags:[],StatsAttack:45s,StatsDefense:80s,StatsHP:102s,StatsSpecialAttack:34s,StatsSpecialDefense:62s,StatsSpeed:44s,UUID:[I;-626185785,1354911219,-1832938397,28995870],Variant:"base",eggCycles:-1,ndex:933,palette:"none",ribbons2:[]}
Team #0 WildPixelmonParticipant Corvisquire pixelmon:ultra_space (4895.543132380435, 51.33958014836106, -2158.5039558492404) 
	Corvisquire {Ability:"KeenEye",CaughtBall:"poke_ball",DoesLevel:1b,DynamaxLevel:0,EVAttack:0s,EVDefense:0s,EVHP:0s,EVSpecialAttack:0s,EVSpecialDefense:0s,EVSpeed:0s,EXP:0,Friendship:0s,Gender:0b,GigantamaxFactor:0b,Health:58,IVAttack:0b,IVDefense:18b,IVHP:31b,IVSpAtt:4b,IVSpDef:4b,IVSpeed:3b,Level:18,Moveset:[{MoveID:"Leer",MovePP:30b},{MoveID:"Fury Attack",MovePP:20b},{MoveID:"Pluck",MovePP:20b},{MoveID:"Taunt",MovePP:20b}],NBT_VERSION:2b,Nature:12b,PAbilitySlot:0,PHiddenAbility:0b,PersistentData:{},Pokerus:{Announced:0b,Type:0s},RelrnMoves:["Leer","Pluck","Fury Attack"],Size:66.63260563975317d,SpecFlags:[],StatsAttack:29s,StatsDefense:30s,StatsHP:58s,StatsSpecialAttack:21s,StatsSpecialDefense:22s,StatsSpeed:33s,UUID:[I;1114015287,28462573,-1448974136,-1625277745],Variant:"base",eggCycles:-1,ndex:822,palette:"none",ribbons2:[]}
Team #0 WildPixelmonParticipant Corviknight pixelmon:ultra_space (4890.965764999315, 52.09642604397118, -2158.563079794099) 
	Corviknight {Ability:"Unnerve",CaughtBall:"poke_ball",DoesLevel:1b,DynamaxLevel:0,EVAttack:0s,EVDefense:0s,EVHP:0s,EVSpecialAttack:0s,EVSpecialDefense:0s,EVSpeed:0s,EXP:0,Friendship:0s,Gender:0b,GigantamaxFactor:0b,Health:179,IVAttack:4b,IVDefense:20b,IVHP:17b,IVSpAtt:14b,IVSpDef:29b,IVSpeed:22b,Level:54,Moveset:[{MoveID:"Iron Defense",MovePP:15b},{MoveID:"Peck",MovePP:35b},{MoveID:"Fury Attack",MovePP:20b},{MoveID:"Swagger",MovePP:15b}],NBT_VERSION:2b,Nature:2b,PAbilitySlot:1,PHiddenAbility:0b,PersistentData:{},Pokerus:{Announced:0b,Type:0s},RelrnMoves:["Peck","Iron Defense","Fury Attack"],Size:175.13321974694557d,SpecFlags:[],StatsAttack:101s,StatsDefense:129s,StatsHP:179s,StatsSpecialAttack:69s,StatsSpecialDefense:112s,StatsSpeed:89s,UUID:[I;-162210933,-1514255838,-1836459240,108988021],Variant:"base",eggCycles:-1,ndex:823,palette:"none",ribbons2:[]}
Team #1 PlayerParticipant godksrk pixelmon:ultra_space (4890.408631199958, 52.63713662195304, -2156.6900213524113) 
	Marshadow {Ability:"Technician",CaughtBall:"great_ball",DoesLevel:1b,DynamaxLevel:0,EVAttack:20s,EVDefense:8s,EVHP:4s,EVSpecialAttack:18s,EVSpecialDefense:4s,EVSpeed:13s,EXP:3902,Friendship:120s,Gender:2b,GigantamaxFactor:0b,Health:208,HeldItemStack:{count:1,id:"pixelmon:lucky_egg"},IVAttack:10b,IVDefense:16b,IVHP:25b,IVSpAtt:31b,IVSpDef:31b,IVSpeed:31b,Level:86,MoveSkillCooldown:[{MoveSkillCooldownCurrent:1761716256933L,MoveSkillCooldownId:"forage",MoveSkillCooldownTarget:1761716281933L}],Moveset:[{MoveID:"Spectral Thief",MovePP:9b},{MoveID:"Fire Punch",MovePP:15b},{MoveID:"Ice Punch",MovePP:15b},{MoveID:"Assurance",MovePP:10b}],NBT_VERSION:2b,Nature:7b,PAbilitySlot:0,PHiddenAbility:0b,PersistentData:{},Pokerus:{Announced:0b,Type:0s},RelrnMoves:["Assurance","Counter","Fire Punch","Ice Punch"],Size:75.66592948916545d,SpecFlags:[],StatsAttack:255s,StatsDefense:158s,StatsHP:273s,StatsSpecialAttack:171s,StatsSpecialDefense:187s,StatsSpeed:249s,UUID:[I;-1003270197,-1468055099,-1629377688,-1872919878],Variant:"base",eggCycles:-1,ndex:802,originalTrainer:"godksrk",originalTrainerUUID:[I;-1534560904,-1643165059,-1785036217,-2046744326],palette:"none",ribbons2:[]}
	Drakloak {Ability:"ClearBody",CaughtBall:"dive_ball",DoesLevel:1b,DynamaxLevel:0,EVAttack:0s,EVDefense:0s,EVHP:0s,EVSpecialAttack:0s,EVSpecialDefense:0s,EVSpeed:0s,EXP:0,Friendship:50s,Gender:0b,GigantamaxFactor:0b,Health:134,IVAttack:24b,IVDefense:28b,IVHP:13b,IVSpAtt:3b,IVSpDef:13b,IVSpeed:20b,Level:50,Moveset:[{MoveID:"Dragon Pulse",MovePP:10b},{MoveID:"Assurance",MovePP:10b},{MoveID:"Hex",MovePP:10b},{MoveID:"Dragon Dance",MovePP:20b}],NBT_VERSION:2b,Nature:14b,PAbilitySlot:0,PHiddenAbility:0b,PersistentData:{},Pokerus:{Announced:0b,Type:0s},RelrnMoves:["Dragon Pulse","Assurance","Hex"],Size:166.63947121113975d,SpecFlags:[],StatsAttack:97s,StatsDefense:62s,StatsHP:134s,StatsSpecialAttack:66s,StatsSpecialDefense:61s,StatsSpeed:128s,UUID:[I;1223637489,-2089007078,-1471043172,-135570784],Variant:"base",eggCycles:-1,ndex:886,originalTrainer:"godksrk",originalTrainerUUID:[I;-1534560904,-1643165059,-1785036217,-2046744326],palette:"none",ribbons2:[]}
	FlutterMane {Ability:"Protosynthesis",CaughtBall:"ultra_ball",DoesLevel:1b,DynamaxLevel:0,EVAttack:36s,EVDefense:21s,EVHP:0s,EVSpecialAttack:40s,EVSpecialDefense:5s,EVSpeed:8s,EXP:187,Friendship:0s,Gender:2b,GigantamaxFactor:0b,Health:154,HeldItemStack:{count:1,id:"pixelmon:luck_incense"},IVAttack:24b,IVDefense:10b,IVHP:20b,IVSpAtt:23b,IVSpDef:26b,IVSpeed:4b,Level:63,Moveset:[{MoveID:"Psyshock",MovePP:10b},{MoveID:"Power Gem",MovePP:20b},{MoveID:"Dazzling Gleam",MovePP:10b},{MoveID:"Mystical Fire",MovePP:10b}],NBT_VERSION:2b,Nature:19b,PAbilitySlot:0,PHiddenAbility:0b,PersistentData:{},Pokerus:{Announced:0b,Type:0s},RelrnMoves:["Mystical Fire","Dazzling Gleam","Astonish","Mean Look","Power Gem"],Size:133.6665871503994d,SpecFlags:[],StatsAttack:95s,StatsDefense:83s,StatsHP:154s,StatsSpecialAttack:214s,StatsSpecialDefense:192s,StatsSpeed:160s,UUID:[I;858060407,739069373,-1863850489,-308738873],Variant:"base",eggCycles:-1,ndex:987,originalTrainer:"godksrk",originalTrainerUUID:[I;-1534560904,-1643165059,-1785036217,-2046744326],palette:"none",ribbons2:[]}
	Lampent {Ability:"FlashFire",CaughtBall:"poke_ball",DoesLevel:1b,DynamaxLevel:0,EVAttack:7s,EVDefense:0s,EVHP:0s,EVSpecialAttack:3s,EVSpecialDefense:0s,EVSpeed:0s,EXP:2036,Friendship:168s,Gender:0b,GigantamaxFactor:0b,Health:134,HeldItemStack:{components:{"pixelmon:mega_evolution":{duration:5400000L,form_name:"mega",valid_pokemon:["sableye"]},"pixelmon:next_usable":"2025-10-29T00:14:14.124468810Z"},count:1,id:"pixelmon:sablenite"},IVAttack:15b,IVDefense:10b,IVHP:15b,IVSpAtt:13b,IVSpDef:6b,IVSpeed:17b,Level:53,MoveSkillCooldown:[{MoveSkillCooldownCurrent:1761713823434L,MoveSkillCooldownId:"ignite",MoveSkillCooldownTarget:1761713863434L},{MoveSkillCooldownCurrent:1761734399147L,MoveSkillCooldownId:"smelt",MoveSkillCooldownTarget:1761734519147L},{MoveSkillCooldownCurrent:1761732894417L,MoveSkillCooldownId:"forage",MoveSkillCooldownTarget:1761732919417L}],Moveset:[{MoveID:"Ember",MovePP:25b},{MoveID:"Minimize",MovePP:10b},{MoveID:"Fire Spin",MovePP:15b},{MoveID:"Inferno",MovePP:5b}],NBT_VERSION:2b,Nature:10b,PAbilitySlot:0,PHiddenAbility:0b,PersistentData:{},Pokerus:{Announced:0b,Type:0s},RelrnMoves:["Minimize","Fire Spin","Ember"],Size:164.16479120906942d,SpecFlags:[],StatsAttack:56s,StatsDefense:80s,StatsHP:134s,StatsSpecialAttack:112s,StatsSpecialDefense:71s,StatsSpeed:64s,UUID:[I;753519314,536429038,-1482410186,-1679797427],Variant:"base",eggCycles:-1,ndex:608,originalTrainer:"godksrk",originalTrainerUUID:[I;-1534560904,-1643165059,-1785036217,-2046744326],palette:"none",ribbons2:[]}
	Tyranitar {Ability:"SandStream",CaughtBall:"heal_ball",DoesLevel:1b,DynamaxLevel:0,EVAttack:152s,EVDefense:136s,EVHP:20s,EVSpecialAttack:142s,EVSpecialDefense:19s,EVSpeed:41s,EXP:7810,Friendship:255s,Gender:0b,GigantamaxFactor:0b,Health:218,HeldItemStack:{count:1,id:"pixelmon:hard_stone"},IVAttack:23b,IVDefense:20b,IVHP:2b,IVSpAtt:22b,IVSpDef:31b,IVSpeed:25b,Level:68,Moveset:[{MoveID:"Earthquake",MovePP:10b},{MoveID:"Crunch",MovePP:15b},{MoveID:"Stone Edge",MovePP:5b},{MoveID:"Rock Slide",MovePP:10b}],NBT_VERSION:2b,Nature:13b,PAbilitySlot:0,PHiddenAbility:0b,PersistentData:{},Pokerus:{Announced:0b,Type:0s},RelrnMoves:["Payback","Smack Down","Earthquake","Rock Throw","Rock Slide","Bite","Scary Face","Crunch"],Size:183.92491232552595d,SpecFlags:[],StatsAttack:205s,StatsDefense:191s,StatsHP:218s,StatsSpecialAttack:173s,StatsSpecialDefense:165s,StatsSpeed:122s,UUID:[I;1488337459,1577471459,-1770934281,-453487938],Variant:"base",eggCycles:-1,ndex:248,originalTrainer:"godksrk",originalTrainerUUID:[I;-1534560904,-1643165059,-1785036217,-2046744326],palette:"none",ribbons2:[]}
	Salamence {Ability:"Intimidate",CaughtBall:"premier_ball",DoesLevel:1b,DynamaxLevel:0,EVAttack:81s,EVDefense:56s,EVHP:4s,EVSpecialAttack:67s,EVSpecialDefense:18s,EVSpeed:10s,EXP:2760,Friendship:74s,Gender:0b,GigantamaxFactor:0b,Health:166,HeldItemStack:{count:1,id:"pixelmon:dragon_scale"},IVAttack:12b,IVDefense:10b,IVHP:4b,IVSpAtt:24b,IVSpDef:3b,IVSpeed:16b,Level:53,Moveset:[{MoveID:"Fly",MovePP:15b},{MoveID:"Dragon Claw",MovePP:15b},{MoveID:"Zen Headbutt",MovePP:15b},{MoveID:"Crunch",MovePP:15b}],NBT_VERSION:2b,Nature:17b,PAbilitySlot:0,PHiddenAbility:0b,PersistentData:{},Pokerus:{Announced:0b,Type:0s},RelrnMoves:["Leer","Protect","Ember","Dragon Claw","Zen Headbutt","Crunch"],Size:167.30238767783808d,SpecFlags:[],StatsAttack:148s,StatsDefense:102s,StatsHP:166s,StatsSpecialAttack:157s,StatsSpecialDefense:93s,StatsSpeed:120s,UUID:[I;1861083724,1454852893,-1101348348,-2114559626],Variant:"base",eggCycles:-1,ndex:373,originalTrainer:"godksrk",originalTrainerUUID:[I;-1534560904,-1643165059,-1785036217,-2046744326],palette:"none",ribbons2:[]}

Turn #0 has begun
 Terrain: NONE[5 turns remaining]
 Weather: none
 Pokemon: 

Cosmog stats changed from [ACCURACY=100, EVASION=100, ATTACK=0, DEFENSE=0, SPECIAL_ATTACK=0, SPECIAL_DEFENSE=0, SPEED=0] to [ACCURACY=100, EVASION=100, ATTACK=4, DEFENSE=4, SPECIAL_ATTACK=4, SPECIAL_DEFENSE=4, SPEED=4] delta: ATTACK=-4, DEFENSE=-4, SPECIAL_ATTACK=-4, SPECIAL_DEFENSE=-4, SPEED=-4
Durant stats changed from [ACCURACY=100, EVASION=100, ATTACK=0, DEFENSE=0, SPECIAL_ATTACK=0, SPECIAL_DEFENSE=0, SPEED=0] to [ACCURACY=100, EVASION=100, ATTACK=2, DEFENSE=2, SPECIAL_ATTACK=4, SPECIAL_DEFENSE=4, SPEED=2] delta: ATTACK=-2, DEFENSE=-2, SPECIAL_ATTACK=-4, SPECIAL_DEFENSE=-4, SPEED=-2
Naclstack stats changed from [ACCURACY=100, EVASION=100, ATTACK=0, DEFENSE=0, SPECIAL_ATTACK=0, SPECIAL_DEFENSE=0, SPEED=0] to [ACCURACY=100, EVASION=100, ATTACK=3, DEFENSE=3, SPECIAL_ATTACK=4, SPECIAL_DEFENSE=3, SPEED=4] delta: ATTACK=-3, DEFENSE=-3, SPECIAL_ATTACK=-4, SPECIAL_DEFENSE=-3, SPEED=-4
Corvisquire stats changed from [ACCURACY=100, EVASION=100, ATTACK=0, DEFENSE=0, SPECIAL_ATTACK=0, SPECIAL_DEFENSE=0, SPEED=0] to [ACCURACY=100, EVASION=100, ATTACK=3, DEFENSE=3, SPECIAL_ATTACK=4, SPECIAL_DEFENSE=3, SPEED=3] delta: ATTACK=-3, DEFENSE=-3, SPECIAL_ATTACK=-4, SPECIAL_DEFENSE=-3, SPEED=-3
Corviknight stats changed from [ACCURACY=100, EVASION=100, ATTACK=0, DEFENSE=0, SPECIAL_ATTACK=0, SPECIAL_DEFENSE=0, SPEED=0] to [ACCURACY=100, EVASION=100, ATTACK=3, DEFENSE=2, SPECIAL_ATTACK=3, SPECIAL_DEFENSE=3, SPEED=3] delta: ATTACK=-3, DEFENSE=-2, SPECIAL_ATTACK=-3, SPECIAL_DEFENSE=-3, SPEED=-3
Marshadow stats changed from [ACCURACY=100, EVASION=100, ATTACK=0, DEFENSE=0, SPECIAL_ATTACK=0, SPECIAL_DEFENSE=0, SPEED=0] to [ACCURACY=100, EVASION=100, ATTACK=2, DEFENSE=3, SPECIAL_ATTACK=3, SPECIAL_DEFENSE=3, SPEED=2] delta: ATTACK=-2, DEFENSE=-3, SPECIAL_ATTACK=-3, SPECIAL_DEFENSE=-3, SPEED=-2
Drakloak stats changed from [ACCURACY=100, EVASION=100, ATTACK=0, DEFENSE=0, SPECIAL_ATTACK=0, SPECIAL_DEFENSE=0, SPEED=0] to [ACCURACY=100, EVASION=100, ATTACK=3, DEFENSE=4, SPECIAL_ATTACK=3, SPECIAL_DEFENSE=4, SPEED=2] delta: ATTACK=-3, DEFENSE=-4, SPECIAL_ATTACK=-3, SPECIAL_DEFENSE=-4, SPEED=-2
FlutterMane stats changed from [ACCURACY=100, EVASION=100, ATTACK=0, DEFENSE=0, SPECIAL_ATTACK=0, SPECIAL_DEFENSE=0, SPEED=0] to [ACCURACY=100, EVASION=100, ATTACK=3, DEFENSE=3, SPECIAL_ATTACK=2, SPECIAL_DEFENSE=2, SPEED=2] delta: ATTACK=-3, DEFENSE=-3, SPECIAL_ATTACK=-2, SPECIAL_DEFENSE=-2, SPEED=-2
Lampent stats changed from [ACCURACY=100, EVASION=100, ATTACK=0, DEFENSE=0, SPECIAL_ATTACK=0, SPECIAL_DEFENSE=0, SPEED=0] to [ACCURACY=100, EVASION=100, ATTACK=4, DEFENSE=3, SPECIAL_ATTACK=3, SPECIAL_DEFENSE=3, SPEED=3] delta: ATTACK=-4, DEFENSE=-3, SPECIAL_ATTACK=-3, SPECIAL_DEFENSE=-3, SPEED=-3
Tyranitar stats changed from [ACCURACY=100, EVASION=100, ATTACK=0, DEFENSE=0, SPECIAL_ATTACK=0, SPECIAL_DEFENSE=0, SPEED=0] to [ACCURACY=100, EVASION=100, ATTACK=2, DEFENSE=2, SPECIAL_ATTACK=3, SPECIAL_DEFENSE=3, SPEED=3] delta: ATTACK=-2, DEFENSE=-2, SPECIAL_ATTACK=-3, SPECIAL_DEFENSE=-3, SPEED=-3
Salamence stats changed from [ACCURACY=100, EVASION=100, ATTACK=0, DEFENSE=0, SPECIAL_ATTACK=0, SPECIAL_DEFENSE=0, SPEED=0] to [ACCURACY=100, EVASION=100, ATTACK=2, DEFENSE=3, SPECIAL_ATTACK=2, SPECIAL_DEFENSE=3, SPEED=3] delta: ATTACK=-2, DEFENSE=-3, SPECIAL_ATTACK=-2, SPECIAL_DEFENSE=-3, SPEED=-3
Battle Message: literal{Cosmog} summoned some nearby allies to assist them
Cosmog stats changed from [ACCURACY=100, EVASION=100, ATTACK=4, DEFENSE=4, SPECIAL_ATTACK=4, SPECIAL_DEFENSE=4, SPEED=4] to [ACCURACY=100, EVASION=100, ATTACK=15, DEFENSE=18, SPECIAL_ATTACK=18, SPECIAL_DEFENSE=16, SPEED=19] delta: ATTACK=-11, DEFENSE=-14, SPECIAL_ATTACK=-14, SPECIAL_DEFENSE=-12, SPEED=-15
Durant stats changed from [ACCURACY=100, EVASION=100, ATTACK=2, DEFENSE=2, SPECIAL_ATTACK=4, SPECIAL_DEFENSE=4, SPEED=2] to [ACCURACY=100, EVASION=100, ATTACK=82, DEFENSE=90, SPECIAL_ATTACK=46, SPECIAL_DEFENSE=41, SPEED=79] delta: ATTACK=-80, DEFENSE=-88, SPECIAL_ATTACK=-42, SPECIAL_DEFENSE=-37, SPEED=-77
Naclstack stats changed from [ACCURACY=100, EVASION=100, ATTACK=3, DEFENSE=3, SPECIAL_ATTACK=4, SPECIAL_DEFENSE=3, SPEED=4] to [ACCURACY=100, EVASION=100, ATTACK=45, DEFENSE=80, SPECIAL_ATTACK=34, SPECIAL_DEFENSE=62, SPEED=44] delta: ATTACK=-42, DEFENSE=-77, SPECIAL_ATTACK=-30, SPECIAL_DEFENSE=-59, SPEED=-40
Corvisquire stats changed from [ACCURACY=100, EVASION=100, ATTACK=3, DEFENSE=3, SPECIAL_ATTACK=4, SPECIAL_DEFENSE=3, SPEED=3] to [ACCURACY=100, EVASION=100, ATTACK=29, DEFENSE=30, SPECIAL_ATTACK=21, SPECIAL_DEFENSE=22, SPEED=33] delta: ATTACK=-26, DEFENSE=-27, SPECIAL_ATTACK=-17, SPECIAL_DEFENSE=-19, SPEED=-30
Corviknight stats changed from [ACCURACY=100, EVASION=100, ATTACK=3, DEFENSE=2, SPECIAL_ATTACK=3, SPECIAL_DEFENSE=3, SPEED=3] to [ACCURACY=100, EVASION=100, ATTACK=101, DEFENSE=129, SPECIAL_ATTACK=69, SPECIAL_DEFENSE=112, SPEED=89] delta: ATTACK=-98, DEFENSE=-127, SPECIAL_ATTACK=-66, SPECIAL_DEFENSE=-109, SPEED=-86
Marshadow stats changed from [ACCURACY=100, EVASION=100, ATTACK=2, DEFENSE=3, SPECIAL_ATTACK=3, SPECIAL_DEFENSE=3, SPEED=2] to [ACCURACY=100, EVASION=100, ATTACK=255, DEFENSE=158, SPECIAL_ATTACK=171, SPECIAL_DEFENSE=187, SPEED=249] delta: ATTACK=-253, DEFENSE=-155, SPECIAL_ATTACK=-168, SPECIAL_DEFENSE=-184, SPEED=-247
Battle Message: Corviknight's Unnerve made the opponent too nervous to eat Berries!
Cosmog selected attack Teleport for Cosmog targeting Cosmog and opted to mega evolve
translation{key='pixelmon.durant', args=[]} weighted their choices as follows:  Metal Claw, Tier 2, Weight 5.4945054;  Bug Bite, Tier 2, Weight 1.4652015;  Agility, Tier 0, Weight 0.0;  Dig, Tier 2, Weight 5.4945054;  
translation{key='pixelmon.durant', args=[]} decided their best choices were:  Metal Claw, Tier 2, Weight 5.4945054;  Dig, Tier 2, Weight 5.4945054;  
Durant selected attack Metal Claw for Durant targeting Marshadow and opted to mega evolve
translation{key='pixelmon.naclstack', args=[]} weighted their choices as follows:  Harden, Tier 0, Weight 0.0;  Mud Shot, Tier 2, Weight 1.831502;  Smack Down, Tier 2, Weight 1.831502;  Headbutt, Tier 0, Weight 0.0;  
translation{key='pixelmon.naclstack', args=[]} decided their best choices were:  Mud Shot, Tier 2, Weight 1.831502;  Smack Down, Tier 2, Weight 1.831502;  
Naclstack selected attack Smack Down for Naclstack targeting Marshadow and opted to mega evolve
translation{key='pixelmon.corvisquire', args=[]} weighted their choices as follows:  Leer, Tier 0, Weight 0.0;  Fury Attack, Tier 0, Weight 0.0;  Pluck, Tier 2, Weight 4.3956046;  Taunt, Tier 0, Weight 0.0;  
translation{key='pixelmon.corvisquire', args=[]} decided their best choices were:  Pluck, Tier 2, Weight 4.3956046;  
Corvisquire selected attack Pluck for Corvisquire targeting Marshadow and opted to mega evolve
translation{key='pixelmon.corviknight', args=[]} weighted their choices as follows:  Iron Defense, Tier 0, Weight 0.0;  Peck, Tier 2, Weight 14.285715;  Fury Attack, Tier 0, Weight 0.0;  Swagger, Tier 0, Weight 0.0;  
translation{key='pixelmon.corviknight', args=[]} decided their best choices were:  Peck, Tier 2, Weight 14.285715;  
Corviknight selected attack Peck for Corviknight targeting Marshadow and opted to mega evolve
godksrk selected attack Spectral Thief for Marshadow targeting Corviknight
Battle Message: Marshadow used Spectral Thief!
Corviknight was damaged by Marshadow type ATTACK for 169 before: 179 after: 10
godksrk told Marshadow to use Spectral Thief against Corviknight with results MoveResults{damage=169, fullDamage=169, power=[], accuracy=0, priority=0.0, result=hit, weightMod=0.0}
Battle Message: Corviknight used Peck!
Battle Message: It's super effective!
Marshadow was damaged by Corviknight type ATTACK for 37 before: 273 after: 236
Corviknight used Peck against Marshadow with results MoveResults{damage=37, fullDamage=37, power=[], accuracy=0, priority=0.0, result=hit, weightMod=0.0}
Battle Message: Durant used Metal Claw!
Marshadow was damaged by Durant type ATTACK for 13 before: 236 after: 223
Durant used Metal Claw against Marshadow with results MoveResults{damage=13, fullDamage=13, power=[], accuracy=0, priority=0.0, result=succeeded, weightMod=0.0}
Battle Message: Naclstack used Smack Down!
Battle Message: It wasn't very effective...
Marshadow was damaged by Naclstack type ATTACK for 4 before: 223 after: 219
Naclstack used Smack Down against Marshadow with results MoveResults{damage=4, fullDamage=4, power=[], accuracy=0, priority=0.0, result=hit, weightMod=0.0}
Battle Message: Corvisquire used Pluck!
Battle Message: It's super effective!
Marshadow was damaged by Corvisquire type ATTACK for 11 before: 219 after: 208
Corvisquire used Pluck against Marshadow with results MoveResults{damage=11, fullDamage=11, power=[], accuracy=0, priority=0.0, result=hit, weightMod=0.0}
Battle Message: Cosmog used Teleport!
Battle Message: Cosmog teleported away!

BATTLE ENDED
Cosmog used Teleport against Cosmog with results MoveResults{damage=0, fullDamage=0, power=[], accuracy=0, priority=-6.0, result=succeeded, weightMod=0.0}
Error in applyEffect for class com.pixelmonmod.pixelmon.battles.attacks.specialAttacks.basic.Teleport for attack Teleport
Cannot invoke "com.pixelmonmod.pixelmon.entities.pixelmon.PixelmonEntity.setHealth(float)" because the return value of "com.pixelmonmod.pixelmon.battles.controller.participants.PixelmonWrapper.getEntity()" is null
TRANSFORMER/pixelmon@9.3.9/com.pixelmonmod.pixelmon.battles.attacks.specialAttacks.basic.Teleport.wildPokemonAttemptsEscape(Teleport.java:56)
TRANSFORMER/pixelmon@9.3.9/com.pixelmonmod.pixelmon.battles.attacks.specialAttacks.basic.Teleport.applyEffectDuring(Teleport.java:26)
TRANSFORMER/pixelmon@9.3.9/com.pixelmonmod.pixelmon.battles.attacks.Attack.applySelfStatusMove(Attack.java:1193)
TRANSFORMER/pixelmon@9.3.9/com.pixelmonmod.pixelmon.battles.attacks.Attack.useSelfTargetingStatusMoves(Attack.java:619)
TRANSFORMER/pixelmon@9.3.9/com.pixelmonmod.pixelmon.battles.attacks.Attack.use(Attack.java:393)
TRANSFORMER/pixelmon@9.3.9/com.pixelmonmod.pixelmon.battles.controller.participants.PixelmonWrapper.useAttack(PixelmonWrapper.java:1146)
TRANSFORMER/pixelmon@9.3.9/com.pixelmonmod.pixelmon.battles.controller.participants.PixelmonWrapper.useAttack(PixelmonWrapper.java:1075)
TRANSFORMER/pixelmon@9.3.9/com.pixelmonmod.pixelmon.battles.controller.participants.PixelmonWrapper.takeTurn(PixelmonWrapper.java:2035)
TRANSFORMER/pixelmon@9.3.9/com.pixelmonmod.pixelmon.battles.controller.BattleController.takeTurn(BattleController.java:1478)
TRANSFORMER/pixelmon@9.3.9/com.pixelmonmod.pixelmon.battles.controller.BattleController.doTurnLogic(BattleController.java:626)
TRANSFORMER/pixelmon@9.3.9/com.pixelmonmod.pixelmon.battles.controller.BattleController.update(BattleController.java:525)
TRANSFORMER/pixelmon@9.3.9/com.pixelmonmod.pixelmon.battles.BattleRegistry.updateBattles(BattleRegistry.java:202)
TRANSFORMER/pixelmon@9.3.9/com.pixelmonmod.pixelmon.battles.BattleTickHandler.tickStart(BattleTickHandler.java:10)
MC-BOOTSTRAP/net.neoforged.bus/net.neoforged.bus.EventBus.post(EventBus.java:360)
MC-BOOTSTRAP/net.neoforged.bus/net.neoforged.bus.EventBus.post(EventBus.java:328)
TRANSFORMER/neoforge@21.1.209/net.neoforged.neoforge.event.EventHooks.fireServerTickPost(EventHooks.java:1020)
TRANSFORMER/minecraft@1.21.1/net.minecraft.server.MinecraftServer.tickServer(MinecraftServer.java:943)
TRANSFORMER/minecraft@1.21.1/net.minecraft.server.MinecraftServer.runServer(MinecraftServer.java:707)
TRANSFORMER/minecraft@1.21.1/net.minecraft.server.MinecraftServer.lambda$spin$2(MinecraftServer.java:267)
java.base/java.lang.Thread.run(Unknown Source)
