Pixelmon Version 9.3.9
Battle data 2025-11-16T16:56:53.466307065Z

Team #0 PlayerParticipant ___________12345 minecraft:overworld (176.8583113586412, 64.0, 2579.932011984321) 
	Shieldon {Ability:"Sturdy",CaughtBall:"poke_ball",DoesLevel:1b,DynamaxLevel:0,EVAttack:0s,EVDefense:0s,EVHP:0s,EVSpecialAttack:0s,EVSpecialDefense:0s,EVSpeed:0s,EXP:0,Friendship:70s,Gender:0b,GigantamaxFactor:0b,Health:11,IVAttack:5b,IVDefense:19b,IVHP:16b,IVSpAtt:6b,IVSpDef:16b,IVSpeed:22b,Level:1,Moveset:[{MoveID:"Protect",MovePP:10b},{MoveID:"Tackle",MovePP:35b}],NBT_VERSION:2b,Nature:15b,PAbilitySlot:0,PHiddenAbility:0b,PersistentData:{},Pokerus:{Announced:0b,Type:0s},RelrnMoves:["Protect"],Size:45.385535937632085d,SpecFlags:[],StatsAttack:5s,StatsDefense:7s,StatsHP:11s,StatsSpecialAttack:4s,StatsSpecialDefense:6s,StatsSpeed:5s,UUID:[I;-181072621,1675444309,-1396769257,-1086512380],Variant:"base",eggCycles:-1,ndex:410,originalTrainer:"___________12345",originalTrainerUUID:[I;-1755248099,-1258862460,-2021475255,1498965264],palette:"none",ribbons2:[]}
	Primarina {Ability:"LiquidVoice",CaughtBall:"poke_ball",DoesLevel:1b,DynamaxLevel:1,EVAttack:166s,EVDefense:143s,EVHP:26s,EVSpecialAttack:65s,EVSpecialDefense:18s,EVSpeed:92s,EXP:504,Friendship:73s,Gender:0b,GigantamaxFactor:0b,Health:276,HeldItemStack:{count:1,id:"pixelmon:waterium_z"},IVAttack:8b,IVDefense:18b,IVHP:0b,IVSpAtt:6b,IVSpDef:1b,IVSpeed:21b,Level:100,MoveSkillCooldown:[{MoveSkillCooldownCurrent:1762268678098L,MoveSkillCooldownId:"forage",MoveSkillCooldownTarget:1762268703098L}],Moveset:[{MoveID:"Moonblast",MovePP:15b},{MoveID:"Ice Beam",MovePP:10b},{MoveID:"Sparkling Aria",MovePP:10b},{MoveID:"Hydro Pump",MovePP:5b}],NBT_VERSION:2b,Nature:24b,PAbilitySlot:0,PHiddenAbility:1b,PersistentData:{},Pokerus:{Announced:1b,Type:0s},RelrnMoves:["Water Gun","Disarming Voice","Growl","Bubble Beam","Icy Wind","Moonblast","Aqua Jet","Pound","Sparkling Aria","Hydro Pump","Misty Terrain","Hyper Voice"],Size:120.20768368133427d,SpecFlags:[],StatsAttack:202s,StatsDefense:206s,StatsHP:276s,StatsSpecialAttack:251s,StatsSpecialDefense:266s,StatsSpeed:169s,UUID:[I;-1172205738,2048607509,-1879822083,-1553849705],Variant:"base",eggCycles:-1,ndex:730,originalTrainer:"___________12345",originalTrainerUUID:[I;-1755248099,-1258862460,-2021475255,1498965264],palette:"none",ribbon_display2:{received:1761568021723L,receiver:'""',type:"destiny"},ribbons2:[{received:1761568021723L,receiver:'""',type:"destiny"}]}
	Lunala {Ability:"ShadowShield",CaughtBall:"poke_ball",DoesLevel:1b,DynamaxLevel:1,EVAttack:186s,EVDefense:153s,EVHP:37s,EVSpecialAttack:72s,EVSpecialDefense:15s,EVSpeed:47s,EXP:0,Friendship:122s,Gender:2b,GigantamaxFactor:0b,Health:424,HeldItemStack:{count:1,id:"pixelmon:life_orb"},IVAttack:31b,IVDefense:31b,IVHP:31b,IVSpAtt:27b,IVSpDef:12b,IVSpeed:6b,IV_HTSPECIAL_ATTACK:1b,IV_HTSPECIAL_DEFENSE:1b,IV_HTSPEED:1b,Level:100,MoveSkillCooldown:[{MoveSkillCooldownCurrent:1762885582654L,MoveSkillCooldownId:"teleport",MoveSkillCooldownTarget:1762885585404L},{MoveSkillCooldownCurrent:1763090765552L,MoveSkillCooldownId:"open_wormhole",MoveSkillCooldownTarget:1763091665552L},{MoveSkillCooldownCurrent:1762327790070L,MoveSkillCooldownId:"forage",MoveSkillCooldownTarget:1762327815070L}],Moveset:[{MoveID:"Shadow Ball",MovePP:15b},{MoveID:"Teleport",MovePP:20b},{MoveID:"Phantom Force",MovePP:10b},{MoveID:"Moongeist Beam",MovePP:5b}],NBT_VERSION:2b,Nature:24b,PAbilitySlot:0,PHiddenAbility:0b,PersistentData:{},Pokerus:{Announced:1b,Type:0s},RelrnMoves:["Cosmic Power","Splash","Shadow Ball","Teleport","Moongeist Beam"],Size:405.9875038263135d,SpecFlags:[],StatsAttack:308s,StatsDefense:252s,StatsHP:424s,StatsSpecialAttack:295s,StatsSpecialDefense:278s,StatsSpeed:241s,UUID:[I;-708358819,-229422748,-1359255917,-1287760405],Variant:"base",eggCycles:-1,ndex:792,originalTrainer:"___________12345",originalTrainerUUID:[I;-1755248099,-1258862460,-2021475255,1498965264],palette:"none",ribbons2:[]}
	Omanyte {Ability:"SwiftSwim",CaughtBall:"poke_ball",DoesLevel:1b,DynamaxLevel:0,EVAttack:2s,EVDefense:0s,EVHP:3s,EVSpecialAttack:0s,EVSpecialDefense:0s,EVSpeed:2s,EXP:542,Friendship:70s,Gender:0b,GigantamaxFactor:0b,Health:39,HeldItemStack:{count:1,id:"pixelmon:lucky_egg"},IVAttack:31b,IVDefense:28b,IVHP:11b,IVSpAtt:13b,IVSpDef:31b,IVSpeed:13b,Level:16,Moveset:[{MoveID:"Bind",MovePP:20b},{MoveID:"Water Gun",MovePP:25b},{MoveID:"Rollout",MovePP:20b},{MoveID:"Sand Attack",MovePP:15b}],NBT_VERSION:2b,Nature:19b,PAbilitySlot:0,PHiddenAbility:0b,PersistentData:{},Pokerus:{Announced:0b,Type:0s},RelrnMoves:["Bind","Withdraw","Sand Attack","Rollout"],Size:63.24107972620419d,SpecFlags:[],StatsAttack:22s,StatsDefense:41s,StatsHP:39s,StatsSpecialAttack:38s,StatsSpecialDefense:27s,StatsSpeed:16s,UUID:[I;990702618,-1846984404,-1215060640,828599657],Variant:"base",eggCycles:-1,ndex:138,originalTrainer:"___________12345",originalTrainerUUID:[I;-1755248099,-1258862460,-2021475255,1498965264],palette:"none",ribbons2:[]}
	Shelmet {Ability:"Hydration",CaughtBall:"ultra_ball",DoesLevel:1b,DynamaxLevel:0,EVAttack:88s,EVDefense:8s,EVHP:13s,EVSpecialAttack:31s,EVSpecialDefense:23s,EVSpeed:39s,EXP:3533,Friendship:70s,Gender:1b,GigantamaxFactor:0b,Health:114,HeldItemStack:{count:1,id:"pixelmon:lucky_egg"},IVAttack:16b,IVDefense:2b,IVHP:9b,IVSpAtt:14b,IVSpDef:13b,IVSpeed:13b,Level:49,Moveset:[{MoveID:"Final Gambit",MovePP:5b},{MoveID:"Recover",MovePP:5b},{MoveID:"Acid",MovePP:30b},{MoveID:"Bug Buzz",MovePP:10b}],NBT_VERSION:2b,Nature:24b,PAbilitySlot:0,PHiddenAbility:0b,PersistentData:{},Pokerus:{Announced:0b,Type:0s},RelrnMoves:["Protect","Acid","Guard Swap","Bug Buzz","Absorb","Struggle Bug","Body Slam","Recover"],Size:51.61106941084235d,SpecFlags:[],StatsAttack:62s,StatsDefense:90s,StatsHP:114s,StatsSpecialAttack:48s,StatsSpecialDefense:84s,StatsSpeed:40s,UUID:[I;349650921,-1381283002,-1777906433,366174045],Variant:"base",eggCycles:-1,ndex:616,originalTrainer:"Dulmin",originalTrainerUUID:[I;-2036690395,-938456484,-1479550921,1712610171],palette:"none",ribbons2:[]}
	Aron {Ability:"Sturdy",CaughtBall:"poke_ball",DoesLevel:0b,DynamaxLevel:0,EVAttack:128s,EVDefense:76s,EVHP:94s,EVSpecialAttack:81s,EVSpecialDefense:41s,EVSpeed:90s,EXP:0,Friendship:40s,Gender:0b,GigantamaxFactor:0b,Health:12,HeldItemStack:{count:1,id:"pixelmon:focus_sash"},IVAttack:30b,IVDefense:21b,IVHP:19b,IVSpAtt:27b,IVSpDef:20b,IVSpeed:11b,Level:1,Moveset:[{MoveID:"Endeavor",MovePP:5b},{MoveID:"Ancient Power",MovePP:5b},{MoveID:"Harden",MovePP:30b},{MoveID:"Tackle",MovePP:35b}],NBT_VERSION:2b,Nature:1b,PAbilitySlot:0,PHiddenAbility:0b,PersistentData:{},Pokerus:{Announced:1b,Type:0s},RelrnMoves:["Endeavor","Tackle","Ancient Power","Harden"],Size:66.24530750780022d,SpecFlags:[],StatsAttack:7s,StatsDefense:7s,StatsHP:12s,StatsSpecialAttack:6s,StatsSpecialDefense:6s,StatsSpeed:5s,UUID:[I;1059472463,-1483980450,-1364759468,-615544923],Variant:"base",eggCycles:-1,ndex:304,originalTrainer:"lame1202",originalTrainerUUID:[I;-812478946,543770915,-1079866976,-1753718133],palette:"none",ribbons2:[]}
Team #1 WildPixelmonParticipant Psyduck minecraft:overworld (205.75921646569907, 64.0, 2571.643663638719) 
	Psyduck {Ability:"Damp",CaughtBall:"poke_ball",DoesLevel:1b,DynamaxLevel:0,EVAttack:0s,EVDefense:0s,EVHP:0s,EVSpecialAttack:0s,EVSpecialDefense:0s,EVSpeed:0s,EXP:0,Friendship:0s,Gender:1b,GigantamaxFactor:0b,Health:68,IVAttack:19b,IVDefense:2b,IVHP:1b,IVSpAtt:24b,IVSpDef:15b,IVSpeed:4b,Level:29,Moveset:[{MoveID:"Scratch",MovePP:35b},{MoveID:"Tail Whip",MovePP:30b},{MoveID:"Water Gun",MovePP:25b},{MoveID:"Confusion",MovePP:25b}],NBT_VERSION:2b,Nature:8b,PAbilitySlot:0,PHiddenAbility:0b,PersistentData:{},Pokerus:{Announced:0b,Type:0s},RelrnMoves:["Water Gun","Scratch","Tail Whip"],Size:63.908691462474d,SpecFlags:[],StatsAttack:44s,StatsDefense:33s,StatsHP:68s,StatsSpecialAttack:49s,StatsSpecialDefense:34s,StatsSpeed:38s,UUID:[I;-2055765831,1672495904,-2117040012,-458574516],Variant:"base",eggCycles:-1,ndex:54,palette:"none",ribbons2:[]}

Turn #0 has begun
 Terrain: NONE[5 turns remaining]
 Weather: none
 Pokemon: 

Shieldon stats changed from [ACCURACY=100, EVASION=100, ATTACK=0, DEFENSE=0, SPECIAL_ATTACK=0, SPECIAL_DEFENSE=0, SPEED=0] to [ACCURACY=100, EVASION=100, ATTACK=4, DEFENSE=2, SPECIAL_ATTACK=4, SPECIAL_DEFENSE=3, SPEED=4] delta: ATTACK=-4, DEFENSE=-2, SPECIAL_ATTACK=-4, SPECIAL_DEFENSE=-3, SPEED=-4
Primarina stats changed from [ACCURACY=100, EVASION=100, ATTACK=0, DEFENSE=0, SPECIAL_ATTACK=0, SPECIAL_DEFENSE=0, SPEED=0] to [ACCURACY=100, EVASION=100, ATTACK=3, DEFENSE=3, SPECIAL_ATTACK=2, SPECIAL_DEFENSE=2, SPEED=3] delta: ATTACK=-3, DEFENSE=-3, SPECIAL_ATTACK=-2, SPECIAL_DEFENSE=-2, SPEED=-3
Lunala stats changed from [ACCURACY=100, EVASION=100, ATTACK=0, DEFENSE=0, SPECIAL_ATTACK=0, SPECIAL_DEFENSE=0, SPEED=0] to [ACCURACY=100, EVASION=100, ATTACK=2, DEFENSE=3, SPECIAL_ATTACK=2, SPECIAL_DEFENSE=2, SPEED=3] delta: ATTACK=-2, DEFENSE=-3, SPECIAL_ATTACK=-2, SPECIAL_DEFENSE=-2, SPEED=-3
Omanyte stats changed from [ACCURACY=100, EVASION=100, ATTACK=0, DEFENSE=0, SPECIAL_ATTACK=0, SPECIAL_DEFENSE=0, SPEED=0] to [ACCURACY=100, EVASION=100, ATTACK=4, DEFENSE=3, SPECIAL_ATTACK=3, SPECIAL_DEFENSE=3, SPEED=4] delta: ATTACK=-4, DEFENSE=-3, SPECIAL_ATTACK=-3, SPECIAL_DEFENSE=-3, SPEED=-4
Shelmet stats changed from [ACCURACY=100, EVASION=100, ATTACK=0, DEFENSE=0, SPECIAL_ATTACK=0, SPECIAL_DEFENSE=0, SPEED=0] to [ACCURACY=100, EVASION=100, ATTACK=4, DEFENSE=3, SPECIAL_ATTACK=4, SPECIAL_DEFENSE=3, SPEED=4] delta: ATTACK=-4, DEFENSE=-3, SPECIAL_ATTACK=-4, SPECIAL_DEFENSE=-3, SPEED=-4
Aron stats changed from [ACCURACY=100, EVASION=100, ATTACK=0, DEFENSE=0, SPECIAL_ATTACK=0, SPECIAL_DEFENSE=0, SPEED=0] to [ACCURACY=100, EVASION=100, ATTACK=3, DEFENSE=3, SPECIAL_ATTACK=4, SPECIAL_DEFENSE=4, SPEED=4] delta: ATTACK=-3, DEFENSE=-3, SPECIAL_ATTACK=-4, SPECIAL_DEFENSE=-4, SPEED=-4
Psyduck stats changed from [ACCURACY=100, EVASION=100, ATTACK=0, DEFENSE=0, SPECIAL_ATTACK=0, SPECIAL_DEFENSE=0, SPEED=0] to [ACCURACY=100, EVASION=100, ATTACK=3, DEFENSE=4, SPECIAL_ATTACK=3, SPECIAL_DEFENSE=4, SPEED=3] delta: ATTACK=-3, DEFENSE=-4, SPECIAL_ATTACK=-3, SPECIAL_DEFENSE=-4, SPEED=-3
Shieldon stats changed from [ACCURACY=100, EVASION=100, ATTACK=4, DEFENSE=2, SPECIAL_ATTACK=4, SPECIAL_DEFENSE=3, SPEED=4] to [ACCURACY=100, EVASION=100, ATTACK=5, DEFENSE=7, SPECIAL_ATTACK=4, SPECIAL_DEFENSE=6, SPEED=5] delta: ATTACK=-1, DEFENSE=-5, SPECIAL_DEFENSE=-3, SPEED=-1
Psyduck stats changed from [ACCURACY=100, EVASION=100, ATTACK=3, DEFENSE=4, SPECIAL_ATTACK=3, SPECIAL_DEFENSE=4, SPEED=3] to [ACCURACY=100, EVASION=100, ATTACK=44, DEFENSE=33, SPECIAL_ATTACK=49, SPECIAL_DEFENSE=34, SPEED=38] delta: ATTACK=-41, DEFENSE=-29, SPECIAL_ATTACK=-46, SPECIAL_DEFENSE=-30, SPEED=-35
Psyduck selected attack Tail Whip for Psyduck targeting Shieldon and opted to mega evolve
Battle Message: Shieldon couldn't escape!
___________12345 fled the battle
Battle Message: Psyduck used Tail Whip!
Battle Message: Shieldon's Defense was decreased!
Psyduck used Tail Whip against Shieldon with results MoveResults{damage=0, fullDamage=0, power=[], accuracy=0, priority=0.0, result=succeeded, weightMod=0.0}

BATTLE ENDED

BATTLE ENDED
Caught error in battle. Continuing...
Attempted to load class net/minecraft/client/resources/sounds/SoundInstance for invalid dist DEDICATED_SERVER
MC-BOOTSTRAP/fml_loader@4.0.41/net.neoforged.fml.common.asm.RuntimeDistCleaner.processClassWithFlags(RuntimeDistCleaner.java:60)
MC-BOOTSTRAP/cpw.mods.modlauncher@11.0.5/cpw.mods.modlauncher.LaunchPluginHandler.offerClassNodeToPlugins(LaunchPluginHandler.java:94)
MC-BOOTSTRAP/cpw.mods.modlauncher@11.0.5/cpw.mods.modlauncher.ClassTransformer.transform(ClassTransformer.java:120)
MC-BOOTSTRAP/cpw.mods.modlauncher@11.0.5/cpw.mods.modlauncher.TransformingClassLoader.maybeTransformClassBytes(TransformingClassLoader.java:57)
cpw.mods.securejarhandler/cpw.mods.cl.ModuleClassLoader.readerToClass(ModuleClassLoader.java:190)
cpw.mods.securejarhandler/cpw.mods.cl.ModuleClassLoader.lambda$findClass$20(ModuleClassLoader.java:298)
cpw.mods.securejarhandler/cpw.mods.cl.ModuleClassLoader.loadFromModule(ModuleClassLoader.java:311)
cpw.mods.securejarhandler/cpw.mods.cl.ModuleClassLoader.findClass(ModuleClassLoader.java:298)
cpw.mods.securejarhandler/cpw.mods.cl.ModuleClassLoader.loadClass(ModuleClassLoader.java:214)
java.base/java.lang.ClassLoader.loadClass(Unknown Source)
TRANSFORMER/pixelmon@9.3.9/com.pixelmonmod.pixelmon.battles.controller.participants.PlayerParticipant.forfeitBattleForBeingTooFarAway(PlayerParticipant.java:666)
TRANSFORMER/pixelmon@9.3.9/com.pixelmonmod.pixelmon.battles.controller.participants.PlayerParticipant.handlePlayerDistanceFromBattle(PlayerParticipant.java:647)
TRANSFORMER/pixelmon@9.3.9/com.pixelmonmod.pixelmon.battles.controller.participants.PlayerParticipant.tick(PlayerParticipant.java:451)
TRANSFORMER/pixelmon@9.3.9/com.pixelmonmod.pixelmon.battles.controller.BattleController.onUpdate(BattleController.java:1135)
TRANSFORMER/pixelmon@9.3.9/com.pixelmonmod.pixelmon.battles.controller.BattleController.update(BattleController.java:511)
TRANSFORMER/pixelmon@9.3.9/com.pixelmonmod.pixelmon.battles.BattleRegistry.updateBattles(BattleRegistry.java:202)
TRANSFORMER/pixelmon@9.3.9/com.pixelmonmod.pixelmon.battles.BattleTickHandler.tickStart(BattleTickHandler.java:10)
MC-BOOTSTRAP/net.neoforged.bus/net.neoforged.bus.EventBus.post(EventBus.java:360)
MC-BOOTSTRAP/net.neoforged.bus/net.neoforged.bus.EventBus.post(EventBus.java:328)
TRANSFORMER/neoforge@21.1.209/net.neoforged.neoforge.event.EventHooks.fireServerTickPost(EventHooks.java:1020)
TRANSFORMER/minecraft@1.21.1/net.minecraft.server.MinecraftServer.tickServer(MinecraftServer.java:943)
TRANSFORMER/minecraft@1.21.1/net.minecraft.server.MinecraftServer.runServer(MinecraftServer.java:707)
TRANSFORMER/minecraft@1.21.1/net.minecraft.server.MinecraftServer.lambda$spin$2(MinecraftServer.java:267)
java.base/java.lang.Thread.run(Unknown Source)
