Pixelmon Version 9.3.9
Battle data 2025-11-13T17:39:11.914508863Z

Team #0 PlayerParticipant ___________12345 pixelmon:ultra_space (2894.598410558004, 59.0, -4627.667464452717) 
	Primarina {Ability:"LiquidVoice",CaughtBall:"poke_ball",DoesLevel:1b,DynamaxLevel:1,EVAttack:166s,EVDefense:143s,EVHP:26s,EVSpecialAttack:65s,EVSpecialDefense:18s,EVSpeed:92s,EXP:504,Friendship:71s,Gender:0b,GigantamaxFactor:0b,Health:276,HeldItemStack:{count:1,id:"pixelmon:waterium_z"},IVAttack:8b,IVDefense:18b,IVHP:0b,IVSpAtt:6b,IVSpDef:1b,IVSpeed:21b,Level:100,MoveSkillCooldown:[{MoveSkillCooldownCurrent:1762268678098L,MoveSkillCooldownId:"forage",MoveSkillCooldownTarget:1762268703098L}],Moveset:[{MoveID:"Moonblast",MovePP:15b},{MoveID:"Ice Beam",MovePP:10b},{MoveID:"Sparkling Aria",MovePP:10b},{MoveID:"Hydro Pump",MovePP:4b}],NBT_VERSION:2b,Nature:24b,PAbilitySlot:0,PHiddenAbility:1b,PersistentData:{},Pokerus:{Announced:1b,Type:0s},RelrnMoves:["Water Gun","Disarming Voice","Growl","Bubble Beam","Icy Wind","Aqua Jet","Moonblast","Pound","Sparkling Aria","Hydro Pump","Misty Terrain","Hyper Voice"],Size:120.20768368133427d,SpecFlags:[],StatsAttack:202s,StatsDefense:206s,StatsHP:276s,StatsSpecialAttack:251s,StatsSpecialDefense:266s,StatsSpeed:169s,UUID:[I;-1172205738,2048607509,-1879822083,-1553849705],Variant:"base",eggCycles:-1,ndex:730,originalTrainer:"___________12345",originalTrainerUUID:[I;-1755248099,-1258862460,-2021475255,1498965264],palette:"none",ribbon_display2:{received:1761568021723L,receiver:'""',type:"destiny"},ribbons2:[{received:1761568021723L,receiver:'""',type:"destiny"}]}
Team #0 PlayerParticipant Bluegum_ pixelmon:ultra_space (2891.2439361696665, 59.0, -4625.429358409506) 
	Arceus {Ability:"Multitype",CaughtBall:"poke_ball",DoesLevel:1b,DynamaxLevel:8,EVAttack:71s,EVDefense:68s,EVHP:30s,EVSpecialAttack:226s,EVSpecialDefense:0s,EVSpeed:115s,EXP:4248,Friendship:216s,Gender:2b,GigantamaxFactor:0b,Health:388,HeldItemStack:{count:1,id:"pixelmon:legend_plate"},IVAttack:5b,IVDefense:31b,IVHP:12b,IVSpAtt:31b,IVSpDef:0b,IVSpeed:31b,IV_HTATTACK:1b,IV_HTHP:1b,IV_HTSPECIAL_DEFENSE:1b,Level:100,MoveSkillCooldown:[{MoveSkillCooldownCurrent:1763046472394L,MoveSkillCooldownId:"open_wormhole",MoveSkillCooldownTarget:1763047372394L}],Moveset:[{MoveID:"Thunder",MovePP:10b},{MoveID:"Earthquake",MovePP:10b},{MoveID:"Judgment",MovePP:8b,MovePPLevel:3b},{MoveID:"Future Sight",MovePP:10b}],NBT_VERSION:2b,Nature:21b,PAbilitySlot:0,PHiddenAbility:0b,PersistentData:{},Pokerus:{Announced:1b,Type:0s},RelrnMoves:["Future Sight","Thunder","Earthquake","Earth Power","Natural Gift","Gravity"],Size:323.36980467820183d,SpecFlags:[],StatsAttack:263s,StatsDefense:293s,StatsHP:388s,StatsSpecialAttack:332s,StatsSpecialDefense:303s,StatsSpeed:304s,UUID:[I;1128965582,27870515,-1981550535,2129915363],Variant:"base",eggCycles:-1,ndex:493,originalTrainer:"Bluegum_",originalTrainerUUID:[I;-18226562,-815576607,-1945710123,1042587051],palette:"none",ribbons2:[]}
Team #0 PlayerParticipant lame1202 pixelmon:ultra_space (2892.6433443627348, 59.5, -4626.307614297456) 
	Garchomp {Ability:"RoughSkin",CaughtBall:"poke_ball",DoesLevel:1b,DynamaxLevel:0,EVAttack:252s,EVDefense:0s,EVHP:6s,EVSpecialAttack:0s,EVSpecialDefense:0s,EVSpeed:252s,EXP:3721,FormattedNickname:'{"text":"","extra":["『ワニ』"]}',Friendship:255s,Gender:1b,GigantamaxFactor:0b,Health:358,HeldItemStack:{count:1,id:"pixelmon:lum_berry"},IVAttack:27b,IVDefense:24b,IVHP:10b,IVSpAtt:12b,IVSpDef:28b,IVSpeed:27b,IV_HTATTACK:1b,IV_HTDEFENSE:1b,IV_HTHP:1b,IV_HTSPECIAL_ATTACK:1b,IV_HTSPECIAL_DEFENSE:1b,IV_HTSPEED:1b,Level:100,MintNature:16b,MoveSkillCooldown:[{MoveSkillCooldownCurrent:1763049798245L,MoveSkillCooldownId:"mount_boost",MoveSkillCooldownTarget:1763049838245L},{MoveSkillCooldownCurrent:1762706851325L,MoveSkillCooldownId:"forage",MoveSkillCooldownTarget:1762706876325L}],Moveset:[{MoveID:"Earthquake",MovePP:10b},{MoveID:"Outrage",MovePP:10b},{MoveID:"Dual Chop",MovePP:15b},{MoveID:"Fire Blast",MovePP:5b}],NBT_VERSION:2b,Nature:12b,PAbilitySlot:0,PHiddenAbility:1b,PersistentData:{},Pokerus:{Announced:0b,Type:0s},RelrnMoves:["False Swipe","Dig","Sand Attack","Bite","Stone Edge","Swords Dance","Outrage","Sand Tomb","Tackle","Tera Blast","Earthquake","Slash","Bulldoze","Crunch","Fire Blast"],Size:179.34559614068806d,SpecFlags:[],StatsAttack:359s,StatsDefense:226s,StatsHP:358s,StatsSpecialAttack:196s,StatsSpecialDefense:185s,StatsSpeed:333s,UUID:[I;6640726,-1809694469,-1176671605,-1159100764],Variant:"base",eggCycles:-1,ndex:445,originalTrainer:"lame1202",originalTrainerUUID:[I;-812478946,543770915,-1079866976,-1753718133],palette:"none",ribbons2:[]}
Team #0 EntityParticipant Janet pixelmon:ultra_space (2892.446474867632, 59.0, -4629.258849818837) 
	Snorlax {Ability:"Immunity",CaughtBall:"poke_ball",DoesLevel:1b,DynamaxLevel:0,EVAttack:0s,EVDefense:0s,EVHP:0s,EVSpecialAttack:0s,EVSpecialDefense:0s,EVSpeed:0s,EXP:0,Friendship:0s,Gender:0b,GigantamaxFactor:0b,Health:208,IVAttack:5b,IVDefense:7b,IVHP:12b,IVSpAtt:6b,IVSpDef:14b,IVSpeed:9b,Level:70,Moveset:[{MoveID:"Giga Impact",MovePP:5b},{MoveID:"Body Slam",MovePP:15b},{MoveID:"Crunch",MovePP:15b},{MoveID:"Stomping Tantrum",MovePP:10b}],NBT_VERSION:2b,Nature:4b,PAbilitySlot:0,PHiddenAbility:0b,PersistentData:{},RelrnMoves:["Body Slam","Giga Impact","Crunch"],Size:138.44953890813764d,SpecFlags:[],StatsAttack:108s,StatsDefense:68s,StatsHP:208s,StatsSpecialAttack:67s,StatsSpecialDefense:112s,StatsSpeed:36s,UUID:[I;-1535005477,-237616388,-1951265717,-268157916],Variant:"base",eggCycles:-1,ndex:143,palette:"none",ribbons2:[]}
Team #1 RaidPixelmonParticipant Flygon N/A N/A 
	Flygon {Ability:"Levitate",CaughtBall:"poke_ball",DoesLevel:1b,DynamaxLevel:30,EVAttack:0s,EVDefense:0s,EVHP:0s,EVSpecialAttack:0s,EVSpecialDefense:0s,EVSpeed:0s,EXP:0,Friendship:0s,Gender:1b,GigantamaxFactor:0b,Health:187,IVAttack:31b,IVDefense:4b,IVHP:31b,IVSpAtt:19b,IVSpDef:31b,IVSpeed:31b,Level:61,Moveset:[{MoveID:"Sand Attack",MovePP:15b},{MoveID:"Bug Buzz",MovePP:10b},{MoveID:"Earth Power",MovePP:10b},{MoveID:"Earthquake",MovePP:10b}],NBT_VERSION:2b,Nature:10b,PAbilitySlot:0,PHiddenAbility:0b,PersistentData:{},Pokerus:{Announced:0b,Type:0s},RelrnMoves:["Bug Buzz","Sand Attack","Earth Power"],Size:178.58096068229509d,SpecFlags:[],StatsAttack:145s,StatsDefense:115s,StatsHP:187s,StatsSpecialAttack:114s,StatsSpecialDefense:121s,StatsSpeed:130s,UUID:[I;-1073395796,432950180,-1549910183,-630844004],Variant:"base",eggCycles:-1,ndex:330,palette:"none",ribbons2:[]}

Turn #0 has begun
 Terrain: NONE[5 turns remaining]
 Weather: none
 Pokemon: 

Primarina stats changed from [ACCURACY=100, EVASION=100, ATTACK=0, DEFENSE=0, SPECIAL_ATTACK=0, SPECIAL_DEFENSE=0, SPEED=0] to [ACCURACY=100, EVASION=100, ATTACK=3, DEFENSE=3, SPECIAL_ATTACK=2, SPECIAL_DEFENSE=2, SPEED=3] delta: ATTACK=-3, DEFENSE=-3, SPECIAL_ATTACK=-2, SPECIAL_DEFENSE=-2, SPEED=-3
Arceus stats changed from [ACCURACY=100, EVASION=100, ATTACK=0, DEFENSE=0, SPECIAL_ATTACK=0, SPECIAL_DEFENSE=0, SPEED=0] to [ACCURACY=100, EVASION=100, ATTACK=2, DEFENSE=2, SPECIAL_ATTACK=2, SPECIAL_DEFENSE=2, SPEED=2] delta: ATTACK=-2, DEFENSE=-2, SPECIAL_ATTACK=-2, SPECIAL_DEFENSE=-2, SPEED=-2
Garchomp stats changed from [ACCURACY=100, EVASION=100, ATTACK=0, DEFENSE=0, SPECIAL_ATTACK=0, SPECIAL_DEFENSE=0, SPEED=0] to [ACCURACY=100, EVASION=100, ATTACK=2, DEFENSE=3, SPECIAL_ATTACK=3, SPECIAL_DEFENSE=3, SPEED=2] delta: ATTACK=-2, DEFENSE=-3, SPECIAL_ATTACK=-3, SPECIAL_DEFENSE=-3, SPEED=-2
Snorlax stats changed from [ACCURACY=100, EVASION=100, ATTACK=0, DEFENSE=0, SPECIAL_ATTACK=0, SPECIAL_DEFENSE=0, SPEED=0] to [ACCURACY=100, EVASION=100, ATTACK=2, DEFENSE=3, SPECIAL_ATTACK=3, SPECIAL_DEFENSE=2, SPEED=4] delta: ATTACK=-2, DEFENSE=-3, SPECIAL_ATTACK=-3, SPECIAL_DEFENSE=-2, SPEED=-4
Flygon stats changed from [ACCURACY=100, EVASION=100, ATTACK=0, DEFENSE=0, SPECIAL_ATTACK=0, SPECIAL_DEFENSE=0, SPEED=0] to [ACCURACY=100, EVASION=100, ATTACK=3, DEFENSE=3, SPECIAL_ATTACK=3, SPECIAL_DEFENSE=3, SPEED=3] delta: ATTACK=-3, DEFENSE=-3, SPECIAL_ATTACK=-3, SPECIAL_DEFENSE=-3, SPEED=-3
Primarina stats changed from [ACCURACY=100, EVASION=100, ATTACK=3, DEFENSE=3, SPECIAL_ATTACK=2, SPECIAL_DEFENSE=2, SPEED=3] to [ACCURACY=100, EVASION=100, ATTACK=202, DEFENSE=206, SPECIAL_ATTACK=251, SPECIAL_DEFENSE=266, SPEED=169] delta: ATTACK=-199, DEFENSE=-203, SPECIAL_ATTACK=-249, SPECIAL_DEFENSE=-264, SPEED=-166
Arceus stats changed from [ACCURACY=100, EVASION=100, ATTACK=2, DEFENSE=2, SPECIAL_ATTACK=2, SPECIAL_DEFENSE=2, SPEED=2] to [ACCURACY=100, EVASION=100, ATTACK=263, DEFENSE=293, SPECIAL_ATTACK=332, SPECIAL_DEFENSE=303, SPEED=304] delta: ATTACK=-261, DEFENSE=-291, SPECIAL_ATTACK=-330, SPECIAL_DEFENSE=-301, SPEED=-302
Garchomp stats changed from [ACCURACY=100, EVASION=100, ATTACK=2, DEFENSE=3, SPECIAL_ATTACK=3, SPECIAL_DEFENSE=3, SPEED=2] to [ACCURACY=100, EVASION=100, ATTACK=359, DEFENSE=226, SPECIAL_ATTACK=196, SPECIAL_DEFENSE=185, SPEED=333] delta: ATTACK=-357, DEFENSE=-223, SPECIAL_ATTACK=-193, SPECIAL_DEFENSE=-182, SPEED=-331
Snorlax stats changed from [ACCURACY=100, EVASION=100, ATTACK=2, DEFENSE=3, SPECIAL_ATTACK=3, SPECIAL_DEFENSE=2, SPEED=4] to [ACCURACY=100, EVASION=100, ATTACK=162, DEFENSE=100, SPECIAL_ATTACK=100, SPECIAL_DEFENSE=168, SPEED=53] delta: ATTACK=-160, DEFENSE=-97, SPECIAL_ATTACK=-97, SPECIAL_DEFENSE=-166, SPEED=-49
Flygon stats changed from [ACCURACY=100, EVASION=100, ATTACK=3, DEFENSE=3, SPECIAL_ATTACK=3, SPECIAL_DEFENSE=3, SPEED=3] to [ACCURACY=100, EVASION=100, ATTACK=145, DEFENSE=115, SPECIAL_ATTACK=114, SPECIAL_DEFENSE=121, SPEED=130] delta: ATTACK=-142, DEFENSE=-112, SPECIAL_ATTACK=-111, SPECIAL_DEFENSE=-118, SPEED=-127
Battle Message: Dynamax Energy gathered around ___________12345!
Battle Message: Dynamax Energy gathered around !
empty weighted their choices as follows:  Giga Impact, Tier 3, Weight 45.0;  Body Slam, Tier 2, Weight 60.55829;  Crunch, Tier 2, Weight 37.633156;  Stomping Tantrum, Tier 0, Weight 0.0;  
empty decided their best choices were:  Giga Impact, Tier 3, Weight 45.0;  
Janet selected attack Giga Impact for Snorlax targeting Flygon and opted to mega evolve
empty weighted their choices as follows:  Bulldoze, Tier 1, Weight 38.050095;  Max Quake, Tier 1, Weight 22.826088;  Max Quake, Tier 1, Weight 11.597939;  Max Quake, Tier 1, Weight 16.201118;  Max Quake, Tier 1, Weight 40.705128;  Dragon Breath, Tier 0, Weight 0.0;  Dragon Breath, Tier 1, Weight 6.6123714;  Dragon Breath, Tier 1, Weight 18.797764;  Dragon Breath, Tier 1, Weight 12.097436;  Max Wyrmwind, Tier 0, Weight 0.0;  Max Wyrmwind, Tier 1, Weight 9.27835;  Max Wyrmwind, Tier 1, Weight 31.005585;  Max Wyrmwind, Tier 1, Weight 69.551285;  Dragon Claw, Tier 0, Weight 0.0;  Dragon Claw, Tier 1, Weight 8.762886;  Dragon Claw, Tier 1, Weight 24.301676;  Dragon Claw, Tier 1, Weight 29.807693;  Max Wyrmwind, Tier 0, Weight 0.0;  Max Wyrmwind, Tier 1, Weight 13.402061;  Max Wyrmwind, Tier 1, Weight 37.7095;  Max Wyrmwind, Tier 1, Weight 98.07692;  Mud-Slap, Tier 1, Weight 3.2608695;  Mud-Slap, Tier 1, Weight 2.3195875;  Mud-Slap, Tier 1, Weight 3.3519554;  Mud-Slap, Tier 1, Weight 4.166667;  Max Quake, Tier 1, Weight 11.956522;  Max Quake, Tier 1, Weight 7.7319584;  Max Quake, Tier 1, Weight 12.849162;  Max Quake, Tier 1, Weight 16.346153;  
empty decided their best choices were:  Max Wyrmwind, Tier 1, Weight 98.07692;  
Flygon selected attack Max Wyrmwind for Flygon targeting Snorlax
Bluegum_ selected attack Judgment for Arceus targeting Flygon
lame1202 selected attack Outrage for Garchomp targeting 
___________12345 selected attack Ice Beam for Primarina targeting Flygon
Battle Message: 『ワニ』 used Outrage!

BATTLE ENDED
Flygon has un-dynamaxed
Caught error in battle. Continuing...
Cannot invoke "com.pixelmonmod.pixelmon.battles.controller.participants.PixelmonWrapper.getOnBattleField()" because "pw" is null
TRANSFORMER/pixelmon@9.3.9/com.pixelmonmod.pixelmon.battles.controller.participants.PixelmonWrapper.manageTargetingSwitchedOutPokemon(PixelmonWrapper.java:1283)
TRANSFORMER/pixelmon@9.3.9/com.pixelmonmod.pixelmon.battles.controller.participants.PixelmonWrapper.useAttack(PixelmonWrapper.java:1135)
TRANSFORMER/pixelmon@9.3.9/com.pixelmonmod.pixelmon.battles.controller.participants.PixelmonWrapper.useAttack(PixelmonWrapper.java:1075)
TRANSFORMER/pixelmon@9.3.9/com.pixelmonmod.pixelmon.battles.controller.participants.PixelmonWrapper.takeTurn(PixelmonWrapper.java:2035)
TRANSFORMER/pixelmon@9.3.9/com.pixelmonmod.pixelmon.battles.controller.BattleController.takeTurn(BattleController.java:1478)
TRANSFORMER/pixelmon@9.3.9/com.pixelmonmod.pixelmon.battles.controller.BattleController.doTurnLogic(BattleController.java:626)
TRANSFORMER/pixelmon@9.3.9/com.pixelmonmod.pixelmon.battles.controller.BattleController.update(BattleController.java:525)
TRANSFORMER/pixelmon@9.3.9/com.pixelmonmod.pixelmon.battles.BattleRegistry.updateBattles(BattleRegistry.java:202)
TRANSFORMER/pixelmon@9.3.9/com.pixelmonmod.pixelmon.battles.BattleTickHandler.tickStart(BattleTickHandler.java:10)
MC-BOOTSTRAP/net.neoforged.bus/net.neoforged.bus.EventBus.post(EventBus.java:360)
MC-BOOTSTRAP/net.neoforged.bus/net.neoforged.bus.EventBus.post(EventBus.java:328)
TRANSFORMER/neoforge@21.1.209/net.neoforged.neoforge.event.EventHooks.fireServerTickPost(EventHooks.java:1020)
TRANSFORMER/minecraft@1.21.1/net.minecraft.server.MinecraftServer.tickServer(MinecraftServer.java:943)
TRANSFORMER/minecraft@1.21.1/net.minecraft.server.MinecraftServer.runServer(MinecraftServer.java:707)
TRANSFORMER/minecraft@1.21.1/net.minecraft.server.MinecraftServer.lambda$spin$2(MinecraftServer.java:267)
java.base/java.lang.Thread.run(Unknown Source)
