Pixelmon Version 9.3.9
Battle data 2025-11-13T17:39:39.164417242Z

Team #0 PlayerParticipant ___________12345 pixelmon:ultra_space (2809.6490201987353, 46.241059887201764, -4622.300000011921) 
	Primarina {Ability:"LiquidVoice",CaughtBall:"poke_ball",DoesLevel:1b,DynamaxLevel:1,EVAttack:166s,EVDefense:143s,EVHP:26s,EVSpecialAttack:65s,EVSpecialDefense:18s,EVSpeed:92s,EXP:504,Friendship:71s,Gender:0b,GigantamaxFactor:0b,Health:270,HeldItemStack:{count:1,id:"pixelmon:waterium_z"},IVAttack:8b,IVDefense:18b,IVHP:0b,IVSpAtt:6b,IVSpDef:1b,IVSpeed:21b,Level:100,MoveSkillCooldown:[{MoveSkillCooldownCurrent:1762268678098L,MoveSkillCooldownId:"forage",MoveSkillCooldownTarget:1762268703098L}],Moveset:[{MoveID:"Moonblast",MovePP:15b},{MoveID:"Ice Beam",MovePP:10b},{MoveID:"Sparkling Aria",MovePP:10b},{MoveID:"Hydro Pump",MovePP:5b}],NBT_VERSION:2b,Nature:24b,PAbilitySlot:0,PHiddenAbility:1b,PersistentData:{},Pokerus:{Announced:1b,Type:0s},RelrnMoves:["Water Gun","Disarming Voice","Growl","Bubble Beam","Icy Wind","Aqua Jet","Moonblast","Pound","Sparkling Aria","Hydro Pump","Misty Terrain","Hyper Voice"],Size:120.20768368133427d,SpecFlags:[],StatsAttack:202s,StatsDefense:206s,StatsHP:276s,StatsSpecialAttack:251s,StatsSpecialDefense:266s,StatsSpeed:169s,Status:12s,UUID:[I;-1172205738,2048607509,-1879822083,-1553849705],Variant:"base",eggCycles:-1,ndex:730,originalTrainer:"___________12345",originalTrainerUUID:[I;-1755248099,-1258862460,-2021475255,1498965264],palette:"none",ribbon_display2:{received:1761568021723L,receiver:'""',type:"destiny"},ribbons2:[{received:1761568021723L,receiver:'""',type:"destiny"}]}
	Lunala {Ability:"ShadowShield",CaughtBall:"poke_ball",DoesLevel:1b,DynamaxLevel:0,EVAttack:186s,EVDefense:153s,EVHP:37s,EVSpecialAttack:72s,EVSpecialDefense:15s,EVSpeed:47s,EXP:0,Friendship:32s,Gender:2b,GigantamaxFactor:0b,Health:424,HeldItemStack:{count:1,id:"pixelmon:quick_claw"},IVAttack:31b,IVDefense:31b,IVHP:31b,IVSpAtt:27b,IVSpDef:12b,IVSpeed:6b,Level:100,MoveSkillCooldown:[{MoveSkillCooldownCurrent:1762885582654L,MoveSkillCooldownId:"teleport",MoveSkillCooldownTarget:1762885585404L},{MoveSkillCooldownCurrent:1763044644985L,MoveSkillCooldownId:"open_wormhole",MoveSkillCooldownTarget:1763045544985L},{MoveSkillCooldownCurrent:1762327790070L,MoveSkillCooldownId:"forage",MoveSkillCooldownTarget:1762327815070L}],Moveset:[{MoveID:"Shadow Ball",MovePP:15b},{MoveID:"Teleport",MovePP:20b},{MoveID:"Phantom Force",MovePP:10b},{MoveID:"Moongeist Beam",MovePP:5b}],NBT_VERSION:2b,Nature:24b,PAbilitySlot:0,PHiddenAbility:0b,PersistentData:{},Pokerus:{Announced:1b,Type:0s},RelrnMoves:["Cosmic Power","Splash","Shadow Ball","Teleport","Moongeist Beam"],Size:405.9875038263135d,SpecFlags:[],StatsAttack:308s,StatsDefense:252s,StatsHP:424s,StatsSpecialAttack:291s,StatsSpecialDefense:257s,StatsSpeed:216s,UUID:[I;-708358819,-229422748,-1359255917,-1287760405],Variant:"base",eggCycles:-1,ndex:792,originalTrainer:"___________12345",originalTrainerUUID:[I;-1755248099,-1258862460,-2021475255,1498965264],palette:"none",ribbons2:[]}
	Magearna {Ability:"SoulHeart",CaughtBall:"master_ball",DoesLevel:1b,DynamaxLevel:0,EVAttack:133s,EVDefense:72s,EVHP:54s,EVSpecialAttack:93s,EVSpecialDefense:45s,EVSpeed:113s,EXP:9741,Friendship:70s,Gender:2b,GigantamaxFactor:0b,Health:244,HeldItemStack:{count:1,id:"pixelmon:lucky_egg"},IVAttack:9b,IVDefense:14b,IVHP:31b,IVSpAtt:15b,IVSpDef:31b,IVSpeed:31b,Level:77,Moveset:[{MoveID:"Thunder Wave",MovePP:20b},{MoveID:"Crafty Shield",MovePP:10b},{MoveID:"Iron Head",MovePP:15b},{MoveID:"Aurora Beam",MovePP:20b}],NBT_VERSION:2b,Nature:24b,PAbilitySlot:0,PHiddenAbility:0b,PersistentData:{},Pokerus:{Announced:1b,Type:0s},RelrnMoves:["Gear Up","Aurora Beam","Crafty Shield","Aura Sphere","Gyro Ball","Iron Defense","Iron Head"],Size:174.69188523014634d,SpecFlags:[],StatsAttack:183s,StatsDefense:206s,StatsHP:244s,StatsSpecialAttack:210s,StatsSpecialDefense:235s,StatsSpeed:150s,UUID:[I;-1275608947,1845641262,-1336595985,-1662497522],Variant:"base",eggCycles:-1,ndex:801,originalTrainer:"godksrk",originalTrainerUUID:[I;-1534560904,-1643165059,-1785036217,-2046744326],palette:"none",ribbons2:[]}
	Aron {Ability:"Sturdy",CaughtBall:"poke_ball",DoesLevel:0b,DynamaxLevel:0,EVAttack:128s,EVDefense:76s,EVHP:94s,EVSpecialAttack:81s,EVSpecialDefense:41s,EVSpeed:90s,EXP:0,Friendship:40s,Gender:0b,GigantamaxFactor:0b,Health:12,HeldItemStack:{count:1,id:"pixelmon:focus_sash"},IVAttack:30b,IVDefense:21b,IVHP:19b,IVSpAtt:27b,IVSpDef:20b,IVSpeed:11b,Level:1,Moveset:[{MoveID:"Endeavor",MovePP:5b},{MoveID:"Ancient Power",MovePP:5b},{MoveID:"Harden",MovePP:30b},{MoveID:"Tackle",MovePP:35b}],NBT_VERSION:2b,Nature:1b,PAbilitySlot:0,PHiddenAbility:0b,PersistentData:{},Pokerus:{Announced:1b,Type:0s},RelrnMoves:["Endeavor","Tackle","Ancient Power","Harden"],Size:66.24530750780022d,SpecFlags:[],StatsAttack:7s,StatsDefense:7s,StatsHP:12s,StatsSpecialAttack:6s,StatsSpecialDefense:6s,StatsSpeed:5s,UUID:[I;1059472463,-1483980450,-1364759468,-615544923],Variant:"base",eggCycles:-1,ndex:304,originalTrainer:"lame1202",originalTrainerUUID:[I;-812478946,543770915,-1079866976,-1753718133],palette:"none",ribbons2:[]}
	Dartrix {Ability:"Overgrow",CaughtBall:"ultra_ball",DoesLevel:1b,DynamaxLevel:0,EVAttack:2s,EVDefense:0s,EVHP:0s,EVSpecialAttack:1s,EVSpecialDefense:0s,EVSpeed:0s,EXP:52,Friendship:76s,Gender:0b,GigantamaxFactor:0b,Health:54,HeldItemStack:{count:1,id:"pixelmon:lucky_egg"},IVAttack:20b,IVDefense:16b,IVHP:7b,IVSpAtt:26b,IVSpDef:30b,IVSpeed:3b,Level:17,Moveset:[{MoveID:"Growl",MovePP:40b},{MoveID:"Tackle",MovePP:35b},{MoveID:"Leafage",MovePP:40b},{MoveID:"Astonish",MovePP:15b}],NBT_VERSION:2b,Nature:10b,PAbilitySlot:0,PHiddenAbility:0b,PersistentData:{},Pokerus:{Announced:0b,Type:0s},RelrnMoves:["Tackle","Growl","Leafage"],Size:115.35768896536437d,SpecFlags:[],StatsAttack:33s,StatsDefense:36s,StatsHP:54s,StatsSpecialAttack:33s,StatsSpecialDefense:33s,StatsSpeed:20s,UUID:[I;-325063864,-791656696,-1996957442,1570979853],Variant:"base",eggCycles:-1,ndex:723,originalTrainer:"___________12345",originalTrainerUUID:[I;-1755248099,-1258862460,-2021475255,1498965264],palette:"none",ribbons2:[]}
	Garganacl {Ability:"Sturdy",CaughtBall:"poke_ball",DoesLevel:1b,DynamaxLevel:0,EVAttack:186s,EVDefense:132s,EVHP:25s,EVSpecialAttack:82s,EVSpecialDefense:14s,EVSpeed:71s,EXP:447,Friendship:116s,Gender:1b,GigantamaxFactor:0b,Health:298,HeldItemStack:{count:1,id:"pixelmon:grip_claw"},IVAttack:29b,IVDefense:30b,IVHP:11b,IVSpAtt:9b,IVSpDef:0b,IVSpeed:21b,Level:91,MoveSkillCooldown:[{MoveSkillCooldownCurrent:1762268669243L,MoveSkillCooldownId:"forage",MoveSkillCooldownTarget:1762268694243L}],Moveset:[{MoveID:"Earthquake",MovePP:10b},{MoveID:"Power Gem",MovePP:20b},{MoveID:"Hammer Arm",MovePP:10b},{MoveID:"Salt Cure",MovePP:15b}],NBT_VERSION:2b,Nature:19b,PAbilitySlot:1,PHiddenAbility:0b,PersistentData:{},Pokerus:{Announced:1b,Type:0s},RelrnMoves:["Heavy Slam","Rock Throw","Stone Edge","Rock Polish","Headbutt","Hammer Arm","Power Gem","Smack Down","Earthquake","Rock Slide","Salt Cure","Iron Defense","Recover","Harden"],Size:163.60431217324987d,SpecFlags:[],StatsAttack:255s,StatsDefense:298s,StatsHP:298s,StatsSpecialAttack:124s,StatsSpecialDefense:171s,StatsSpeed:92s,UUID:[I;1713029720,1545488389,-1483056504,-113463254],Variant:"base",eggCycles:-1,ndex:934,originalTrainer:"godksrk",originalTrainerUUID:[I;-1534560904,-1643165059,-1785036217,-2046744326],palette:"none",ribbons2:[]}
Team #1 WildPixelmonParticipant Magmar pixelmon:ultra_space (2838.997261380208, 49.0, -4616.145348949439) 
	Magmar {Ability:"FlameBody",CaughtBall:"poke_ball",DoesLevel:1b,DynamaxLevel:0,EVAttack:0s,EVDefense:0s,EVHP:0s,EVSpecialAttack:0s,EVSpecialDefense:0s,EVSpeed:0s,EXP:0,Friendship:0s,Gender:0b,GigantamaxFactor:0b,Health:88,IVAttack:21b,IVDefense:11b,IVHP:1b,IVSpAtt:3b,IVSpDef:5b,IVSpeed:15b,Level:34,Moveset:[{MoveID:"Ember",MovePP:25b},{MoveID:"Leer",MovePP:30b},{MoveID:"Smog",MovePP:20b},{MoveID:"Confuse Ray",MovePP:10b}],NBT_VERSION:2b,Nature:7b,PAbilitySlot:0,PHiddenAbility:0b,PersistentData:{},Pokerus:{Announced:0b,Type:0s},RelrnMoves:["Leer","Smog","Ember"],Size:140.94563999286433d,SpecFlags:[],StatsAttack:83s,StatsDefense:47s,StatsHP:88s,StatsSpecialAttack:66s,StatsSpecialDefense:64s,StatsSpeed:73s,UUID:[I;-1997897397,47074120,-1479447641,-782475596],Variant:"base",eggCycles:-1,ndex:126,palette:"none",ribbons2:[]}

Turn #0 has begun
 Terrain: NONE[5 turns remaining]
 Weather: none
 Pokemon: 

Primarina stats changed from [ACCURACY=100, EVASION=100, ATTACK=0, DEFENSE=0, SPECIAL_ATTACK=0, SPECIAL_DEFENSE=0, SPEED=0] to [ACCURACY=100, EVASION=100, ATTACK=3, DEFENSE=3, SPECIAL_ATTACK=2, SPECIAL_DEFENSE=2, SPEED=3] delta: ATTACK=-3, DEFENSE=-3, SPECIAL_ATTACK=-2, SPECIAL_DEFENSE=-2, SPEED=-3
Lunala stats changed from [ACCURACY=100, EVASION=100, ATTACK=0, DEFENSE=0, SPECIAL_ATTACK=0, SPECIAL_DEFENSE=0, SPEED=0] to [ACCURACY=100, EVASION=100, ATTACK=2, DEFENSE=3, SPECIAL_ATTACK=2, SPECIAL_DEFENSE=2, SPEED=3] delta: ATTACK=-2, DEFENSE=-3, SPECIAL_ATTACK=-2, SPECIAL_DEFENSE=-2, SPEED=-3
Magearna stats changed from [ACCURACY=100, EVASION=100, ATTACK=0, DEFENSE=0, SPECIAL_ATTACK=0, SPECIAL_DEFENSE=0, SPEED=0] to [ACCURACY=100, EVASION=100, ATTACK=3, DEFENSE=2, SPECIAL_ATTACK=2, SPECIAL_DEFENSE=2, SPEED=3] delta: ATTACK=-3, DEFENSE=-2, SPECIAL_ATTACK=-2, SPECIAL_DEFENSE=-2, SPEED=-3
Aron stats changed from [ACCURACY=100, EVASION=100, ATTACK=0, DEFENSE=0, SPECIAL_ATTACK=0, SPECIAL_DEFENSE=0, SPEED=0] to [ACCURACY=100, EVASION=100, ATTACK=3, DEFENSE=3, SPECIAL_ATTACK=4, SPECIAL_DEFENSE=4, SPEED=4] delta: ATTACK=-3, DEFENSE=-3, SPECIAL_ATTACK=-4, SPECIAL_DEFENSE=-4, SPEED=-4
Dartrix stats changed from [ACCURACY=100, EVASION=100, ATTACK=0, DEFENSE=0, SPECIAL_ATTACK=0, SPECIAL_DEFENSE=0, SPEED=0] to [ACCURACY=100, EVASION=100, ATTACK=3, DEFENSE=3, SPECIAL_ATTACK=3, SPECIAL_DEFENSE=3, SPEED=3] delta: ATTACK=-3, DEFENSE=-3, SPECIAL_ATTACK=-3, SPECIAL_DEFENSE=-3, SPEED=-3
Garganacl stats changed from [ACCURACY=100, EVASION=100, ATTACK=0, DEFENSE=0, SPECIAL_ATTACK=0, SPECIAL_DEFENSE=0, SPEED=0] to [ACCURACY=100, EVASION=100, ATTACK=3, DEFENSE=2, SPECIAL_ATTACK=4, SPECIAL_DEFENSE=3, SPEED=4] delta: ATTACK=-3, DEFENSE=-2, SPECIAL_ATTACK=-4, SPECIAL_DEFENSE=-3, SPEED=-4
Magmar stats changed from [ACCURACY=100, EVASION=100, ATTACK=0, DEFENSE=0, SPECIAL_ATTACK=0, SPECIAL_DEFENSE=0, SPEED=0] to [ACCURACY=100, EVASION=100, ATTACK=3, DEFENSE=3, SPECIAL_ATTACK=3, SPECIAL_DEFENSE=3, SPEED=3] delta: ATTACK=-3, DEFENSE=-3, SPECIAL_ATTACK=-3, SPECIAL_DEFENSE=-3, SPEED=-3
Primarina stats changed from [ACCURACY=100, EVASION=100, ATTACK=3, DEFENSE=3, SPECIAL_ATTACK=2, SPECIAL_DEFENSE=2, SPEED=3] to [ACCURACY=100, EVASION=100, ATTACK=202, DEFENSE=206, SPECIAL_ATTACK=251, SPECIAL_DEFENSE=266, SPEED=169] delta: ATTACK=-199, DEFENSE=-203, SPECIAL_ATTACK=-249, SPECIAL_DEFENSE=-264, SPEED=-166
Magmar stats changed from [ACCURACY=100, EVASION=100, ATTACK=3, DEFENSE=3, SPECIAL_ATTACK=3, SPECIAL_DEFENSE=3, SPEED=3] to [ACCURACY=100, EVASION=100, ATTACK=83, DEFENSE=47, SPECIAL_ATTACK=66, SPECIAL_DEFENSE=64, SPEED=73] delta: ATTACK=-80, DEFENSE=-44, SPECIAL_ATTACK=-63, SPECIAL_DEFENSE=-61, SPEED=-70
translation{key='pixelmon.magmar', args=[]} weighted their choices as follows:  Ember, Tier 2, Weight 1.0869565;  Leer, Tier 0, Weight 0.0;  Smog, Tier 2, Weight 2.8985507;  Confuse Ray, Tier 0, Weight 0.0;  
translation{key='pixelmon.magmar', args=[]} decided their best choices were:  Smog, Tier 2, Weight 2.8985507;  
Magmar selected attack Smog for Magmar targeting Primarina and opted to mega evolve
___________12345 used pixelmon:poke_ball on Magmar
Battle Message: ___________12345 threw the Quick Ball!
Battle Message: Magmar used Smog!
Battle Message: It's super effective!
Primarina was damaged by Magmar type ATTACK for 6 before: 276 after: 270
Primarina was given status com.pixelmonmod.pixelmon.battles.status.Poison@152d68b3
Magmar used Smog against Primarina with results MoveResults{damage=6, fullDamage=6, power=[], accuracy=0, priority=0.0, result=hit, weightMod=0.0}
___________12345 executed command tp Bluegum_

BATTLE ENDED

BATTLE ENDED
Caught error in battle. Continuing...
Attempted to load class net/minecraft/client/resources/sounds/SoundInstance for invalid dist DEDICATED_SERVER
MC-BOOTSTRAP/fml_loader@4.0.41/net.neoforged.fml.common.asm.RuntimeDistCleaner.processClassWithFlags(RuntimeDistCleaner.java:60)
MC-BOOTSTRAP/cpw.mods.modlauncher@11.0.5/cpw.mods.modlauncher.LaunchPluginHandler.offerClassNodeToPlugins(LaunchPluginHandler.java:94)
MC-BOOTSTRAP/cpw.mods.modlauncher@11.0.5/cpw.mods.modlauncher.ClassTransformer.transform(ClassTransformer.java:120)
MC-BOOTSTRAP/cpw.mods.modlauncher@11.0.5/cpw.mods.modlauncher.TransformingClassLoader.maybeTransformClassBytes(TransformingClassLoader.java:57)
cpw.mods.securejarhandler/cpw.mods.cl.ModuleClassLoader.readerToClass(ModuleClassLoader.java:190)
cpw.mods.securejarhandler/cpw.mods.cl.ModuleClassLoader.lambda$findClass$20(ModuleClassLoader.java:298)
cpw.mods.securejarhandler/cpw.mods.cl.ModuleClassLoader.loadFromModule(ModuleClassLoader.java:311)
cpw.mods.securejarhandler/cpw.mods.cl.ModuleClassLoader.findClass(ModuleClassLoader.java:298)
cpw.mods.securejarhandler/cpw.mods.cl.ModuleClassLoader.loadClass(ModuleClassLoader.java:214)
java.base/java.lang.ClassLoader.loadClass(Unknown Source)
TRANSFORMER/pixelmon@9.3.9/com.pixelmonmod.pixelmon.battles.controller.participants.PlayerParticipant.forfeitBattleForBeingTooFarAway(PlayerParticipant.java:666)
TRANSFORMER/pixelmon@9.3.9/com.pixelmonmod.pixelmon.battles.controller.participants.PlayerParticipant.handlePlayerDistanceFromBattle(PlayerParticipant.java:647)
TRANSFORMER/pixelmon@9.3.9/com.pixelmonmod.pixelmon.battles.controller.participants.PlayerParticipant.tick(PlayerParticipant.java:451)
TRANSFORMER/pixelmon@9.3.9/com.pixelmonmod.pixelmon.battles.controller.BattleController.onUpdate(BattleController.java:1135)
TRANSFORMER/pixelmon@9.3.9/com.pixelmonmod.pixelmon.battles.controller.BattleController.update(BattleController.java:511)
TRANSFORMER/pixelmon@9.3.9/com.pixelmonmod.pixelmon.battles.BattleRegistry.updateBattles(BattleRegistry.java:202)
TRANSFORMER/pixelmon@9.3.9/com.pixelmonmod.pixelmon.battles.BattleTickHandler.tickStart(BattleTickHandler.java:10)
MC-BOOTSTRAP/net.neoforged.bus/net.neoforged.bus.EventBus.post(EventBus.java:360)
MC-BOOTSTRAP/net.neoforged.bus/net.neoforged.bus.EventBus.post(EventBus.java:328)
TRANSFORMER/neoforge@21.1.209/net.neoforged.neoforge.event.EventHooks.fireServerTickPost(EventHooks.java:1020)
TRANSFORMER/minecraft@1.21.1/net.minecraft.server.MinecraftServer.tickServer(MinecraftServer.java:943)
TRANSFORMER/minecraft@1.21.1/net.minecraft.server.MinecraftServer.runServer(MinecraftServer.java:707)
TRANSFORMER/minecraft@1.21.1/net.minecraft.server.MinecraftServer.lambda$spin$2(MinecraftServer.java:267)
java.base/java.lang.Thread.run(Unknown Source)
