Pixelmon Version 9.3.9
Battle data 2025-11-09T15:25:51.956583870Z

Team #0 WildPixelmonParticipant Scolipede pixelmon:ultra_space (-1473.7049917805293, 82.0, -6064.871226188432) 
	Scolipede {Ability:"Swarm",CaughtBall:"poke_ball",DoesLevel:1b,DynamaxLevel:0,EVAttack:0s,EVDefense:0s,EVHP:0s,EVSpecialAttack:0s,EVSpecialDefense:0s,EVSpeed:0s,EXP:0,Friendship:0s,Gender:0b,GigantamaxFactor:0b,Health:81,IVAttack:7b,IVDefense:27b,IVHP:19b,IVSpAtt:15b,IVSpDef:29b,IVSpeed:25b,Level:30,Moveset:[{MoveID:"Baton Pass",MovePP:40b},{MoveID:"Iron Defense",MovePP:15b},{MoveID:"Poison Sting",MovePP:35b},{MoveID:"Poison Tail",MovePP:25b}],NBT_VERSION:2b,Nature:22b,PAbilitySlot:1,PHiddenAbility:0b,PersistentData:{},Pokerus:{Announced:0b,Type:0s},RelrnMoves:["Poison Sting","Baton Pass","Iron Defense"],Size:271.24132332894374d,SpecFlags:[],StatsAttack:67s,StatsDefense:59s,StatsHP:81s,StatsSpecialAttack:42s,StatsSpecialDefense:60s,StatsSpeed:79s,UUID:[I;-971680540,323109295,-1382708105,-396586860],Variant:"base",eggCycles:-1,ndex:545,palette:"none",ribbons2:[]}
Team #0 WildPixelmonParticipant Oranguru pixelmon:ultra_space (-1471.9085388512385, 82.0, -6064.482099878401) 
	Oranguru {Ability:"Telepathy",CaughtBall:"poke_ball",DoesLevel:1b,DynamaxLevel:0,EVAttack:0s,EVDefense:0s,EVHP:0s,EVSpecialAttack:0s,EVSpecialDefense:0s,EVSpeed:0s,EXP:0,Friendship:0s,Gender:0b,GigantamaxFactor:0b,Health:128,IVAttack:28b,IVDefense:1b,IVHP:15b,IVSpAtt:8b,IVSpDef:7b,IVSpeed:3b,Level:40,Moveset:[{MoveID:"Taunt",MovePP:20b},{MoveID:"After You",MovePP:15b},{MoveID:"Calm Mind",MovePP:20b},{MoveID:"Stored Power",MovePP:10b}],NBT_VERSION:2b,Nature:1b,PAbilitySlot:1,PHiddenAbility:0b,PersistentData:{},Pokerus:{Announced:0b,Type:0s},RelrnMoves:["Calm Mind","After You","Taunt"],Size:146.33682978896357d,SpecFlags:[],StatsAttack:64s,StatsDefense:69s,StatsHP:128s,StatsSpecialAttack:80s,StatsSpecialDefense:95s,StatsSpeed:54s,UUID:[I;1807821154,765677198,-1536337129,1827670601],Variant:"base",eggCycles:-1,ndex:765,palette:"none",ribbons2:[]}
Team #0 WildPixelmonParticipant Primeape pixelmon:ultra_space (-1475.5, 103.0, -6066.5) 
	Primeape {Ability:"AngerPoint",CaughtBall:"poke_ball",DoesLevel:1b,DynamaxLevel:0,EVAttack:0s,EVDefense:0s,EVHP:0s,EVSpecialAttack:0s,EVSpecialDefense:0s,EVSpeed:0s,EXP:0,Friendship:0s,Gender:1b,GigantamaxFactor:0b,Health:78,IVAttack:27b,IVDefense:29b,IVHP:15b,IVSpAtt:6b,IVSpDef:14b,IVSpeed:22b,Level:28,Moveset:[{MoveID:"Fling",MovePP:10b},{MoveID:"Leer",MovePP:30b},{MoveID:"Assurance",MovePP:10b},{MoveID:"Thrash",MovePP:10b}],NBT_VERSION:2b,Nature:8b,PAbilitySlot:1,PHiddenAbility:0b,PersistentData:{},Pokerus:{Announced:0b,Type:0s},RelrnMoves:["Fling","Leer","Assurance"],Size:80.01047387499938d,SpecFlags:[],StatsAttack:78s,StatsDefense:46s,StatsHP:78s,StatsSpecialAttack:40s,StatsSpecialDefense:43s,StatsSpeed:64s,UUID:[I;1347981017,-2139862161,-1948641105,-384162157],Variant:"base",eggCycles:-1,ndex:57,palette:"none",ribbons2:[]}
Team #0 WildPixelmonParticipant Xatu pixelmon:ultra_space (-1475.5, 80.86697838809847, -6066.083223715813) 
	Xatu {Ability:"Synchronize",CaughtBall:"poke_ball",DoesLevel:1b,DynamaxLevel:0,EVAttack:0s,EVDefense:0s,EVHP:0s,EVSpecialAttack:0s,EVSpecialDefense:0s,EVSpeed:0s,EXP:0,Friendship:0s,Gender:1b,GigantamaxFactor:0b,Health:90,IVAttack:14b,IVDefense:2b,IVHP:13b,IVSpAtt:18b,IVSpDef:20b,IVSpeed:21b,Level:33,Moveset:[{MoveID:"Air Slash",MovePP:15b},{MoveID:"Leer",MovePP:30b},{MoveID:"Guard Swap",MovePP:10b},{MoveID:"Wish",MovePP:10b}],NBT_VERSION:2b,Nature:18b,PAbilitySlot:0,PHiddenAbility:0b,PersistentData:{},Pokerus:{Announced:0b,Type:0s},RelrnMoves:["Leer","Guard Swap","Air Slash"],Size:115.31135960416005d,SpecFlags:[],StatsAttack:59s,StatsDefense:45s,StatsHP:90s,StatsSpecialAttack:80s,StatsSpecialDefense:57s,StatsSpeed:74s,UUID:[I;1780393026,1701069841,-1704567255,-702583784],Variant:"base",eggCycles:-1,ndex:178,palette:"none",ribbons2:[]}
Team #0 WildPixelmonParticipant Arbok pixelmon:ultra_space (-1471.3999999761581, 79.0, -6066.755998532361) 
	Arbok {Ability:"ShedSkin",CaughtBall:"poke_ball",DoesLevel:1b,DynamaxLevel:0,EVAttack:0s,EVDefense:0s,EVHP:0s,EVSpecialAttack:0s,EVSpecialDefense:0s,EVSpeed:0s,EXP:0,Friendship:0s,Gender:0b,GigantamaxFactor:0b,Health:130,IVAttack:1b,IVDefense:29b,IVHP:20b,IVSpAtt:18b,IVSpDef:8b,IVSpeed:4b,Level:50,Moveset:[{MoveID:"Poison Sting",MovePP:35b},{MoveID:"Glare",MovePP:30b},{MoveID:"Screech",MovePP:40b},{MoveID:"Acid",MovePP:30b}],NBT_VERSION:2b,Nature:0b,PAbilitySlot:1,PHiddenAbility:0b,PersistentData:{},Pokerus:{Announced:0b,Type:0s},RelrnMoves:["Poison Sting","Glare","Screech"],Size:142.1173354740465d,SpecFlags:[],StatsAttack:100s,StatsDefense:88s,StatsHP:130s,StatsSpecialAttack:79s,StatsSpecialDefense:88s,StatsSpeed:87s,UUID:[I;821878223,1127368450,-1418449407,1562327215],Variant:"base",eggCycles:-1,ndex:24,palette:"dark",ribbons2:[]}
Team #1 PlayerParticipant Bluegum_ pixelmon:ultra_space (-1473.974923852765, 83.20259407906622, -6066.035578526226) 
	Aron {Ability:"Sturdy",CaughtBall:"poke_ball",DoesLevel:0b,DynamaxLevel:0,EVAttack:58s,EVDefense:79s,EVHP:23s,EVSpecialAttack:33s,EVSpecialDefense:7s,EVSpeed:34s,EXP:63,Friendship:35s,Gender:0b,GigantamaxFactor:0b,Health:1,IVAttack:30b,IVDefense:21b,IVHP:5b,IVSpAtt:12b,IVSpDef:5b,IVSpeed:3b,Level:7,MoveSkillCooldown:[{MoveSkillCooldownCurrent:1762699103772L,MoveSkillCooldownId:"forage",MoveSkillCooldownTarget:1762699128772L}],Moveset:[{MoveID:"Endeavor",MovePP:5b},{MoveID:"Stealth Rock",MovePP:20b},{MoveID:"Aerial Ace",MovePP:20b},{MoveID:"Protect",MovePP:10b}],NBT_VERSION:2b,Nature:3b,PAbilitySlot:0,PHiddenAbility:0b,PersistentData:{},Pokerus:{Announced:0b,Type:0s},RelrnMoves:["Endeavor","Tackle","Stealth Rock","Aerial Ace","Ancient Power","Harden"],Size:67.07655625324296d,SpecFlags:[],StatsAttack:17s,StatsDefense:21s,StatsHP:24s,StatsSpecialAttack:12s,StatsSpecialDefense:11s,StatsSpeed:10s,Status:11s,UUID:[I;-1741932751,-953857120,-2022190223,-650856533],Variant:"base",eggCycles:-1,ndex:304,originalTrainer:"lame1202",originalTrainerUUID:[I;-812478946,543770915,-1079866976,-1753718133],palette:"none",ribbons2:[]}
	Kadabra {Ability:"Synchronize",CaughtBall:"great_ball",DoesLevel:1b,DynamaxLevel:0,EVAttack:82s,EVDefense:100s,EVHP:12s,EVSpecialAttack:25s,EVSpecialDefense:3s,EVSpeed:39s,EXP:5916,Friendship:76s,Gender:0b,GigantamaxFactor:0b,Health:93,IVAttack:15b,IVDefense:21b,IVHP:2b,IVSpAtt:31b,IVSpDef:16b,IVSpeed:13b,Level:45,MoveSkillCooldown:[{MoveSkillCooldownCurrent:1762701293830L,MoveSkillCooldownId:"teleport",MoveSkillCooldownTarget:1762701298630L},{MoveSkillCooldownCurrent:1762699411151L,MoveSkillCooldownId:"forage",MoveSkillCooldownTarget:1762699436151L}],Moveset:[{MoveID:"Teleport",MovePP:20b},{MoveID:"Recover",MovePP:5b},{MoveID:"Confusion",MovePP:25b},{MoveID:"Psyshock",MovePP:10b}],NBT_VERSION:2b,Nature:2b,PAbilitySlot:0,PHiddenAbility:0b,PersistentData:{},Pokerus:{Announced:0b,Type:0s},RelrnMoves:["Recover","Confusion","Teleport"],Size:128.82477853344295d,SpecFlags:[],StatsAttack:52s,StatsDefense:52s,StatsHP:93s,StatsSpecialAttack:129s,StatsSpecialDefense:75s,StatsSpeed:109s,UUID:[I;-1937185812,1988578088,-1447263109,-1041743685],Variant:"base",eggCycles:-1,ndex:64,originalTrainer:"Bluegum_",originalTrainerUUID:[I;-18226562,-815576607,-1945710123,1042587051],palette:"none",ribbon_display2:{received:1761994420115L,receiver:'""',type:"humble"},ribbons2:[{received:1761994420115L,receiver:'""',type:"humble"}]}
	Corviknight {Ability:"Pressure",CaughtBall:"great_ball",DoesLevel:1b,DynamaxLevel:0,EVAttack:43s,EVDefense:57s,EVHP:23s,EVSpecialAttack:23s,EVSpecialDefense:1s,EVSpeed:37s,EXP:50,Friendship:50s,Gender:1b,GigantamaxFactor:0b,Health:149,IVAttack:14b,IVDefense:2b,IVHP:31b,IVSpAtt:22b,IVSpDef:11b,IVSpeed:18b,Level:42,MoveSkillCooldown:[{MoveSkillCooldownCurrent:1762699157015L,MoveSkillCooldownId:"forage",MoveSkillCooldownTarget:1762699182015L}],Moveset:[{MoveID:"Hone Claws",MovePP:15b},{MoveID:"Leer",MovePP:30b},{MoveID:"Peck",MovePP:35b},{MoveID:"Steel Wing",MovePP:25b}],NBT_VERSION:2b,Nature:24b,PAbilitySlot:0,PHiddenAbility:0b,PersistentData:{},Pokerus:{Announced:0b,Type:0s},RelrnMoves:["Leer","Taunt","Peck","Hone Claws"],Size:167.41187315497817d,SpecFlags:[],StatsAttack:88s,StatsDefense:100s,StatsHP:149s,StatsSpecialAttack:54s,StatsSpecialDefense:89s,StatsSpeed:72s,UUID:[I;-1902119797,1653296718,-2139197231,972524165],Variant:"base",eggCycles:-1,ndex:823,originalTrainer:"Bluegum_",originalTrainerUUID:[I;-18226562,-815576607,-1945710123,1042587051],palette:"none",ribbons2:[]}
	Metagross {Ability:"ClearBody",CaughtBall:"ultra_ball",DoesLevel:1b,DynamaxLevel:10,EVAttack:195s,EVDefense:212s,EVHP:12s,EVSpecialAttack:2s,EVSpecialDefense:43s,EVSpeed:46s,EXP:14500,Friendship:178s,Gender:2b,GigantamaxFactor:0b,Health:289,HeldItemStack:{count:1,id:"pixelmon:lucky_egg"},IVAttack:1b,IVDefense:9b,IVHP:8b,IVSpAtt:2b,IVSpDef:19b,IVSpeed:15b,IV_HTATTACK:1b,IV_HTDEFENSE:1b,IV_HTHP:1b,IV_HTSPECIAL_ATTACK:1b,IV_HTSPECIAL_DEFENSE:1b,IV_HTSPEED:1b,Level:95,MoveSkillCooldown:[{MoveSkillCooldownCurrent:1762699119515L,MoveSkillCooldownId:"forage",MoveSkillCooldownTarget:1762699144515L}],Moveset:[{MoveID:"Stomping Tantrum",MovePP:10b},{MoveID:"Zen Headbutt",MovePP:15b},{MoveID:"Earthquake",MovePP:10b},{MoveID:"Meteor Mash",MovePP:10b}],NBT_VERSION:2b,Nature:15b,PAbilitySlot:0,PHiddenAbility:0b,PersistentData:{},Pokerus:{Announced:0b,Type:0s},RelrnMoves:["Future Sight","Meteor Mash","Heavy Slam","Take Down","Confusion","Gyro Ball","Stomping Tantrum","Flash Cannon","Hammer Arm","Psychic","Metal Claw","Tackle","Earthquake","Agility"],Size:101.22247353966273d,SpecFlags:[],StatsAttack:337s,StatsDefense:331s,StatsHP:289s,StatsSpecialAttack:193s,StatsSpecialDefense:215s,StatsSpeed:195s,UUID:[I;781686170,684476857,-1222539749,1755248273],Variant:"base",eggCycles:-1,ndex:376,originalTrainer:"godksrk",originalTrainerUUID:[I;-1534560904,-1643165059,-1785036217,-2046744326],palette:"none",ribbons2:[]}
	Necrozma {Ability:"PrismArmor",CaughtBall:"master_ball",DoesLevel:1b,DynamaxLevel:9,EVAttack:51s,EVDefense:130s,EVHP:26s,EVSpecialAttack:227s,EVSpecialDefense:19s,EVSpeed:51s,EXP:17231,Friendship:199s,Gender:2b,GigantamaxFactor:0b,Health:255,HeldItemStack:{count:1,id:"pixelmon:assault_vest"},IVAttack:14b,IVDefense:31b,IVHP:31b,IVSpAtt:12b,IVSpDef:31b,IVSpeed:28b,Level:74,MoveSkillCooldown:[{MoveSkillCooldownCurrent:1762701598647L,MoveSkillCooldownId:"open_wormhole",MoveSkillCooldownTarget:1762702498647L},{MoveSkillCooldownCurrent:1762699003046L,MoveSkillCooldownId:"forage",MoveSkillCooldownTarget:1762699028046L}],Moveset:[{MoveID:"Confusion",MovePP:25b},{MoveID:"Photon Geyser",MovePP:5b},{MoveID:"Night Slash",MovePP:15b},{MoveID:"Moongeist Beam",MovePP:5b}],NBT_VERSION:2b,Nature:2b,PAbilitySlot:0,PHiddenAbility:0b,PersistentData:{FusedPokemon:{Ability:"ShadowShield",CaughtBall:"master_ball",DoesLevel:1b,DynamaxLevel:10,EVAttack:52s,EVDefense:61s,EVHP:10s,EVSpecialAttack:30s,EVSpecialDefense:15s,EVSpeed:10s,EXP:2523,Friendship:132s,Gender:2b,GigantamaxFactor:0b,Health:274,IVAttack:31b,IVDefense:31b,IVHP:31b,IVSpAtt:31b,IVSpDef:31b,IVSpeed:31b,Level:65,MoveSkillCooldown:[{MoveSkillCooldownCurrent:1762540468759L,MoveSkillCooldownId:"open_wormhole",MoveSkillCooldownTarget:1762541368759L}],Moveset:[{MoveID:"Moongeist Beam",MovePP:5b},{MoveID:"Shadow Ball",MovePP:15b},{MoveID:"Night Daze",MovePP:10b},{MoveID:"Psychic",MovePP:10b}],NBT_VERSION:2b,Nature:2b,PAbilitySlot:0,PHiddenAbility:0b,PersistentData:{},Pokerus:{Announced:0b,Type:0s},RelrnMoves:["Cosmic Power","Night Daze","Shadow Ball","Confuse Ray","Confusion","Moongeist Beam"],Size:423.68655728993264d,SpecFlags:[],StatsAttack:180s,StatsDefense:150s,StatsHP:274s,StatsSpecialAttack:208s,StatsSpecialDefense:166s,StatsSpeed:152s,UUID:[I;262669123,-1009497750,-1895264588,-494530766],Variant:"base",eggCycles:-1,ndex:792,originalTrainer:"Bluegum_",originalTrainerUUID:[I;-18226562,-815576607,-1945710123,1042587051],palette:"none",ribbons2:[]}},Pokerus:{Announced:0b,Type:0s},RelrnMoves:["Moonlight","Night Slash","Confusion","Photon Geyser","Moongeist Beam","Stored Power"],Size:527.1826480247724d,SpecFlags:[],StatsAttack:192s,StatsDefense:213s,StatsHP:255s,StatsSpecialAttack:288s,StatsSpecialDefense:219s,StatsSpeed:149s,UUID:[I;1907024463,-107854951,-1498588856,370906150],Variant:"dawn",eggCycles:-1,ndex:800,originalTrainer:"Bluegum_",originalTrainerUUID:[I;-18226562,-815576607,-1945710123,1042587051],palette:"none",ribbons2:[]}
	Chandelure {Ability:"FlashFire",CaughtBall:"great_ball",DoesLevel:1b,DynamaxLevel:0,EVAttack:100s,EVDefense:147s,EVHP:22s,EVSpecialAttack:44s,EVSpecialDefense:2s,EVSpeed:64s,EXP:11099,Friendship:213s,Gender:0b,GigantamaxFactor:0b,Health:159,HeldItemStack:{count:1,id:"pixelmon:spell_tag"},IVAttack:17b,IVDefense:24b,IVHP:4b,IVSpAtt:17b,IVSpDef:27b,IVSpeed:31b,Level:65,MoveSkillCooldown:[{MoveSkillCooldownCurrent:1762266322125L,MoveSkillCooldownId:"ignite",MoveSkillCooldownTarget:1762266362125L}],Moveset:[{MoveID:"Heat Wave",MovePP:10b},{MoveID:"Overheat",MovePP:5b},{MoveID:"Shadow Ball",MovePP:15b},{MoveID:"Fire Blast",MovePP:5b}],NBT_VERSION:2b,Nature:13b,PAbilitySlot:0,PHiddenAbility:0b,PersistentData:{},Pokerus:{Announced:0b,Type:0s},RelrnMoves:["Smog","Inferno","Poltergeist","Will-O-Wisp","Overheat","Shadow Ball","Flare Blitz","Fire Blast"],Size:152.31493249610517d,SpecFlags:[],StatsAttack:92s,StatsDefense:161s,StatsHP:159s,StatsSpecialAttack:211s,StatsSpecialDefense:139s,StatsSpeed:152s,UUID:[I;-916774223,-1931064497,-1617671008,-952619417],Variant:"base",eggCycles:-1,ndex:609,originalTrainer:"Bluegum_",originalTrainerUUID:[I;-18226562,-815576607,-1945710123,1042587051],palette:"none",ribbon_display2:{received:1761750479281L,receiver:'""',type:"dawn"},ribbons2:[{received:1761750479281L,receiver:'""',type:"dawn"}]}

Turn #0 has begun
 Terrain: NONE[5 turns remaining]
 Weather: none
 Pokemon: 

Scolipede stats changed from [ACCURACY=100, EVASION=100, ATTACK=0, DEFENSE=0, SPECIAL_ATTACK=0, SPECIAL_DEFENSE=0, SPEED=0] to [ACCURACY=100, EVASION=100, ATTACK=3, DEFENSE=3, SPECIAL_ATTACK=3, SPECIAL_DEFENSE=3, SPEED=2] delta: ATTACK=-3, DEFENSE=-3, SPECIAL_ATTACK=-3, SPECIAL_DEFENSE=-3, SPEED=-2
Oranguru stats changed from [ACCURACY=100, EVASION=100, ATTACK=0, DEFENSE=0, SPECIAL_ATTACK=0, SPECIAL_DEFENSE=0, SPEED=0] to [ACCURACY=100, EVASION=100, ATTACK=3, DEFENSE=3, SPECIAL_ATTACK=3, SPECIAL_DEFENSE=2, SPEED=3] delta: ATTACK=-3, DEFENSE=-3, SPECIAL_ATTACK=-3, SPECIAL_DEFENSE=-2, SPEED=-3
Primeape stats changed from [ACCURACY=100, EVASION=100, ATTACK=0, DEFENSE=0, SPECIAL_ATTACK=0, SPECIAL_DEFENSE=0, SPEED=0] to [ACCURACY=100, EVASION=100, ATTACK=2, DEFENSE=3, SPECIAL_ATTACK=3, SPECIAL_DEFENSE=3, SPEED=3] delta: ATTACK=-2, DEFENSE=-3, SPECIAL_ATTACK=-3, SPECIAL_DEFENSE=-3, SPEED=-3
Xatu stats changed from [ACCURACY=100, EVASION=100, ATTACK=0, DEFENSE=0, SPECIAL_ATTACK=0, SPECIAL_DEFENSE=0, SPEED=0] to [ACCURACY=100, EVASION=100, ATTACK=3, DEFENSE=3, SPECIAL_ATTACK=3, SPECIAL_DEFENSE=3, SPEED=3] delta: ATTACK=-3, DEFENSE=-3, SPECIAL_ATTACK=-3, SPECIAL_DEFENSE=-3, SPEED=-3
Arbok stats changed from [ACCURACY=100, EVASION=100, ATTACK=0, DEFENSE=0, SPECIAL_ATTACK=0, SPECIAL_DEFENSE=0, SPEED=0] to [ACCURACY=100, EVASION=100, ATTACK=3, DEFENSE=3, SPECIAL_ATTACK=3, SPECIAL_DEFENSE=3, SPEED=3] delta: ATTACK=-3, DEFENSE=-3, SPECIAL_ATTACK=-3, SPECIAL_DEFENSE=-3, SPEED=-3
Aron stats changed from [ACCURACY=100, EVASION=100, ATTACK=0, DEFENSE=0, SPECIAL_ATTACK=0, SPECIAL_DEFENSE=0, SPEED=0] to [ACCURACY=100, EVASION=100, ATTACK=3, DEFENSE=3, SPECIAL_ATTACK=4, SPECIAL_DEFENSE=4, SPEED=4] delta: ATTACK=-3, DEFENSE=-3, SPECIAL_ATTACK=-4, SPECIAL_DEFENSE=-4, SPEED=-4
Kadabra stats changed from [ACCURACY=100, EVASION=100, ATTACK=0, DEFENSE=0, SPECIAL_ATTACK=0, SPECIAL_DEFENSE=0, SPEED=0] to [ACCURACY=100, EVASION=100, ATTACK=4, DEFENSE=4, SPECIAL_ATTACK=2, SPECIAL_DEFENSE=3, SPEED=2] delta: ATTACK=-4, DEFENSE=-4, SPECIAL_ATTACK=-2, SPECIAL_DEFENSE=-3, SPEED=-2
Corviknight stats changed from [ACCURACY=100, EVASION=100, ATTACK=0, DEFENSE=0, SPECIAL_ATTACK=0, SPECIAL_DEFENSE=0, SPEED=0] to [ACCURACY=100, EVASION=100, ATTACK=3, DEFENSE=2, SPECIAL_ATTACK=3, SPECIAL_DEFENSE=3, SPEED=3] delta: ATTACK=-3, DEFENSE=-2, SPECIAL_ATTACK=-3, SPECIAL_DEFENSE=-3, SPEED=-3
Metagross stats changed from [ACCURACY=100, EVASION=100, ATTACK=0, DEFENSE=0, SPECIAL_ATTACK=0, SPECIAL_DEFENSE=0, SPEED=0] to [ACCURACY=100, EVASION=100, ATTACK=2, DEFENSE=2, SPECIAL_ATTACK=3, SPECIAL_DEFENSE=3, SPEED=3] delta: ATTACK=-2, DEFENSE=-2, SPECIAL_ATTACK=-3, SPECIAL_DEFENSE=-3, SPEED=-3
Necrozma stats changed from [ACCURACY=100, EVASION=100, ATTACK=0, DEFENSE=0, SPECIAL_ATTACK=0, SPECIAL_DEFENSE=0, SPEED=0] to [ACCURACY=100, EVASION=100, ATTACK=2, DEFENSE=2, SPECIAL_ATTACK=1, SPECIAL_DEFENSE=2, SPEED=3] delta: ATTACK=-2, DEFENSE=-2, SPECIAL_ATTACK=-1, SPECIAL_DEFENSE=-2, SPEED=-3
Chandelure stats changed from [ACCURACY=100, EVASION=100, ATTACK=0, DEFENSE=0, SPECIAL_ATTACK=0, SPECIAL_DEFENSE=0, SPEED=0] to [ACCURACY=100, EVASION=100, ATTACK=3, DEFENSE=3, SPECIAL_ATTACK=2, SPECIAL_DEFENSE=3, SPEED=3] delta: ATTACK=-3, DEFENSE=-3, SPECIAL_ATTACK=-2, SPECIAL_DEFENSE=-3, SPEED=-3
Battle Message: literal{Scolipede} summoned some nearby allies to assist them
Scolipede stats changed from [ACCURACY=100, EVASION=100, ATTACK=3, DEFENSE=3, SPECIAL_ATTACK=3, SPECIAL_DEFENSE=3, SPEED=2] to [ACCURACY=100, EVASION=100, ATTACK=67, DEFENSE=59, SPECIAL_ATTACK=42, SPECIAL_DEFENSE=60, SPEED=79] delta: ATTACK=-64, DEFENSE=-56, SPECIAL_ATTACK=-39, SPECIAL_DEFENSE=-57, SPEED=-77
Oranguru stats changed from [ACCURACY=100, EVASION=100, ATTACK=3, DEFENSE=3, SPECIAL_ATTACK=3, SPECIAL_DEFENSE=2, SPEED=3] to [ACCURACY=100, EVASION=100, ATTACK=64, DEFENSE=69, SPECIAL_ATTACK=80, SPECIAL_DEFENSE=95, SPEED=54] delta: ATTACK=-61, DEFENSE=-66, SPECIAL_ATTACK=-77, SPECIAL_DEFENSE=-93, SPEED=-51
Primeape stats changed from [ACCURACY=100, EVASION=100, ATTACK=2, DEFENSE=3, SPECIAL_ATTACK=3, SPECIAL_DEFENSE=3, SPEED=3] to [ACCURACY=100, EVASION=100, ATTACK=78, DEFENSE=46, SPECIAL_ATTACK=40, SPECIAL_DEFENSE=43, SPEED=64] delta: ATTACK=-76, DEFENSE=-43, SPECIAL_ATTACK=-37, SPECIAL_DEFENSE=-40, SPEED=-61
Xatu stats changed from [ACCURACY=100, EVASION=100, ATTACK=3, DEFENSE=3, SPECIAL_ATTACK=3, SPECIAL_DEFENSE=3, SPEED=3] to [ACCURACY=100, EVASION=100, ATTACK=59, DEFENSE=45, SPECIAL_ATTACK=80, SPECIAL_DEFENSE=57, SPEED=74] delta: ATTACK=-56, DEFENSE=-42, SPECIAL_ATTACK=-77, SPECIAL_DEFENSE=-54, SPEED=-71
Arbok stats changed from [ACCURACY=100, EVASION=100, ATTACK=3, DEFENSE=3, SPECIAL_ATTACK=3, SPECIAL_DEFENSE=3, SPEED=3] to [ACCURACY=100, EVASION=100, ATTACK=100, DEFENSE=88, SPECIAL_ATTACK=79, SPECIAL_DEFENSE=88, SPEED=87] delta: ATTACK=-97, DEFENSE=-85, SPECIAL_ATTACK=-76, SPECIAL_DEFENSE=-85, SPEED=-84
Aron stats changed from [ACCURACY=100, EVASION=100, ATTACK=3, DEFENSE=3, SPECIAL_ATTACK=4, SPECIAL_DEFENSE=4, SPEED=4] to [ACCURACY=100, EVASION=100, ATTACK=17, DEFENSE=21, SPECIAL_ATTACK=12, SPECIAL_DEFENSE=11, SPEED=10] delta: ATTACK=-14, DEFENSE=-18, SPECIAL_ATTACK=-8, SPECIAL_DEFENSE=-7, SPEED=-6
Scolipede selected attack Iron Defense for Scolipede targeting Scolipede and opted to mega evolve
translation{key='pixelmon.oranguru', args=[]} weighted their choices as follows:  Taunt, Tier 0, Weight 0.0;  After You, Tier 0, Weight 0.0;  Calm Mind, Tier 0, Weight 0.0;  Stored Power, Tier 2, Weight 95.83333;  
translation{key='pixelmon.oranguru', args=[]} decided their best choices were:  Stored Power, Tier 2, Weight 95.83333;  
Oranguru selected attack Stored Power for Oranguru targeting Aron and opted to mega evolve
translation{key='pixelmon.primeape', args=[]} weighted their choices as follows:  Fling, Tier 0, Weight 0.0;  Leer, Tier 0, Weight 0.0;  Assurance, Tier 2, Weight 95.83333;  Thrash, Tier 2, Weight 95.83333;  
translation{key='pixelmon.primeape', args=[]} decided their best choices were:  Assurance, Tier 2, Weight 95.83333;  Thrash, Tier 2, Weight 95.83333;  
Primeape selected attack Thrash for Primeape targeting Aron and opted to mega evolve
translation{key='pixelmon.xatu', args=[]} weighted their choices as follows:  Air Slash, Tier 2, Weight 95.83333;  Leer, Tier 0, Weight 0.0;  Guard Swap, Tier 0, Weight 0.0;  Wish, Tier 0, Weight 0.0;  
translation{key='pixelmon.xatu', args=[]} decided their best choices were:  Air Slash, Tier 2, Weight 95.83333;  
Xatu selected attack Air Slash for Xatu targeting Aron and opted to mega evolve
translation{key='pixelmon.arbok', args=[]} weighted their choices as follows:  Poison Sting, Tier 0, Weight 0.0;  Glare, Tier 0, Weight 0.0;  Screech, Tier 0, Weight 0.0;  Acid, Tier 0, Weight 0.0;  
translation{key='pixelmon.arbok', args=[]} couldn't decide if there was a best choice on which course of action to take.
Arbok selected attack Glare for Arbok targeting Aron and opted to mega evolve
Battle Message: Aron couldn't escape!
Bluegum_ fled the battle
Battle Message: Arbok used Glare!
Aron was given status com.pixelmonmod.pixelmon.battles.status.Paralysis@56292bf
Arbok used Glare against Aron with results MoveResults{damage=0, fullDamage=0, power=[], accuracy=0, priority=0.0, result=proceed, weightMod=0.0}
Aron stats changed from [ACCURACY=100, EVASION=100, ATTACK=17, DEFENSE=21, SPECIAL_ATTACK=12, SPECIAL_DEFENSE=11, SPEED=10] to [ACCURACY=100, EVASION=100, ATTACK=17, DEFENSE=21, SPECIAL_ATTACK=12, SPECIAL_DEFENSE=11, SPEED=5] delta: SPEED=5
Battle Message: Scolipede used Iron Defense!
Battle Message: Scolipede's Defense was increased sharply!
Scolipede used Iron Defense against Scolipede with results MoveResults{damage=0, fullDamage=0, power=[], accuracy=0, priority=0.0, result=succeeded, weightMod=0.0}
Battle Message: Xatu used Air Slash!
Battle Message: It wasn't very effective...
Battle Message: Aron just hung on with Sturdy!
Aron was damaged by Xatu type ATTACK for 23 before: 24 after: 1
Xatu used Air Slash against Aron with results MoveResults{damage=23, fullDamage=23, power=[], accuracy=0, priority=0.0, result=hit, weightMod=0.0}
Battle Message: Primeape used Thrash!

BATTLE ENDED
Caught error in battle. Continuing...
Cannot invoke "com.pixelmonmod.pixelmon.battles.controller.participants.PixelmonWrapper.getOnBattleField()" because "pw" is null
TRANSFORMER/pixelmon@9.3.9/com.pixelmonmod.pixelmon.battles.controller.participants.PixelmonWrapper.manageTargetingSwitchedOutPokemon(PixelmonWrapper.java:1283)
TRANSFORMER/pixelmon@9.3.9/com.pixelmonmod.pixelmon.battles.controller.participants.PixelmonWrapper.useAttack(PixelmonWrapper.java:1135)
TRANSFORMER/pixelmon@9.3.9/com.pixelmonmod.pixelmon.battles.controller.participants.PixelmonWrapper.useAttack(PixelmonWrapper.java:1075)
TRANSFORMER/pixelmon@9.3.9/com.pixelmonmod.pixelmon.battles.controller.participants.PixelmonWrapper.takeTurn(PixelmonWrapper.java:2035)
TRANSFORMER/pixelmon@9.3.9/com.pixelmonmod.pixelmon.battles.controller.BattleController.takeTurn(BattleController.java:1478)
TRANSFORMER/pixelmon@9.3.9/com.pixelmonmod.pixelmon.battles.controller.BattleController.doTurnLogic(BattleController.java:626)
TRANSFORMER/pixelmon@9.3.9/com.pixelmonmod.pixelmon.battles.controller.BattleController.update(BattleController.java:525)
TRANSFORMER/pixelmon@9.3.9/com.pixelmonmod.pixelmon.battles.BattleRegistry.updateBattles(BattleRegistry.java:202)
TRANSFORMER/pixelmon@9.3.9/com.pixelmonmod.pixelmon.battles.BattleTickHandler.tickStart(BattleTickHandler.java:10)
MC-BOOTSTRAP/net.neoforged.bus/net.neoforged.bus.EventBus.post(EventBus.java:360)
MC-BOOTSTRAP/net.neoforged.bus/net.neoforged.bus.EventBus.post(EventBus.java:328)
TRANSFORMER/neoforge@21.1.209/net.neoforged.neoforge.event.EventHooks.fireServerTickPost(EventHooks.java:1020)
TRANSFORMER/minecraft@1.21.1/net.minecraft.server.MinecraftServer.tickServer(MinecraftServer.java:943)
TRANSFORMER/minecraft@1.21.1/net.minecraft.server.MinecraftServer.runServer(MinecraftServer.java:707)
TRANSFORMER/minecraft@1.21.1/net.minecraft.server.MinecraftServer.lambda$spin$2(MinecraftServer.java:267)
java.base/java.lang.Thread.run(Unknown Source)
