Pixelmon Version 9.3.9
Battle data 2025-11-13T16:43:00.210002366Z

Team #0 PlayerParticipant Bluegum_ pixelmon:ultra_space (1917.8004788821747, 41.0, -4722.261365405418) 
	Kyogre {Ability:"Drizzle",CaughtBall:"ultra_ball",DoesLevel:1b,DynamaxLevel:2,EVAttack:81s,EVDefense:45s,EVHP:23s,EVSpecialAttack:45s,EVSpecialDefense:5s,EVSpeed:38s,EXP:31708,Friendship:65s,Gender:2b,GigantamaxFactor:0b,Health:319,HeldItemStack:{count:1,id:"pixelmon:lucky_egg"},IVAttack:22b,IVDefense:31b,IVHP:12b,IVSpAtt:4b,IVSpDef:31b,IVSpeed:31b,IV_HTATTACK:1b,IV_HTDEFENSE:1b,IV_HTHP:1b,IV_HTSPECIAL_ATTACK:1b,IV_HTSPECIAL_DEFENSE:1b,IV_HTSPEED:1b,Level:92,Moveset:[{MoveID:"Origin Pulse",MovePP:16b,MovePPLevel:3b},{MoveID:"Calm Mind",MovePP:20b},{MoveID:"Water Spout",MovePP:5b},{MoveID:"Hydro Pump",MovePP:5b}],NBT_VERSION:2b,Nature:8b,PAbilitySlot:0,PHiddenAbility:0b,PersistentData:{},Pokerus:{Announced:0b,Type:0s},RelrnMoves:["Calm Mind","Sheer Cold","Hydro Pump","Aqua Ring","Origin Pulse"],Size:132.15594156969374d,SpecFlags:[],StatsAttack:259s,StatsDefense:209s,StatsHP:319s,StatsSpecialAttack:319s,StatsSpecialDefense:262s,StatsSpeed:207s,UUID:[I;-1451429767,-2144122719,-1631819247,-1312220407],Variant:"base",eggCycles:-1,ndex:382,originalTrainer:"Bluegum_",originalTrainerUUID:[I;-18226562,-815576607,-1945710123,1042587051],palette:"none",ribbons2:[]}
	Blaziken {Ability:"Blaze",CaughtBall:"poke_ball",DoesLevel:1b,DynamaxLevel:1,EVAttack:134s,EVDefense:231s,EVHP:22s,EVSpecialAttack:46s,EVSpecialDefense:16s,EVSpeed:61s,EXP:16209,Friendship:3s,Gender:0b,GigantamaxFactor:0b,Health:238,HeldItemStack:{count:1,id:"pixelmon:lucky_egg"},IVAttack:13b,IVDefense:9b,IVHP:9b,IVSpAtt:1b,IVSpDef:11b,IVSpeed:13b,IV_HTATTACK:1b,IV_HTDEFENSE:1b,IV_HTHP:1b,IV_HTSPECIAL_ATTACK:1b,IV_HTSPECIAL_DEFENSE:1b,IV_HTSPEED:1b,Level:77,Moveset:[{MoveID:"Flare Blitz",MovePP:15b},{MoveID:"Fire Pledge",MovePP:10b},{MoveID:"Close Combat",MovePP:5b},{MoveID:"Brave Bird",MovePP:15b}],NBT_VERSION:2b,Nature:14b,PAbilitySlot:0,PHiddenAbility:0b,PersistentData:{},Pokerus:{Announced:1b,Type:0s},RelrnMoves:["Quick Attack","Sand Attack","Growl","Double Kick","Aerial Ace","Swords Dance","Bulk Up","Brave Bird","Close Combat","Flare Blitz","Scratch","Ember","Slash","Bounce","Flame Charge","Fire Blast","Fire Punch"],Size:182.54302336065263d,SpecFlags:[],StatsAttack:239s,StatsDefense:162s,StatsHP:238s,StatsSpecialAttack:207s,StatsSpecialDefense:139s,StatsSpeed:179s,UUID:[I;-1243501749,1089686626,-1980701276,-1821150013],Variant:"base",eggCycles:-1,ndex:257,originalTrainer:"Bluegum_",originalTrainerUUID:[I;-18226562,-815576607,-1945710123,1042587051],palette:"none",ribbon_display2:{received:1761549069944L,receiver:'""',type:"destiny"},ribbons2:[{received:1761549069944L,receiver:'""',type:"destiny"}]}
	Arceus {Ability:"Multitype",CaughtBall:"poke_ball",DoesLevel:1b,DynamaxLevel:6,EVAttack:71s,EVDefense:68s,EVHP:30s,EVSpecialAttack:226s,EVSpecialDefense:0s,EVSpeed:115s,EXP:4248,Friendship:212s,Gender:2b,GigantamaxFactor:0b,Health:388,HeldItemStack:{count:1,id:"pixelmon:legend_plate"},IVAttack:5b,IVDefense:31b,IVHP:12b,IVSpAtt:31b,IVSpDef:0b,IVSpeed:31b,IV_HTATTACK:1b,IV_HTHP:1b,IV_HTSPECIAL_DEFENSE:1b,Level:100,MoveSkillCooldown:[{MoveSkillCooldownCurrent:1763046472394L,MoveSkillCooldownId:"open_wormhole",MoveSkillCooldownTarget:1763047372394L}],Moveset:[{MoveID:"Thunder",MovePP:10b},{MoveID:"Earthquake",MovePP:10b},{MoveID:"Judgment",MovePP:8b,MovePPLevel:3b},{MoveID:"Future Sight",MovePP:10b}],NBT_VERSION:2b,Nature:21b,PAbilitySlot:0,PHiddenAbility:0b,PersistentData:{},Pokerus:{Announced:1b,Type:0s},RelrnMoves:["Future Sight","Thunder","Earthquake","Earth Power","Natural Gift","Gravity"],Size:323.36980467820183d,SpecFlags:[],StatsAttack:263s,StatsDefense:293s,StatsHP:388s,StatsSpecialAttack:332s,StatsSpecialDefense:303s,StatsSpeed:304s,UUID:[I;1128965582,27870515,-1981550535,2129915363],Variant:"base",eggCycles:-1,ndex:493,originalTrainer:"Bluegum_",originalTrainerUUID:[I;-18226562,-815576607,-1945710123,1042587051],palette:"none",ribbons2:[]}
	Metagross {Ability:"ClearBody",CaughtBall:"ultra_ball",DoesLevel:1b,DynamaxLevel:10,EVAttack:195s,EVDefense:192s,EVHP:34s,EVSpecialAttack:0s,EVSpecialDefense:43s,EVSpeed:46s,EXP:15101,Friendship:230s,Gender:2b,GigantamaxFactor:0b,Health:309,HeldItemStack:{components:{"pixelmon:mega_evolution":{duration:5400000L,form_name:"mega",valid_pokemon:["metagross"]},"pixelmon:next_usable":"2025-11-10T01:52:52.877750884Z"},count:1,id:"pixelmon:metagrossite"},IVAttack:1b,IVDefense:9b,IVHP:8b,IVSpAtt:2b,IVSpDef:19b,IVSpeed:15b,IV_HTATTACK:1b,IV_HTDEFENSE:1b,IV_HTHP:1b,IV_HTSPECIAL_ATTACK:1b,IV_HTSPECIAL_DEFENSE:1b,IV_HTSPEED:1b,Level:100,MoveSkillCooldown:[{MoveSkillCooldownCurrent:1762699119515L,MoveSkillCooldownId:"forage",MoveSkillCooldownTarget:1762699144515L}],Moveset:[{MoveID:"Stomping Tantrum",MovePP:10b},{MoveID:"Zen Headbutt",MovePP:15b},{MoveID:"Earthquake",MovePP:10b},{MoveID:"Meteor Mash",MovePP:10b}],NBT_VERSION:2b,Nature:15b,PAbilitySlot:0,PHiddenAbility:0b,PersistentData:{},Pokerus:{Announced:1b,Type:0s},RelrnMoves:["Future Sight","Meteor Mash","Heavy Slam","Take Down","Confusion","Gyro Ball","Stomping Tantrum","Flash Cannon","Hammer Arm","Psychic","Metal Claw","Tackle","Earthquake","Agility"],Size:101.22247353966273d,SpecFlags:[],StatsAttack:354s,StatsDefense:344s,StatsHP:309s,StatsSpecialAttack:203s,StatsSpecialDefense:226s,StatsSpeed:205s,UUID:[I;781686170,684476857,-1222539749,1755248273],Variant:"base",eggCycles:-1,ndex:376,originalTrainer:"godksrk",originalTrainerUUID:[I;-1534560904,-1643165059,-1785036217,-2046744326],palette:"none",ribbons2:[]}
	Necrozma {Ability:"PrismArmor",CaughtBall:"master_ball",DoesLevel:1b,DynamaxLevel:10,EVAttack:0s,EVDefense:120s,EVHP:61s,EVSpecialAttack:252s,EVSpecialDefense:20s,EVSpeed:57s,EXP:2688,Friendship:255s,Gender:2b,GigantamaxFactor:0b,Health:350,HeldItemStack:{count:1,id:"pixelmon:choice_specs"},IVAttack:14b,IVDefense:31b,IVHP:31b,IVSpAtt:12b,IVSpDef:31b,IVSpeed:28b,IV_HTATTACK:1b,IV_HTDEFENSE:1b,IV_HTHP:1b,IV_HTSPECIAL_ATTACK:1b,IV_HTSPECIAL_DEFENSE:1b,IV_HTSPEED:1b,Level:100,MoveSkillCooldown:[{MoveSkillCooldownCurrent:1763046712332L,MoveSkillCooldownId:"open_wormhole",MoveSkillCooldownTarget:1763047612332L}],Moveset:[{MoveID:"Earthquake",MovePP:10b},{MoveID:"Photon Geyser",MovePP:8b,MovePPLevel:3b},{MoveID:"Prismatic Laser",MovePP:16b,MovePPLevel:3b},{MoveID:"Moongeist Beam",MovePP:8b,MovePPLevel:3b}],NBT_VERSION:2b,Nature:2b,PAbilitySlot:0,PHiddenAbility:0b,PersistentData:{FusedPokemon:{Ability:"ShadowShield",CaughtBall:"master_ball",DoesLevel:1b,DynamaxLevel:10,EVAttack:52s,EVDefense:61s,EVHP:10s,EVSpecialAttack:30s,EVSpecialDefense:15s,EVSpeed:10s,EXP:2523,Friendship:132s,Gender:2b,GigantamaxFactor:0b,Health:274,IVAttack:31b,IVDefense:31b,IVHP:31b,IVSpAtt:31b,IVSpDef:31b,IVSpeed:31b,Level:65,MoveSkillCooldown:[{MoveSkillCooldownCurrent:1762540468759L,MoveSkillCooldownId:"open_wormhole",MoveSkillCooldownTarget:1762541368759L}],Moveset:[{MoveID:"Moongeist Beam",MovePP:5b},{MoveID:"Shadow Ball",MovePP:15b},{MoveID:"Night Daze",MovePP:10b},{MoveID:"Psychic",MovePP:10b}],NBT_VERSION:2b,Nature:2b,PAbilitySlot:0,PHiddenAbility:0b,PersistentData:{},Pokerus:{Announced:0b,Type:0s},RelrnMoves:["Cosmic Power","Night Daze","Shadow Ball","Confuse Ray","Confusion","Moongeist Beam"],Size:423.68655728993264d,SpecFlags:[],StatsAttack:180s,StatsDefense:150s,StatsHP:274s,StatsSpecialAttack:208s,StatsSpecialDefense:166s,StatsSpeed:152s,UUID:[I;262669123,-1009497750,-1895264588,-494530766],Variant:"base",eggCycles:-1,ndex:792,originalTrainer:"Bluegum_",originalTrainerUUID:[I;-18226562,-815576607,-1945710123,1042587051],palette:"none",ribbons2:[]},SrcForm:"dawn"},Pokerus:{Announced:1b,Type:0s},RelrnMoves:["Earthquake","Moonlight","Night Slash","Confusion","Photon Geyser","Prismatic Laser","Moongeist Beam","Stored Power","Hyper Voice"],Size:527.1826480247724d,SpecFlags:[],StatsAttack:262s,StatsDefense:284s,StatsHP:350s,StatsSpecialAttack:413s,StatsSpecialDefense:295s,StatsSpeed:204s,UUID:[I;1907024463,-107854951,-1498588856,370906150],Variant:"dawn",eggCycles:-1,ndex:800,originalTrainer:"Bluegum_",originalTrainerUUID:[I;-18226562,-815576607,-1945710123,1042587051],palette:"none",ribbons2:[]}
	Alakazam {Ability:"Synchronize",CaughtBall:"great_ball",DoesLevel:1b,DynamaxLevel:0,EVAttack:166s,EVDefense:157s,EVHP:18s,EVSpecialAttack:55s,EVSpecialDefense:18s,EVSpeed:96s,EXP:5571,Friendship:70s,Gender:0b,GigantamaxFactor:0b,Health:139,IVAttack:15b,IVDefense:21b,IVHP:2b,IVSpAtt:31b,IVSpDef:16b,IVSpeed:13b,Level:60,MoveSkillCooldown:[{MoveSkillCooldownCurrent:1762879619540L,MoveSkillCooldownId:"teleport",MoveSkillCooldownTarget:1762879623440L},{MoveSkillCooldownCurrent:1762699411151L,MoveSkillCooldownId:"forage",MoveSkillCooldownTarget:1762699436151L}],Moveset:[{MoveID:"Teleport",MovePP:20b},{MoveID:"Recover",MovePP:5b},{MoveID:"Confusion",MovePP:25b},{MoveID:"Psyshock",MovePP:10b}],NBT_VERSION:2b,Nature:2b,PAbilitySlot:0,PHiddenAbility:0b,PersistentData:{},Pokerus:{Announced:0b,Type:0s},RelrnMoves:["Recover","Confusion","Teleport"],Size:148.73491672589964d,SpecFlags:[],StatsAttack:98s,StatsDefense:95s,StatsHP:139s,StatsSpecialAttack:193s,StatsSpecialDefense:131s,StatsSpeed:171s,UUID:[I;-1937185812,1988578088,-1447263109,-1041743685],Variant:"base",eggCycles:-1,ndex:65,originalTrainer:"Bluegum_",originalTrainerUUID:[I;-18226562,-815576607,-1945710123,1042587051],palette:"none",ribbon_display2:{received:1761994420115L,receiver:'""',type:"humble"},ribbons2:[{received:1761994420115L,receiver:'""',type:"humble"}]}
Team #1 WildPixelmonParticipant Graveler pixelmon:ultra_space (2973.449999988079, 49.0, -4533.550000011921) 
	Graveler {Ability:"RockHead",CaughtBall:"poke_ball",DoesLevel:1b,DynamaxLevel:0,EVAttack:0s,EVDefense:0s,EVHP:0s,EVSpecialAttack:0s,EVSpecialDefense:0s,EVSpeed:0s,EXP:0,Friendship:0s,Gender:0b,GigantamaxFactor:0b,Health:92,IVAttack:14b,IVDefense:3b,IVHP:18b,IVSpAtt:4b,IVSpDef:20b,IVSpeed:6b,Level:36,Moveset:[{MoveID:"Defense Curl",MovePP:40b},{MoveID:"Tackle",MovePP:35b},{MoveID:"Rollout",MovePP:20b},{MoveID:"Rock Throw",MovePP:15b}],NBT_VERSION:2b,Nature:21b,PAbilitySlot:0,PHiddenAbility:0b,PersistentData:{},Pokerus:{Announced:0b,Type:0s},RelrnMoves:["Tackle","Defense Curl","Rollout"],Size:88.945467273217d,SpecFlags:[],StatsAttack:70s,StatsDefense:88s,StatsHP:92s,StatsSpecialAttack:38s,StatsSpecialDefense:48s,StatsSpeed:32s,UUID:[I;-101376756,-1533064978,-1095956170,-894945598],Variant:"base",eggCycles:-1,ndex:75,palette:"none",ribbons2:[]}

Turn #0 has begun
 Terrain: NONE[5 turns remaining]
 Weather: none
 Pokemon: 

Kyogre stats changed from [ACCURACY=100, EVASION=100, ATTACK=0, DEFENSE=0, SPECIAL_ATTACK=0, SPECIAL_DEFENSE=0, SPEED=0] to [ACCURACY=100, EVASION=100, ATTACK=3, DEFENSE=3, SPECIAL_ATTACK=2, SPECIAL_DEFENSE=2, SPEED=3] delta: ATTACK=-3, DEFENSE=-3, SPECIAL_ATTACK=-2, SPECIAL_DEFENSE=-2, SPEED=-3
Blaziken stats changed from [ACCURACY=100, EVASION=100, ATTACK=0, DEFENSE=0, SPECIAL_ATTACK=0, SPECIAL_DEFENSE=0, SPEED=0] to [ACCURACY=100, EVASION=100, ATTACK=2, DEFENSE=3, SPECIAL_ATTACK=2, SPECIAL_DEFENSE=3, SPEED=3] delta: ATTACK=-2, DEFENSE=-3, SPECIAL_ATTACK=-2, SPECIAL_DEFENSE=-3, SPEED=-3
Arceus stats changed from [ACCURACY=100, EVASION=100, ATTACK=0, DEFENSE=0, SPECIAL_ATTACK=0, SPECIAL_DEFENSE=0, SPEED=0] to [ACCURACY=100, EVASION=100, ATTACK=2, DEFENSE=2, SPECIAL_ATTACK=2, SPECIAL_DEFENSE=2, SPEED=2] delta: ATTACK=-2, DEFENSE=-2, SPECIAL_ATTACK=-2, SPECIAL_DEFENSE=-2, SPEED=-2
Metagross stats changed from [ACCURACY=100, EVASION=100, ATTACK=0, DEFENSE=0, SPECIAL_ATTACK=0, SPECIAL_DEFENSE=0, SPEED=0] to [ACCURACY=100, EVASION=100, ATTACK=2, DEFENSE=2, SPECIAL_ATTACK=3, SPECIAL_DEFENSE=3, SPEED=3] delta: ATTACK=-2, DEFENSE=-2, SPECIAL_ATTACK=-3, SPECIAL_DEFENSE=-3, SPEED=-3
Necrozma stats changed from [ACCURACY=100, EVASION=100, ATTACK=0, DEFENSE=0, SPECIAL_ATTACK=0, SPECIAL_DEFENSE=0, SPEED=0] to [ACCURACY=100, EVASION=100, ATTACK=2, DEFENSE=2, SPECIAL_ATTACK=1, SPECIAL_DEFENSE=2, SPEED=3] delta: ATTACK=-2, DEFENSE=-2, SPECIAL_ATTACK=-1, SPECIAL_DEFENSE=-2, SPEED=-3
Alakazam stats changed from [ACCURACY=100, EVASION=100, ATTACK=0, DEFENSE=0, SPECIAL_ATTACK=0, SPECIAL_DEFENSE=0, SPEED=0] to [ACCURACY=100, EVASION=100, ATTACK=4, DEFENSE=4, SPECIAL_ATTACK=2, SPECIAL_DEFENSE=3, SPEED=2] delta: ATTACK=-4, DEFENSE=-4, SPECIAL_ATTACK=-2, SPECIAL_DEFENSE=-3, SPEED=-2
Graveler stats changed from [ACCURACY=100, EVASION=100, ATTACK=0, DEFENSE=0, SPECIAL_ATTACK=0, SPECIAL_DEFENSE=0, SPEED=0] to [ACCURACY=100, EVASION=100, ATTACK=3, DEFENSE=2, SPECIAL_ATTACK=4, SPECIAL_DEFENSE=4, SPEED=4] delta: ATTACK=-3, DEFENSE=-2, SPECIAL_ATTACK=-4, SPECIAL_DEFENSE=-4, SPEED=-4
Kyogre stats changed from [ACCURACY=100, EVASION=100, ATTACK=3, DEFENSE=3, SPECIAL_ATTACK=2, SPECIAL_DEFENSE=2, SPEED=3] to [ACCURACY=100, EVASION=100, ATTACK=259, DEFENSE=209, SPECIAL_ATTACK=319, SPECIAL_DEFENSE=262, SPEED=207] delta: ATTACK=-256, DEFENSE=-206, SPECIAL_ATTACK=-317, SPECIAL_DEFENSE=-260, SPEED=-204
Graveler stats changed from [ACCURACY=100, EVASION=100, ATTACK=3, DEFENSE=2, SPECIAL_ATTACK=4, SPECIAL_DEFENSE=4, SPEED=4] to [ACCURACY=100, EVASION=100, ATTACK=70, DEFENSE=88, SPECIAL_ATTACK=38, SPECIAL_DEFENSE=48, SPEED=32] delta: ATTACK=-67, DEFENSE=-86, SPECIAL_ATTACK=-34, SPECIAL_DEFENSE=-44, SPEED=-28
Global status added Rainy[5 turns remaining] by Kyogre
Weather is now set to Rainy[5 turns remaining] by Kyogre
Battle Message: Kyogre's Drizzle caused rain to fall!
translation{key='pixelmon.graveler', args=[]} weighted their choices as follows:  Defense Curl, Tier 0, Weight 0.0;  Tackle, Tier 2, Weight 1.8808776;  Rollout, Tier 2, Weight 2.1943574;  Rock Throw, Tier 2, Weight 3.1347964;  
translation{key='pixelmon.graveler', args=[]} decided their best choices were:  Rock Throw, Tier 2, Weight 3.1347964;  
Graveler selected attack Rock Throw for Graveler targeting Kyogre and opted to mega evolve
Bluegum_ executed command tp ___________12345

BATTLE ENDED

BATTLE ENDED
Caught error in battle. Continuing...
Attempted to load class net/minecraft/client/resources/sounds/SoundInstance for invalid dist DEDICATED_SERVER
MC-BOOTSTRAP/fml_loader@4.0.41/net.neoforged.fml.common.asm.RuntimeDistCleaner.processClassWithFlags(RuntimeDistCleaner.java:60)
MC-BOOTSTRAP/cpw.mods.modlauncher@11.0.5/cpw.mods.modlauncher.LaunchPluginHandler.offerClassNodeToPlugins(LaunchPluginHandler.java:94)
MC-BOOTSTRAP/cpw.mods.modlauncher@11.0.5/cpw.mods.modlauncher.ClassTransformer.transform(ClassTransformer.java:120)
MC-BOOTSTRAP/cpw.mods.modlauncher@11.0.5/cpw.mods.modlauncher.TransformingClassLoader.maybeTransformClassBytes(TransformingClassLoader.java:57)
cpw.mods.securejarhandler/cpw.mods.cl.ModuleClassLoader.readerToClass(ModuleClassLoader.java:190)
cpw.mods.securejarhandler/cpw.mods.cl.ModuleClassLoader.lambda$findClass$20(ModuleClassLoader.java:298)
cpw.mods.securejarhandler/cpw.mods.cl.ModuleClassLoader.loadFromModule(ModuleClassLoader.java:311)
cpw.mods.securejarhandler/cpw.mods.cl.ModuleClassLoader.findClass(ModuleClassLoader.java:298)
cpw.mods.securejarhandler/cpw.mods.cl.ModuleClassLoader.loadClass(ModuleClassLoader.java:214)
java.base/java.lang.ClassLoader.loadClass(Unknown Source)
TRANSFORMER/pixelmon@9.3.9/com.pixelmonmod.pixelmon.battles.controller.participants.PlayerParticipant.forfeitBattleForBeingTooFarAway(PlayerParticipant.java:666)
TRANSFORMER/pixelmon@9.3.9/com.pixelmonmod.pixelmon.battles.controller.participants.PlayerParticipant.handlePlayerDistanceFromBattle(PlayerParticipant.java:647)
TRANSFORMER/pixelmon@9.3.9/com.pixelmonmod.pixelmon.battles.controller.participants.PlayerParticipant.tick(PlayerParticipant.java:451)
TRANSFORMER/pixelmon@9.3.9/com.pixelmonmod.pixelmon.battles.controller.BattleController.onUpdate(BattleController.java:1135)
TRANSFORMER/pixelmon@9.3.9/com.pixelmonmod.pixelmon.battles.controller.BattleController.update(BattleController.java:511)
TRANSFORMER/pixelmon@9.3.9/com.pixelmonmod.pixelmon.battles.BattleRegistry.updateBattles(BattleRegistry.java:202)
TRANSFORMER/pixelmon@9.3.9/com.pixelmonmod.pixelmon.battles.BattleTickHandler.tickStart(BattleTickHandler.java:10)
MC-BOOTSTRAP/net.neoforged.bus/net.neoforged.bus.EventBus.post(EventBus.java:360)
MC-BOOTSTRAP/net.neoforged.bus/net.neoforged.bus.EventBus.post(EventBus.java:328)
TRANSFORMER/neoforge@21.1.209/net.neoforged.neoforge.event.EventHooks.fireServerTickPost(EventHooks.java:1020)
TRANSFORMER/minecraft@1.21.1/net.minecraft.server.MinecraftServer.tickServer(MinecraftServer.java:943)
TRANSFORMER/minecraft@1.21.1/net.minecraft.server.MinecraftServer.runServer(MinecraftServer.java:707)
TRANSFORMER/minecraft@1.21.1/net.minecraft.server.MinecraftServer.lambda$spin$2(MinecraftServer.java:267)
java.base/java.lang.Thread.run(Unknown Source)
