Pixelmon Version 9.3.9
Battle data 2025-11-14T03:43:49.854928402Z

Team #0 PlayerParticipant Bluegum_ minecraft:overworld (-1816.9131282103326, 64.0, -1494.955206059007) 
	Arceus {Ability:"Multitype",CaughtBall:"poke_ball",DoesLevel:1b,DynamaxLevel:10,EVAttack:71s,EVDefense:68s,EVHP:30s,EVSpecialAttack:226s,EVSpecialDefense:0s,EVSpeed:115s,EXP:4248,Friendship:223s,Gender:2b,GigantamaxFactor:0b,Health:382,HeldItemStack:{count:1,id:"pixelmon:legend_plate"},IVAttack:5b,IVDefense:31b,IVHP:12b,IVSpAtt:31b,IVSpDef:0b,IVSpeed:31b,IV_HTATTACK:1b,IV_HTHP:1b,IV_HTSPECIAL_DEFENSE:1b,Level:100,MoveSkillCooldown:[{MoveSkillCooldownCurrent:1763046472394L,MoveSkillCooldownId:"open_wormhole",MoveSkillCooldownTarget:1763047372394L}],Moveset:[{MoveID:"Thunder",MovePP:10b},{MoveID:"Earthquake",MovePP:10b},{MoveID:"Judgment",MovePP:7b,MovePPLevel:3b},{MoveID:"Future Sight",MovePP:10b}],NBT_VERSION:2b,Nature:21b,PAbilitySlot:0,PHiddenAbility:0b,PersistentData:{},Pokerus:{Announced:1b,Type:0s},RelrnMoves:["Future Sight","Thunder","Earthquake","Earth Power","Natural Gift","Gravity"],Size:323.36980467820183d,SpecFlags:[],StatsAttack:263s,StatsDefense:293s,StatsHP:388s,StatsSpecialAttack:332s,StatsSpecialDefense:303s,StatsSpeed:304s,UUID:[I;1128965582,27870515,-1981550535,2129915363],Variant:"base",eggCycles:-1,ndex:493,originalTrainer:"Bluegum_",originalTrainerUUID:[I;-18226562,-815576607,-1945710123,1042587051],palette:"none",ribbons2:[]}
	Blaziken {Ability:"Blaze",CaughtBall:"poke_ball",DoesLevel:1b,DynamaxLevel:1,EVAttack:134s,EVDefense:231s,EVHP:22s,EVSpecialAttack:46s,EVSpecialDefense:16s,EVSpeed:61s,EXP:10536,Friendship:83s,Gender:0b,GigantamaxFactor:0b,Health:288,HeldItemStack:{count:1,id:"pixelmon:lucky_egg"},IVAttack:13b,IVDefense:9b,IVHP:9b,IVSpAtt:1b,IVSpDef:11b,IVSpeed:13b,IV_HTATTACK:1b,IV_HTDEFENSE:1b,IV_HTHP:1b,IV_HTSPECIAL_ATTACK:1b,IV_HTSPECIAL_DEFENSE:1b,IV_HTSPEED:1b,Level:94,Moveset:[{MoveID:"Flare Blitz",MovePP:15b},{MoveID:"Fire Pledge",MovePP:10b},{MoveID:"Close Combat",MovePP:5b},{MoveID:"Brave Bird",MovePP:15b}],NBT_VERSION:2b,Nature:14b,PAbilitySlot:0,PHiddenAbility:0b,PersistentData:{},Pokerus:{Announced:1b,Type:0s},RelrnMoves:["Quick Attack","Sand Attack","Growl","Double Kick","Aerial Ace","Swords Dance","Bulk Up","Brave Bird","Close Combat","Flare Blitz","Scratch","Ember","Slash","Bounce","Flame Charge","Fire Blast","Fire Punch"],Size:182.54302336065263d,SpecFlags:[],StatsAttack:291s,StatsDefense:198s,StatsHP:288s,StatsSpecialAttack:251s,StatsSpecialDefense:169s,StatsSpeed:217s,UUID:[I;-1243501749,1089686626,-1980701276,-1821150013],Variant:"base",eggCycles:-1,ndex:257,originalTrainer:"Bluegum_",originalTrainerUUID:[I;-18226562,-815576607,-1945710123,1042587051],palette:"none",ribbon_display2:{received:1761549069944L,receiver:'""',type:"destiny"},ribbons2:[{received:1761549069944L,receiver:'""',type:"destiny"}]}
	Necrozma {Ability:"PrismArmor",CaughtBall:"master_ball",DoesLevel:1b,DynamaxLevel:10,EVAttack:0s,EVDefense:4s,EVHP:20s,EVSpecialAttack:252s,EVSpecialDefense:4s,EVSpeed:230s,EXP:2688,Friendship:0s,Gender:2b,GigantamaxFactor:0b,Health:340,HeldItemStack:{count:1,id:"pixelmon:choice_specs"},IVAttack:14b,IVDefense:31b,IVHP:31b,IVSpAtt:12b,IVSpDef:31b,IVSpeed:28b,IV_HTATTACK:1b,IV_HTDEFENSE:1b,IV_HTHP:1b,IV_HTSPECIAL_ATTACK:1b,IV_HTSPECIAL_DEFENSE:1b,IV_HTSPEED:1b,Level:100,MoveSkillCooldown:[{MoveSkillCooldownCurrent:1763046712332L,MoveSkillCooldownId:"open_wormhole",MoveSkillCooldownTarget:1763047612332L}],Moveset:[{MoveID:"Earthquake",MovePP:10b},{MoveID:"Photon Geyser",MovePP:8b,MovePPLevel:3b},{MoveID:"Prismatic Laser",MovePP:16b,MovePPLevel:3b},{MoveID:"Moongeist Beam",MovePP:8b,MovePPLevel:3b}],NBT_VERSION:2b,Nature:2b,PAbilitySlot:0,PHiddenAbility:0b,PersistentData:{FusedPokemon:{Ability:"ShadowShield",CaughtBall:"master_ball",DoesLevel:1b,DynamaxLevel:10,EVAttack:52s,EVDefense:61s,EVHP:10s,EVSpecialAttack:30s,EVSpecialDefense:15s,EVSpeed:10s,EXP:2523,Friendship:132s,Gender:2b,GigantamaxFactor:0b,Health:274,IVAttack:31b,IVDefense:31b,IVHP:31b,IVSpAtt:31b,IVSpDef:31b,IVSpeed:31b,Level:65,MoveSkillCooldown:[{MoveSkillCooldownCurrent:1762540468759L,MoveSkillCooldownId:"open_wormhole",MoveSkillCooldownTarget:1762541368759L}],Moveset:[{MoveID:"Moongeist Beam",MovePP:5b},{MoveID:"Shadow Ball",MovePP:15b},{MoveID:"Night Daze",MovePP:10b},{MoveID:"Psychic",MovePP:10b}],NBT_VERSION:2b,Nature:2b,PAbilitySlot:0,PHiddenAbility:0b,PersistentData:{},Pokerus:{Announced:0b,Type:0s},RelrnMoves:["Cosmic Power","Night Daze","Shadow Ball","Confuse Ray","Confusion","Moongeist Beam"],Size:423.68655728993264d,SpecFlags:[],StatsAttack:180s,StatsDefense:150s,StatsHP:274s,StatsSpecialAttack:208s,StatsSpecialDefense:166s,StatsSpeed:152s,UUID:[I;262669123,-1009497750,-1895264588,-494530766],Variant:"base",eggCycles:-1,ndex:792,originalTrainer:"Bluegum_",originalTrainerUUID:[I;-18226562,-815576607,-1945710123,1042587051],palette:"none",ribbons2:[]},SrcForm:"dawn"},Pokerus:{Announced:1b,Type:0s},RelrnMoves:["Earthquake","Moonlight","Night Slash","Confusion","Photon Geyser","Prismatic Laser","Moongeist Beam","Stored Power","Hyper Voice"],Size:527.1826480247724d,SpecFlags:[],StatsAttack:262s,StatsDefense:255s,StatsHP:340s,StatsSpecialAttack:413s,StatsSpecialDefense:291s,StatsSpeed:247s,UUID:[I;1907024463,-107854951,-1498588856,370906150],Variant:"dawn",eggCycles:-1,ndex:800,originalTrainer:"Bluegum_",originalTrainerUUID:[I;-18226562,-815576607,-1945710123,1042587051],palette:"none",ribbons2:[]}
	Metagross {Ability:"ClearBody",CaughtBall:"ultra_ball",DoesLevel:1b,DynamaxLevel:10,EVAttack:195s,EVDefense:192s,EVHP:34s,EVSpecialAttack:0s,EVSpecialDefense:43s,EVSpeed:46s,EXP:15101,Friendship:230s,Gender:2b,GigantamaxFactor:0b,Health:309,HeldItemStack:{components:{"pixelmon:mega_evolution":{duration:5400000L,form_name:"mega",valid_pokemon:["metagross"]},"pixelmon:next_usable":"2025-11-10T01:52:52.877750884Z"},count:1,id:"pixelmon:metagrossite"},IVAttack:1b,IVDefense:9b,IVHP:8b,IVSpAtt:2b,IVSpDef:19b,IVSpeed:15b,IV_HTATTACK:1b,IV_HTDEFENSE:1b,IV_HTHP:1b,IV_HTSPECIAL_ATTACK:1b,IV_HTSPECIAL_DEFENSE:1b,IV_HTSPEED:1b,Level:100,MoveSkillCooldown:[{MoveSkillCooldownCurrent:1762699119515L,MoveSkillCooldownId:"forage",MoveSkillCooldownTarget:1762699144515L}],Moveset:[{MoveID:"Stomping Tantrum",MovePP:10b},{MoveID:"Zen Headbutt",MovePP:15b},{MoveID:"Earthquake",MovePP:10b},{MoveID:"Meteor Mash",MovePP:10b}],NBT_VERSION:2b,Nature:15b,PAbilitySlot:0,PHiddenAbility:0b,PersistentData:{},Pokerus:{Announced:1b,Type:0s},RelrnMoves:["Future Sight","Meteor Mash","Heavy Slam","Take Down","Confusion","Gyro Ball","Stomping Tantrum","Flash Cannon","Hammer Arm","Psychic","Metal Claw","Tackle","Earthquake","Agility"],Size:101.22247353966273d,SpecFlags:[],StatsAttack:354s,StatsDefense:344s,StatsHP:309s,StatsSpecialAttack:203s,StatsSpecialDefense:226s,StatsSpeed:205s,UUID:[I;781686170,684476857,-1222539749,1755248273],Variant:"base",eggCycles:-1,ndex:376,originalTrainer:"godksrk",originalTrainerUUID:[I;-1534560904,-1643165059,-1785036217,-2046744326],palette:"none",ribbons2:[]}
	Kyogre {Ability:"Drizzle",CaughtBall:"ultra_ball",DoesLevel:1b,DynamaxLevel:6,EVAttack:84s,EVDefense:51s,EVHP:27s,EVSpecialAttack:47s,EVSpecialDefense:5s,EVSpeed:40s,EXP:9483,Friendship:105s,Gender:2b,GigantamaxFactor:0b,Health:347,IVAttack:22b,IVDefense:31b,IVHP:12b,IVSpAtt:4b,IVSpDef:31b,IVSpeed:31b,IV_HTATTACK:1b,IV_HTDEFENSE:1b,IV_HTHP:1b,IV_HTSPECIAL_ATTACK:1b,IV_HTSPECIAL_DEFENSE:1b,IV_HTSPEED:1b,Level:100,Moveset:[{MoveID:"Origin Pulse",MovePP:16b,MovePPLevel:3b},{MoveID:"Calm Mind",MovePP:20b},{MoveID:"Water Spout",MovePP:5b},{MoveID:"Hydro Pump",MovePP:5b}],NBT_VERSION:2b,Nature:8b,PAbilitySlot:0,PHiddenAbility:0b,PersistentData:{},Pokerus:{Announced:0b,Type:0s},RelrnMoves:["Calm Mind","Sheer Cold","Hydro Pump","Aqua Ring","Origin Pulse"],Size:132.15594156969374d,SpecFlags:[],StatsAttack:282s,StatsDefense:228s,StatsHP:347s,StatsSpecialAttack:347s,StatsSpecialDefense:285s,StatsSpeed:226s,UUID:[I;-1451429767,-2144122719,-1631819247,-1312220407],Variant:"base",eggCycles:-1,ndex:382,originalTrainer:"Bluegum_",originalTrainerUUID:[I;-18226562,-815576607,-1945710123,1042587051],palette:"none",ribbons2:[]}
	Garchomp {Ability:"SandVeil",CaughtBall:"ultra_ball",DoesLevel:1b,DynamaxLevel:0,EVAttack:0s,EVDefense:0s,EVHP:0s,EVSpecialAttack:0s,EVSpecialDefense:0s,EVSpeed:1s,EXP:223,Friendship:70s,Gender:0b,GigantamaxFactor:0b,Health:219,HeldItemStack:{count:1,id:"pixelmon:lucky_egg"},IVAttack:20b,IVDefense:25b,IVHP:27b,IVSpAtt:2b,IVSpDef:12b,IVSpeed:7b,Level:61,MoveSkillCooldown:[{MoveSkillCooldownCurrent:1763058849111L,MoveSkillCooldownId:"mount_boost",MoveSkillCooldownTarget:1763058896111L}],Moveset:[{MoveID:"Sand Tomb",MovePP:15b},{MoveID:"Bite",MovePP:25b},{MoveID:"Slash",MovePP:20b},{MoveID:"Dig",MovePP:10b}],NBT_VERSION:2b,Nature:0b,PAbilitySlot:0,PHiddenAbility:0b,PersistentData:{},Pokerus:{Announced:0b,Type:0s},RelrnMoves:["Sand Tomb","Bite","Slash"],Size:173.66608238056028d,SpecFlags:[],StatsAttack:175s,StatsDefense:136s,StatsHP:219s,StatsSpecialAttack:103s,StatsSpecialDefense:116s,StatsSpeed:133s,UUID:[I;2013030609,-669167689,-1889777950,1160304916],Variant:"base",eggCycles:-1,ndex:445,originalTrainer:"Bluegum_",originalTrainerUUID:[I;-18226562,-815576607,-1945710123,1042587051],palette:"none",ribbons2:[]}
Team #1 WildPixelmonParticipant Garchomp minecraft:overworld (-1809.4768891577562, 67.0, -1524.7260599566573) 
	Garchomp {Ability:"SandForce",CaughtBall:"poke_ball",DoesLevel:1b,DynamaxLevel:0,EVAttack:0s,EVDefense:0s,EVHP:0s,EVSpecialAttack:0s,EVSpecialDefense:0s,EVSpeed:0s,EXP:0,Friendship:0s,Gender:0b,GigantamaxFactor:0b,Health:20,IVAttack:17b,IVDefense:4b,IVHP:28b,IVSpAtt:18b,IVSpDef:31b,IVSpeed:31b,Level:3,Moveset:[{MoveID:"Sand Attack",MovePP:15b},{MoveID:"Tackle",MovePP:35b},{MoveID:"Dragon Claw",MovePP:15b},{MoveID:"Dig",MovePP:10b}],NBT_VERSION:2b,Nature:21b,PAbilitySlot:0,PHiddenAbility:0b,PersistentData:{},Pokerus:{Announced:0b,Type:0s},RelrnMoves:["Tackle","Sand Attack","Dragon Claw"],Size:172.28592387728168d,SpecFlags:[],StatsAttack:13s,StatsDefense:12s,StatsHP:20s,StatsSpecialAttack:12s,StatsSpecialDefense:12s,StatsSpeed:11s,UUID:[I;955739813,-160806738,-1105125459,694100261],Variant:"mega",eggCycles:-1,ndex:445,palette:"none",ribbons2:[]}

Turn #0 has begun
 Terrain: NONE[5 turns remaining]
 Weather: none
 Pokemon: 

Arceus stats changed from [ACCURACY=100, EVASION=100, ATTACK=0, DEFENSE=0, SPECIAL_ATTACK=0, SPECIAL_DEFENSE=0, SPEED=0] to [ACCURACY=100, EVASION=100, ATTACK=2, DEFENSE=2, SPECIAL_ATTACK=2, SPECIAL_DEFENSE=2, SPEED=2] delta: ATTACK=-2, DEFENSE=-2, SPECIAL_ATTACK=-2, SPECIAL_DEFENSE=-2, SPEED=-2
Blaziken stats changed from [ACCURACY=100, EVASION=100, ATTACK=0, DEFENSE=0, SPECIAL_ATTACK=0, SPECIAL_DEFENSE=0, SPEED=0] to [ACCURACY=100, EVASION=100, ATTACK=2, DEFENSE=3, SPECIAL_ATTACK=2, SPECIAL_DEFENSE=3, SPEED=3] delta: ATTACK=-2, DEFENSE=-3, SPECIAL_ATTACK=-2, SPECIAL_DEFENSE=-3, SPEED=-3
Necrozma stats changed from [ACCURACY=100, EVASION=100, ATTACK=0, DEFENSE=0, SPECIAL_ATTACK=0, SPECIAL_DEFENSE=0, SPEED=0] to [ACCURACY=100, EVASION=100, ATTACK=2, DEFENSE=2, SPECIAL_ATTACK=1, SPECIAL_DEFENSE=2, SPEED=3] delta: ATTACK=-2, DEFENSE=-2, SPECIAL_ATTACK=-1, SPECIAL_DEFENSE=-2, SPEED=-3
Metagross stats changed from [ACCURACY=100, EVASION=100, ATTACK=0, DEFENSE=0, SPECIAL_ATTACK=0, SPECIAL_DEFENSE=0, SPEED=0] to [ACCURACY=100, EVASION=100, ATTACK=2, DEFENSE=2, SPECIAL_ATTACK=3, SPECIAL_DEFENSE=3, SPEED=3] delta: ATTACK=-2, DEFENSE=-2, SPECIAL_ATTACK=-3, SPECIAL_DEFENSE=-3, SPEED=-3
Kyogre stats changed from [ACCURACY=100, EVASION=100, ATTACK=0, DEFENSE=0, SPECIAL_ATTACK=0, SPECIAL_DEFENSE=0, SPEED=0] to [ACCURACY=100, EVASION=100, ATTACK=3, DEFENSE=3, SPECIAL_ATTACK=2, SPECIAL_DEFENSE=2, SPEED=3] delta: ATTACK=-3, DEFENSE=-3, SPECIAL_ATTACK=-2, SPECIAL_DEFENSE=-2, SPEED=-3
Garchomp stats changed from [ACCURACY=100, EVASION=100, ATTACK=0, DEFENSE=0, SPECIAL_ATTACK=0, SPECIAL_DEFENSE=0, SPEED=0] to [ACCURACY=100, EVASION=100, ATTACK=2, DEFENSE=3, SPECIAL_ATTACK=3, SPECIAL_DEFENSE=3, SPEED=2] delta: ATTACK=-2, DEFENSE=-3, SPECIAL_ATTACK=-3, SPECIAL_DEFENSE=-3, SPEED=-2
Garchomp stats changed from [ACCURACY=100, EVASION=100, ATTACK=0, DEFENSE=0, SPECIAL_ATTACK=0, SPECIAL_DEFENSE=0, SPEED=0] to [ACCURACY=100, EVASION=100, ATTACK=1, DEFENSE=2, SPECIAL_ATTACK=2, SPECIAL_DEFENSE=3, SPEED=3] delta: ATTACK=-1, DEFENSE=-2, SPECIAL_ATTACK=-2, SPECIAL_DEFENSE=-3, SPEED=-3
Garchomp changed abilities from SandForce to SandForce
Arceus stats changed from [ACCURACY=100, EVASION=100, ATTACK=2, DEFENSE=2, SPECIAL_ATTACK=2, SPECIAL_DEFENSE=2, SPEED=2] to [ACCURACY=100, EVASION=100, ATTACK=263, DEFENSE=293, SPECIAL_ATTACK=332, SPECIAL_DEFENSE=303, SPEED=304] delta: ATTACK=-261, DEFENSE=-291, SPECIAL_ATTACK=-330, SPECIAL_DEFENSE=-301, SPEED=-302
Garchomp stats changed from [ACCURACY=100, EVASION=100, ATTACK=1, DEFENSE=2, SPECIAL_ATTACK=2, SPECIAL_DEFENSE=3, SPEED=3] to [ACCURACY=100, EVASION=100, ATTACK=465, DEFENSE=371, SPECIAL_ATTACK=378, SPECIAL_DEFENSE=353, SPEED=311] delta: ATTACK=-464, DEFENSE=-369, SPECIAL_ATTACK=-376, SPECIAL_DEFENSE=-350, SPEED=-308
translation{key='pixelmon.garchomp', args=[]} weighted their choices as follows:  Sand Attack, Tier 0, Weight 0.0;  Tackle, Tier 2, Weight 18.29897;  Dragon Claw, Tier 2, Weight 53.608246;  Dig, Tier 2, Weight 53.608246;  
translation{key='pixelmon.garchomp', args=[]} decided their best choices were:  Dragon Claw, Tier 2, Weight 53.608246;  Dig, Tier 2, Weight 53.608246;  
Garchomp selected attack Dig for Garchomp targeting Arceus and opted to mega evolve

BATTLE ENDED

BATTLE ENDED
Caught error in battle. Continuing...
Attempted to load class net/minecraft/client/resources/sounds/SoundInstance for invalid dist DEDICATED_SERVER
MC-BOOTSTRAP/fml_loader@4.0.41/net.neoforged.fml.common.asm.RuntimeDistCleaner.processClassWithFlags(RuntimeDistCleaner.java:60)
MC-BOOTSTRAP/cpw.mods.modlauncher@11.0.5/cpw.mods.modlauncher.LaunchPluginHandler.offerClassNodeToPlugins(LaunchPluginHandler.java:94)
MC-BOOTSTRAP/cpw.mods.modlauncher@11.0.5/cpw.mods.modlauncher.ClassTransformer.transform(ClassTransformer.java:120)
MC-BOOTSTRAP/cpw.mods.modlauncher@11.0.5/cpw.mods.modlauncher.TransformingClassLoader.maybeTransformClassBytes(TransformingClassLoader.java:57)
cpw.mods.securejarhandler/cpw.mods.cl.ModuleClassLoader.readerToClass(ModuleClassLoader.java:190)
cpw.mods.securejarhandler/cpw.mods.cl.ModuleClassLoader.lambda$findClass$20(ModuleClassLoader.java:298)
cpw.mods.securejarhandler/cpw.mods.cl.ModuleClassLoader.loadFromModule(ModuleClassLoader.java:311)
cpw.mods.securejarhandler/cpw.mods.cl.ModuleClassLoader.findClass(ModuleClassLoader.java:298)
cpw.mods.securejarhandler/cpw.mods.cl.ModuleClassLoader.loadClass(ModuleClassLoader.java:214)
java.base/java.lang.ClassLoader.loadClass(Unknown Source)
TRANSFORMER/pixelmon@9.3.9/com.pixelmonmod.pixelmon.battles.controller.participants.PlayerParticipant.forfeitBattleForBeingTooFarAway(PlayerParticipant.java:666)
TRANSFORMER/pixelmon@9.3.9/com.pixelmonmod.pixelmon.battles.controller.participants.PlayerParticipant.handlePlayerDistanceFromBattle(PlayerParticipant.java:647)
TRANSFORMER/pixelmon@9.3.9/com.pixelmonmod.pixelmon.battles.controller.participants.PlayerParticipant.tick(PlayerParticipant.java:451)
TRANSFORMER/pixelmon@9.3.9/com.pixelmonmod.pixelmon.battles.controller.BattleController.onUpdate(BattleController.java:1135)
TRANSFORMER/pixelmon@9.3.9/com.pixelmonmod.pixelmon.battles.controller.BattleController.update(BattleController.java:511)
TRANSFORMER/pixelmon@9.3.9/com.pixelmonmod.pixelmon.battles.BattleRegistry.updateBattles(BattleRegistry.java:202)
TRANSFORMER/pixelmon@9.3.9/com.pixelmonmod.pixelmon.battles.BattleTickHandler.tickStart(BattleTickHandler.java:10)
MC-BOOTSTRAP/net.neoforged.bus/net.neoforged.bus.EventBus.post(EventBus.java:360)
MC-BOOTSTRAP/net.neoforged.bus/net.neoforged.bus.EventBus.post(EventBus.java:328)
TRANSFORMER/neoforge@21.1.209/net.neoforged.neoforge.event.EventHooks.fireServerTickPost(EventHooks.java:1020)
TRANSFORMER/minecraft@1.21.1/net.minecraft.server.MinecraftServer.tickServer(MinecraftServer.java:943)
TRANSFORMER/minecraft@1.21.1/net.minecraft.server.MinecraftServer.runServer(MinecraftServer.java:707)
TRANSFORMER/minecraft@1.21.1/net.minecraft.server.MinecraftServer.lambda$spin$2(MinecraftServer.java:267)
java.base/java.lang.Thread.run(Unknown Source)
