Pixelmon Version 9.3.9
Battle data 2025-11-13T17:36:18.690969208Z

Team #0 WildPixelmonParticipant Gholdengo pixelmon:ultra_space (2937.208437941617, 53.0, -4374.167585666669) 
	Gholdengo {Ability:"GoodAsGold",CaughtBall:"poke_ball",DoesLevel:1b,DynamaxLevel:0,EVAttack:0s,EVDefense:0s,EVHP:0s,EVSpecialAttack:0s,EVSpecialDefense:0s,EVSpeed:0s,EXP:0,Friendship:0s,Gender:2b,GigantamaxFactor:0b,Health:156,IVAttack:1b,IVDefense:19b,IVHP:18b,IVSpAtt:5b,IVSpDef:12b,IVSpeed:12b,Level:50,Moveset:[{MoveID:"Astonish",MovePP:15b},{MoveID:"Night Shade",MovePP:15b},{MoveID:"Confuse Ray",MovePP:10b},{MoveID:"Substitute",MovePP:10b}],NBT_VERSION:2b,Nature:6b,PAbilitySlot:0,PHiddenAbility:0b,PersistentData:{},Pokerus:{Announced:0b,Type:0s},RelrnMoves:["Night Shade","Astonish","Confuse Ray"],Size:48.88710921401741d,SpecFlags:[],StatsAttack:71s,StatsDefense:109s,StatsHP:156s,StatsSpecialAttack:140s,StatsSpecialDefense:102s,StatsSpeed:85s,UUID:[I;1277477234,1960527375,-2100549216,-2019872280],Variant:"base",eggCycles:-1,ndex:1000,palette:"none",ribbons2:[]}
Team #0 WildPixelmonParticipant Magmar pixelmon:ultra_space (2940.5, 53.0, -4374.5) 
	Magmar {Ability:"FlameBody",CaughtBall:"poke_ball",DoesLevel:1b,DynamaxLevel:0,EVAttack:0s,EVDefense:0s,EVHP:0s,EVSpecialAttack:0s,EVSpecialDefense:0s,EVSpeed:0s,EXP:0,Friendship:0s,Gender:0b,GigantamaxFactor:0b,Health:74,IVAttack:2b,IVDefense:29b,IVHP:26b,IVSpAtt:11b,IVSpDef:29b,IVSpeed:10b,Level:25,Moveset:[{MoveID:"Leer",MovePP:30b},{MoveID:"Confuse Ray",MovePP:10b},{MoveID:"Scary Face",MovePP:10b},{MoveID:"Fire Punch",MovePP:15b}],NBT_VERSION:2b,Nature:22b,PAbilitySlot:0,PHiddenAbility:0b,PersistentData:{},Pokerus:{Announced:0b,Type:0s},RelrnMoves:["Leer","Scary Face","Confuse Ray"],Size:150.94419123928873d,SpecFlags:[],StatsAttack:53s,StatsDefense:36s,StatsHP:74s,StatsSpecialAttack:57s,StatsSpecialDefense:59s,StatsSpeed:54s,UUID:[I;1202434865,586367281,-1520141077,591131343],Variant:"base",eggCycles:-1,ndex:126,palette:"none",ribbons2:[]}
Team #0 WildPixelmonParticipant Magmar pixelmon:ultra_space (2936.4672695082436, 53.0, -4365.713230179859) 
	Magmar {Ability:"FlameBody",CaughtBall:"poke_ball",DoesLevel:1b,DynamaxLevel:0,EVAttack:0s,EVDefense:0s,EVHP:0s,EVSpecialAttack:0s,EVSpecialDefense:0s,EVSpeed:0s,EXP:0,Friendship:0s,Gender:1b,GigantamaxFactor:0b,Health:89,IVAttack:27b,IVDefense:19b,IVHP:4b,IVSpAtt:5b,IVSpDef:2b,IVSpeed:6b,Level:34,Moveset:[{MoveID:"Ember",MovePP:25b},{MoveID:"Leer",MovePP:30b},{MoveID:"Clear Smog",MovePP:15b},{MoveID:"Scary Face",MovePP:10b}],NBT_VERSION:2b,Nature:21b,PAbilitySlot:0,PHiddenAbility:0b,PersistentData:{},Pokerus:{Announced:0b,Type:0s},RelrnMoves:["Leer","Ember","Clear Smog"],Size:152.17725870837606d,SpecFlags:[],StatsAttack:70s,StatsDefense:50s,StatsHP:89s,StatsSpecialAttack:74s,StatsSpecialDefense:69s,StatsSpeed:70s,UUID:[I;-1847003578,409750621,-1906404328,275549361],Variant:"base",eggCycles:-1,ndex:126,palette:"none",ribbons2:[]}
Team #0 WildPixelmonParticipant Houndoom pixelmon:ultra_space (2938.5625, 53.0, -4371.410060609168) 
	Houndoom {Ability:"FlashFire",CaughtBall:"poke_ball",DoesLevel:1b,DynamaxLevel:0,EVAttack:0s,EVDefense:0s,EVHP:0s,EVSpecialAttack:0s,EVSpecialDefense:0s,EVSpeed:0s,EXP:0,Friendship:0s,Gender:1b,GigantamaxFactor:0b,Health:143,IVAttack:23b,IVDefense:7b,IVHP:17b,IVSpAtt:21b,IVSpDef:15b,IVSpeed:10b,Level:50,Moveset:[{MoveID:"Leer",MovePP:30b},{MoveID:"Smog",MovePP:20b},{MoveID:"Roar",MovePP:20b},{MoveID:"Fire Fang",MovePP:15b}],NBT_VERSION:2b,Nature:8b,PAbilitySlot:1,PHiddenAbility:0b,PersistentData:{},Pokerus:{Announced:0b,Type:0s},RelrnMoves:["Leer","Smog","Roar"],Size:114.64146177474842d,SpecFlags:[],StatsAttack:116s,StatsDefense:58s,StatsHP:143s,StatsSpecialAttack:125s,StatsSpecialDefense:82s,StatsSpeed:105s,UUID:[I;-961658381,-209564301,-1571215237,1078617137],Variant:"base",eggCycles:-1,ndex:229,palette:"none",ribbons2:[]}
Team #0 WildPixelmonParticipant Helioptile pixelmon:ultra_space (2938.5, 53.0, -4368.5) 
	Helioptile {Ability:"SandVeil",CaughtBall:"poke_ball",DoesLevel:1b,DynamaxLevel:0,EVAttack:0s,EVDefense:0s,EVHP:0s,EVSpecialAttack:0s,EVSpecialDefense:0s,EVSpeed:0s,EXP:0,Friendship:0s,Gender:0b,GigantamaxFactor:0b,Health:47,IVAttack:25b,IVDefense:27b,IVHP:11b,IVSpAtt:11b,IVSpDef:6b,IVSpeed:30b,Level:19,Moveset:[{MoveID:"Mud-Slap",MovePP:10b},{MoveID:"Tail Whip",MovePP:30b},{MoveID:"Quick Attack",MovePP:30b},{MoveID:"Charge",MovePP:20b}],NBT_VERSION:2b,Nature:0b,PAbilitySlot:1,PHiddenAbility:0b,PersistentData:{},Pokerus:{Announced:0b,Type:0s},RelrnMoves:["Mud-Slap","Quick Attack","Tail Whip"],Size:48.66628119902923d,SpecFlags:[],StatsAttack:24s,StatsDefense:22s,StatsHP:47s,StatsSpecialAttack:30s,StatsSpecialDefense:22s,StatsSpeed:37s,UUID:[I;-74766816,1467630564,-1535085149,1137448918],Variant:"base",eggCycles:-1,ndex:694,palette:"shiny",ribbons2:[]}
Team #1 PlayerParticipant ___________12345 pixelmon:ultra_space (2899.840100830282, 52.0, -4689.7921256248055) 
	Aron {Ability:"Sturdy",CaughtBall:"poke_ball",DoesLevel:0b,DynamaxLevel:0,EVAttack:128s,EVDefense:76s,EVHP:94s,EVSpecialAttack:81s,EVSpecialDefense:41s,EVSpeed:90s,EXP:0,Friendship:40s,Gender:0b,GigantamaxFactor:0b,Health:0,HeldItemStack:{count:1,id:"pixelmon:focus_sash"},IVAttack:30b,IVDefense:21b,IVHP:19b,IVSpAtt:27b,IVSpDef:20b,IVSpeed:11b,Level:1,Moveset:[{MoveID:"Endeavor",MovePP:5b},{MoveID:"Ancient Power",MovePP:5b},{MoveID:"Harden",MovePP:30b},{MoveID:"Tackle",MovePP:35b}],NBT_VERSION:2b,Nature:1b,PAbilitySlot:0,PHiddenAbility:0b,PersistentData:{},Pokerus:{Announced:1b,Type:0s},RelrnMoves:["Endeavor","Tackle","Ancient Power","Harden"],Size:66.24530750780022d,SpecFlags:[],StatsAttack:7s,StatsDefense:7s,StatsHP:12s,StatsSpecialAttack:6s,StatsSpecialDefense:6s,StatsSpeed:5s,UUID:[I;1059472463,-1483980450,-1364759468,-615544923],Variant:"base",eggCycles:-1,ndex:304,originalTrainer:"lame1202",originalTrainerUUID:[I;-812478946,543770915,-1079866976,-1753718133],palette:"none",ribbons2:[]}
	Primarina {Ability:"LiquidVoice",CaughtBall:"poke_ball",DoesLevel:1b,DynamaxLevel:1,EVAttack:166s,EVDefense:143s,EVHP:26s,EVSpecialAttack:65s,EVSpecialDefense:18s,EVSpeed:92s,EXP:504,Friendship:71s,Gender:0b,GigantamaxFactor:0b,Health:276,HeldItemStack:{count:1,id:"pixelmon:waterium_z"},IVAttack:8b,IVDefense:18b,IVHP:0b,IVSpAtt:6b,IVSpDef:1b,IVSpeed:21b,Level:100,MoveSkillCooldown:[{MoveSkillCooldownCurrent:1762268678098L,MoveSkillCooldownId:"forage",MoveSkillCooldownTarget:1762268703098L}],Moveset:[{MoveID:"Moonblast",MovePP:15b},{MoveID:"Ice Beam",MovePP:10b},{MoveID:"Sparkling Aria",MovePP:10b},{MoveID:"Hydro Pump",MovePP:5b}],NBT_VERSION:2b,Nature:24b,PAbilitySlot:0,PHiddenAbility:1b,PersistentData:{},Pokerus:{Announced:1b,Type:0s},RelrnMoves:["Water Gun","Disarming Voice","Growl","Bubble Beam","Icy Wind","Aqua Jet","Moonblast","Pound","Sparkling Aria","Hydro Pump","Misty Terrain","Hyper Voice"],Size:120.20768368133427d,SpecFlags:[],StatsAttack:202s,StatsDefense:206s,StatsHP:276s,StatsSpecialAttack:251s,StatsSpecialDefense:266s,StatsSpeed:169s,UUID:[I;-1172205738,2048607509,-1879822083,-1553849705],Variant:"base",eggCycles:-1,ndex:730,originalTrainer:"___________12345",originalTrainerUUID:[I;-1755248099,-1258862460,-2021475255,1498965264],palette:"none",ribbon_display2:{received:1761568021723L,receiver:'""',type:"destiny"},ribbons2:[{received:1761568021723L,receiver:'""',type:"destiny"}]}
	Lunala {Ability:"ShadowShield",CaughtBall:"poke_ball",DoesLevel:1b,DynamaxLevel:0,EVAttack:186s,EVDefense:153s,EVHP:37s,EVSpecialAttack:72s,EVSpecialDefense:15s,EVSpeed:47s,EXP:0,Friendship:32s,Gender:2b,GigantamaxFactor:0b,Health:424,HeldItemStack:{count:1,id:"pixelmon:quick_claw"},IVAttack:31b,IVDefense:31b,IVHP:31b,IVSpAtt:27b,IVSpDef:12b,IVSpeed:6b,Level:100,MoveSkillCooldown:[{MoveSkillCooldownCurrent:1762885582654L,MoveSkillCooldownId:"teleport",MoveSkillCooldownTarget:1762885585404L},{MoveSkillCooldownCurrent:1763044644985L,MoveSkillCooldownId:"open_wormhole",MoveSkillCooldownTarget:1763045544985L},{MoveSkillCooldownCurrent:1762327790070L,MoveSkillCooldownId:"forage",MoveSkillCooldownTarget:1762327815070L}],Moveset:[{MoveID:"Shadow Ball",MovePP:15b},{MoveID:"Teleport",MovePP:20b},{MoveID:"Phantom Force",MovePP:10b},{MoveID:"Moongeist Beam",MovePP:3b}],NBT_VERSION:2b,Nature:24b,PAbilitySlot:0,PHiddenAbility:0b,PersistentData:{},Pokerus:{Announced:1b,Type:0s},RelrnMoves:["Cosmic Power","Splash","Shadow Ball","Teleport","Moongeist Beam"],Size:405.9875038263135d,SpecFlags:[],StatsAttack:308s,StatsDefense:252s,StatsHP:424s,StatsSpecialAttack:291s,StatsSpecialDefense:257s,StatsSpeed:216s,UUID:[I;-708358819,-229422748,-1359255917,-1287760405],Variant:"base",eggCycles:-1,ndex:792,originalTrainer:"___________12345",originalTrainerUUID:[I;-1755248099,-1258862460,-2021475255,1498965264],palette:"none",ribbons2:[]}
	Magearna {Ability:"SoulHeart",CaughtBall:"master_ball",DoesLevel:1b,DynamaxLevel:0,EVAttack:133s,EVDefense:72s,EVHP:54s,EVSpecialAttack:93s,EVSpecialDefense:45s,EVSpeed:113s,EXP:9695,Friendship:70s,Gender:2b,GigantamaxFactor:0b,Health:244,HeldItemStack:{count:1,id:"pixelmon:lucky_egg"},IVAttack:9b,IVDefense:14b,IVHP:31b,IVSpAtt:15b,IVSpDef:31b,IVSpeed:31b,Level:77,Moveset:[{MoveID:"Thunder Wave",MovePP:20b},{MoveID:"Crafty Shield",MovePP:10b},{MoveID:"Iron Head",MovePP:15b},{MoveID:"Aurora Beam",MovePP:20b}],NBT_VERSION:2b,Nature:24b,PAbilitySlot:0,PHiddenAbility:0b,PersistentData:{},Pokerus:{Announced:1b,Type:0s},RelrnMoves:["Gear Up","Aurora Beam","Crafty Shield","Aura Sphere","Gyro Ball","Iron Defense","Iron Head"],Size:174.69188523014634d,SpecFlags:[],StatsAttack:183s,StatsDefense:206s,StatsHP:244s,StatsSpecialAttack:210s,StatsSpecialDefense:235s,StatsSpeed:150s,UUID:[I;-1275608947,1845641262,-1336595985,-1662497522],Variant:"base",eggCycles:-1,ndex:801,originalTrainer:"godksrk",originalTrainerUUID:[I;-1534560904,-1643165059,-1785036217,-2046744326],palette:"none",ribbons2:[]}
	Dartrix {Ability:"Overgrow",CaughtBall:"ultra_ball",DoesLevel:1b,DynamaxLevel:0,EVAttack:1s,EVDefense:0s,EVHP:0s,EVSpecialAttack:1s,EVSpecialDefense:0s,EVSpeed:0s,EXP:6,Friendship:76s,Gender:0b,GigantamaxFactor:0b,Health:54,HeldItemStack:{count:1,id:"pixelmon:lucky_egg"},IVAttack:20b,IVDefense:16b,IVHP:7b,IVSpAtt:26b,IVSpDef:30b,IVSpeed:3b,Level:17,Moveset:[{MoveID:"Growl",MovePP:40b},{MoveID:"Tackle",MovePP:35b},{MoveID:"Leafage",MovePP:40b},{MoveID:"Astonish",MovePP:15b}],NBT_VERSION:2b,Nature:10b,PAbilitySlot:0,PHiddenAbility:0b,PersistentData:{},Pokerus:{Announced:0b,Type:0s},RelrnMoves:["Tackle","Growl","Leafage"],Size:115.35768896536437d,SpecFlags:[],StatsAttack:33s,StatsDefense:36s,StatsHP:54s,StatsSpecialAttack:33s,StatsSpecialDefense:33s,StatsSpeed:20s,UUID:[I;-325063864,-791656696,-1996957442,1570979853],Variant:"base",eggCycles:-1,ndex:723,originalTrainer:"___________12345",originalTrainerUUID:[I;-1755248099,-1258862460,-2021475255,1498965264],palette:"none",ribbons2:[]}
	Garganacl {Ability:"Sturdy",CaughtBall:"poke_ball",DoesLevel:1b,DynamaxLevel:0,EVAttack:186s,EVDefense:132s,EVHP:25s,EVSpecialAttack:82s,EVSpecialDefense:14s,EVSpeed:71s,EXP:416,Friendship:116s,Gender:1b,GigantamaxFactor:0b,Health:298,HeldItemStack:{count:1,id:"pixelmon:grip_claw"},IVAttack:29b,IVDefense:30b,IVHP:11b,IVSpAtt:9b,IVSpDef:0b,IVSpeed:21b,Level:91,MoveSkillCooldown:[{MoveSkillCooldownCurrent:1762268669243L,MoveSkillCooldownId:"forage",MoveSkillCooldownTarget:1762268694243L}],Moveset:[{MoveID:"Earthquake",MovePP:10b},{MoveID:"Power Gem",MovePP:20b},{MoveID:"Hammer Arm",MovePP:10b},{MoveID:"Salt Cure",MovePP:15b}],NBT_VERSION:2b,Nature:19b,PAbilitySlot:1,PHiddenAbility:0b,PersistentData:{},Pokerus:{Announced:1b,Type:0s},RelrnMoves:["Heavy Slam","Rock Throw","Stone Edge","Rock Polish","Headbutt","Hammer Arm","Power Gem","Smack Down","Earthquake","Rock Slide","Salt Cure","Iron Defense","Recover","Harden"],Size:163.60431217324987d,SpecFlags:[],StatsAttack:255s,StatsDefense:298s,StatsHP:298s,StatsSpecialAttack:124s,StatsSpecialDefense:171s,StatsSpeed:92s,UUID:[I;1713029720,1545488389,-1483056504,-113463254],Variant:"base",eggCycles:-1,ndex:934,originalTrainer:"godksrk",originalTrainerUUID:[I;-1534560904,-1643165059,-1785036217,-2046744326],palette:"none",ribbons2:[]}

Turn #0 has begun
 Terrain: NONE[5 turns remaining]
 Weather: none
 Pokemon: 

Gholdengo stats changed from [ACCURACY=100, EVASION=100, ATTACK=0, DEFENSE=0, SPECIAL_ATTACK=0, SPECIAL_DEFENSE=0, SPEED=0] to [ACCURACY=100, EVASION=100, ATTACK=3, DEFENSE=3, SPECIAL_ATTACK=2, SPECIAL_DEFENSE=3, SPEED=3] delta: ATTACK=-3, DEFENSE=-3, SPECIAL_ATTACK=-2, SPECIAL_DEFENSE=-3, SPEED=-3
Magmar stats changed from [ACCURACY=100, EVASION=100, ATTACK=0, DEFENSE=0, SPECIAL_ATTACK=0, SPECIAL_DEFENSE=0, SPEED=0] to [ACCURACY=100, EVASION=100, ATTACK=3, DEFENSE=3, SPECIAL_ATTACK=3, SPECIAL_DEFENSE=3, SPEED=3] delta: ATTACK=-3, DEFENSE=-3, SPECIAL_ATTACK=-3, SPECIAL_DEFENSE=-3, SPEED=-3
Magmar stats changed from [ACCURACY=100, EVASION=100, ATTACK=0, DEFENSE=0, SPECIAL_ATTACK=0, SPECIAL_DEFENSE=0, SPEED=0] to [ACCURACY=100, EVASION=100, ATTACK=3, DEFENSE=3, SPECIAL_ATTACK=3, SPECIAL_DEFENSE=3, SPEED=3] delta: ATTACK=-3, DEFENSE=-3, SPECIAL_ATTACK=-3, SPECIAL_DEFENSE=-3, SPEED=-3
Houndoom stats changed from [ACCURACY=100, EVASION=100, ATTACK=0, DEFENSE=0, SPECIAL_ATTACK=0, SPECIAL_DEFENSE=0, SPEED=0] to [ACCURACY=100, EVASION=100, ATTACK=3, DEFENSE=4, SPECIAL_ATTACK=2, SPECIAL_DEFENSE=3, SPEED=3] delta: ATTACK=-3, DEFENSE=-4, SPECIAL_ATTACK=-2, SPECIAL_DEFENSE=-3, SPEED=-3
Helioptile stats changed from [ACCURACY=100, EVASION=100, ATTACK=0, DEFENSE=0, SPECIAL_ATTACK=0, SPECIAL_DEFENSE=0, SPEED=0] to [ACCURACY=100, EVASION=100, ATTACK=4, DEFENSE=4, SPECIAL_ATTACK=3, SPECIAL_DEFENSE=4, SPEED=3] delta: ATTACK=-4, DEFENSE=-4, SPECIAL_ATTACK=-3, SPECIAL_DEFENSE=-4, SPEED=-3
Aron stats changed from [ACCURACY=100, EVASION=100, ATTACK=0, DEFENSE=0, SPECIAL_ATTACK=0, SPECIAL_DEFENSE=0, SPEED=0] to [ACCURACY=100, EVASION=100, ATTACK=3, DEFENSE=3, SPECIAL_ATTACK=4, SPECIAL_DEFENSE=4, SPEED=4] delta: ATTACK=-3, DEFENSE=-3, SPECIAL_ATTACK=-4, SPECIAL_DEFENSE=-4, SPEED=-4
Primarina stats changed from [ACCURACY=100, EVASION=100, ATTACK=0, DEFENSE=0, SPECIAL_ATTACK=0, SPECIAL_DEFENSE=0, SPEED=0] to [ACCURACY=100, EVASION=100, ATTACK=3, DEFENSE=3, SPECIAL_ATTACK=2, SPECIAL_DEFENSE=2, SPEED=3] delta: ATTACK=-3, DEFENSE=-3, SPECIAL_ATTACK=-2, SPECIAL_DEFENSE=-2, SPEED=-3
Lunala stats changed from [ACCURACY=100, EVASION=100, ATTACK=0, DEFENSE=0, SPECIAL_ATTACK=0, SPECIAL_DEFENSE=0, SPEED=0] to [ACCURACY=100, EVASION=100, ATTACK=2, DEFENSE=3, SPECIAL_ATTACK=2, SPECIAL_DEFENSE=2, SPEED=3] delta: ATTACK=-2, DEFENSE=-3, SPECIAL_ATTACK=-2, SPECIAL_DEFENSE=-2, SPEED=-3
Magearna stats changed from [ACCURACY=100, EVASION=100, ATTACK=0, DEFENSE=0, SPECIAL_ATTACK=0, SPECIAL_DEFENSE=0, SPEED=0] to [ACCURACY=100, EVASION=100, ATTACK=3, DEFENSE=2, SPECIAL_ATTACK=2, SPECIAL_DEFENSE=2, SPEED=3] delta: ATTACK=-3, DEFENSE=-2, SPECIAL_ATTACK=-2, SPECIAL_DEFENSE=-2, SPEED=-3
Dartrix stats changed from [ACCURACY=100, EVASION=100, ATTACK=0, DEFENSE=0, SPECIAL_ATTACK=0, SPECIAL_DEFENSE=0, SPEED=0] to [ACCURACY=100, EVASION=100, ATTACK=3, DEFENSE=3, SPECIAL_ATTACK=3, SPECIAL_DEFENSE=3, SPEED=3] delta: ATTACK=-3, DEFENSE=-3, SPECIAL_ATTACK=-3, SPECIAL_DEFENSE=-3, SPEED=-3
Garganacl stats changed from [ACCURACY=100, EVASION=100, ATTACK=0, DEFENSE=0, SPECIAL_ATTACK=0, SPECIAL_DEFENSE=0, SPEED=0] to [ACCURACY=100, EVASION=100, ATTACK=3, DEFENSE=2, SPECIAL_ATTACK=4, SPECIAL_DEFENSE=3, SPEED=4] delta: ATTACK=-3, DEFENSE=-2, SPECIAL_ATTACK=-4, SPECIAL_DEFENSE=-3, SPEED=-4
Battle Message: literal{Gholdengo} summoned some nearby allies to assist them
Gholdengo stats changed from [ACCURACY=100, EVASION=100, ATTACK=3, DEFENSE=3, SPECIAL_ATTACK=2, SPECIAL_DEFENSE=3, SPEED=3] to [ACCURACY=100, EVASION=100, ATTACK=71, DEFENSE=109, SPECIAL_ATTACK=140, SPECIAL_DEFENSE=102, SPEED=85] delta: ATTACK=-68, DEFENSE=-106, SPECIAL_ATTACK=-138, SPECIAL_DEFENSE=-99, SPEED=-82
Magmar stats changed from [ACCURACY=100, EVASION=100, ATTACK=3, DEFENSE=3, SPECIAL_ATTACK=3, SPECIAL_DEFENSE=3, SPEED=3] to [ACCURACY=100, EVASION=100, ATTACK=53, DEFENSE=36, SPECIAL_ATTACK=57, SPECIAL_DEFENSE=59, SPEED=54] delta: ATTACK=-50, DEFENSE=-33, SPECIAL_ATTACK=-54, SPECIAL_DEFENSE=-56, SPEED=-51
Magmar stats changed from [ACCURACY=100, EVASION=100, ATTACK=3, DEFENSE=3, SPECIAL_ATTACK=3, SPECIAL_DEFENSE=3, SPEED=3] to [ACCURACY=100, EVASION=100, ATTACK=70, DEFENSE=50, SPECIAL_ATTACK=74, SPECIAL_DEFENSE=69, SPEED=70] delta: ATTACK=-67, DEFENSE=-47, SPECIAL_ATTACK=-71, SPECIAL_DEFENSE=-66, SPEED=-67
Houndoom stats changed from [ACCURACY=100, EVASION=100, ATTACK=3, DEFENSE=4, SPECIAL_ATTACK=2, SPECIAL_DEFENSE=3, SPEED=3] to [ACCURACY=100, EVASION=100, ATTACK=116, DEFENSE=58, SPECIAL_ATTACK=125, SPECIAL_DEFENSE=82, SPEED=105] delta: ATTACK=-113, DEFENSE=-54, SPECIAL_ATTACK=-123, SPECIAL_DEFENSE=-79, SPEED=-102
Helioptile stats changed from [ACCURACY=100, EVASION=100, ATTACK=4, DEFENSE=4, SPECIAL_ATTACK=3, SPECIAL_DEFENSE=4, SPEED=3] to [ACCURACY=100, EVASION=100, ATTACK=193, DEFENSE=185, SPECIAL_ATTACK=266, SPECIAL_DEFENSE=209, SPEED=296] delta: ATTACK=-189, DEFENSE=-181, SPECIAL_ATTACK=-263, SPECIAL_DEFENSE=-205, SPEED=-293
Aron stats changed from [ACCURACY=100, EVASION=100, ATTACK=3, DEFENSE=3, SPECIAL_ATTACK=4, SPECIAL_DEFENSE=4, SPEED=4] to [ACCURACY=100, EVASION=100, ATTACK=7, DEFENSE=7, SPECIAL_ATTACK=6, SPECIAL_DEFENSE=6, SPEED=5] delta: ATTACK=-4, DEFENSE=-4, SPECIAL_ATTACK=-2, SPECIAL_DEFENSE=-2, SPEED=-1
Gholdengo selected attack Substitute for Gholdengo targeting Gholdengo and opted to mega evolve
translation{key='pixelmon.magmar', args=[]} weighted their choices as follows:  Leer, Tier 0, Weight 0.0;  Confuse Ray, Tier 0, Weight 0.0;  Scary Face, Tier 0, Weight 0.0;  Fire Punch, Tier 2, Weight 91.66667;  
translation{key='pixelmon.magmar', args=[]} decided their best choices were:  Fire Punch, Tier 2, Weight 91.66667;  
Magmar selected attack Fire Punch for Magmar targeting Aron and opted to mega evolve
translation{key='pixelmon.magmar', args=[]} weighted their choices as follows:  Ember, Tier 2, Weight 91.66667;  Leer, Tier 0, Weight 0.0;  Clear Smog, Tier 0, Weight 0.0;  Scary Face, Tier 0, Weight 0.0;  
translation{key='pixelmon.magmar', args=[]} decided their best choices were:  Ember, Tier 2, Weight 91.66667;  
Magmar selected attack Ember for Magmar targeting Aron and opted to mega evolve
translation{key='pixelmon.houndoom', args=[]} weighted their choices as follows:  Leer, Tier 0, Weight 0.0;  Smog, Tier 0, Weight 0.0;  Roar, Tier 0, Weight 0.0;  Fire Fang, Tier 2, Weight 91.66667;  
translation{key='pixelmon.houndoom', args=[]} decided their best choices were:  Fire Fang, Tier 2, Weight 91.66667;  
Houndoom selected attack Fire Fang for Houndoom targeting Aron and opted to mega evolve
translation{key='pixelmon.helioptile', args=[]} weighted their choices as follows:  Mud-Slap, Tier 2, Weight 91.66667;  Tail Whip, Tier 0, Weight 0.0;  Quick Attack, Tier 2, Weight 91.66667;  Charge, Tier 0, Weight 0.0;  
translation{key='pixelmon.helioptile', args=[]} decided their best choices were:  Mud-Slap, Tier 2, Weight 91.66667;  Quick Attack, Tier 2, Weight 91.66667;  
Helioptile selected attack Mud-Slap for Helioptile targeting Aron and opted to mega evolve
Battle Message: Aron couldn't escape!
___________12345 fled the battle
Battle Message: Helioptile used Mud-Slap!
Battle Message: It's super effective!
Battle Message: Aron just hung on with Sturdy!
Aron was damaged by Helioptile type ATTACK for 11 before: 12 after: 1
Battle Message: Aron's accuracy was decreased!
Helioptile used Mud-Slap against Aron with results MoveResults{damage=11, fullDamage=11, power=[], accuracy=0, priority=0.0, result=succeeded, weightMod=0.0}
Battle Message: Houndoom used Fire Fang!
Aron was damaged by Houndoom type ATTACK for 1 before: 1 after: 0
Battle Message: Aron fainted!
Houndoom used Fire Fang against Aron with results MoveResults{damage=1, fullDamage=706, power=[], accuracy=0, priority=0.0, result=killed, weightMod=0.0}
Battle Message: Gholdengo used Substitute!
Gholdengo was given status com.pixelmonmod.pixelmon.battles.status.Substitute@23b271f8
Gholdengo was damaged by Gholdengo type SELF for 39 before: 156 after: 117
Battle Message: Gholdengo created a substitute!
Gholdengo used Substitute against Gholdengo with results MoveResults{damage=0, fullDamage=0, power=[], accuracy=0, priority=0.0, result=succeeded, weightMod=0.0}
___________12345 executed command tp lame1202

BATTLE ENDED

BATTLE ENDED
Caught error in battle. Continuing...
Attempted to load class net/minecraft/client/resources/sounds/SoundInstance for invalid dist DEDICATED_SERVER
MC-BOOTSTRAP/fml_loader@4.0.41/net.neoforged.fml.common.asm.RuntimeDistCleaner.processClassWithFlags(RuntimeDistCleaner.java:60)
MC-BOOTSTRAP/cpw.mods.modlauncher@11.0.5/cpw.mods.modlauncher.LaunchPluginHandler.offerClassNodeToPlugins(LaunchPluginHandler.java:94)
MC-BOOTSTRAP/cpw.mods.modlauncher@11.0.5/cpw.mods.modlauncher.ClassTransformer.transform(ClassTransformer.java:120)
MC-BOOTSTRAP/cpw.mods.modlauncher@11.0.5/cpw.mods.modlauncher.TransformingClassLoader.maybeTransformClassBytes(TransformingClassLoader.java:57)
cpw.mods.securejarhandler/cpw.mods.cl.ModuleClassLoader.readerToClass(ModuleClassLoader.java:190)
cpw.mods.securejarhandler/cpw.mods.cl.ModuleClassLoader.lambda$findClass$20(ModuleClassLoader.java:298)
cpw.mods.securejarhandler/cpw.mods.cl.ModuleClassLoader.loadFromModule(ModuleClassLoader.java:311)
cpw.mods.securejarhandler/cpw.mods.cl.ModuleClassLoader.findClass(ModuleClassLoader.java:298)
cpw.mods.securejarhandler/cpw.mods.cl.ModuleClassLoader.loadClass(ModuleClassLoader.java:214)
java.base/java.lang.ClassLoader.loadClass(Unknown Source)
TRANSFORMER/pixelmon@9.3.9/com.pixelmonmod.pixelmon.battles.controller.participants.PlayerParticipant.forfeitBattleForBeingTooFarAway(PlayerParticipant.java:666)
TRANSFORMER/pixelmon@9.3.9/com.pixelmonmod.pixelmon.battles.controller.participants.PlayerParticipant.handlePlayerDistanceFromBattle(PlayerParticipant.java:647)
TRANSFORMER/pixelmon@9.3.9/com.pixelmonmod.pixelmon.battles.controller.participants.PlayerParticipant.tick(PlayerParticipant.java:451)
TRANSFORMER/pixelmon@9.3.9/com.pixelmonmod.pixelmon.battles.controller.BattleController.onUpdate(BattleController.java:1135)
TRANSFORMER/pixelmon@9.3.9/com.pixelmonmod.pixelmon.battles.controller.BattleController.update(BattleController.java:511)
TRANSFORMER/pixelmon@9.3.9/com.pixelmonmod.pixelmon.battles.BattleRegistry.updateBattles(BattleRegistry.java:202)
TRANSFORMER/pixelmon@9.3.9/com.pixelmonmod.pixelmon.battles.BattleTickHandler.tickStart(BattleTickHandler.java:10)
MC-BOOTSTRAP/net.neoforged.bus/net.neoforged.bus.EventBus.post(EventBus.java:360)
MC-BOOTSTRAP/net.neoforged.bus/net.neoforged.bus.EventBus.post(EventBus.java:328)
TRANSFORMER/neoforge@21.1.209/net.neoforged.neoforge.event.EventHooks.fireServerTickPost(EventHooks.java:1020)
TRANSFORMER/minecraft@1.21.1/net.minecraft.server.MinecraftServer.tickServer(MinecraftServer.java:943)
TRANSFORMER/minecraft@1.21.1/net.minecraft.server.MinecraftServer.runServer(MinecraftServer.java:707)
TRANSFORMER/minecraft@1.21.1/net.minecraft.server.MinecraftServer.lambda$spin$2(MinecraftServer.java:267)
java.base/java.lang.Thread.run(Unknown Source)
