Pixelmon Version 9.3.9
Battle data 2025-11-13T12:11:18.835056392Z

Team #0 WildPixelmonParticipant Sableye pixelmon:ultra_space (4331.354060091594, 41.0, -5004.360126803931) 
	Sableye {Ability:"Stall",CaughtBall:"poke_ball",DoesLevel:1b,DynamaxLevel:0,EVAttack:0s,EVDefense:0s,EVHP:0s,EVSpecialAttack:0s,EVSpecialDefense:0s,EVSpeed:0s,EXP:0,Friendship:0s,Gender:0b,GigantamaxFactor:0b,Health:83,IVAttack:9b,IVDefense:12b,IVHP:11b,IVSpAtt:16b,IVSpDef:10b,IVSpeed:5b,Level:35,Moveset:[{MoveID:"Leer",MovePP:30b},{MoveID:"Night Shade",MovePP:15b},{MoveID:"Fury Swipes",MovePP:15b},{MoveID:"Knock Off",MovePP:20b}],NBT_VERSION:2b,Nature:11b,PAbilitySlot:1,PHiddenAbility:0b,PersistentData:{},Pokerus:{Announced:0b,Type:0s},RelrnMoves:["Leer","Night Shade","Fury Swipes"],Size:77.93134186906761d,SpecFlags:[],StatsAttack:60s,StatsDefense:67s,StatsHP:83s,StatsSpecialAttack:50s,StatsSpecialDefense:54s,StatsSpeed:41s,UUID:[I;1324116915,-936555375,-1639407568,228577663],Variant:"base",eggCycles:-1,ndex:302,palette:"none",ribbons2:[]}
Team #0 WildPixelmonParticipant Muk pixelmon:ultra_space (4332.5, 41.0, -5009.5) 
	Muk {Ability:"StickyHold",CaughtBall:"poke_ball",DoesLevel:1b,DynamaxLevel:0,EVAttack:0s,EVDefense:0s,EVHP:0s,EVSpecialAttack:0s,EVSpecialDefense:0s,EVSpeed:0s,EXP:0,Friendship:0s,Gender:1b,GigantamaxFactor:0b,Health:175,IVAttack:20b,IVDefense:17b,IVHP:20b,IVSpAtt:9b,IVSpDef:9b,IVSpeed:16b,Level:50,Moveset:[{MoveID:"Pound",MovePP:35b},{MoveID:"Minimize",MovePP:10b},{MoveID:"Toxic",MovePP:10b},{MoveID:"Sludge Wave",MovePP:10b}],NBT_VERSION:2b,Nature:20b,PAbilitySlot:1,PHiddenAbility:0b,PersistentData:{},Pokerus:{Announced:0b,Type:0s},RelrnMoves:["Toxic","Minimize","Pound"],Size:120.87531836141889d,SpecFlags:[],StatsAttack:120s,StatsDefense:88s,StatsHP:175s,StatsSpecialAttack:81s,StatsSpecialDefense:98s,StatsSpeed:63s,UUID:[I;354165160,1398819114,-1732029760,1531152917],Variant:"base",eggCycles:-1,ndex:89,palette:"none",ribbons2:[]}
Team #0 WildPixelmonParticipant Marill pixelmon:ultra_space (4329.5, 40.0, -5014.670151016453) 
	Marill {Ability:"HugePower",CaughtBall:"poke_ball",DoesLevel:1b,DynamaxLevel:0,EVAttack:0s,EVDefense:0s,EVHP:0s,EVSpecialAttack:0s,EVSpecialDefense:0s,EVSpeed:0s,EXP:0,Friendship:0s,Gender:1b,GigantamaxFactor:0b,Health:50,IVAttack:30b,IVDefense:9b,IVHP:1b,IVSpAtt:1b,IVSpDef:27b,IVSpeed:30b,Level:17,Moveset:[{MoveID:"Helping Hand",MovePP:20b},{MoveID:"Tackle",MovePP:35b},{MoveID:"Bubble Beam",MovePP:20b},{MoveID:"Charm",MovePP:20b}],NBT_VERSION:2b,Nature:6b,PAbilitySlot:1,PHiddenAbility:0b,PersistentData:{},Pokerus:{Announced:0b,Type:0s},RelrnMoves:["Helping Hand","Tackle","Bubble Beam"],Size:38.7560057671216d,SpecFlags:[],StatsAttack:17s,StatsDefense:23s,StatsHP:50s,StatsSpecialAttack:11s,StatsSpecialDefense:26s,StatsSpeed:20s,UUID:[I;-1554634440,-757314212,-1792108092,-594001589],Variant:"base",eggCycles:-1,ndex:183,palette:"alter",ribbons2:[]}
Team #0 WildPixelmonParticipant Chewtle pixelmon:ultra_space (4334.5, 41.0, -5008.5) 
	Chewtle {Ability:"ShellArmour",CaughtBall:"poke_ball",DoesLevel:1b,DynamaxLevel:0,EVAttack:0s,EVDefense:0s,EVHP:0s,EVSpecialAttack:0s,EVSpecialDefense:0s,EVSpeed:0s,EXP:0,Friendship:0s,Gender:0b,GigantamaxFactor:0b,Health:43,IVAttack:7b,IVDefense:13b,IVHP:22b,IVSpAtt:6b,IVSpDef:25b,IVSpeed:15b,Level:15,Moveset:[{MoveID:"Tackle",MovePP:35b},{MoveID:"Water Gun",MovePP:25b},{MoveID:"Bite",MovePP:25b},{MoveID:"Headbutt",MovePP:15b}],NBT_VERSION:2b,Nature:2b,PAbilitySlot:1,PHiddenAbility:0b,PersistentData:{},Pokerus:{Announced:0b,Type:0s},RelrnMoves:["Water Gun","Tackle","Bite"],Size:38.01816292792007d,SpecFlags:[],StatsAttack:25s,StatsDefense:21s,StatsHP:43s,StatsSpecialAttack:17s,StatsSpecialDefense:20s,StatsSpeed:20s,UUID:[I;476324056,-1149613768,-1583700051,-1872430059],Variant:"base",eggCycles:-1,ndex:833,palette:"none",ribbons2:[]}
Team #0 WildPixelmonParticipant Boldore pixelmon:ultra_space (4334.5, 42.0, -5006.5) 
	Boldore {Ability:"WeakArmor",CaughtBall:"poke_ball",DoesLevel:1b,DynamaxLevel:0,EVAttack:0s,EVDefense:0s,EVHP:0s,EVSpecialAttack:0s,EVSpecialDefense:0s,EVSpeed:0s,EXP:0,Friendship:0s,Gender:0b,GigantamaxFactor:0b,Health:116,IVAttack:29b,IVDefense:12b,IVHP:26b,IVSpAtt:22b,IVSpDef:2b,IVSpeed:6b,Level:40,Moveset:[{MoveID:"Power Gem",MovePP:20b},{MoveID:"Sand Attack",MovePP:15b},{MoveID:"Smack Down",MovePP:15b},{MoveID:"Rock Blast",MovePP:10b}],NBT_VERSION:2b,Nature:19b,PAbilitySlot:1,PHiddenAbility:0b,PersistentData:{},Pokerus:{Announced:0b,Type:0s},RelrnMoves:["Smack Down","Sand Attack","Power Gem"],Size:99.82233901553388d,SpecFlags:[],StatsAttack:100s,StatsDefense:93s,StatsHP:116s,StatsSpecialAttack:58s,StatsSpecialDefense:37s,StatsSpeed:20s,UUID:[I;1841450433,897073522,-1373060162,1809925032],Variant:"base",eggCycles:-1,ndex:525,palette:"none",ribbons2:[]}
Team #1 PlayerParticipant lame1202 pixelmon:ultra_space (4326.606522575124, 46.44210161447304, -5033.6434429121755) 
	Yveltal {Ability:"DarkAura",CaughtBall:"master_ball",DoesLevel:1b,DynamaxLevel:10,EVAttack:6s,EVDefense:0s,EVHP:0s,EVSpecialAttack:252s,EVSpecialDefense:0s,EVSpeed:252s,EXP:0,FormattedNickname:'{"text":"","extra":["『カラス』"]}',Friendship:255s,Gender:2b,GigantamaxFactor:0b,Health:393,HeldItemStack:{count:1,id:"pixelmon:life_orb"},IVAttack:22b,IVDefense:31b,IVHP:27b,IVSpAtt:12b,IVSpDef:31b,IVSpeed:31b,IV_HTATTACK:1b,IV_HTHP:1b,IV_HTSPECIAL_ATTACK:1b,Level:100,MoveSkillCooldown:[{MoveSkillCooldownCurrent:1762891541634L,MoveSkillCooldownId:"fly",MoveSkillCooldownTarget:1762891542684L}],Moveset:[{MoveID:"Sky Attack",MovePP:5b},{MoveID:"Foul Play",MovePP:15b},{MoveID:"Dark Pulse",MovePP:15b},{MoveID:"Fly",MovePP:15b}],NBT_VERSION:2b,Nature:2b,PAbilitySlot:0,PHiddenAbility:0b,PersistentData:{},Pokerus:{Announced:0b,Type:0s},RelrnMoves:["Foul Play","Fly","Roost","Snarl","Dark Pulse","Gust","Disable"],Size:354.61112173609985d,SpecFlags:[],StatsAttack:299s,StatsDefense:226s,StatsHP:393s,StatsSpecialAttack:361s,StatsSpecialDefense:232s,StatsSpeed:297s,UUID:[I;-1063911881,-209827597,-1503807379,789664429],Variant:"base",eggCycles:-1,ndex:717,originalTrainer:"lame1202",originalTrainerUUID:[I;-812478946,543770915,-1079866976,-1753718133],palette:"none",ribbons2:[]}
	Garchomp {Ability:"RoughSkin",CaughtBall:"poke_ball",DoesLevel:1b,DynamaxLevel:0,EVAttack:252s,EVDefense:0s,EVHP:6s,EVSpecialAttack:0s,EVSpecialDefense:0s,EVSpeed:252s,EXP:3721,FormattedNickname:'{"text":"","extra":["『ワニ』"]}',Friendship:255s,Gender:1b,GigantamaxFactor:0b,Health:358,HeldItemStack:{count:1,id:"pixelmon:lum_berry"},IVAttack:27b,IVDefense:24b,IVHP:10b,IVSpAtt:12b,IVSpDef:28b,IVSpeed:27b,IV_HTATTACK:1b,IV_HTDEFENSE:1b,IV_HTHP:1b,IV_HTSPECIAL_ATTACK:1b,IV_HTSPECIAL_DEFENSE:1b,IV_HTSPEED:1b,Level:100,MintNature:16b,MoveSkillCooldown:[{MoveSkillCooldownCurrent:1762881070851L,MoveSkillCooldownId:"mount_boost",MoveSkillCooldownTarget:1762881110851L},{MoveSkillCooldownCurrent:1762706851325L,MoveSkillCooldownId:"forage",MoveSkillCooldownTarget:1762706876325L}],Moveset:[{MoveID:"Earthquake",MovePP:10b},{MoveID:"Outrage",MovePP:10b},{MoveID:"Dual Chop",MovePP:15b},{MoveID:"Fire Blast",MovePP:5b}],NBT_VERSION:2b,Nature:12b,PAbilitySlot:0,PHiddenAbility:1b,PersistentData:{},Pokerus:{Announced:0b,Type:0s},RelrnMoves:["False Swipe","Dig","Sand Attack","Bite","Stone Edge","Swords Dance","Outrage","Sand Tomb","Tackle","Tera Blast","Earthquake","Slash","Bulldoze","Crunch","Fire Blast"],Size:179.34559614068806d,SpecFlags:[],StatsAttack:359s,StatsDefense:226s,StatsHP:358s,StatsSpecialAttack:196s,StatsSpecialDefense:185s,StatsSpeed:333s,UUID:[I;6640726,-1809694469,-1176671605,-1159100764],Variant:"base",eggCycles:-1,ndex:445,originalTrainer:"lame1202",originalTrainerUUID:[I;-812478946,543770915,-1079866976,-1753718133],palette:"none",ribbons2:[]}
	Lunala {Ability:"ShadowShield",CaughtBall:"ultra_ball",DoesLevel:1b,DynamaxLevel:10,EVAttack:0s,EVDefense:4s,EVHP:118s,EVSpecialAttack:252s,EVSpecialDefense:4s,EVSpeed:132s,EXP:7716,FormattedNickname:'{"text":"","extra":["『コウモリ』"]}',Friendship:254s,Gender:2b,GigantamaxFactor:0b,Health:444,HeldItemStack:{count:1,id:"pixelmon:choice_scarf"},IVAttack:31b,IVDefense:9b,IVHP:22b,IVSpAtt:15b,IVSpDef:31b,IVSpeed:31b,IV_HTDEFENSE:1b,IV_HTHP:1b,IV_HTSPECIAL_ATTACK:1b,Level:100,MintNature:16b,MoveSkillCooldown:[{MoveSkillCooldownCurrent:1762894687610L,MoveSkillCooldownId:"open_wormhole",MoveSkillCooldownTarget:1762895587610L},{MoveSkillCooldownCurrent:1762706868028L,MoveSkillCooldownId:"forage",MoveSkillCooldownTarget:1762706893028L}],Moveset:[{MoveID:"Moongeist Beam",MovePP:5b},{MoveID:"Moonblast",MovePP:15b},{MoveID:"Psyshock",MovePP:10b},{MoveID:"Focus Blast",MovePP:5b}],NBT_VERSION:2b,Nature:2b,PAbilitySlot:0,PHiddenAbility:0b,PersistentData:{},Pokerus:{Announced:0b,Type:0s},RelrnMoves:["Future Sight","Cosmic Power","Psyshock","Splash","Teleport","Moongeist Beam","Focus Blast"],Size:392.969829837004d,SpecFlags:[],StatsAttack:262s,StatsDefense:215s,StatsHP:444s,StatsSpecialAttack:373s,StatsSpecialDefense:225s,StatsSpeed:289s,UUID:[I;-1179243225,-108770495,-1853800206,-1381633602],Variant:"base",eggCycles:-1,ndex:792,originalTrainer:"lame1202",originalTrainerUUID:[I;-812478946,543770915,-1079866976,-1753718133],palette:"none",ribbons2:[]}
	Necrozma {Ability:"PrismArmor",CaughtBall:"ultra_ball",DoesLevel:1b,DynamaxLevel:10,EVAttack:123s,EVDefense:107s,EVHP:22s,EVSpecialAttack:42s,EVSpecialDefense:35s,EVSpeed:57s,EXP:3289,Friendship:53s,Gender:2b,GigantamaxFactor:0b,Health:293,HeldItemStack:{count:1,id:"pixelmon:lucky_egg"},IVAttack:31b,IVDefense:16b,IVHP:30b,IVSpAtt:31b,IVSpDef:31b,IVSpeed:31b,Level:86,MoveSkillCooldown:[{MoveSkillCooldownCurrent:1762893464066L,MoveSkillCooldownId:"open_wormhole",MoveSkillCooldownTarget:1762894364066L},{MoveSkillCooldownCurrent:1762706871122L,MoveSkillCooldownId:"forage",MoveSkillCooldownTarget:1762706896122L}],Moveset:[{MoveID:"Photon Geyser",MovePP:5b},{MoveID:"Outrage",MovePP:10b},{MoveID:"Earthquake",MovePP:10b},{MoveID:"Stone Edge",MovePP:5b}],NBT_VERSION:2b,Nature:24b,PAbilitySlot:0,PHiddenAbility:0b,PersistentData:{},Pokerus:{Announced:0b,Type:0s},RelrnMoves:["Outrage","Metal Claw","Earthquake","Stealth Rock","Night Slash","Charge Beam","Psycho Cut","Morning Sun","Iron Defense","Photon Geyser"],Size:570.831928793087d,SpecFlags:[],StatsAttack:242s,StatsDefense:215s,StatsHP:293s,StatsSpecialAttack:233s,StatsSpecialDefense:211s,StatsSpeed:179s,UUID:[I;-1087597354,2026982268,-1162648836,-1602538276],Variant:"base",eggCycles:-1,ndex:800,originalTrainer:"lame1202",originalTrainerUUID:[I;-812478946,543770915,-1079866976,-1753718133],palette:"none",ribbons2:[]}
	Urshifu {Ability:"UnseenFist",CaughtBall:"level_ball",DoesLevel:1b,DynamaxLevel:10,EVAttack:252s,EVDefense:6s,EVHP:0s,EVSpecialAttack:0s,EVSpecialDefense:0s,EVSpeed:252s,EXP:0,FormattedNickname:'{"text":"","extra":["『クマ』"]}',Friendship:255s,Gender:0b,GigantamaxFactor:0b,Health:341,HeldItemStack:{count:1,id:"pixelmon:life_orb"},IVAttack:0b,IVDefense:31b,IVHP:31b,IVSpAtt:31b,IVSpDef:6b,IVSpeed:3b,IV_HTATTACK:1b,IV_HTDEFENSE:1b,IV_HTHP:1b,IV_HTSPECIAL_ATTACK:1b,IV_HTSPECIAL_DEFENSE:1b,IV_HTSPEED:1b,Level:100,MintNature:15b,MoveSkillCooldown:[{MoveSkillCooldownCurrent:1762706865624L,MoveSkillCooldownId:"forage",MoveSkillCooldownTarget:1762706890624L}],Moveset:[{MoveID:"Surging Strikes",MovePP:5b},{MoveID:"Close Combat",MovePP:5b},{MoveID:"Thunder Punch",MovePP:15b},{MoveID:"Ice Punch",MovePP:15b}],NBT_VERSION:2b,Nature:5b,PAbilitySlot:0,PHiddenAbility:0b,PersistentData:{},Pokerus:{Announced:0b,Type:0s},RelrnMoves:["Rock Smash","Surging Strikes","Leer","Endure","Aerial Ace","Thunder Punch","Ice Punch"],Size:151.05878067529977d,SpecFlags:[],StatsAttack:359s,StatsDefense:237s,StatsHP:341s,StatsSpecialAttack:145s,StatsSpecialDefense:156s,StatsSpeed:322s,UUID:[I;-326515662,630081550,-1680083011,1637730844],Variant:"rapidstrike",eggCycles:-1,ndex:892,originalTrainer:"lame1202",originalTrainerUUID:[I;-812478946,543770915,-1079866976,-1753718133],palette:"none",ribbons2:[]}

Turn #0 has begun
 Terrain: NONE[5 turns remaining]
 Weather: none
 Pokemon: 

Sableye stats changed from [ACCURACY=100, EVASION=100, ATTACK=0, DEFENSE=0, SPECIAL_ATTACK=0, SPECIAL_DEFENSE=0, SPEED=0] to [ACCURACY=100, EVASION=100, ATTACK=3, DEFENSE=3, SPECIAL_ATTACK=3, SPECIAL_DEFENSE=3, SPEED=4] delta: ATTACK=-3, DEFENSE=-3, SPECIAL_ATTACK=-3, SPECIAL_DEFENSE=-3, SPEED=-4
Muk stats changed from [ACCURACY=100, EVASION=100, ATTACK=0, DEFENSE=0, SPECIAL_ATTACK=0, SPECIAL_DEFENSE=0, SPEED=0] to [ACCURACY=100, EVASION=100, ATTACK=2, DEFENSE=3, SPECIAL_ATTACK=3, SPECIAL_DEFENSE=3, SPEED=4] delta: ATTACK=-2, DEFENSE=-3, SPECIAL_ATTACK=-3, SPECIAL_DEFENSE=-3, SPEED=-4
Marill stats changed from [ACCURACY=100, EVASION=100, ATTACK=0, DEFENSE=0, SPECIAL_ATTACK=0, SPECIAL_DEFENSE=0, SPEED=0] to [ACCURACY=100, EVASION=100, ATTACK=4, DEFENSE=4, SPECIAL_ATTACK=4, SPECIAL_DEFENSE=4, SPEED=4] delta: ATTACK=-4, DEFENSE=-4, SPECIAL_ATTACK=-4, SPECIAL_DEFENSE=-4, SPEED=-4
Chewtle stats changed from [ACCURACY=100, EVASION=100, ATTACK=0, DEFENSE=0, SPECIAL_ATTACK=0, SPECIAL_DEFENSE=0, SPEED=0] to [ACCURACY=100, EVASION=100, ATTACK=3, DEFENSE=4, SPECIAL_ATTACK=4, SPECIAL_DEFENSE=4, SPEED=4] delta: ATTACK=-3, DEFENSE=-4, SPECIAL_ATTACK=-4, SPECIAL_DEFENSE=-4, SPEED=-4
Boldore stats changed from [ACCURACY=100, EVASION=100, ATTACK=0, DEFENSE=0, SPECIAL_ATTACK=0, SPECIAL_DEFENSE=0, SPEED=0] to [ACCURACY=100, EVASION=100, ATTACK=2, DEFENSE=2, SPECIAL_ATTACK=4, SPECIAL_DEFENSE=4, SPEED=4] delta: ATTACK=-2, DEFENSE=-2, SPECIAL_ATTACK=-4, SPECIAL_DEFENSE=-4, SPEED=-4
Yveltal stats changed from [ACCURACY=100, EVASION=100, ATTACK=0, DEFENSE=0, SPECIAL_ATTACK=0, SPECIAL_DEFENSE=0, SPEED=0] to [ACCURACY=100, EVASION=100, ATTACK=2, DEFENSE=3, SPECIAL_ATTACK=2, SPECIAL_DEFENSE=3, SPEED=3] delta: ATTACK=-2, DEFENSE=-3, SPECIAL_ATTACK=-2, SPECIAL_DEFENSE=-3, SPEED=-3
Garchomp stats changed from [ACCURACY=100, EVASION=100, ATTACK=0, DEFENSE=0, SPECIAL_ATTACK=0, SPECIAL_DEFENSE=0, SPEED=0] to [ACCURACY=100, EVASION=100, ATTACK=2, DEFENSE=3, SPECIAL_ATTACK=3, SPECIAL_DEFENSE=3, SPEED=2] delta: ATTACK=-2, DEFENSE=-3, SPECIAL_ATTACK=-3, SPECIAL_DEFENSE=-3, SPEED=-2
Lunala stats changed from [ACCURACY=100, EVASION=100, ATTACK=0, DEFENSE=0, SPECIAL_ATTACK=0, SPECIAL_DEFENSE=0, SPEED=0] to [ACCURACY=100, EVASION=100, ATTACK=2, DEFENSE=3, SPECIAL_ATTACK=2, SPECIAL_DEFENSE=2, SPEED=3] delta: ATTACK=-2, DEFENSE=-3, SPECIAL_ATTACK=-2, SPECIAL_DEFENSE=-2, SPEED=-3
Necrozma stats changed from [ACCURACY=100, EVASION=100, ATTACK=0, DEFENSE=0, SPECIAL_ATTACK=0, SPECIAL_DEFENSE=0, SPEED=0] to [ACCURACY=100, EVASION=100, ATTACK=2, DEFENSE=2, SPECIAL_ATTACK=2, SPECIAL_DEFENSE=3, SPEED=3] delta: ATTACK=-2, DEFENSE=-2, SPECIAL_ATTACK=-2, SPECIAL_DEFENSE=-3, SPEED=-3
Urshifu stats changed from [ACCURACY=100, EVASION=100, ATTACK=0, DEFENSE=0, SPECIAL_ATTACK=0, SPECIAL_DEFENSE=0, SPEED=0] to [ACCURACY=100, EVASION=100, ATTACK=2, DEFENSE=3, SPECIAL_ATTACK=3, SPECIAL_DEFENSE=3, SPEED=3] delta: ATTACK=-2, DEFENSE=-3, SPECIAL_ATTACK=-3, SPECIAL_DEFENSE=-3, SPEED=-3
Battle Message: literal{Sableye} summoned some nearby allies to assist them
Sableye stats changed from [ACCURACY=100, EVASION=100, ATTACK=3, DEFENSE=3, SPECIAL_ATTACK=3, SPECIAL_DEFENSE=3, SPEED=4] to [ACCURACY=100, EVASION=100, ATTACK=60, DEFENSE=67, SPECIAL_ATTACK=50, SPECIAL_DEFENSE=54, SPEED=41] delta: ATTACK=-57, DEFENSE=-64, SPECIAL_ATTACK=-47, SPECIAL_DEFENSE=-51, SPEED=-37
Muk stats changed from [ACCURACY=100, EVASION=100, ATTACK=2, DEFENSE=3, SPECIAL_ATTACK=3, SPECIAL_DEFENSE=3, SPEED=4] to [ACCURACY=100, EVASION=100, ATTACK=120, DEFENSE=88, SPECIAL_ATTACK=81, SPECIAL_DEFENSE=98, SPEED=63] delta: ATTACK=-118, DEFENSE=-85, SPECIAL_ATTACK=-78, SPECIAL_DEFENSE=-95, SPEED=-59
Marill stats changed from [ACCURACY=100, EVASION=100, ATTACK=4, DEFENSE=4, SPECIAL_ATTACK=4, SPECIAL_DEFENSE=4, SPEED=4] to [ACCURACY=100, EVASION=100, ATTACK=34, DEFENSE=23, SPECIAL_ATTACK=11, SPECIAL_DEFENSE=26, SPEED=20] delta: ATTACK=-30, DEFENSE=-19, SPECIAL_ATTACK=-7, SPECIAL_DEFENSE=-22, SPEED=-16
Chewtle stats changed from [ACCURACY=100, EVASION=100, ATTACK=3, DEFENSE=4, SPECIAL_ATTACK=4, SPECIAL_DEFENSE=4, SPEED=4] to [ACCURACY=100, EVASION=100, ATTACK=25, DEFENSE=21, SPECIAL_ATTACK=17, SPECIAL_DEFENSE=20, SPEED=20] delta: ATTACK=-22, DEFENSE=-17, SPECIAL_ATTACK=-13, SPECIAL_DEFENSE=-16, SPEED=-16
Boldore stats changed from [ACCURACY=100, EVASION=100, ATTACK=2, DEFENSE=2, SPECIAL_ATTACK=4, SPECIAL_DEFENSE=4, SPEED=4] to [ACCURACY=100, EVASION=100, ATTACK=100, DEFENSE=93, SPECIAL_ATTACK=58, SPECIAL_DEFENSE=37, SPEED=20] delta: ATTACK=-98, DEFENSE=-91, SPECIAL_ATTACK=-54, SPECIAL_DEFENSE=-33, SPEED=-16
Yveltal stats changed from [ACCURACY=100, EVASION=100, ATTACK=2, DEFENSE=3, SPECIAL_ATTACK=2, SPECIAL_DEFENSE=3, SPEED=3] to [ACCURACY=100, EVASION=100, ATTACK=299, DEFENSE=226, SPECIAL_ATTACK=361, SPECIAL_DEFENSE=232, SPEED=297] delta: ATTACK=-297, DEFENSE=-223, SPECIAL_ATTACK=-359, SPECIAL_DEFENSE=-229, SPEED=-294
Global status added com.pixelmonmod.pixelmon.battles.status.AuraStatus@b3b3f5d by Yveltal
Battle Message: 『カラス』 is radiating a dark aura!
Sableye selected attack Knock Off for Sableye targeting Yveltal and opted to mega evolve
translation{key='pixelmon.muk', args=[]} weighted their choices as follows:  Pound, Tier 2, Weight 2.7989821;  Minimize, Tier 0, Weight 0.0;  Toxic, Tier 0, Weight 0.0;  Sludge Wave, Tier 2, Weight -283.3665;  
translation{key='pixelmon.muk', args=[]} decided their best choices were:  Pound, Tier 2, Weight 2.7989821;  
Muk selected attack Pound for Muk targeting Yveltal and opted to mega evolve
translation{key='pixelmon.marill', args=[]} weighted their choices as follows:  Tackle, Tier 2, Weight 0.7633588;  Bubble Beam, Tier 2, Weight 1.0178117;  Charm, Tier 0, Weight 0.0;  
translation{key='pixelmon.marill', args=[]} decided their best choices were:  Tackle, Tier 2, Weight 0.7633588;  Bubble Beam, Tier 2, Weight 1.0178117;  
Marill selected attack Tackle for Marill targeting Yveltal and opted to mega evolve
translation{key='pixelmon.chewtle', args=[]} weighted their choices as follows:  Tackle, Tier 2, Weight 0.7633588;  Water Gun, Tier 2, Weight 0.7633588;  Bite, Tier 2, Weight 0.2544529;  Headbutt, Tier 2, Weight 0.7633588;  
translation{key='pixelmon.chewtle', args=[]} decided their best choices were:  Tackle, Tier 2, Weight 0.7633588;  Water Gun, Tier 2, Weight 0.7633588;  Bite, Tier 2, Weight 0.2544529;  Headbutt, Tier 2, Weight 0.7633588;  
Chewtle selected attack Headbutt for Chewtle targeting Yveltal and opted to mega evolve
translation{key='pixelmon.boldore', args=[]} weighted their choices as follows:  Power Gem, Tier 2, Weight 6.870229;  Sand Attack, Tier 0, Weight 0.0;  Smack Down, Tier 2, Weight 7.633588;  Rock Blast, Tier 2, Weight 14.503818;  
translation{key='pixelmon.boldore', args=[]} decided their best choices were:  Rock Blast, Tier 2, Weight 14.503818;  
Boldore selected attack Rock Blast for Boldore targeting Yveltal and opted to mega evolve

BATTLE ENDED

BATTLE ENDED
Caught error in battle. Continuing...
Attempted to load class net/minecraft/client/resources/sounds/SoundInstance for invalid dist DEDICATED_SERVER
MC-BOOTSTRAP/fml_loader@4.0.41/net.neoforged.fml.common.asm.RuntimeDistCleaner.processClassWithFlags(RuntimeDistCleaner.java:60)
MC-BOOTSTRAP/cpw.mods.modlauncher@11.0.5/cpw.mods.modlauncher.LaunchPluginHandler.offerClassNodeToPlugins(LaunchPluginHandler.java:94)
MC-BOOTSTRAP/cpw.mods.modlauncher@11.0.5/cpw.mods.modlauncher.ClassTransformer.transform(ClassTransformer.java:120)
MC-BOOTSTRAP/cpw.mods.modlauncher@11.0.5/cpw.mods.modlauncher.TransformingClassLoader.maybeTransformClassBytes(TransformingClassLoader.java:57)
cpw.mods.securejarhandler/cpw.mods.cl.ModuleClassLoader.readerToClass(ModuleClassLoader.java:190)
cpw.mods.securejarhandler/cpw.mods.cl.ModuleClassLoader.lambda$findClass$20(ModuleClassLoader.java:298)
cpw.mods.securejarhandler/cpw.mods.cl.ModuleClassLoader.loadFromModule(ModuleClassLoader.java:311)
cpw.mods.securejarhandler/cpw.mods.cl.ModuleClassLoader.findClass(ModuleClassLoader.java:298)
cpw.mods.securejarhandler/cpw.mods.cl.ModuleClassLoader.loadClass(ModuleClassLoader.java:214)
java.base/java.lang.ClassLoader.loadClass(Unknown Source)
TRANSFORMER/pixelmon@9.3.9/com.pixelmonmod.pixelmon.battles.controller.participants.PlayerParticipant.forfeitBattleForBeingTooFarAway(PlayerParticipant.java:666)
TRANSFORMER/pixelmon@9.3.9/com.pixelmonmod.pixelmon.battles.controller.participants.PlayerParticipant.handlePlayerDistanceFromBattle(PlayerParticipant.java:647)
TRANSFORMER/pixelmon@9.3.9/com.pixelmonmod.pixelmon.battles.controller.participants.PlayerParticipant.tick(PlayerParticipant.java:451)
TRANSFORMER/pixelmon@9.3.9/com.pixelmonmod.pixelmon.battles.controller.BattleController.onUpdate(BattleController.java:1135)
TRANSFORMER/pixelmon@9.3.9/com.pixelmonmod.pixelmon.battles.controller.BattleController.update(BattleController.java:511)
TRANSFORMER/pixelmon@9.3.9/com.pixelmonmod.pixelmon.battles.BattleRegistry.updateBattles(BattleRegistry.java:202)
TRANSFORMER/pixelmon@9.3.9/com.pixelmonmod.pixelmon.battles.BattleTickHandler.tickStart(BattleTickHandler.java:10)
MC-BOOTSTRAP/net.neoforged.bus/net.neoforged.bus.EventBus.post(EventBus.java:360)
MC-BOOTSTRAP/net.neoforged.bus/net.neoforged.bus.EventBus.post(EventBus.java:328)
TRANSFORMER/neoforge@21.1.209/net.neoforged.neoforge.event.EventHooks.fireServerTickPost(EventHooks.java:1020)
TRANSFORMER/minecraft@1.21.1/net.minecraft.server.MinecraftServer.tickServer(MinecraftServer.java:943)
TRANSFORMER/minecraft@1.21.1/net.minecraft.server.MinecraftServer.runServer(MinecraftServer.java:707)
TRANSFORMER/minecraft@1.21.1/net.minecraft.server.MinecraftServer.lambda$spin$2(MinecraftServer.java:267)
java.base/java.lang.Thread.run(Unknown Source)
