Pixelmon Version 9.3.9
Battle data 2025-10-30T06:43:01.500425702Z

Team #0 WildPixelmonParticipant Larvitar pixelmon:ultra_space (7920.91646529195, 44.0, -2305.031430068086) 
	Larvitar {Ability:"Guts",CaughtBall:"poke_ball",DoesLevel:1b,DynamaxLevel:0,EVAttack:0s,EVDefense:0s,EVHP:0s,EVSpecialAttack:0s,EVSpecialDefense:0s,EVSpeed:0s,EXP:0,Friendship:0s,Gender:0b,GigantamaxFactor:0b,Health:70,IVAttack:9b,IVDefense:10b,IVHP:10b,IVSpAtt:20b,IVSpDef:18b,IVSpeed:26b,Level:29,Moveset:[{MoveID:"Bite",MovePP:25b},{MoveID:"Scary Face",MovePP:10b},{MoveID:"Rock Slide",MovePP:10b},{MoveID:"Smack Down",MovePP:15b}],NBT_VERSION:2b,Nature:14b,PAbilitySlot:0,PHiddenAbility:0b,PersistentData:{},Pokerus:{Announced:0b,Type:0s},RelrnMoves:["Rock Slide","Bite","Scary Face"],Size:64.73903123665441d,SpecFlags:[],StatsAttack:44s,StatsDefense:32s,StatsHP:70s,StatsSpecialAttack:36s,StatsSpecialDefense:39s,StatsSpeed:39s,UUID:[I;814685723,-1383707271,-1753965886,-955768897],Variant:"base",eggCycles:-1,ndex:246,palette:"none",ribbons2:[]}
Team #0 WildPixelmonParticipant Skarmory pixelmon:ultra_space (7920.5, 44.28479980468735, -2306.5) 
	Skarmory {Ability:"KeenEye",CaughtBall:"poke_ball",DoesLevel:1b,DynamaxLevel:0,EVAttack:0s,EVDefense:0s,EVHP:0s,EVSpecialAttack:0s,EVSpecialDefense:0s,EVSpeed:0s,EXP:0,Friendship:0s,Gender:1b,GigantamaxFactor:0b,Health:96,IVAttack:0b,IVDefense:26b,IVHP:25b,IVSpAtt:27b,IVSpDef:18b,IVSpeed:25b,Level:34,Moveset:[{MoveID:"Leer",MovePP:30b},{MoveID:"Peck",MovePP:35b},{MoveID:"Sand Attack",MovePP:15b},{MoveID:"Fury Attack",MovePP:20b}],NBT_VERSION:2b,Nature:18b,PAbilitySlot:0,PHiddenAbility:0b,PersistentData:{},Pokerus:{Announced:0b,Type:0s},RelrnMoves:["Leer","Sand Attack","Peck"],Size:177.84327396422944d,SpecFlags:[],StatsAttack:59s,StatsDefense:98s,StatsHP:96s,StatsSpecialAttack:45s,StatsSpecialDefense:58s,StatsSpeed:61s,UUID:[I;-1061254080,1945846423,-1286754309,1672037568],Variant:"base",eggCycles:-1,ndex:227,palette:"none",ribbons2:[]}
Team #0 WildPixelmonParticipant Garganacl pixelmon:ultra_space (7924.5, 44.0, -2308.5) 
	Garganacl {Ability:"Sturdy",CaughtBall:"poke_ball",DoesLevel:1b,DynamaxLevel:0,EVAttack:0s,EVDefense:0s,EVHP:0s,EVSpecialAttack:0s,EVSpecialDefense:0s,EVSpeed:0s,EXP:0,Friendship:0s,Gender:0b,GigantamaxFactor:0b,Health:132,IVAttack:28b,IVDefense:8b,IVHP:23b,IVSpAtt:12b,IVSpDef:24b,IVSpeed:13b,Level:38,Moveset:[{MoveID:"Harden",MovePP:30b},{MoveID:"Rock Polish",MovePP:20b},{MoveID:"Headbutt",MovePP:15b},{MoveID:"Recover",MovePP:5b}],NBT_VERSION:2b,Nature:7b,PAbilitySlot:1,PHiddenAbility:0b,PersistentData:{},Pokerus:{Announced:0b,Type:0s},RelrnMoves:["Rock Polish","Headbutt","Harden"],Size:172.10622167015356d,SpecFlags:[],StatsAttack:100s,StatsDefense:106s,StatsHP:132s,StatsSpecialAttack:38s,StatsSpecialDefense:82s,StatsSpeed:36s,UUID:[I;-1076494860,-2115024961,-1730080975,-783820306],Variant:"base",eggCycles:-1,ndex:934,palette:"none",ribbons2:[]}
Team #0 WildPixelmonParticipant Dreepy pixelmon:ultra_space (7920.726756835249, 44.0, -2308.745899390512) 
	Dreepy {Ability:"ClearBody",CaughtBall:"poke_ball",DoesLevel:1b,DynamaxLevel:0,EVAttack:0s,EVDefense:0s,EVHP:0s,EVSpecialAttack:0s,EVSpecialDefense:0s,EVSpeed:0s,EXP:0,Friendship:0s,Gender:1b,GigantamaxFactor:0b,Health:73,IVAttack:23b,IVDefense:25b,IVHP:0b,IVSpAtt:25b,IVSpDef:19b,IVSpeed:8b,Level:41,Moveset:[{MoveID:"Astonish",MovePP:15b},{MoveID:"Bite",MovePP:25b},{MoveID:"Infestation",MovePP:20b},{MoveID:"Quick Attack",MovePP:30b}],NBT_VERSION:2b,Nature:12b,PAbilitySlot:0,PHiddenAbility:0b,PersistentData:{},Pokerus:{Announced:0b,Type:0s},RelrnMoves:["Astonish","Bite","Infestation"],Size:43.53025923856073d,SpecFlags:[],StatsAttack:63s,StatsDefense:42s,StatsHP:73s,StatsSpecialAttack:48s,StatsSpecialDefense:33s,StatsSpeed:75s,UUID:[I;-1215845533,839730038,-1887093833,-1853748835],Variant:"base",eggCycles:-1,ndex:885,palette:"none",ribbons2:[]}
Team #0 WildPixelmonParticipant Pupitar pixelmon:ultra_space (7918.5, 44.0, -2307.5) 
	Pupitar {Ability:"ShedSkin",CaughtBall:"poke_ball",DoesLevel:1b,DynamaxLevel:0,EVAttack:0s,EVDefense:0s,EVHP:0s,EVSpecialAttack:0s,EVSpecialDefense:0s,EVSpeed:0s,EXP:0,Friendship:0s,Gender:1b,GigantamaxFactor:0b,Health:146,IVAttack:15b,IVDefense:27b,IVHP:18b,IVSpAtt:26b,IVSpDef:4b,IVSpeed:14b,Level:53,Moveset:[{MoveID:"Payback",MovePP:10b},{MoveID:"Rock Throw",MovePP:15b},{MoveID:"Screech",MovePP:40b},{MoveID:"Thrash",MovePP:10b}],NBT_VERSION:2b,Nature:24b,PAbilitySlot:0,PHiddenAbility:0b,PersistentData:{},Pokerus:{Announced:0b,Type:0s},RelrnMoves:["Payback","Rock Throw","Screech"],Size:134.73388850292505d,SpecFlags:[],StatsAttack:101s,StatsDefense:93s,StatsHP:146s,StatsSpecialAttack:78s,StatsSpecialDefense:89s,StatsSpeed:66s,UUID:[I;923312601,-615168141,-2133310801,1694729263],Variant:"base",eggCycles:-1,ndex:247,palette:"none",ribbons2:[]}
Team #1 PlayerParticipant godksrk pixelmon:ultra_space (7921.884777519459, 44.0, -2306.604376014652) 
	Cosmog {Ability:"Unaware",CaughtBall:"master_ball",DoesLevel:1b,DynamaxLevel:0,EVAttack:0s,EVDefense:0s,EVHP:0s,EVSpecialAttack:0s,EVSpecialDefense:0s,EVSpeed:0s,EXP:0,Friendship:0s,Gender:2b,GigantamaxFactor:0b,Health:41,HeldItemStack:{count:1,id:"pixelmon:lucky_egg"},IVAttack:31b,IVDefense:11b,IVHP:31b,IVSpAtt:31b,IVSpDef:26b,IVSpeed:11b,Level:15,Moveset:[{MoveID:"Splash",MovePP:40b},{MoveID:"Teleport",MovePP:20b}],NBT_VERSION:2b,Nature:17b,PAbilitySlot:0,PHiddenAbility:0b,PersistentData:{},Pokerus:{Announced:0b,Type:0s},RelrnMoves:["Splash"],Size:59.79773105291533d,SpecFlags:[],StatsAttack:16s,StatsDefense:15s,StatsHP:42s,StatsSpecialAttack:19s,StatsSpecialDefense:18s,StatsSpeed:17s,UUID:[I;783626790,41830964,-1469870044,-783743995],Variant:"base",eggCycles:-1,ndex:789,originalTrainer:"godksrk",originalTrainerUUID:[I;-1534560904,-1643165059,-1785036217,-2046744326],palette:"none",ribbons2:[]}
	Marshadow {Ability:"Technician",CaughtBall:"great_ball",DoesLevel:1b,DynamaxLevel:0,EVAttack:20s,EVDefense:8s,EVHP:4s,EVSpecialAttack:18s,EVSpecialDefense:4s,EVSpeed:13s,EXP:3902,Friendship:115s,Gender:2b,GigantamaxFactor:0b,Health:273,HeldItemStack:{count:1,id:"pixelmon:spooky_plate"},IVAttack:10b,IVDefense:16b,IVHP:25b,IVSpAtt:31b,IVSpDef:31b,IVSpeed:31b,Level:86,MoveSkillCooldown:[{MoveSkillCooldownCurrent:1761716256933L,MoveSkillCooldownId:"forage",MoveSkillCooldownTarget:1761716281933L}],Moveset:[{MoveID:"Spectral Thief",MovePP:10b},{MoveID:"Fire Punch",MovePP:15b},{MoveID:"Ice Punch",MovePP:15b},{MoveID:"Assurance",MovePP:10b}],NBT_VERSION:2b,Nature:7b,PAbilitySlot:0,PHiddenAbility:0b,PersistentData:{},Pokerus:{Announced:0b,Type:0s},RelrnMoves:["Assurance","Counter","Fire Punch","Ice Punch"],Size:75.66592948916545d,SpecFlags:[],StatsAttack:255s,StatsDefense:158s,StatsHP:273s,StatsSpecialAttack:171s,StatsSpecialDefense:187s,StatsSpeed:249s,UUID:[I;-1003270197,-1468055099,-1629377688,-1872919878],Variant:"base",eggCycles:-1,ndex:802,originalTrainer:"godksrk",originalTrainerUUID:[I;-1534560904,-1643165059,-1785036217,-2046744326],palette:"none",ribbons2:[]}
	Dragapult {Ability:"ClearBody",CaughtBall:"dive_ball",DoesLevel:1b,DynamaxLevel:10,EVAttack:26s,EVDefense:42s,EVHP:6s,EVSpecialAttack:17s,EVSpecialDefense:1s,EVSpeed:13s,EXP:8994,Friendship:163s,Gender:0b,GigantamaxFactor:0b,Health:248,HeldItemStack:{count:1,id:"pixelmon:dragonium_z"},IVAttack:24b,IVDefense:28b,IVHP:13b,IVSpAtt:3b,IVSpDef:13b,IVSpeed:20b,Level:82,Moveset:[{MoveID:"Shadow Ball",MovePP:15b},{MoveID:"Dragon Darts",MovePP:10b},{MoveID:"Hex",MovePP:10b},{MoveID:"Dragon Rush",MovePP:10b}],NBT_VERSION:2b,Nature:14b,PAbilitySlot:0,PHiddenAbility:0b,PersistentData:{},Pokerus:{Announced:0b,Type:0s},RelrnMoves:["Dragon Pulse","Assurance","Shadow Ball","Hex","Dragon Darts","Dragon Dance"],Size:173.4553657311622d,SpecFlags:[],StatsAttack:226s,StatsDefense:143s,StatsHP:248s,StatsSpecialAttack:174s,StatsSpecialDefense:138s,StatsSpeed:281s,UUID:[I;1223637489,-2089007078,-1471043172,-135570784],Variant:"base",eggCycles:-1,ndex:887,originalTrainer:"godksrk",originalTrainerUUID:[I;-1534560904,-1643165059,-1785036217,-2046744326],palette:"none",ribbons2:[]}
	Naclstack {Ability:"Sturdy",CaughtBall:"dive_ball",DoesLevel:1b,DynamaxLevel:8,EVAttack:0s,EVDefense:0s,EVHP:0s,EVSpecialAttack:0s,EVSpecialDefense:0s,EVSpeed:0s,EXP:0,Friendship:0s,Gender:1b,GigantamaxFactor:0b,Health:133,HeldItemStack:{count:1,id:"pixelmon:waterium_z"},IVAttack:31b,IVDefense:22b,IVHP:1b,IVSpAtt:31b,IVSpDef:31b,IVSpeed:31b,Level:56,Moveset:[{MoveID:"Salt Cure",MovePP:15b},{MoveID:"Mud Shot",MovePP:15b},{MoveID:"Power Gem",MovePP:20b},{MoveID:"Rock Slide",MovePP:10b}],NBT_VERSION:2b,Nature:2b,PAbilitySlot:1,PHiddenAbility:0b,PersistentData:{},Pokerus:{Announced:0b,Type:0s},RelrnMoves:["Tackle","Smack Down","Rock Slide","Salt Cure","Headbutt","Mud Shot","Harden","Power Gem"],Size:62.4146536150743d,SpecFlags:[],StatsAttack:89s,StatsDefense:129s,StatsHP:133s,StatsSpecialAttack:61s,StatsSpecialDefense:95s,StatsSpeed:61s,UUID:[I;-657302535,205865921,-1896310045,-36033053],Variant:"base",eggCycles:-1,ndex:933,originalTrainer:"godksrk",originalTrainerUUID:[I;-1534560904,-1643165059,-1785036217,-2046744326],palette:"none",ribbons2:[]}
	Tyranitar {Ability:"SandStream",CaughtBall:"heal_ball",DoesLevel:1b,DynamaxLevel:0,EVAttack:152s,EVDefense:136s,EVHP:20s,EVSpecialAttack:142s,EVSpecialDefense:19s,EVSpeed:41s,EXP:17449,Friendship:255s,Gender:0b,GigantamaxFactor:0b,Health:214,HeldItemStack:{count:1,id:"pixelmon:groundium_z"},IVAttack:23b,IVDefense:20b,IVHP:2b,IVSpAtt:22b,IVSpDef:31b,IVSpeed:25b,Level:68,Moveset:[{MoveID:"Earthquake",MovePP:10b},{MoveID:"Crunch",MovePP:15b},{MoveID:"Stone Edge",MovePP:5b},{MoveID:"Rock Slide",MovePP:10b}],NBT_VERSION:2b,Nature:13b,PAbilitySlot:0,PHiddenAbility:0b,PersistentData:{},Pokerus:{Announced:0b,Type:0s},RelrnMoves:["Payback","Smack Down","Earthquake","Rock Throw","Rock Slide","Bite","Scary Face","Crunch"],Size:183.92491232552595d,SpecFlags:[],StatsAttack:205s,StatsDefense:191s,StatsHP:218s,StatsSpecialAttack:173s,StatsSpecialDefense:165s,StatsSpeed:122s,UUID:[I;1488337459,1577471459,-1770934281,-453487938],Variant:"base",eggCycles:-1,ndex:248,originalTrainer:"godksrk",originalTrainerUUID:[I;-1534560904,-1643165059,-1785036217,-2046744326],palette:"none",ribbons2:[]}
	Salamence {Ability:"Intimidate",CaughtBall:"premier_ball",DoesLevel:1b,DynamaxLevel:0,EVAttack:81s,EVDefense:56s,EVHP:4s,EVSpecialAttack:67s,EVSpecialDefense:18s,EVSpeed:10s,EXP:2760,Friendship:74s,Gender:0b,GigantamaxFactor:0b,Health:166,HeldItemStack:{count:1,id:"pixelmon:dragon_scale"},IVAttack:12b,IVDefense:10b,IVHP:4b,IVSpAtt:24b,IVSpDef:3b,IVSpeed:16b,Level:53,Moveset:[{MoveID:"Fly",MovePP:15b},{MoveID:"Dragon Claw",MovePP:15b},{MoveID:"Zen Headbutt",MovePP:15b},{MoveID:"Crunch",MovePP:15b}],NBT_VERSION:2b,Nature:17b,PAbilitySlot:0,PHiddenAbility:0b,PersistentData:{},Pokerus:{Announced:0b,Type:0s},RelrnMoves:["Leer","Protect","Ember","Dragon Claw","Zen Headbutt","Crunch"],Size:167.30238767783808d,SpecFlags:[],StatsAttack:148s,StatsDefense:102s,StatsHP:166s,StatsSpecialAttack:157s,StatsSpecialDefense:93s,StatsSpeed:120s,UUID:[I;1861083724,1454852893,-1101348348,-2114559626],Variant:"base",eggCycles:-1,ndex:373,originalTrainer:"godksrk",originalTrainerUUID:[I;-1534560904,-1643165059,-1785036217,-2046744326],palette:"none",ribbons2:[]}

Turn #0 has begun
 Terrain: NONE[5 turns remaining]
 Weather: none
 Pokemon: 

Larvitar stats changed from [ACCURACY=100, EVASION=100, ATTACK=0, DEFENSE=0, SPECIAL_ATTACK=0, SPECIAL_DEFENSE=0, SPEED=0] to [ACCURACY=100, EVASION=100, ATTACK=3, DEFENSE=4, SPECIAL_ATTACK=4, SPECIAL_DEFENSE=4, SPEED=4] delta: ATTACK=-3, DEFENSE=-4, SPECIAL_ATTACK=-4, SPECIAL_DEFENSE=-4, SPEED=-4
Skarmory stats changed from [ACCURACY=100, EVASION=100, ATTACK=0, DEFENSE=0, SPECIAL_ATTACK=0, SPECIAL_DEFENSE=0, SPEED=0] to [ACCURACY=100, EVASION=100, ATTACK=3, DEFENSE=2, SPECIAL_ATTACK=4, SPECIAL_DEFENSE=3, SPEED=3] delta: ATTACK=-3, DEFENSE=-2, SPECIAL_ATTACK=-4, SPECIAL_DEFENSE=-3, SPEED=-3
Garganacl stats changed from [ACCURACY=100, EVASION=100, ATTACK=0, DEFENSE=0, SPECIAL_ATTACK=0, SPECIAL_DEFENSE=0, SPEED=0] to [ACCURACY=100, EVASION=100, ATTACK=3, DEFENSE=2, SPECIAL_ATTACK=4, SPECIAL_DEFENSE=3, SPEED=4] delta: ATTACK=-3, DEFENSE=-2, SPECIAL_ATTACK=-4, SPECIAL_DEFENSE=-3, SPEED=-4
Dreepy stats changed from [ACCURACY=100, EVASION=100, ATTACK=0, DEFENSE=0, SPECIAL_ATTACK=0, SPECIAL_DEFENSE=0, SPEED=0] to [ACCURACY=100, EVASION=100, ATTACK=3, DEFENSE=4, SPECIAL_ATTACK=4, SPECIAL_DEFENSE=4, SPEED=3] delta: ATTACK=-3, DEFENSE=-4, SPECIAL_ATTACK=-4, SPECIAL_DEFENSE=-4, SPEED=-3
Pupitar stats changed from [ACCURACY=100, EVASION=100, ATTACK=0, DEFENSE=0, SPECIAL_ATTACK=0, SPECIAL_DEFENSE=0, SPEED=0] to [ACCURACY=100, EVASION=100, ATTACK=3, DEFENSE=3, SPECIAL_ATTACK=3, SPECIAL_DEFENSE=3, SPEED=3] delta: ATTACK=-3, DEFENSE=-3, SPECIAL_ATTACK=-3, SPECIAL_DEFENSE=-3, SPEED=-3
Cosmog stats changed from [ACCURACY=100, EVASION=100, ATTACK=0, DEFENSE=0, SPECIAL_ATTACK=0, SPECIAL_DEFENSE=0, SPEED=0] to [ACCURACY=100, EVASION=100, ATTACK=4, DEFENSE=4, SPECIAL_ATTACK=4, SPECIAL_DEFENSE=4, SPEED=4] delta: ATTACK=-4, DEFENSE=-4, SPECIAL_ATTACK=-4, SPECIAL_DEFENSE=-4, SPEED=-4
Marshadow stats changed from [ACCURACY=100, EVASION=100, ATTACK=0, DEFENSE=0, SPECIAL_ATTACK=0, SPECIAL_DEFENSE=0, SPEED=0] to [ACCURACY=100, EVASION=100, ATTACK=2, DEFENSE=3, SPECIAL_ATTACK=3, SPECIAL_DEFENSE=3, SPEED=2] delta: ATTACK=-2, DEFENSE=-3, SPECIAL_ATTACK=-3, SPECIAL_DEFENSE=-3, SPEED=-2
Dragapult stats changed from [ACCURACY=100, EVASION=100, ATTACK=0, DEFENSE=0, SPECIAL_ATTACK=0, SPECIAL_DEFENSE=0, SPEED=0] to [ACCURACY=100, EVASION=100, ATTACK=2, DEFENSE=3, SPECIAL_ATTACK=3, SPECIAL_DEFENSE=3, SPEED=2] delta: ATTACK=-2, DEFENSE=-3, SPECIAL_ATTACK=-3, SPECIAL_DEFENSE=-3, SPEED=-2
Naclstack stats changed from [ACCURACY=100, EVASION=100, ATTACK=0, DEFENSE=0, SPECIAL_ATTACK=0, SPECIAL_DEFENSE=0, SPEED=0] to [ACCURACY=100, EVASION=100, ATTACK=3, DEFENSE=3, SPECIAL_ATTACK=4, SPECIAL_DEFENSE=3, SPEED=4] delta: ATTACK=-3, DEFENSE=-3, SPECIAL_ATTACK=-4, SPECIAL_DEFENSE=-3, SPEED=-4
Tyranitar stats changed from [ACCURACY=100, EVASION=100, ATTACK=0, DEFENSE=0, SPECIAL_ATTACK=0, SPECIAL_DEFENSE=0, SPEED=0] to [ACCURACY=100, EVASION=100, ATTACK=2, DEFENSE=2, SPECIAL_ATTACK=3, SPECIAL_DEFENSE=3, SPEED=3] delta: ATTACK=-2, DEFENSE=-2, SPECIAL_ATTACK=-3, SPECIAL_DEFENSE=-3, SPEED=-3
Salamence stats changed from [ACCURACY=100, EVASION=100, ATTACK=0, DEFENSE=0, SPECIAL_ATTACK=0, SPECIAL_DEFENSE=0, SPEED=0] to [ACCURACY=100, EVASION=100, ATTACK=2, DEFENSE=3, SPECIAL_ATTACK=2, SPECIAL_DEFENSE=3, SPEED=3] delta: ATTACK=-2, DEFENSE=-3, SPECIAL_ATTACK=-2, SPECIAL_DEFENSE=-3, SPEED=-3
Battle Message: literal{Larvitar} summoned some nearby allies to assist them
Larvitar stats changed from [ACCURACY=100, EVASION=100, ATTACK=3, DEFENSE=4, SPECIAL_ATTACK=4, SPECIAL_DEFENSE=4, SPEED=4] to [ACCURACY=100, EVASION=100, ATTACK=44, DEFENSE=32, SPECIAL_ATTACK=36, SPECIAL_DEFENSE=39, SPEED=39] delta: ATTACK=-41, DEFENSE=-28, SPECIAL_ATTACK=-32, SPECIAL_DEFENSE=-35, SPEED=-35
Skarmory stats changed from [ACCURACY=100, EVASION=100, ATTACK=3, DEFENSE=2, SPECIAL_ATTACK=4, SPECIAL_DEFENSE=3, SPEED=3] to [ACCURACY=100, EVASION=100, ATTACK=59, DEFENSE=98, SPECIAL_ATTACK=45, SPECIAL_DEFENSE=58, SPEED=61] delta: ATTACK=-56, DEFENSE=-96, SPECIAL_ATTACK=-41, SPECIAL_DEFENSE=-55, SPEED=-58
Garganacl stats changed from [ACCURACY=100, EVASION=100, ATTACK=3, DEFENSE=2, SPECIAL_ATTACK=4, SPECIAL_DEFENSE=3, SPEED=4] to [ACCURACY=100, EVASION=100, ATTACK=100, DEFENSE=106, SPECIAL_ATTACK=38, SPECIAL_DEFENSE=82, SPEED=36] delta: ATTACK=-97, DEFENSE=-104, SPECIAL_ATTACK=-34, SPECIAL_DEFENSE=-79, SPEED=-32
Dreepy stats changed from [ACCURACY=100, EVASION=100, ATTACK=3, DEFENSE=4, SPECIAL_ATTACK=4, SPECIAL_DEFENSE=4, SPEED=3] to [ACCURACY=100, EVASION=100, ATTACK=63, DEFENSE=42, SPECIAL_ATTACK=48, SPECIAL_DEFENSE=33, SPEED=75] delta: ATTACK=-60, DEFENSE=-38, SPECIAL_ATTACK=-44, SPECIAL_DEFENSE=-29, SPEED=-72
Pupitar stats changed from [ACCURACY=100, EVASION=100, ATTACK=3, DEFENSE=3, SPECIAL_ATTACK=3, SPECIAL_DEFENSE=3, SPEED=3] to [ACCURACY=100, EVASION=100, ATTACK=101, DEFENSE=93, SPECIAL_ATTACK=78, SPECIAL_DEFENSE=89, SPEED=66] delta: ATTACK=-98, DEFENSE=-90, SPECIAL_ATTACK=-75, SPECIAL_DEFENSE=-86, SPEED=-63
Cosmog stats changed from [ACCURACY=100, EVASION=100, ATTACK=4, DEFENSE=4, SPECIAL_ATTACK=4, SPECIAL_DEFENSE=4, SPEED=4] to [ACCURACY=100, EVASION=100, ATTACK=16, DEFENSE=15, SPECIAL_ATTACK=19, SPECIAL_DEFENSE=18, SPEED=17] delta: ATTACK=-12, DEFENSE=-11, SPECIAL_ATTACK=-15, SPECIAL_DEFENSE=-14, SPEED=-13
Larvitar selected attack Rock Slide for Larvitar targeting Cosmog and opted to mega evolve
translation{key='pixelmon.skarmory', args=[]} weighted their choices as follows:  Leer, Tier 0, Weight 0.0;  Peck, Tier 3, Weight 100.0;  Sand Attack, Tier 0, Weight 0.0;  Fury Attack, Tier 3, Weight 85.0;  
translation{key='pixelmon.skarmory', args=[]} decided their best choices were:  Peck, Tier 3, Weight 100.0;  
Skarmory selected attack Peck for Skarmory targeting Cosmog and opted to mega evolve
translation{key='pixelmon.garganacl', args=[]} weighted their choices as follows:  Harden, Tier 0, Weight 0.0;  Rock Polish, Tier 0, Weight 0.0;  Headbutt, Tier 3, Weight 100.0;  Recover, Tier 0, Weight 0.0;  
translation{key='pixelmon.garganacl', args=[]} decided their best choices were:  Headbutt, Tier 3, Weight 100.0;  
Garganacl selected attack Headbutt for Garganacl targeting Cosmog and opted to mega evolve
translation{key='pixelmon.dreepy', args=[]} weighted their choices as follows:  Astonish, Tier 3, Weight 100.0;  Bite, Tier 3, Weight 100.0;  Infestation, Tier 3, Weight 100.0;  Quick Attack, Tier 3, Weight 100.0;  
translation{key='pixelmon.dreepy', args=[]} decided their best choices were:  Astonish, Tier 3, Weight 100.0;  Bite, Tier 3, Weight 100.0;  Infestation, Tier 3, Weight 100.0;  Quick Attack, Tier 3, Weight 100.0;  
Dreepy selected attack Astonish for Dreepy targeting Cosmog and opted to mega evolve
translation{key='pixelmon.pupitar', args=[]} weighted their choices as follows:  Payback, Tier 3, Weight 100.0;  Rock Throw, Tier 3, Weight 90.0;  Screech, Tier 0, Weight 0.0;  Thrash, Tier 3, Weight 100.0;  
translation{key='pixelmon.pupitar', args=[]} decided their best choices were:  Payback, Tier 3, Weight 100.0;  Thrash, Tier 3, Weight 100.0;  
Pupitar selected attack Thrash for Pupitar targeting Cosmog and opted to mega evolve
godksrk switching from Cosmog to Tyranitar
Global status added Sandstorm[5 turns remaining] by Tyranitar
Weather is now set to Sandstorm[5 turns remaining] by Tyranitar
Battle Message: Tyranitar's Sand Stream whipped up a sandstorm!
Larvitar stats changed from [ACCURACY=100, EVASION=100, ATTACK=44, DEFENSE=32, SPECIAL_ATTACK=36, SPECIAL_DEFENSE=39, SPEED=39] to [ACCURACY=100, EVASION=100, ATTACK=44, DEFENSE=32, SPECIAL_ATTACK=36, SPECIAL_DEFENSE=58, SPEED=39] delta: SPECIAL_DEFENSE=-19
Garganacl stats changed from [ACCURACY=100, EVASION=100, ATTACK=100, DEFENSE=106, SPECIAL_ATTACK=38, SPECIAL_DEFENSE=82, SPEED=36] to [ACCURACY=100, EVASION=100, ATTACK=100, DEFENSE=106, SPECIAL_ATTACK=38, SPECIAL_DEFENSE=123, SPEED=36] delta: SPECIAL_DEFENSE=-41
Pupitar stats changed from [ACCURACY=100, EVASION=100, ATTACK=101, DEFENSE=93, SPECIAL_ATTACK=78, SPECIAL_DEFENSE=89, SPEED=66] to [ACCURACY=100, EVASION=100, ATTACK=101, DEFENSE=93, SPECIAL_ATTACK=78, SPECIAL_DEFENSE=133, SPEED=66] delta: SPECIAL_DEFENSE=-44
Tyranitar stats changed from [ACCURACY=100, EVASION=100, ATTACK=2, DEFENSE=2, SPECIAL_ATTACK=3, SPECIAL_DEFENSE=3, SPEED=3] to [ACCURACY=100, EVASION=100, ATTACK=205, DEFENSE=191, SPECIAL_ATTACK=173, SPECIAL_DEFENSE=247, SPEED=122] delta: ATTACK=-203, DEFENSE=-189, SPECIAL_ATTACK=-170, SPECIAL_DEFENSE=-244, SPEED=-119
Battle Message: Dreepy used Astonish!
Battle Message: It wasn't very effective...
Tyranitar was damaged by Dreepy type ATTACK for 4 before: 218 after: 214
Dreepy used Astonish against Tyranitar with results MoveResults{damage=4, fullDamage=4, power=[], accuracy=0, priority=0.0, result=hit, weightMod=0.0}
Battle Message: Pupitar used Thrash!

BATTLE ENDED
Caught error in battle. Continuing...
Cannot invoke "com.pixelmonmod.pixelmon.battles.controller.participants.PixelmonWrapper.getOnBattleField()" because "pw" is null
TRANSFORMER/pixelmon@9.3.9/com.pixelmonmod.pixelmon.battles.controller.participants.PixelmonWrapper.manageTargetingSwitchedOutPokemon(PixelmonWrapper.java:1283)
TRANSFORMER/pixelmon@9.3.9/com.pixelmonmod.pixelmon.battles.controller.participants.PixelmonWrapper.useAttack(PixelmonWrapper.java:1135)
TRANSFORMER/pixelmon@9.3.9/com.pixelmonmod.pixelmon.battles.controller.participants.PixelmonWrapper.useAttack(PixelmonWrapper.java:1075)
TRANSFORMER/pixelmon@9.3.9/com.pixelmonmod.pixelmon.battles.controller.participants.PixelmonWrapper.takeTurn(PixelmonWrapper.java:2035)
TRANSFORMER/pixelmon@9.3.9/com.pixelmonmod.pixelmon.battles.controller.BattleController.takeTurn(BattleController.java:1478)
TRANSFORMER/pixelmon@9.3.9/com.pixelmonmod.pixelmon.battles.controller.BattleController.doTurnLogic(BattleController.java:626)
TRANSFORMER/pixelmon@9.3.9/com.pixelmonmod.pixelmon.battles.controller.BattleController.update(BattleController.java:525)
TRANSFORMER/pixelmon@9.3.9/com.pixelmonmod.pixelmon.battles.BattleRegistry.updateBattles(BattleRegistry.java:202)
TRANSFORMER/pixelmon@9.3.9/com.pixelmonmod.pixelmon.battles.BattleTickHandler.tickStart(BattleTickHandler.java:10)
MC-BOOTSTRAP/net.neoforged.bus/net.neoforged.bus.EventBus.post(EventBus.java:360)
MC-BOOTSTRAP/net.neoforged.bus/net.neoforged.bus.EventBus.post(EventBus.java:328)
TRANSFORMER/neoforge@21.1.209/net.neoforged.neoforge.event.EventHooks.fireServerTickPost(EventHooks.java:1020)
TRANSFORMER/minecraft@1.21.1/net.minecraft.server.MinecraftServer.tickServer(MinecraftServer.java:943)
TRANSFORMER/minecraft@1.21.1/net.minecraft.server.MinecraftServer.runServer(MinecraftServer.java:707)
TRANSFORMER/minecraft@1.21.1/net.minecraft.server.MinecraftServer.lambda$spin$2(MinecraftServer.java:267)
java.base/java.lang.Thread.run(Unknown Source)
