Pixelmon Version 9.3.9
Battle data 2025-11-14T00:03:24.131605773Z

Team #0 PlayerParticipant ___________12345 minecraft:overworld (2606.6244152856366, 64.0, -10171.682024824479) 
	Aron {Ability:"Sturdy",CaughtBall:"poke_ball",DoesLevel:0b,DynamaxLevel:0,EVAttack:128s,EVDefense:76s,EVHP:94s,EVSpecialAttack:81s,EVSpecialDefense:41s,EVSpeed:90s,EXP:0,Friendship:40s,Gender:0b,GigantamaxFactor:0b,Health:0,HeldItemStack:{count:1,id:"pixelmon:focus_sash"},IVAttack:30b,IVDefense:21b,IVHP:19b,IVSpAtt:27b,IVSpDef:20b,IVSpeed:11b,Level:1,Moveset:[{MoveID:"Endeavor",MovePP:5b},{MoveID:"Ancient Power",MovePP:5b},{MoveID:"Harden",MovePP:30b},{MoveID:"Tackle",MovePP:35b}],NBT_VERSION:2b,Nature:1b,PAbilitySlot:0,PHiddenAbility:0b,PersistentData:{},Pokerus:{Announced:1b,Type:0s},RelrnMoves:["Endeavor","Tackle","Ancient Power","Harden"],Size:66.24530750780022d,SpecFlags:[],StatsAttack:7s,StatsDefense:7s,StatsHP:12s,StatsSpecialAttack:6s,StatsSpecialDefense:6s,StatsSpeed:5s,UUID:[I;1059472463,-1483980450,-1364759468,-615544923],Variant:"base",eggCycles:-1,ndex:304,originalTrainer:"lame1202",originalTrainerUUID:[I;-812478946,543770915,-1079866976,-1753718133],palette:"none",ribbons2:[]}
	Primarina {Ability:"LiquidVoice",CaughtBall:"poke_ball",DoesLevel:1b,DynamaxLevel:1,EVAttack:166s,EVDefense:143s,EVHP:26s,EVSpecialAttack:65s,EVSpecialDefense:18s,EVSpeed:92s,EXP:504,Friendship:71s,Gender:0b,GigantamaxFactor:0b,Health:276,HeldItemStack:{count:1,id:"pixelmon:waterium_z"},IVAttack:8b,IVDefense:18b,IVHP:0b,IVSpAtt:6b,IVSpDef:1b,IVSpeed:21b,Level:100,MoveSkillCooldown:[{MoveSkillCooldownCurrent:1762268678098L,MoveSkillCooldownId:"forage",MoveSkillCooldownTarget:1762268703098L}],Moveset:[{MoveID:"Moonblast",MovePP:15b},{MoveID:"Ice Beam",MovePP:10b},{MoveID:"Sparkling Aria",MovePP:10b},{MoveID:"Hydro Pump",MovePP:5b}],NBT_VERSION:2b,Nature:24b,PAbilitySlot:0,PHiddenAbility:1b,PersistentData:{},Pokerus:{Announced:1b,Type:0s},RelrnMoves:["Water Gun","Disarming Voice","Growl","Bubble Beam","Icy Wind","Aqua Jet","Moonblast","Pound","Sparkling Aria","Hydro Pump","Misty Terrain","Hyper Voice"],Size:120.20768368133427d,SpecFlags:[],StatsAttack:202s,StatsDefense:206s,StatsHP:276s,StatsSpecialAttack:251s,StatsSpecialDefense:266s,StatsSpeed:169s,UUID:[I;-1172205738,2048607509,-1879822083,-1553849705],Variant:"base",eggCycles:-1,ndex:730,originalTrainer:"___________12345",originalTrainerUUID:[I;-1755248099,-1258862460,-2021475255,1498965264],palette:"none",ribbon_display2:{received:1761568021723L,receiver:'""',type:"destiny"},ribbons2:[{received:1761568021723L,receiver:'""',type:"destiny"}]}
	Lunala {Ability:"ShadowShield",CaughtBall:"poke_ball",DoesLevel:1b,DynamaxLevel:0,EVAttack:186s,EVDefense:153s,EVHP:37s,EVSpecialAttack:72s,EVSpecialDefense:15s,EVSpeed:47s,EXP:0,Friendship:42s,Gender:2b,GigantamaxFactor:0b,Health:424,HeldItemStack:{count:1,id:"pixelmon:life_orb"},IVAttack:31b,IVDefense:31b,IVHP:31b,IVSpAtt:27b,IVSpDef:12b,IVSpeed:6b,Level:100,MoveSkillCooldown:[{MoveSkillCooldownCurrent:1762885582654L,MoveSkillCooldownId:"teleport",MoveSkillCooldownTarget:1762885585404L},{MoveSkillCooldownCurrent:1763044644985L,MoveSkillCooldownId:"open_wormhole",MoveSkillCooldownTarget:1763045544985L},{MoveSkillCooldownCurrent:1762327790070L,MoveSkillCooldownId:"forage",MoveSkillCooldownTarget:1762327815070L}],Moveset:[{MoveID:"Shadow Ball",MovePP:15b},{MoveID:"Teleport",MovePP:20b},{MoveID:"Phantom Force",MovePP:10b},{MoveID:"Moongeist Beam",MovePP:5b}],NBT_VERSION:2b,Nature:24b,PAbilitySlot:0,PHiddenAbility:0b,PersistentData:{},Pokerus:{Announced:1b,Type:0s},RelrnMoves:["Cosmic Power","Splash","Shadow Ball","Teleport","Moongeist Beam"],Size:405.9875038263135d,SpecFlags:[],StatsAttack:308s,StatsDefense:252s,StatsHP:424s,StatsSpecialAttack:291s,StatsSpecialDefense:257s,StatsSpeed:216s,UUID:[I;-708358819,-229422748,-1359255917,-1287760405],Variant:"base",eggCycles:-1,ndex:792,originalTrainer:"___________12345",originalTrainerUUID:[I;-1755248099,-1258862460,-2021475255,1498965264],palette:"none",ribbons2:[]}
	Boldore {Ability:"Sturdy",CaughtBall:"ultra_ball",DoesLevel:1b,DynamaxLevel:0,EVAttack:14s,EVDefense:5s,EVHP:2s,EVSpecialAttack:38s,EVSpecialDefense:0s,EVSpeed:5s,EXP:5675,Friendship:70s,Gender:0b,GigantamaxFactor:0b,Health:129,HeldItemStack:{count:1,id:"pixelmon:lucky_egg"},IVAttack:24b,IVDefense:22b,IVHP:19b,IVSpAtt:26b,IVSpDef:19b,IVSpeed:28b,Level:46,Moveset:[{MoveID:"Harden",MovePP:30b},{MoveID:"Power Gem",MovePP:20b},{MoveID:"Sandstorm",MovePP:10b},{MoveID:"Headbutt",MovePP:15b}],NBT_VERSION:2b,Nature:10b,PAbilitySlot:0,PHiddenAbility:0b,PersistentData:{},Pokerus:{Announced:0b,Type:0s},RelrnMoves:["Smack Down","Headbutt","Harden","Power Gem"],Size:93.56445288347358d,SpecFlags:[],StatsAttack:114s,StatsDefense:123s,StatsHP:129s,StatsSpecialAttack:67s,StatsSpecialDefense:50s,StatsSpeed:32s,UUID:[I;1012013196,-7778761,-1112697255,-386308225],Variant:"base",eggCycles:-1,ndex:525,originalTrainer:"___________12345",originalTrainerUUID:[I;-1755248099,-1258862460,-2021475255,1498965264],palette:"none",ribbons2:[]}
	Electrike {Ability:"Static",CaughtBall:"ultra_ball",DoesLevel:1b,DynamaxLevel:0,EVAttack:1s,EVDefense:1s,EVHP:0s,EVSpecialAttack:1s,EVSpecialDefense:0s,EVSpeed:0s,EXP:1215,Friendship:70s,Gender:0b,GigantamaxFactor:0b,Health:61,IVAttack:10b,IVDefense:13b,IVHP:26b,IVSpAtt:20b,IVSpDef:3b,IVSpeed:3b,Level:25,Moveset:[{MoveID:"Tackle",MovePP:35b},{MoveID:"Thunder Wave",MovePP:20b},{MoveID:"Howl",MovePP:40b},{MoveID:"Bite",MovePP:25b}],NBT_VERSION:2b,Nature:13b,PAbilitySlot:0,PHiddenAbility:0b,PersistentData:{},Pokerus:{Announced:0b,Type:0s},RelrnMoves:["Tackle","Howl","Thunder Wave"],Size:57.051949553543935d,SpecFlags:[],StatsAttack:27s,StatsDefense:28s,StatsHP:61s,StatsSpecialAttack:42s,StatsSpecialDefense:25s,StatsSpeed:41s,UUID:[I;684379036,1519603313,-1891083576,205196239],Variant:"base",eggCycles:-1,ndex:309,originalTrainer:"___________12345",originalTrainerUUID:[I;-1755248099,-1258862460,-2021475255,1498965264],palette:"none",ribbons2:[]}
	Fletchinder {Ability:"FlameBody",CaughtBall:"ultra_ball",DoesLevel:1b,DynamaxLevel:0,EVAttack:1s,EVDefense:1s,EVHP:0s,EVSpecialAttack:33s,EVSpecialDefense:0s,EVSpeed:0s,EXP:593,Friendship:10s,Gender:0b,GigantamaxFactor:0b,Health:83,HeldItemStack:{count:1,id:"pixelmon:lucky_egg"},IVAttack:24b,IVDefense:25b,IVHP:21b,IVSpAtt:11b,IVSpDef:27b,IVSpeed:8b,Level:30,Moveset:[{MoveID:"Agility",MovePP:30b},{MoveID:"Acrobatics",MovePP:15b},{MoveID:"Quick Attack",MovePP:30b},{MoveID:"Flame Charge",MovePP:20b}],NBT_VERSION:2b,Nature:19b,PAbilitySlot:0,PHiddenAbility:0b,PersistentData:{},Pokerus:{Announced:0b,Type:0s},RelrnMoves:["Quick Attack","Flail","Growl","Peck","Ember","Acrobatics","Flame Charge"],Size:83.6862355607453d,SpecFlags:[],StatsAttack:56s,StatsDefense:45s,StatsHP:83s,StatsSpecialAttack:48s,StatsSpecialDefense:44s,StatsSpeed:51s,UUID:[I;199688210,-663403879,-1791286528,1674005094],Variant:"base",eggCycles:-1,ndex:662,originalTrainer:"___________12345",originalTrainerUUID:[I;-1755248099,-1258862460,-2021475255,1498965264],palette:"none",ribbons2:[]}
Team #1 WildPixelmonParticipant Flaaffy minecraft:overworld (3791.625881521293, 101.0, -2639.2207385566244) 
	Flaaffy {Ability:"Static",CaughtBall:"poke_ball",DoesLevel:1b,DynamaxLevel:0,EVAttack:0s,EVDefense:0s,EVHP:0s,EVSpecialAttack:0s,EVSpecialDefense:0s,EVSpeed:0s,EXP:0,Friendship:0s,Gender:0b,GigantamaxFactor:0b,Health:90,IVAttack:29b,IVDefense:2b,IVHP:28b,IVSpAtt:5b,IVSpDef:8b,IVSpeed:9b,Level:30,Moveset:[{MoveID:"Growl",MovePP:40b},{MoveID:"Thunder Shock",MovePP:29b},{MoveID:"Thunder Wave",MovePP:19b},{MoveID:"Cotton Spore",MovePP:39b}],NBT_VERSION:2b,Nature:24b,PAbilitySlot:0,PHiddenAbility:0b,PersistentData:{},Pokerus:{Announced:0b,Type:0s},RelrnMoves:["Thunder Shock","Growl","Thunder Wave"],Size:124.79515281258517d,SpecFlags:[],StatsAttack:46s,StatsDefense:38s,StatsHP:90s,StatsSpecialAttack:48s,StatsSpecialDefense:47s,StatsSpeed:34s,UUID:[I;-169522985,1534346384,-1423569518,776418198],Variant:"base",eggCycles:-1,ndex:180,palette:"none",ribbons2:[]}

Turn #0 has begun
 Terrain: NONE[5 turns remaining]
 Weather: none
 Pokemon: 

Aron stats changed from [ACCURACY=100, EVASION=100, ATTACK=0, DEFENSE=0, SPECIAL_ATTACK=0, SPECIAL_DEFENSE=0, SPEED=0] to [ACCURACY=100, EVASION=100, ATTACK=3, DEFENSE=3, SPECIAL_ATTACK=4, SPECIAL_DEFENSE=4, SPEED=4] delta: ATTACK=-3, DEFENSE=-3, SPECIAL_ATTACK=-4, SPECIAL_DEFENSE=-4, SPEED=-4
Primarina stats changed from [ACCURACY=100, EVASION=100, ATTACK=0, DEFENSE=0, SPECIAL_ATTACK=0, SPECIAL_DEFENSE=0, SPEED=0] to [ACCURACY=100, EVASION=100, ATTACK=3, DEFENSE=3, SPECIAL_ATTACK=2, SPECIAL_DEFENSE=2, SPEED=3] delta: ATTACK=-3, DEFENSE=-3, SPECIAL_ATTACK=-2, SPECIAL_DEFENSE=-2, SPEED=-3
Lunala stats changed from [ACCURACY=100, EVASION=100, ATTACK=0, DEFENSE=0, SPECIAL_ATTACK=0, SPECIAL_DEFENSE=0, SPEED=0] to [ACCURACY=100, EVASION=100, ATTACK=2, DEFENSE=3, SPECIAL_ATTACK=2, SPECIAL_DEFENSE=2, SPEED=3] delta: ATTACK=-2, DEFENSE=-3, SPECIAL_ATTACK=-2, SPECIAL_DEFENSE=-2, SPEED=-3
Boldore stats changed from [ACCURACY=100, EVASION=100, ATTACK=0, DEFENSE=0, SPECIAL_ATTACK=0, SPECIAL_DEFENSE=0, SPEED=0] to [ACCURACY=100, EVASION=100, ATTACK=2, DEFENSE=2, SPECIAL_ATTACK=4, SPECIAL_DEFENSE=4, SPEED=4] delta: ATTACK=-2, DEFENSE=-2, SPECIAL_ATTACK=-4, SPECIAL_DEFENSE=-4, SPEED=-4
Electrike stats changed from [ACCURACY=100, EVASION=100, ATTACK=0, DEFENSE=0, SPECIAL_ATTACK=0, SPECIAL_DEFENSE=0, SPEED=0] to [ACCURACY=100, EVASION=100, ATTACK=4, DEFENSE=4, SPECIAL_ATTACK=3, SPECIAL_DEFENSE=4, SPEED=3] delta: ATTACK=-4, DEFENSE=-4, SPECIAL_ATTACK=-3, SPECIAL_DEFENSE=-4, SPEED=-3
Fletchinder stats changed from [ACCURACY=100, EVASION=100, ATTACK=0, DEFENSE=0, SPECIAL_ATTACK=0, SPECIAL_DEFENSE=0, SPEED=0] to [ACCURACY=100, EVASION=100, ATTACK=3, DEFENSE=3, SPECIAL_ATTACK=3, SPECIAL_DEFENSE=3, SPEED=3] delta: ATTACK=-3, DEFENSE=-3, SPECIAL_ATTACK=-3, SPECIAL_DEFENSE=-3, SPEED=-3
Flaaffy stats changed from [ACCURACY=100, EVASION=100, ATTACK=0, DEFENSE=0, SPECIAL_ATTACK=0, SPECIAL_DEFENSE=0, SPEED=0] to [ACCURACY=100, EVASION=100, ATTACK=3, DEFENSE=3, SPECIAL_ATTACK=3, SPECIAL_DEFENSE=3, SPEED=4] delta: ATTACK=-3, DEFENSE=-3, SPECIAL_ATTACK=-3, SPECIAL_DEFENSE=-3, SPEED=-4
Aron stats changed from [ACCURACY=100, EVASION=100, ATTACK=3, DEFENSE=3, SPECIAL_ATTACK=4, SPECIAL_DEFENSE=4, SPEED=4] to [ACCURACY=100, EVASION=100, ATTACK=7, DEFENSE=7, SPECIAL_ATTACK=6, SPECIAL_DEFENSE=6, SPEED=5] delta: ATTACK=-4, DEFENSE=-4, SPECIAL_ATTACK=-2, SPECIAL_DEFENSE=-2, SPEED=-1
Flaaffy stats changed from [ACCURACY=100, EVASION=100, ATTACK=3, DEFENSE=3, SPECIAL_ATTACK=3, SPECIAL_DEFENSE=3, SPEED=4] to [ACCURACY=100, EVASION=100, ATTACK=46, DEFENSE=38, SPECIAL_ATTACK=48, SPECIAL_DEFENSE=47, SPEED=34] delta: ATTACK=-43, DEFENSE=-35, SPECIAL_ATTACK=-45, SPECIAL_DEFENSE=-44, SPEED=-30
Flaaffy selected attack Thunder Shock for Flaaffy targeting Aron and opted to mega evolve
Battle Message: Aron couldn't escape!
___________12345 fled the battle
Battle Message: Flaaffy used Thunder Shock!
Battle Message: Aron just hung on with Sturdy!
Aron was damaged by Flaaffy type ATTACK for 11 before: 12 after: 1
Flaaffy used Thunder Shock against Aron with results MoveResults{damage=11, fullDamage=11, power=[], accuracy=0, priority=0.0, result=hit, weightMod=0.0}

Turn #0 has ended
 Terrain: NONE[5 turns remaining]
 Weather: none
 Pokemon: 
 Aron[health=12, , max health=12]
  Stats: ACCURACY=100, EVASION=100, ATTACK=7, DEFENSE=7, SPECIAL_ATTACK=6, SPECIAL_DEFENSE=6, SPEED=5, stages=[, ACCURACY=0, , , EVASION=0, , , ATTACK=0, , , DEFENSE=0, , , SPECIAL_ATTACK=0, , , SPECIAL_DEFENSE=0, , , SPEED=0, , , ]

 Flaaffy[health=90, , max health=90]
  Stats: ACCURACY=100, EVASION=100, ATTACK=46, DEFENSE=38, SPECIAL_ATTACK=48, SPECIAL_DEFENSE=47, SPEED=34, stages=[, ACCURACY=0, , , EVASION=0, , , ATTACK=0, , , DEFENSE=0, , , SPECIAL_ATTACK=0, , , SPECIAL_DEFENSE=0, , , SPEED=0, , , ]


Turn #1 has begun
 Terrain: NONE[5 turns remaining]
 Weather: none
 Pokemon: 
 Aron[health=1, , max health=12]
  Stats: ACCURACY=100, EVASION=100, ATTACK=7, DEFENSE=7, SPECIAL_ATTACK=6, SPECIAL_DEFENSE=6, SPEED=5, stages=[, ACCURACY=0, , , EVASION=0, , , ATTACK=0, , , DEFENSE=0, , , SPECIAL_ATTACK=0, , , SPECIAL_DEFENSE=0, , , SPEED=0, , , ]

 Flaaffy[health=90, , max health=90]
  Stats: ACCURACY=100, EVASION=100, ATTACK=46, DEFENSE=38, SPECIAL_ATTACK=48, SPECIAL_DEFENSE=47, SPEED=34, stages=[, ACCURACY=0, , , EVASION=0, , , ATTACK=0, , , DEFENSE=0, , , SPECIAL_ATTACK=0, , , SPECIAL_DEFENSE=0, , , SPEED=0, , , ]


Flaaffy selected attack Thunder Wave for Flaaffy targeting Aron and opted to mega evolve
Battle Message: Aron couldn't escape!
___________12345 fled the battle
Battle Message: Flaaffy used Thunder Wave!
Aron was given status com.pixelmonmod.pixelmon.battles.status.Paralysis@41cae3a7
Flaaffy used Thunder Wave against Aron with results MoveResults{damage=0, fullDamage=0, power=[], accuracy=0, priority=0.0, result=proceed, weightMod=0.0}
Aron stats changed from [ACCURACY=100, EVASION=100, ATTACK=7, DEFENSE=7, SPECIAL_ATTACK=6, SPECIAL_DEFENSE=6, SPEED=5] to [ACCURACY=100, EVASION=100, ATTACK=7, DEFENSE=7, SPECIAL_ATTACK=6, SPECIAL_DEFENSE=6, SPEED=2] delta: SPEED=3

Turn #1 has ended
 Terrain: NONE[5 turns remaining]
 Weather: none
 Pokemon: 
 Aron[health=1, , max health=12]
  Stats: ACCURACY=100, EVASION=100, ATTACK=7, DEFENSE=7, SPECIAL_ATTACK=6, SPECIAL_DEFENSE=6, SPEED=2, stages=[, ACCURACY=0, , , EVASION=0, , , ATTACK=0, , , DEFENSE=0, , , SPECIAL_ATTACK=0, , , SPECIAL_DEFENSE=0, , , SPEED=0, , , ]

 Flaaffy[health=90, , max health=90]
  Stats: ACCURACY=100, EVASION=100, ATTACK=46, DEFENSE=38, SPECIAL_ATTACK=48, SPECIAL_DEFENSE=47, SPEED=34, stages=[, ACCURACY=0, , , EVASION=0, , , ATTACK=0, , , DEFENSE=0, , , SPECIAL_ATTACK=0, , , SPECIAL_DEFENSE=0, , , SPEED=0, , , ]


Turn #2 has begun
 Terrain: NONE[5 turns remaining]
 Weather: none
 Pokemon: 
 Aron[health=1, , max health=12]
  Stats: ACCURACY=100, EVASION=100, ATTACK=7, DEFENSE=7, SPECIAL_ATTACK=6, SPECIAL_DEFENSE=6, SPEED=2, stages=[, ACCURACY=0, , , EVASION=0, , , ATTACK=0, , , DEFENSE=0, , , SPECIAL_ATTACK=0, , , SPECIAL_DEFENSE=0, , , SPEED=0, , , ]

 Flaaffy[health=90, , max health=90]
  Stats: ACCURACY=100, EVASION=100, ATTACK=46, DEFENSE=38, SPECIAL_ATTACK=48, SPECIAL_DEFENSE=47, SPEED=34, stages=[, ACCURACY=0, , , EVASION=0, , , ATTACK=0, , , DEFENSE=0, , , SPECIAL_ATTACK=0, , , SPECIAL_DEFENSE=0, , , SPEED=0, , , ]


Flaaffy selected attack Cotton Spore for Flaaffy targeting Aron and opted to mega evolve
Battle Message: Aron couldn't escape!
___________12345 fled the battle
Battle Message: Flaaffy used Cotton Spore!
Aron stats changed from [ACCURACY=100, EVASION=100, ATTACK=7, DEFENSE=7, SPECIAL_ATTACK=6, SPECIAL_DEFENSE=6, SPEED=2] to [ACCURACY=100, EVASION=100, ATTACK=7, DEFENSE=7, SPECIAL_ATTACK=6, SPECIAL_DEFENSE=6, SPEED=5] delta: SPEED=-3
Battle Message: Aron's Speed was decreased harshly!
Flaaffy used Cotton Spore against Aron with results MoveResults{damage=0, fullDamage=0, power=[], accuracy=0, priority=0.0, result=succeeded, weightMod=0.0}

Turn #2 has ended
 Terrain: NONE[5 turns remaining]
 Weather: none
 Pokemon: 
 Aron[health=1, , max health=12]
  Stats: ACCURACY=100, EVASION=100, ATTACK=7, DEFENSE=7, SPECIAL_ATTACK=6, SPECIAL_DEFENSE=6, SPEED=2, stages=[, ACCURACY=0, , , EVASION=0, , , ATTACK=0, , , DEFENSE=0, , , SPECIAL_ATTACK=0, , , SPECIAL_DEFENSE=0, , , SPEED=-2, , , ]

 Flaaffy[health=90, , max health=90]
  Stats: ACCURACY=100, EVASION=100, ATTACK=46, DEFENSE=38, SPECIAL_ATTACK=48, SPECIAL_DEFENSE=47, SPEED=34, stages=[, ACCURACY=0, , , EVASION=0, , , ATTACK=0, , , DEFENSE=0, , , SPECIAL_ATTACK=0, , , SPECIAL_DEFENSE=0, , , SPEED=0, , , ]


Turn #3 has begun
 Terrain: NONE[5 turns remaining]
 Weather: none
 Pokemon: 
 Aron[health=1, , max health=12]
  Stats: ACCURACY=100, EVASION=100, ATTACK=7, DEFENSE=7, SPECIAL_ATTACK=6, SPECIAL_DEFENSE=6, SPEED=2, stages=[, ACCURACY=0, , , EVASION=0, , , ATTACK=0, , , DEFENSE=0, , , SPECIAL_ATTACK=0, , , SPECIAL_DEFENSE=0, , , SPEED=-2, , , ]

 Flaaffy[health=90, , max health=90]
  Stats: ACCURACY=100, EVASION=100, ATTACK=46, DEFENSE=38, SPECIAL_ATTACK=48, SPECIAL_DEFENSE=47, SPEED=34, stages=[, ACCURACY=0, , , EVASION=0, , , ATTACK=0, , , DEFENSE=0, , , SPECIAL_ATTACK=0, , , SPECIAL_DEFENSE=0, , , SPEED=0, , , ]


Flaaffy selected attack Thunder Shock for Flaaffy targeting Aron and opted to mega evolve
___________12345 selected attack Harden for Aron targeting Aron
Battle Message: Flaaffy used Thunder Shock!
Aron was damaged by Flaaffy type ATTACK for 1 before: 1 after: 0
Aron lost status com.pixelmonmod.pixelmon.battles.status.Paralysis@41cae3a7
Battle Message: Aron fainted!
Flaaffy used Thunder Shock against Aron with results MoveResults{damage=1, fullDamage=135, power=[], accuracy=0, priority=0.0, result=killed, weightMod=0.0}
Aron stats changed from [ACCURACY=100, EVASION=100, ATTACK=7, DEFENSE=7, SPECIAL_ATTACK=6, SPECIAL_DEFENSE=6, SPEED=2] to [ACCURACY=100, EVASION=100, ATTACK=7, DEFENSE=7, SPECIAL_ATTACK=6, SPECIAL_DEFENSE=6, SPEED=5] delta: SPEED=-3
___________12345 executed command tp tydf62

BATTLE ENDED

BATTLE ENDED
Caught error in battle. Continuing...
Attempted to load class net/minecraft/client/resources/sounds/SoundInstance for invalid dist DEDICATED_SERVER
MC-BOOTSTRAP/fml_loader@4.0.41/net.neoforged.fml.common.asm.RuntimeDistCleaner.processClassWithFlags(RuntimeDistCleaner.java:60)
MC-BOOTSTRAP/cpw.mods.modlauncher@11.0.5/cpw.mods.modlauncher.LaunchPluginHandler.offerClassNodeToPlugins(LaunchPluginHandler.java:94)
MC-BOOTSTRAP/cpw.mods.modlauncher@11.0.5/cpw.mods.modlauncher.ClassTransformer.transform(ClassTransformer.java:120)
MC-BOOTSTRAP/cpw.mods.modlauncher@11.0.5/cpw.mods.modlauncher.TransformingClassLoader.maybeTransformClassBytes(TransformingClassLoader.java:57)
cpw.mods.securejarhandler/cpw.mods.cl.ModuleClassLoader.readerToClass(ModuleClassLoader.java:190)
cpw.mods.securejarhandler/cpw.mods.cl.ModuleClassLoader.lambda$findClass$20(ModuleClassLoader.java:298)
cpw.mods.securejarhandler/cpw.mods.cl.ModuleClassLoader.loadFromModule(ModuleClassLoader.java:311)
cpw.mods.securejarhandler/cpw.mods.cl.ModuleClassLoader.findClass(ModuleClassLoader.java:298)
cpw.mods.securejarhandler/cpw.mods.cl.ModuleClassLoader.loadClass(ModuleClassLoader.java:214)
java.base/java.lang.ClassLoader.loadClass(Unknown Source)
TRANSFORMER/pixelmon@9.3.9/com.pixelmonmod.pixelmon.battles.controller.participants.PlayerParticipant.forfeitBattleForBeingTooFarAway(PlayerParticipant.java:666)
TRANSFORMER/pixelmon@9.3.9/com.pixelmonmod.pixelmon.battles.controller.participants.PlayerParticipant.handlePlayerDistanceFromBattle(PlayerParticipant.java:647)
TRANSFORMER/pixelmon@9.3.9/com.pixelmonmod.pixelmon.battles.controller.participants.PlayerParticipant.tick(PlayerParticipant.java:451)
TRANSFORMER/pixelmon@9.3.9/com.pixelmonmod.pixelmon.battles.controller.BattleController.onUpdate(BattleController.java:1135)
TRANSFORMER/pixelmon@9.3.9/com.pixelmonmod.pixelmon.battles.controller.BattleController.update(BattleController.java:511)
TRANSFORMER/pixelmon@9.3.9/com.pixelmonmod.pixelmon.battles.BattleRegistry.updateBattles(BattleRegistry.java:202)
TRANSFORMER/pixelmon@9.3.9/com.pixelmonmod.pixelmon.battles.BattleTickHandler.tickStart(BattleTickHandler.java:10)
MC-BOOTSTRAP/net.neoforged.bus/net.neoforged.bus.EventBus.post(EventBus.java:360)
MC-BOOTSTRAP/net.neoforged.bus/net.neoforged.bus.EventBus.post(EventBus.java:328)
TRANSFORMER/neoforge@21.1.209/net.neoforged.neoforge.event.EventHooks.fireServerTickPost(EventHooks.java:1020)
TRANSFORMER/minecraft@1.21.1/net.minecraft.server.MinecraftServer.tickServer(MinecraftServer.java:943)
TRANSFORMER/minecraft@1.21.1/net.minecraft.server.MinecraftServer.runServer(MinecraftServer.java:707)
TRANSFORMER/minecraft@1.21.1/net.minecraft.server.MinecraftServer.lambda$spin$2(MinecraftServer.java:267)
java.base/java.lang.Thread.run(Unknown Source)
