Pixelmon Version 9.3.9
Battle data 2025-11-18T15:53:01.209743709Z

Team #0 WildPixelmonParticipant Togedemaru pixelmon:ultra_space (4093.75, 43.0, -5189.75) 
	Togedemaru {Ability:"IronBarbs",CaughtBall:"poke_ball",DoesLevel:1b,DynamaxLevel:0,EVAttack:0s,EVDefense:0s,EVHP:0s,EVSpecialAttack:0s,EVSpecialDefense:0s,EVSpeed:0s,EXP:0,Friendship:0s,Gender:0b,GigantamaxFactor:0b,Health:98,IVAttack:14b,IVDefense:29b,IVHP:30b,IVSpAtt:3b,IVSpDef:13b,IVSpeed:31b,Level:35,Moveset:[{MoveID:"Tackle",MovePP:35b},{MoveID:"Defense Curl",MovePP:40b},{MoveID:"Fell Stinger",MovePP:25b},{MoveID:"Pin Missile",MovePP:20b}],NBT_VERSION:2b,Nature:23b,PAbilitySlot:0,PHiddenAbility:0b,PersistentData:{},Pokerus:{Announced:0b,Type:0s},RelrnMoves:["Tackle","Defense Curl","Fell Stinger"],Size:49.154045106826956d,SpecFlags:[],StatsAttack:78s,StatsDefense:59s,StatsHP:101s,StatsSpecialAttack:34s,StatsSpecialDefense:66s,StatsSpeed:74s,UUID:[I;1279488051,-1719516999,-1919720650,1867281651],Variant:"base",eggCycles:-1,ndex:777,palette:"none",ribbons2:[]}
Team #0 WildPixelmonParticipant Voltorb pixelmon:ultra_space (4093.75, 43.0, -5188.969218309008) 
	Voltorb {Ability:"Soundproof",CaughtBall:"poke_ball",DoesLevel:1b,DynamaxLevel:0,EVAttack:0s,EVDefense:0s,EVHP:0s,EVSpecialAttack:0s,EVSpecialDefense:0s,EVSpeed:0s,EXP:0,Friendship:0s,Gender:2b,GigantamaxFactor:0b,Health:65,IVAttack:27b,IVDefense:15b,IVHP:6b,IVSpAtt:24b,IVSpDef:1b,IVSpeed:28b,Level:30,Moveset:[{MoveID:"Charge",MovePP:20b},{MoveID:"Eerie Impulse",MovePP:15b},{MoveID:"Spark",MovePP:20b},{MoveID:"Charge Beam",MovePP:10b}],NBT_VERSION:2b,Nature:22b,PAbilitySlot:0,PHiddenAbility:0b,PersistentData:{},Pokerus:{Announced:0b,Type:0s},RelrnMoves:["Charge","Eerie Impulse","Spark"],Size:48.899806011721495d,SpecFlags:[],StatsAttack:31s,StatsDefense:35s,StatsHP:65s,StatsSpecialAttack:45s,StatsSpecialDefense:41s,StatsSpeed:73s,UUID:[I;-2138600823,-600879549,-1629798958,754579535],Variant:"base",eggCycles:-1,ndex:100,palette:"none",ribbons2:[]}
Team #0 WildPixelmonParticipant Togedemaru pixelmon:ultra_space (4096.69881897236, 44.0, -5190.929890092548) 
	Togedemaru {Ability:"IronBarbs",CaughtBall:"poke_ball",DoesLevel:1b,DynamaxLevel:0,EVAttack:0s,EVDefense:0s,EVHP:0s,EVSpecialAttack:0s,EVSpecialDefense:0s,EVSpeed:0s,EXP:0,Friendship:0s,Gender:1b,GigantamaxFactor:0b,Health:48,IVAttack:9b,IVDefense:29b,IVHP:24b,IVSpAtt:21b,IVSpDef:0b,IVSpeed:16b,Level:15,Moveset:[{MoveID:"Defense Curl",MovePP:40b},{MoveID:"Charge",MovePP:20b},{MoveID:"Spark",MovePP:20b},{MoveID:"Pin Missile",MovePP:20b}],NBT_VERSION:2b,Nature:8b,PAbilitySlot:0,PHiddenAbility:0b,PersistentData:{},Pokerus:{Announced:0b,Type:0s},RelrnMoves:["Charge","Defense Curl","Spark"],Size:47.26335840817529d,SpecFlags:[],StatsAttack:38s,StatsDefense:28s,StatsHP:48s,StatsSpecialAttack:20s,StatsSpecialDefense:23s,StatsSpeed:36s,UUID:[I;1099738962,-1502985244,-1519331246,-1044399046],Variant:"base",eggCycles:-1,ndex:777,palette:"none",ribbons2:[]}
Team #0 WildPixelmonParticipant Magneton pixelmon:ultra_space (4093.4000000059605, 42.0, -5193.4000000059605) 
	Magneton {Ability:"Sturdy",CaughtBall:"poke_ball",DoesLevel:1b,DynamaxLevel:0,EVAttack:0s,EVDefense:0s,EVHP:0s,EVSpecialAttack:0s,EVSpecialDefense:0s,EVSpeed:0s,EXP:0,Friendship:0s,Gender:2b,GigantamaxFactor:0b,Health:119,IVAttack:23b,IVDefense:29b,IVHP:18b,IVSpAtt:20b,IVSpDef:3b,IVSpeed:23b,Level:50,Moveset:[{MoveID:"Thunder Shock",MovePP:30b},{MoveID:"Electro Ball",MovePP:10b},{MoveID:"Gyro Ball",MovePP:5b},{MoveID:"Discharge",MovePP:15b}],NBT_VERSION:2b,Nature:2b,PAbilitySlot:1,PHiddenAbility:0b,PersistentData:{},Pokerus:{Announced:0b,Type:0s},RelrnMoves:["Thunder Shock","Electro Ball","Gyro Ball"],Size:129.87219688189555d,SpecFlags:[],StatsAttack:76s,StatsDefense:114s,StatsHP:119s,StatsSpecialAttack:135s,StatsSpecialDefense:76s,StatsSpeed:86s,UUID:[I;-374375810,560545860,-1263005065,475743263],Variant:"base",eggCycles:-1,ndex:82,palette:"none",ribbons2:[]}
Team #0 WildPixelmonParticipant Zubat pixelmon:ultra_space (4095.75, 42.223999862670794, -5193.75) 
	Zubat {Ability:"InnerFocus",CaughtBall:"poke_ball",DoesLevel:1b,DynamaxLevel:0,EVAttack:0s,EVDefense:0s,EVHP:0s,EVSpecialAttack:0s,EVSpecialDefense:0s,EVSpeed:0s,EXP:0,Friendship:0s,Gender:0b,GigantamaxFactor:0b,Health:49,IVAttack:6b,IVDefense:31b,IVHP:1b,IVSpAtt:2b,IVSpDef:23b,IVSpeed:9b,Level:22,Moveset:[{MoveID:"Absorb",MovePP:25b},{MoveID:"Supersonic",MovePP:20b},{MoveID:"Astonish",MovePP:15b},{MoveID:"Poison Fang",MovePP:15b}],NBT_VERSION:2b,Nature:3b,PAbilitySlot:0,PHiddenAbility:0b,PersistentData:{},Pokerus:{Announced:0b,Type:0s},RelrnMoves:["Supersonic","Astonish","Absorb"],Size:81.90264539779129d,SpecFlags:[],StatsAttack:26s,StatsDefense:27s,StatsHP:49s,StatsSpecialAttack:18s,StatsSpecialDefense:27s,StatsSpeed:31s,UUID:[I;1345060521,45629849,-1742023714,-913159797],Variant:"base",eggCycles:-1,ndex:41,palette:"strike",ribbons2:[]}
Team #1 PlayerParticipant lame1202 pixelmon:ultra_space (3691.292039751637, 57.0, -5501.205037370244) 
	Gholdengo {Ability:"GoodAsGold",CaughtBall:"ultra_ball",DoesLevel:1b,DynamaxLevel:0,EVAttack:0s,EVDefense:0s,EVHP:252s,EVSpecialAttack:252s,EVSpecialDefense:0s,EVSpeed:6s,EXP:3297,FormattedNickname:'{"text":"","extra":["『キン』"]}',Friendship:150s,Gender:2b,GigantamaxFactor:0b,Health:378,HeldItemStack:{count:1,id:"pixelmon:choice_specs"},IVAttack:12b,IVDefense:30b,IVHP:23b,IVSpAtt:6b,IVSpDef:15b,IVSpeed:10b,IV_HTATTACK:1b,IV_HTDEFENSE:1b,IV_HTHP:1b,IV_HTSPECIAL_ATTACK:1b,IV_HTSPECIAL_DEFENSE:1b,IV_HTSPEED:1b,Level:100,MoveSkillCooldown:[{MoveSkillCooldownCurrent:1762540317434L,MoveSkillCooldownId:"ore_sense",MoveSkillCooldownTarget:1762540437434L},{MoveSkillCooldownCurrent:1762700864955L,MoveSkillCooldownId:"forage",MoveSkillCooldownTarget:1762700889955L}],Moveset:[{MoveID:"Make It Rain",MovePP:6b,MovePPLevel:3b},{MoveID:"Shadow Ball",MovePP:15b},{MoveID:"Trick",MovePP:10b},{MoveID:"Power Gem",MovePP:20b}],NBT_VERSION:2b,Nature:11b,PAbilitySlot:0,PHiddenAbility:0b,PersistentData:{},Pokerus:{Announced:0b,Type:0s},RelrnMoves:["Night Shade","Nasty Plot","Make It Rain","Shadow Ball","Confuse Ray","Recover","Substitute","Flash Cannon","Power Gem","Metal Sound"],Size:51.93591104927317d,SpecFlags:[],StatsAttack:156s,StatsDefense:248s,StatsHP:378s,StatsSpecialAttack:328s,StatsSpecialDefense:218s,StatsSpeed:205s,UUID:[I;-1646217366,-392935378,-1324744369,1913311800],Variant:"base",eggCycles:-1,ndex:1000,originalTrainer:"lame1202",originalTrainerUUID:[I;-812478946,543770915,-1079866976,-1753718133],palette:"none",ribbons2:[]}
	Eternatus {Ability:"Pressure",CaughtBall:"dusk_ball",DoesLevel:1b,DynamaxLevel:0,EVAttack:0s,EVDefense:0s,EVHP:6s,EVSpecialAttack:252s,EVSpecialDefense:0s,EVSpeed:252s,EXP:854,FormattedNickname:'{"text":"","extra":["『トカゲ』"]}',Friendship:203s,Gender:2b,GigantamaxFactor:0b,Health:422,HeldItemStack:{count:1,id:"pixelmon:life_orb"},IVAttack:31b,IVDefense:31b,IVHP:4b,IVSpAtt:11b,IVSpDef:31b,IVSpeed:10b,IV_HTHP:1b,IV_HTSPECIAL_ATTACK:1b,IV_HTSPEED:1b,Level:100,MoveSkillCooldown:[{MoveSkillCooldownCurrent:1763400042229L,MoveSkillCooldownId:"forage",MoveSkillCooldownTarget:1763400067229L}],Moveset:[{MoveID:"Sludge Wave",MovePP:10b},{MoveID:"Dynamax Cannon",MovePP:8b,MovePPLevel:3b},{MoveID:"Shadow Ball",MovePP:15b},{MoveID:"Flamethrower",MovePP:15b}],NBT_VERSION:2b,Nature:8b,PAbilitySlot:0,PHiddenAbility:0b,PersistentData:{},Pokerus:{Announced:0b,Type:0s},RelrnMoves:["Dragon Pulse","Flamethrower","Poison Tail","Cross Poison","Agility","Shadow Ball","Dynamax Cannon","Eternabeam"],Size:594.9818510150182d,SpecFlags:[],StatsAttack:226s,StatsDefense:226s,StatsHP:422s,StatsSpecialAttack:389s,StatsSpecialDefense:203s,StatsSpeed:359s,UUID:[I;323583437,1923499351,-1821434788,-1937172760],Variant:"ordinary",eggCycles:-1,ndex:890,originalTrainer:"lame1202",originalTrainerUUID:[I;-812478946,543770915,-1079866976,-1753718133],palette:"none",ribbons2:[]}
	Yveltal {Ability:"DarkAura",CaughtBall:"master_ball",DoesLevel:1b,DynamaxLevel:10,EVAttack:6s,EVDefense:0s,EVHP:0s,EVSpecialAttack:252s,EVSpecialDefense:0s,EVSpeed:252s,EXP:0,FormattedNickname:'{"text":"","extra":["『カラス』"]}',Friendship:12s,Gender:2b,GigantamaxFactor:0b,Health:393,HeldItemStack:{count:1,id:"pixelmon:life_orb"},IVAttack:22b,IVDefense:31b,IVHP:27b,IVSpAtt:12b,IVSpDef:31b,IVSpeed:31b,IV_HTATTACK:1b,IV_HTHP:1b,IV_HTSPECIAL_ATTACK:1b,Level:100,MoveSkillCooldown:[{MoveSkillCooldownCurrent:1763071366066L,MoveSkillCooldownId:"fly",MoveSkillCooldownTarget:1763071367116L},{MoveSkillCooldownCurrent:1763400062074L,MoveSkillCooldownId:"forage",MoveSkillCooldownTarget:1763400087074L}],Moveset:[{MoveID:"Oblivion Wing",MovePP:16b,MovePPLevel:3b},{MoveID:"Foul Play",MovePP:15b},{MoveID:"Dark Pulse",MovePP:15b},{MoveID:"Fly",MovePP:15b}],NBT_VERSION:2b,Nature:2b,PAbilitySlot:0,PHiddenAbility:0b,PersistentData:{},Pokerus:{Announced:0b,Type:0s},RelrnMoves:["Foul Play","Fly","Roost","Sky Attack","Snarl","Dark Pulse","Gust","Disable"],Size:354.61112173609985d,SpecFlags:[],StatsAttack:299s,StatsDefense:226s,StatsHP:393s,StatsSpecialAttack:361s,StatsSpecialDefense:232s,StatsSpeed:297s,UUID:[I;-1063911881,-209827597,-1503807379,789664429],Variant:"base",eggCycles:-1,ndex:717,originalTrainer:"lame1202",originalTrainerUUID:[I;-812478946,543770915,-1079866976,-1753718133],palette:"none",ribbons2:[]}
	Lunala {Ability:"ShadowShield",CaughtBall:"ultra_ball",DoesLevel:1b,DynamaxLevel:10,EVAttack:0s,EVDefense:4s,EVHP:118s,EVSpecialAttack:252s,EVSpecialDefense:4s,EVSpeed:132s,EXP:7716,FormattedNickname:'{"text":"","extra":["『コウモリ』"]}',Friendship:255s,Gender:2b,GigantamaxFactor:0b,Health:444,HeldItemStack:{count:1,id:"pixelmon:choice_scarf"},IVAttack:31b,IVDefense:9b,IVHP:22b,IVSpAtt:15b,IVSpDef:31b,IVSpeed:31b,IV_HTDEFENSE:1b,IV_HTHP:1b,IV_HTSPECIAL_ATTACK:1b,Level:100,MintNature:16b,MoveSkillCooldown:[{MoveSkillCooldownCurrent:1763478515208L,MoveSkillCooldownId:"open_wormhole",MoveSkillCooldownTarget:1763479415208L},{MoveSkillCooldownCurrent:1762706868028L,MoveSkillCooldownId:"forage",MoveSkillCooldownTarget:1762706893028L}],Moveset:[{MoveID:"Moongeist Beam",MovePP:8b,MovePPLevel:3b},{MoveID:"Moonblast",MovePP:15b},{MoveID:"Psyshock",MovePP:10b},{MoveID:"Focus Blast",MovePP:5b}],NBT_VERSION:2b,Nature:2b,PAbilitySlot:0,PHiddenAbility:0b,PersistentData:{},Pokerus:{Announced:0b,Type:0s},RelrnMoves:["Future Sight","Cosmic Power","Psyshock","Splash","Teleport","Moongeist Beam","Focus Blast"],Size:392.969829837004d,SpecFlags:[],StatsAttack:262s,StatsDefense:215s,StatsHP:444s,StatsSpecialAttack:373s,StatsSpecialDefense:225s,StatsSpeed:289s,UUID:[I;-1179243225,-108770495,-1853800206,-1381633602],Variant:"base",eggCycles:-1,ndex:792,originalTrainer:"lame1202",originalTrainerUUID:[I;-812478946,543770915,-1079866976,-1753718133],palette:"none",ribbons2:[]}
	Ho-Oh {Ability:"Pressure",CaughtBall:"master_ball",DoesLevel:1b,DynamaxLevel:0,EVAttack:128s,EVDefense:73s,EVHP:11s,EVSpecialAttack:15s,EVSpecialDefense:13s,EVSpeed:86s,EXP:12495,Friendship:24s,Gender:2b,GigantamaxFactor:0b,Health:255,HeldItemStack:{count:1,id:"pixelmon:lucky_egg"},IVAttack:13b,IVDefense:31b,IVHP:17b,IVSpAtt:22b,IVSpDef:31b,IVSpeed:31b,Level:74,Moveset:[{MoveID:"Ancient Power",MovePP:5b},{MoveID:"Sacred Fire",MovePP:5b},{MoveID:"Life Dew",MovePP:10b},{MoveID:"Recover",MovePP:5b}],NBT_VERSION:2b,Nature:10b,PAbilitySlot:0,PHiddenAbility:0b,PersistentData:{},Pokerus:{Announced:0b,Type:0s},RelrnMoves:["Weather Ball","Life Dew","Ancient Power","Recover"],Size:230.74821496940933d,SpecFlags:[],StatsAttack:230s,StatsDefense:191s,StatsHP:255s,StatsSpecialAttack:186s,StatsSpecialDefense:258s,StatsSpeed:159s,UUID:[I;2049581236,1474905742,-1691877046,1643759506],Variant:"base",eggCycles:-1,ndex:250,originalTrainer:"lame1202",originalTrainerUUID:[I;-812478946,543770915,-1079866976,-1753718133],palette:"none",ribbons2:[]}
	Parasect {Ability:"Damp",CaughtBall:"ultra_ball",DoesLevel:1b,DynamaxLevel:0,EVAttack:252s,EVDefense:0s,EVHP:6s,EVSpecialAttack:0s,EVSpecialDefense:0s,EVSpeed:252s,EXP:14580,FormattedNickname:'{"text":"","extra":["『キノコ』"]}',Friendship:70s,Gender:1b,GigantamaxFactor:0b,Health:262,HeldItemStack:{count:1,id:"pixelmon:leftovers"},IVAttack:4b,IVDefense:10b,IVHP:10b,IVSpAtt:24b,IVSpDef:21b,IVSpeed:25b,IV_HTATTACK:1b,IV_HTDEFENSE:1b,IV_HTHP:1b,IV_HTSPECIAL_ATTACK:1b,IV_HTSPECIAL_DEFENSE:1b,IV_HTSPEED:1b,Level:100,MintNature:14b,MoveSkillCooldown:[{MoveSkillCooldownCurrent:1763400069074L,MoveSkillCooldownId:"forage",MoveSkillCooldownTarget:1763400094074L}],Moveset:[{MoveID:"False Swipe",MovePP:40b},{MoveID:"Spore",MovePP:24b,MovePPLevel:3b},{MoveID:"X-Scissor",MovePP:15b},{MoveID:"Stun Spore",MovePP:30b}],NBT_VERSION:2b,Nature:18b,PAbilitySlot:0,PHiddenAbility:1b,PersistentData:{},Pokerus:{Announced:0b,Type:0s},RelrnMoves:["Poison Powder","False Swipe","Scratch","Spore","Stun Spore","Absorb","Aromatherapy","Fury Cutter"],Size:160.5631275379926d,SpecFlags:[],StatsAttack:289s,StatsDefense:176s,StatsHP:262s,StatsSpecialAttack:156s,StatsSpecialDefense:196s,StatsSpeed:174s,UUID:[I;-1276842647,-1846917542,-1364704173,2018912491],Variant:"base",eggCycles:-1,ndex:47,originalTrainer:"lame1202",originalTrainerUUID:[I;-812478946,543770915,-1079866976,-1753718133],palette:"pink",ribbons2:[]}

Turn #0 has begun
 Terrain: NONE[5 turns remaining]
 Weather: none
 Pokemon: 

Togedemaru stats changed from [ACCURACY=100, EVASION=100, ATTACK=0, DEFENSE=0, SPECIAL_ATTACK=0, SPECIAL_DEFENSE=0, SPEED=0] to [ACCURACY=100, EVASION=100, ATTACK=3, DEFENSE=3, SPECIAL_ATTACK=4, SPECIAL_DEFENSE=3, SPEED=3] delta: ATTACK=-3, DEFENSE=-3, SPECIAL_ATTACK=-4, SPECIAL_DEFENSE=-3, SPEED=-3
Voltorb stats changed from [ACCURACY=100, EVASION=100, ATTACK=0, DEFENSE=0, SPECIAL_ATTACK=0, SPECIAL_DEFENSE=0, SPEED=0] to [ACCURACY=100, EVASION=100, ATTACK=4, DEFENSE=4, SPECIAL_ATTACK=3, SPECIAL_DEFENSE=3, SPEED=3] delta: ATTACK=-4, DEFENSE=-4, SPECIAL_ATTACK=-3, SPECIAL_DEFENSE=-3, SPEED=-3
Togedemaru stats changed from [ACCURACY=100, EVASION=100, ATTACK=0, DEFENSE=0, SPECIAL_ATTACK=0, SPECIAL_DEFENSE=0, SPEED=0] to [ACCURACY=100, EVASION=100, ATTACK=3, DEFENSE=3, SPECIAL_ATTACK=4, SPECIAL_DEFENSE=3, SPEED=3] delta: ATTACK=-3, DEFENSE=-3, SPECIAL_ATTACK=-4, SPECIAL_DEFENSE=-3, SPEED=-3
Magneton stats changed from [ACCURACY=100, EVASION=100, ATTACK=0, DEFENSE=0, SPECIAL_ATTACK=0, SPECIAL_DEFENSE=0, SPEED=0] to [ACCURACY=100, EVASION=100, ATTACK=3, DEFENSE=3, SPECIAL_ATTACK=2, SPECIAL_DEFENSE=3, SPEED=3] delta: ATTACK=-3, DEFENSE=-3, SPECIAL_ATTACK=-2, SPECIAL_DEFENSE=-3, SPEED=-3
Zubat stats changed from [ACCURACY=100, EVASION=100, ATTACK=0, DEFENSE=0, SPECIAL_ATTACK=0, SPECIAL_DEFENSE=0, SPEED=0] to [ACCURACY=100, EVASION=100, ATTACK=4, DEFENSE=4, SPECIAL_ATTACK=4, SPECIAL_DEFENSE=4, SPEED=3] delta: ATTACK=-4, DEFENSE=-4, SPECIAL_ATTACK=-4, SPECIAL_DEFENSE=-4, SPEED=-3
Gholdengo stats changed from [ACCURACY=100, EVASION=100, ATTACK=0, DEFENSE=0, SPECIAL_ATTACK=0, SPECIAL_DEFENSE=0, SPEED=0] to [ACCURACY=100, EVASION=100, ATTACK=3, DEFENSE=3, SPECIAL_ATTACK=2, SPECIAL_DEFENSE=3, SPEED=3] delta: ATTACK=-3, DEFENSE=-3, SPECIAL_ATTACK=-2, SPECIAL_DEFENSE=-3, SPEED=-3
Eternatus stats changed from [ACCURACY=100, EVASION=100, ATTACK=0, DEFENSE=0, SPECIAL_ATTACK=0, SPECIAL_DEFENSE=0, SPEED=0] to [ACCURACY=100, EVASION=100, ATTACK=3, DEFENSE=3, SPECIAL_ATTACK=2, SPECIAL_DEFENSE=3, SPEED=2] delta: ATTACK=-3, DEFENSE=-3, SPECIAL_ATTACK=-2, SPECIAL_DEFENSE=-3, SPEED=-2
Yveltal stats changed from [ACCURACY=100, EVASION=100, ATTACK=0, DEFENSE=0, SPECIAL_ATTACK=0, SPECIAL_DEFENSE=0, SPEED=0] to [ACCURACY=100, EVASION=100, ATTACK=2, DEFENSE=3, SPECIAL_ATTACK=2, SPECIAL_DEFENSE=3, SPEED=3] delta: ATTACK=-2, DEFENSE=-3, SPECIAL_ATTACK=-2, SPECIAL_DEFENSE=-3, SPEED=-3
Lunala stats changed from [ACCURACY=100, EVASION=100, ATTACK=0, DEFENSE=0, SPECIAL_ATTACK=0, SPECIAL_DEFENSE=0, SPEED=0] to [ACCURACY=100, EVASION=100, ATTACK=2, DEFENSE=3, SPECIAL_ATTACK=2, SPECIAL_DEFENSE=2, SPEED=3] delta: ATTACK=-2, DEFENSE=-3, SPECIAL_ATTACK=-2, SPECIAL_DEFENSE=-2, SPEED=-3
Ho-Oh stats changed from [ACCURACY=100, EVASION=100, ATTACK=0, DEFENSE=0, SPECIAL_ATTACK=0, SPECIAL_DEFENSE=0, SPEED=0] to [ACCURACY=100, EVASION=100, ATTACK=2, DEFENSE=3, SPECIAL_ATTACK=2, SPECIAL_DEFENSE=1, SPEED=3] delta: ATTACK=-2, DEFENSE=-3, SPECIAL_ATTACK=-2, SPECIAL_DEFENSE=-1, SPEED=-3
Parasect stats changed from [ACCURACY=100, EVASION=100, ATTACK=0, DEFENSE=0, SPECIAL_ATTACK=0, SPECIAL_DEFENSE=0, SPEED=0] to [ACCURACY=100, EVASION=100, ATTACK=3, DEFENSE=3, SPECIAL_ATTACK=3, SPECIAL_DEFENSE=3, SPEED=4] delta: ATTACK=-3, DEFENSE=-3, SPECIAL_ATTACK=-3, SPECIAL_DEFENSE=-3, SPEED=-4
Battle Message: literal{Togedemaru} summoned some nearby allies to assist them
Togedemaru stats changed from [ACCURACY=100, EVASION=100, ATTACK=3, DEFENSE=3, SPECIAL_ATTACK=4, SPECIAL_DEFENSE=3, SPEED=3] to [ACCURACY=100, EVASION=100, ATTACK=78, DEFENSE=59, SPECIAL_ATTACK=34, SPECIAL_DEFENSE=66, SPEED=74] delta: ATTACK=-75, DEFENSE=-56, SPECIAL_ATTACK=-30, SPECIAL_DEFENSE=-63, SPEED=-71
Voltorb stats changed from [ACCURACY=100, EVASION=100, ATTACK=4, DEFENSE=4, SPECIAL_ATTACK=3, SPECIAL_DEFENSE=3, SPEED=3] to [ACCURACY=100, EVASION=100, ATTACK=31, DEFENSE=35, SPECIAL_ATTACK=45, SPECIAL_DEFENSE=41, SPEED=73] delta: ATTACK=-27, DEFENSE=-31, SPECIAL_ATTACK=-42, SPECIAL_DEFENSE=-38, SPEED=-70
Togedemaru stats changed from [ACCURACY=100, EVASION=100, ATTACK=3, DEFENSE=3, SPECIAL_ATTACK=4, SPECIAL_DEFENSE=3, SPEED=3] to [ACCURACY=100, EVASION=100, ATTACK=38, DEFENSE=28, SPECIAL_ATTACK=20, SPECIAL_DEFENSE=23, SPEED=36] delta: ATTACK=-35, DEFENSE=-25, SPECIAL_ATTACK=-16, SPECIAL_DEFENSE=-20, SPEED=-33
Magneton stats changed from [ACCURACY=100, EVASION=100, ATTACK=3, DEFENSE=3, SPECIAL_ATTACK=2, SPECIAL_DEFENSE=3, SPEED=3] to [ACCURACY=100, EVASION=100, ATTACK=76, DEFENSE=114, SPECIAL_ATTACK=135, SPECIAL_DEFENSE=76, SPEED=86] delta: ATTACK=-73, DEFENSE=-111, SPECIAL_ATTACK=-133, SPECIAL_DEFENSE=-73, SPEED=-83
Zubat stats changed from [ACCURACY=100, EVASION=100, ATTACK=4, DEFENSE=4, SPECIAL_ATTACK=4, SPECIAL_DEFENSE=4, SPEED=3] to [ACCURACY=100, EVASION=100, ATTACK=26, DEFENSE=27, SPECIAL_ATTACK=18, SPECIAL_DEFENSE=27, SPEED=31] delta: ATTACK=-22, DEFENSE=-23, SPECIAL_ATTACK=-14, SPECIAL_DEFENSE=-23, SPEED=-28
Gholdengo stats changed from [ACCURACY=100, EVASION=100, ATTACK=3, DEFENSE=3, SPECIAL_ATTACK=2, SPECIAL_DEFENSE=3, SPEED=3] to [ACCURACY=100, EVASION=100, ATTACK=156, DEFENSE=248, SPECIAL_ATTACK=492, SPECIAL_DEFENSE=218, SPEED=205] delta: ATTACK=-153, DEFENSE=-245, SPECIAL_ATTACK=-490, SPECIAL_DEFENSE=-215, SPEED=-202
Togedemaru selected attack Tackle for Togedemaru targeting Gholdengo and opted to mega evolve
translation{key='pixelmon.voltorb', args=[]} weighted their choices as follows:  Charge, Tier 0, Weight 0.0;  Eerie Impulse, Tier 0, Weight 0.0;  Spark, Tier 2, Weight 1.5873017;  Charge Beam, Tier 2, Weight 1.8518518;  
translation{key='pixelmon.voltorb', args=[]} decided their best choices were:  Spark, Tier 2, Weight 1.5873017;  Charge Beam, Tier 2, Weight 1.8518518;  
Voltorb selected attack Charge Beam for Voltorb targeting Gholdengo and opted to mega evolve
translation{key='pixelmon.togedemaru', args=[]} weighted their choices as follows:  Defense Curl, Tier 0, Weight 0.0;  Charge, Tier 0, Weight 0.0;  Spark, Tier 2, Weight 1.5873017;  Pin Missile, Tier 2, Weight 0.79365087;  
translation{key='pixelmon.togedemaru', args=[]} decided their best choices were:  Spark, Tier 2, Weight 1.5873017;  Pin Missile, Tier 2, Weight 0.79365087;  
Togedemaru selected attack Spark for Togedemaru targeting Gholdengo and opted to mega evolve
translation{key='pixelmon.magneton', args=[]} weighted their choices as follows:  Thunder Shock, Tier 2, Weight 5.026455;  Electro Ball, Tier 2, Weight 7.1428576;  Gyro Ball, Tier 2, Weight 1.8518518;  Discharge, Tier 2, Weight -333.4512;  
translation{key='pixelmon.magneton', args=[]} decided their best choices were:  Electro Ball, Tier 2, Weight 7.1428576;  
Magneton selected attack Electro Ball for Magneton targeting Gholdengo and opted to mega evolve
translation{key='pixelmon.zubat', args=[]} weighted their choices as follows:  Absorb, Tier 2, Weight 0.26455027;  Supersonic, Tier 0, Weight 0.0;  Astonish, Tier 2, Weight 1.5873017;  Poison Fang, Tier 0, Weight 0.0;  
translation{key='pixelmon.zubat', args=[]} decided their best choices were:  Astonish, Tier 2, Weight 1.5873017;  
Zubat selected attack Astonish for Zubat targeting Gholdengo and opted to mega evolve
lame1202 executed command tp Bluegum_

BATTLE ENDED

BATTLE ENDED
Caught error in battle. Continuing...
Attempted to load class net/minecraft/client/resources/sounds/SoundInstance for invalid dist DEDICATED_SERVER
MC-BOOTSTRAP/fml_loader@4.0.41/net.neoforged.fml.common.asm.RuntimeDistCleaner.processClassWithFlags(RuntimeDistCleaner.java:60)
MC-BOOTSTRAP/cpw.mods.modlauncher@11.0.5/cpw.mods.modlauncher.LaunchPluginHandler.offerClassNodeToPlugins(LaunchPluginHandler.java:94)
MC-BOOTSTRAP/cpw.mods.modlauncher@11.0.5/cpw.mods.modlauncher.ClassTransformer.transform(ClassTransformer.java:120)
MC-BOOTSTRAP/cpw.mods.modlauncher@11.0.5/cpw.mods.modlauncher.TransformingClassLoader.maybeTransformClassBytes(TransformingClassLoader.java:57)
cpw.mods.securejarhandler/cpw.mods.cl.ModuleClassLoader.readerToClass(ModuleClassLoader.java:190)
cpw.mods.securejarhandler/cpw.mods.cl.ModuleClassLoader.lambda$findClass$20(ModuleClassLoader.java:298)
cpw.mods.securejarhandler/cpw.mods.cl.ModuleClassLoader.loadFromModule(ModuleClassLoader.java:311)
cpw.mods.securejarhandler/cpw.mods.cl.ModuleClassLoader.findClass(ModuleClassLoader.java:298)
cpw.mods.securejarhandler/cpw.mods.cl.ModuleClassLoader.loadClass(ModuleClassLoader.java:214)
java.base/java.lang.ClassLoader.loadClass(Unknown Source)
TRANSFORMER/pixelmon@9.3.9/com.pixelmonmod.pixelmon.battles.controller.participants.PlayerParticipant.forfeitBattleForBeingTooFarAway(PlayerParticipant.java:666)
TRANSFORMER/pixelmon@9.3.9/com.pixelmonmod.pixelmon.battles.controller.participants.PlayerParticipant.handlePlayerDistanceFromBattle(PlayerParticipant.java:647)
TRANSFORMER/pixelmon@9.3.9/com.pixelmonmod.pixelmon.battles.controller.participants.PlayerParticipant.tick(PlayerParticipant.java:451)
TRANSFORMER/pixelmon@9.3.9/com.pixelmonmod.pixelmon.battles.controller.BattleController.onUpdate(BattleController.java:1135)
TRANSFORMER/pixelmon@9.3.9/com.pixelmonmod.pixelmon.battles.controller.BattleController.update(BattleController.java:511)
TRANSFORMER/pixelmon@9.3.9/com.pixelmonmod.pixelmon.battles.BattleRegistry.updateBattles(BattleRegistry.java:202)
TRANSFORMER/pixelmon@9.3.9/com.pixelmonmod.pixelmon.battles.BattleTickHandler.tickStart(BattleTickHandler.java:10)
MC-BOOTSTRAP/net.neoforged.bus/net.neoforged.bus.EventBus.post(EventBus.java:360)
MC-BOOTSTRAP/net.neoforged.bus/net.neoforged.bus.EventBus.post(EventBus.java:328)
TRANSFORMER/neoforge@21.1.209/net.neoforged.neoforge.event.EventHooks.fireServerTickPost(EventHooks.java:1020)
TRANSFORMER/minecraft@1.21.1/net.minecraft.server.MinecraftServer.tickServer(MinecraftServer.java:943)
TRANSFORMER/minecraft@1.21.1/net.minecraft.server.MinecraftServer.runServer(MinecraftServer.java:707)
TRANSFORMER/minecraft@1.21.1/net.minecraft.server.MinecraftServer.lambda$spin$2(MinecraftServer.java:267)
java.base/java.lang.Thread.run(Unknown Source)
