Pixelmon Version 9.3.9
Battle data 2025-11-10T15:57:17.893968839Z

Team #0 WildPixelmonParticipant Rockruff pixelmon:ultra_space (3797.300000011921, 77.0, -3181.300000011921) 
	Rockruff {Ability:"KeenEye",CaughtBall:"poke_ball",DoesLevel:1b,DynamaxLevel:0,EVAttack:0s,EVDefense:0s,EVHP:0s,EVSpecialAttack:0s,EVSpecialDefense:0s,EVSpeed:0s,EXP:0,Friendship:0s,Gender:1b,GigantamaxFactor:0b,Health:43,IVAttack:14b,IVDefense:9b,IVHP:21b,IVSpAtt:2b,IVSpDef:14b,IVSpeed:19b,Level:16,Moveset:[{MoveID:"Tackle",MovePP:35b},{MoveID:"Double Team",MovePP:15b},{MoveID:"Howl",MovePP:40b},{MoveID:"Bite",MovePP:25b}],NBT_VERSION:2b,Nature:8b,PAbilitySlot:0,PHiddenAbility:0b,PersistentData:{},Pokerus:{Announced:0b,Type:0s},RelrnMoves:["Tackle","Double Team","Howl"],Size:58.60423309662773d,SpecFlags:[],StatsAttack:30s,StatsDefense:19s,StatsHP:43s,StatsSpecialAttack:14s,StatsSpecialDefense:18s,StatsSpeed:27s,UUID:[I;1324998731,-930461788,-1680199581,-1503897339],Variant:"base",eggCycles:-1,ndex:744,palette:"none",ribbons2:[]}
Team #0 WildPixelmonParticipant Naclstack pixelmon:ultra_space (3797.5790879635456, 78.0, -3180.575416688729) 
	Naclstack {Ability:"Sturdy",CaughtBall:"poke_ball",DoesLevel:1b,DynamaxLevel:0,EVAttack:0s,EVDefense:0s,EVHP:0s,EVSpecialAttack:0s,EVSpecialDefense:0s,EVSpeed:0s,EXP:0,Friendship:0s,Gender:1b,GigantamaxFactor:0b,Health:96,IVAttack:27b,IVDefense:16b,IVHP:15b,IVSpAtt:0b,IVSpDef:4b,IVSpeed:24b,Level:37,Moveset:[{MoveID:"Rock Throw",MovePP:15b},{MoveID:"Mud Shot",MovePP:15b},{MoveID:"Rock Polish",MovePP:20b},{MoveID:"Recover",MovePP:5b}],NBT_VERSION:2b,Nature:0b,PAbilitySlot:1,PHiddenAbility:0b,PersistentData:{},Pokerus:{Announced:0b,Type:0s},RelrnMoves:["Rock Throw","Rock Polish","Mud Shot"],Size:61.082387674810086d,SpecFlags:[],StatsAttack:59s,StatsDefense:84s,StatsHP:96s,StatsSpecialAttack:30s,StatsSpecialDefense:54s,StatsSpeed:39s,UUID:[I;-1203585814,-1444721185,-1929149830,1328994090],Variant:"base",eggCycles:-1,ndex:933,palette:"none",ribbons2:[]}
Team #0 WildPixelmonParticipant Golem pixelmon:ultra_space (3798.5, 78.0, -3180.5) 
	Golem {Ability:"Sturdy",CaughtBall:"poke_ball",DoesLevel:1b,DynamaxLevel:0,EVAttack:0s,EVDefense:0s,EVHP:0s,EVSpecialAttack:0s,EVSpecialDefense:0s,EVSpeed:0s,EXP:0,Friendship:0s,Gender:1b,GigantamaxFactor:0b,Health:114,IVAttack:11b,IVDefense:25b,IVHP:0b,IVSpAtt:22b,IVSpDef:23b,IVSpeed:2b,Level:40,Moveset:[{MoveID:"Heavy Slam",MovePP:10b},{MoveID:"Rock Polish",MovePP:20b},{MoveID:"Bulldoze",MovePP:20b},{MoveID:"Self-Destruct",MovePP:5b}],NBT_VERSION:2b,Nature:12b,PAbilitySlot:1,PHiddenAbility:0b,PersistentData:{},Pokerus:{Announced:0b,Type:0s},RelrnMoves:["Heavy Slam","Bulldoze","Rock Polish"],Size:100.0415854005736d,SpecFlags:[],StatsAttack:105s,StatsDefense:130s,StatsHP:114s,StatsSpecialAttack:57s,StatsSpecialDefense:59s,StatsSpeed:41s,UUID:[I;1503557980,319114098,-1236499244,759467882],Variant:"base",eggCycles:-1,ndex:76,palette:"none",ribbons2:[]}
Team #0 WildPixelmonParticipant Pupitar pixelmon:ultra_space (3798.1216404847764, 77.0, -3182.8450387357425) 
	Pupitar {Ability:"ShedSkin",CaughtBall:"poke_ball",DoesLevel:1b,DynamaxLevel:0,EVAttack:0s,EVDefense:0s,EVHP:0s,EVSpecialAttack:0s,EVSpecialDefense:0s,EVSpeed:0s,EXP:0,Friendship:0s,Gender:0b,GigantamaxFactor:0b,Health:144,IVAttack:27b,IVDefense:16b,IVHP:9b,IVSpAtt:0b,IVSpDef:31b,IVSpeed:7b,Level:54,Moveset:[{MoveID:"Iron Defense",MovePP:15b},{MoveID:"Leer",MovePP:30b},{MoveID:"Bite",MovePP:25b},{MoveID:"Scary Face",MovePP:10b}],NBT_VERSION:2b,Nature:11b,PAbilitySlot:0,PHiddenAbility:0b,PersistentData:{},Pokerus:{Announced:0b,Type:0s},RelrnMoves:["Leer","Bite","Iron Defense"],Size:124.85364181284305d,SpecFlags:[],StatsAttack:110s,StatsDefense:97s,StatsHP:144s,StatsSpecialAttack:67s,StatsSpecialDefense:97s,StatsSpeed:63s,UUID:[I;-789670642,-884061734,-1571630796,1236964254],Variant:"base",eggCycles:-1,ndex:247,palette:"none",ribbons2:[]}
Team #0 WildPixelmonParticipant Clefairy pixelmon:ultra_space (3803.5, 77.0, -3178.5) 
	Clefairy {Ability:"MagicGuard",CaughtBall:"poke_ball",DoesLevel:1b,DynamaxLevel:0,EVAttack:0s,EVDefense:0s,EVHP:0s,EVSpecialAttack:0s,EVSpecialDefense:0s,EVSpeed:0s,EXP:0,Friendship:0s,Gender:1b,GigantamaxFactor:0b,Health:99,IVAttack:1b,IVDefense:6b,IVHP:17b,IVSpAtt:0b,IVSpDef:1b,IVSpeed:3b,Level:35,Moveset:[{MoveID:"Charm",MovePP:20b},{MoveID:"Pound",MovePP:35b},{MoveID:"Sing",MovePP:15b},{MoveID:"Gravity",MovePP:5b}],NBT_VERSION:2b,Nature:19b,PAbilitySlot:1,PHiddenAbility:0b,PersistentData:{},Pokerus:{Announced:0b,Type:0s},RelrnMoves:["Charm","Pound","Sing"],Size:69.88049862884988d,SpecFlags:[],StatsAttack:36s,StatsDefense:40s,StatsHP:99s,StatsSpecialAttack:51s,StatsSpecialDefense:50s,StatsSpeed:27s,UUID:[I;318757771,2083670695,-1765192044,-121670954],Variant:"base",eggCycles:-1,ndex:35,palette:"none",ribbons2:[]}
Team #1 PlayerParticipant Bluegum_ pixelmon:ultra_space (3811.4041428077903, 84.74928342514917, -3156.9565730924396) 
	Necrozma {Ability:"PrismArmor",CaughtBall:"master_ball",DoesLevel:1b,DynamaxLevel:10,EVAttack:0s,EVDefense:120s,EVHP:61s,EVSpecialAttack:252s,EVSpecialDefense:20s,EVSpeed:57s,EXP:2688,Friendship:255s,Gender:2b,GigantamaxFactor:0b,Health:350,HeldItemStack:{count:1,id:"pixelmon:choice_specs"},IVAttack:14b,IVDefense:31b,IVHP:31b,IVSpAtt:12b,IVSpDef:31b,IVSpeed:28b,IV_HTATTACK:1b,IV_HTDEFENSE:1b,IV_HTHP:1b,IV_HTSPECIAL_ATTACK:1b,IV_HTSPECIAL_DEFENSE:1b,IV_HTSPEED:1b,Level:100,MoveSkillCooldown:[{MoveSkillCooldownCurrent:1762786520324L,MoveSkillCooldownId:"open_wormhole",MoveSkillCooldownTarget:1762787420324L},{MoveSkillCooldownCurrent:1762699003046L,MoveSkillCooldownId:"forage",MoveSkillCooldownTarget:1762699028046L}],Moveset:[{MoveID:"Earthquake",MovePP:10b},{MoveID:"Photon Geyser",MovePP:5b},{MoveID:"Prismatic Laser",MovePP:10b},{MoveID:"Moongeist Beam",MovePP:6b,MovePPLevel:1b}],NBT_VERSION:2b,Nature:2b,PAbilitySlot:0,PHiddenAbility:0b,PersistentData:{FusedPokemon:{Ability:"ShadowShield",CaughtBall:"master_ball",DoesLevel:1b,DynamaxLevel:10,EVAttack:52s,EVDefense:61s,EVHP:10s,EVSpecialAttack:30s,EVSpecialDefense:15s,EVSpeed:10s,EXP:2523,Friendship:132s,Gender:2b,GigantamaxFactor:0b,Health:274,IVAttack:31b,IVDefense:31b,IVHP:31b,IVSpAtt:31b,IVSpDef:31b,IVSpeed:31b,Level:65,MoveSkillCooldown:[{MoveSkillCooldownCurrent:1762540468759L,MoveSkillCooldownId:"open_wormhole",MoveSkillCooldownTarget:1762541368759L}],Moveset:[{MoveID:"Moongeist Beam",MovePP:5b},{MoveID:"Shadow Ball",MovePP:15b},{MoveID:"Night Daze",MovePP:10b},{MoveID:"Psychic",MovePP:10b}],NBT_VERSION:2b,Nature:2b,PAbilitySlot:0,PHiddenAbility:0b,PersistentData:{},Pokerus:{Announced:0b,Type:0s},RelrnMoves:["Cosmic Power","Night Daze","Shadow Ball","Confuse Ray","Confusion","Moongeist Beam"],Size:423.68655728993264d,SpecFlags:[],StatsAttack:180s,StatsDefense:150s,StatsHP:274s,StatsSpecialAttack:208s,StatsSpecialDefense:166s,StatsSpeed:152s,UUID:[I;262669123,-1009497750,-1895264588,-494530766],Variant:"base",eggCycles:-1,ndex:792,originalTrainer:"Bluegum_",originalTrainerUUID:[I;-18226562,-815576607,-1945710123,1042587051],palette:"none",ribbons2:[]}},Pokerus:{Announced:0b,Type:0s},RelrnMoves:["Earthquake","Moonlight","Night Slash","Confusion","Photon Geyser","Prismatic Laser","Moongeist Beam","Stored Power","Hyper Voice"],Size:527.1826480247724d,SpecFlags:[],StatsAttack:262s,StatsDefense:284s,StatsHP:350s,StatsSpecialAttack:413s,StatsSpecialDefense:295s,StatsSpeed:204s,UUID:[I;1907024463,-107854951,-1498588856,370906150],Variant:"dawn",eggCycles:-1,ndex:800,originalTrainer:"Bluegum_",originalTrainerUUID:[I;-18226562,-815576607,-1945710123,1042587051],palette:"none",ribbons2:[]}
	Aron {Ability:"Sturdy",CaughtBall:"poke_ball",DoesLevel:0b,DynamaxLevel:0,EVAttack:151s,EVDefense:151s,EVHP:32s,EVSpecialAttack:59s,EVSpecialDefense:23s,EVSpeed:94s,EXP:63,Friendship:35s,Gender:0b,GigantamaxFactor:0b,Health:24,IVAttack:30b,IVDefense:21b,IVHP:5b,IVSpAtt:12b,IVSpDef:5b,IVSpeed:3b,Level:7,MoveSkillCooldown:[{MoveSkillCooldownCurrent:1762699103772L,MoveSkillCooldownId:"forage",MoveSkillCooldownTarget:1762699128772L}],Moveset:[{MoveID:"Endeavor",MovePP:5b},{MoveID:"Stealth Rock",MovePP:20b},{MoveID:"Aerial Ace",MovePP:20b},{MoveID:"Protect",MovePP:10b}],NBT_VERSION:2b,Nature:3b,PAbilitySlot:0,PHiddenAbility:0b,PersistentData:{},Pokerus:{Announced:0b,Type:0s},RelrnMoves:["Endeavor","Tackle","Stealth Rock","Aerial Ace","Ancient Power","Harden"],Size:67.07655625324296d,SpecFlags:[],StatsAttack:19s,StatsDefense:23s,StatsHP:24s,StatsSpecialAttack:12s,StatsSpecialDefense:11s,StatsSpeed:11s,UUID:[I;-1741932751,-953857120,-2022190223,-650856533],Variant:"base",eggCycles:-1,ndex:304,originalTrainer:"lame1202",originalTrainerUUID:[I;-812478946,543770915,-1079866976,-1753718133],palette:"none",ribbons2:[]}
	Naganadel {Ability:"BeastBoost",CaughtBall:"ultra_ball",DoesLevel:1b,DynamaxLevel:0,EVAttack:81s,EVDefense:84s,EVHP:12s,EVSpecialAttack:34s,EVSpecialDefense:5s,EVSpeed:29s,EXP:7175,Friendship:193s,Gender:2b,GigantamaxFactor:0b,Health:178,HeldItemStack:{count:1,id:"pixelmon:lucky_egg"},IVAttack:19b,IVDefense:31b,IVHP:31b,IVSpAtt:4b,IVSpDef:31b,IVSpeed:8b,Level:60,Moveset:[{MoveID:"Sludge Wave",MovePP:10b},{MoveID:"Outrage",MovePP:10b},{MoveID:"Nasty Plot",MovePP:20b},{MoveID:"Fire Blast",MovePP:5b}],NBT_VERSION:2b,Nature:10b,PAbilitySlot:0,PHiddenAbility:0b,PersistentData:{},Pokerus:{Announced:0b,Type:0s},RelrnMoves:["Dragon Pulse","Acid","Air Cutter","Sludge Wave","Nasty Plot","Poison Jab","Fell Stinger","Fire Blast"],Size:631.2316366304217d,SpecFlags:[],StatsAttack:116s,StatsDefense:135s,StatsHP:178s,StatsSpecialAttack:164s,StatsSpecialDefense:111s,StatsSpeed:143s,UUID:[I;1982461732,-824752369,-1781547103,-1792200918],Variant:"base",eggCycles:-1,ndex:804,originalTrainer:"Bluegum_",originalTrainerUUID:[I;-18226562,-815576607,-1945710123,1042587051],palette:"none",ribbons2:[]}
	Chandelure {Ability:"FlashFire",CaughtBall:"great_ball",DoesLevel:1b,DynamaxLevel:0,EVAttack:142s,EVDefense:167s,EVHP:25s,EVSpecialAttack:52s,EVSpecialDefense:15s,EVSpeed:109s,EXP:3536,Friendship:213s,Gender:0b,GigantamaxFactor:0b,Health:182,HeldItemStack:{count:1,id:"pixelmon:spell_tag"},IVAttack:17b,IVDefense:24b,IVHP:4b,IVSpAtt:17b,IVSpDef:27b,IVSpeed:31b,Level:75,MoveSkillCooldown:[{MoveSkillCooldownCurrent:1762266322125L,MoveSkillCooldownId:"ignite",MoveSkillCooldownTarget:1762266362125L}],Moveset:[{MoveID:"Heat Wave",MovePP:10b},{MoveID:"Overheat",MovePP:5b},{MoveID:"Shadow Ball",MovePP:15b},{MoveID:"Fire Blast",MovePP:5b}],NBT_VERSION:2b,Nature:13b,PAbilitySlot:0,PHiddenAbility:0b,PersistentData:{},Pokerus:{Announced:0b,Type:0s},RelrnMoves:["Smog","Inferno","Poltergeist","Will-O-Wisp","Overheat","Shadow Ball","Flare Blitz","Fire Blast"],Size:152.31493249610517d,SpecFlags:[],StatsAttack:113s,StatsDefense:189s,StatsHP:182s,StatsSpecialAttack:245s,StatsSpecialDefense:163s,StatsSpeed:184s,UUID:[I;-916774223,-1931064497,-1617671008,-952619417],Variant:"base",eggCycles:-1,ndex:609,originalTrainer:"Bluegum_",originalTrainerUUID:[I;-18226562,-815576607,-1945710123,1042587051],palette:"none",ribbon_display2:{received:1761750479281L,receiver:'""',type:"dawn"},ribbons2:[{received:1761750479281L,receiver:'""',type:"dawn"}]}
	Blaziken {Ability:"Blaze",CaughtBall:"poke_ball",DoesLevel:1b,DynamaxLevel:1,EVAttack:134s,EVDefense:231s,EVHP:22s,EVSpecialAttack:46s,EVSpecialDefense:16s,EVSpeed:61s,EXP:800,Friendship:3s,Gender:0b,GigantamaxFactor:0b,Health:223,HeldItemStack:{count:1,id:"pixelmon:lucky_egg"},IVAttack:13b,IVDefense:9b,IVHP:9b,IVSpAtt:1b,IVSpDef:11b,IVSpeed:13b,IV_HTATTACK:1b,IV_HTDEFENSE:1b,IV_HTHP:1b,IV_HTSPECIAL_ATTACK:1b,IV_HTSPECIAL_DEFENSE:1b,IV_HTSPEED:1b,Level:72,Moveset:[{MoveID:"Flare Blitz",MovePP:15b},{MoveID:"Fire Punch",MovePP:15b},{MoveID:"Close Combat",MovePP:5b},{MoveID:"Brave Bird",MovePP:15b}],NBT_VERSION:2b,Nature:14b,PAbilitySlot:0,PHiddenAbility:0b,PersistentData:{},Pokerus:{Announced:1b,Type:0s},RelrnMoves:["Quick Attack","Sand Attack","Growl","Double Kick","Aerial Ace","Swords Dance","Bulk Up","Close Combat","Flare Blitz","Scratch","Ember","Slash","Bounce","Flame Charge","Fire Blast","Fire Punch"],Size:182.54302336065263d,SpecFlags:[],StatsAttack:224s,StatsDefense:152s,StatsHP:223s,StatsSpecialAttack:194s,StatsSpecialDefense:131s,StatsSpeed:168s,UUID:[I;-1243501749,1089686626,-1980701276,-1821150013],Variant:"base",eggCycles:-1,ndex:257,originalTrainer:"Bluegum_",originalTrainerUUID:[I;-18226562,-815576607,-1945710123,1042587051],palette:"none",ribbon_display2:{received:1761549069944L,receiver:'""',type:"destiny"},ribbons2:[{received:1761549069944L,receiver:'""',type:"destiny"}]}
	Kadabra {Ability:"Synchronize",CaughtBall:"great_ball",DoesLevel:1b,DynamaxLevel:0,EVAttack:156s,EVDefense:143s,EVHP:17s,EVSpecialAttack:50s,EVSpecialDefense:18s,EVSpeed:92s,EXP:9302,Friendship:86s,Gender:0b,GigantamaxFactor:0b,Health:112,IVAttack:15b,IVDefense:21b,IVHP:2b,IVSpAtt:31b,IVSpDef:16b,IVSpeed:13b,Level:55,MoveSkillCooldown:[{MoveSkillCooldownCurrent:1762785268423L,MoveSkillCooldownId:"teleport",MoveSkillCooldownTarget:1762785272623L},{MoveSkillCooldownCurrent:1762699411151L,MoveSkillCooldownId:"forage",MoveSkillCooldownTarget:1762699436151L}],Moveset:[{MoveID:"Teleport",MovePP:20b},{MoveID:"Recover",MovePP:5b},{MoveID:"Confusion",MovePP:25b},{MoveID:"Psyshock",MovePP:10b}],NBT_VERSION:2b,Nature:2b,PAbilitySlot:0,PHiddenAbility:0b,PersistentData:{},Pokerus:{Announced:0b,Type:0s},RelrnMoves:["Recover","Confusion","Teleport"],Size:128.82477853344295d,SpecFlags:[],StatsAttack:73s,StatsDefense:69s,StatsHP:112s,StatsSpecialAttack:160s,StatsSpecialDefense:93s,StatsSpeed:140s,UUID:[I;-1937185812,1988578088,-1447263109,-1041743685],Variant:"base",eggCycles:-1,ndex:64,originalTrainer:"Bluegum_",originalTrainerUUID:[I;-18226562,-815576607,-1945710123,1042587051],palette:"none",ribbon_display2:{received:1761994420115L,receiver:'""',type:"humble"},ribbons2:[{received:1761994420115L,receiver:'""',type:"humble"}]}

Turn #0 has begun
 Terrain: NONE[5 turns remaining]
 Weather: none
 Pokemon: 

Rockruff stats changed from [ACCURACY=100, EVASION=100, ATTACK=0, DEFENSE=0, SPECIAL_ATTACK=0, SPECIAL_DEFENSE=0, SPEED=0] to [ACCURACY=100, EVASION=100, ATTACK=3, DEFENSE=4, SPECIAL_ATTACK=4, SPECIAL_DEFENSE=4, SPEED=3] delta: ATTACK=-3, DEFENSE=-4, SPECIAL_ATTACK=-4, SPECIAL_DEFENSE=-4, SPEED=-3
Naclstack stats changed from [ACCURACY=100, EVASION=100, ATTACK=0, DEFENSE=0, SPECIAL_ATTACK=0, SPECIAL_DEFENSE=0, SPEED=0] to [ACCURACY=100, EVASION=100, ATTACK=3, DEFENSE=3, SPECIAL_ATTACK=4, SPECIAL_DEFENSE=3, SPEED=4] delta: ATTACK=-3, DEFENSE=-3, SPECIAL_ATTACK=-4, SPECIAL_DEFENSE=-3, SPEED=-4
Golem stats changed from [ACCURACY=100, EVASION=100, ATTACK=0, DEFENSE=0, SPECIAL_ATTACK=0, SPECIAL_DEFENSE=0, SPEED=0] to [ACCURACY=100, EVASION=100, ATTACK=2, DEFENSE=2, SPECIAL_ATTACK=3, SPECIAL_DEFENSE=3, SPEED=4] delta: ATTACK=-2, DEFENSE=-2, SPECIAL_ATTACK=-3, SPECIAL_DEFENSE=-3, SPEED=-4
Pupitar stats changed from [ACCURACY=100, EVASION=100, ATTACK=0, DEFENSE=0, SPECIAL_ATTACK=0, SPECIAL_DEFENSE=0, SPEED=0] to [ACCURACY=100, EVASION=100, ATTACK=3, DEFENSE=3, SPECIAL_ATTACK=3, SPECIAL_DEFENSE=3, SPEED=3] delta: ATTACK=-3, DEFENSE=-3, SPECIAL_ATTACK=-3, SPECIAL_DEFENSE=-3, SPEED=-3
Clefairy stats changed from [ACCURACY=100, EVASION=100, ATTACK=0, DEFENSE=0, SPECIAL_ATTACK=0, SPECIAL_DEFENSE=0, SPEED=0] to [ACCURACY=100, EVASION=100, ATTACK=4, DEFENSE=4, SPECIAL_ATTACK=3, SPECIAL_DEFENSE=3, SPEED=4] delta: ATTACK=-4, DEFENSE=-4, SPECIAL_ATTACK=-3, SPECIAL_DEFENSE=-3, SPEED=-4
Necrozma stats changed from [ACCURACY=100, EVASION=100, ATTACK=0, DEFENSE=0, SPECIAL_ATTACK=0, SPECIAL_DEFENSE=0, SPEED=0] to [ACCURACY=100, EVASION=100, ATTACK=2, DEFENSE=2, SPECIAL_ATTACK=1, SPECIAL_DEFENSE=2, SPEED=3] delta: ATTACK=-2, DEFENSE=-2, SPECIAL_ATTACK=-1, SPECIAL_DEFENSE=-2, SPEED=-3
Aron stats changed from [ACCURACY=100, EVASION=100, ATTACK=0, DEFENSE=0, SPECIAL_ATTACK=0, SPECIAL_DEFENSE=0, SPEED=0] to [ACCURACY=100, EVASION=100, ATTACK=3, DEFENSE=3, SPECIAL_ATTACK=4, SPECIAL_DEFENSE=4, SPEED=4] delta: ATTACK=-3, DEFENSE=-3, SPECIAL_ATTACK=-4, SPECIAL_DEFENSE=-4, SPEED=-4
Naganadel stats changed from [ACCURACY=100, EVASION=100, ATTACK=0, DEFENSE=0, SPECIAL_ATTACK=0, SPECIAL_DEFENSE=0, SPEED=0] to [ACCURACY=100, EVASION=100, ATTACK=3, DEFENSE=3, SPECIAL_ATTACK=2, SPECIAL_DEFENSE=3, SPEED=2] delta: ATTACK=-3, DEFENSE=-3, SPECIAL_ATTACK=-2, SPECIAL_DEFENSE=-3, SPEED=-2
Chandelure stats changed from [ACCURACY=100, EVASION=100, ATTACK=0, DEFENSE=0, SPECIAL_ATTACK=0, SPECIAL_DEFENSE=0, SPEED=0] to [ACCURACY=100, EVASION=100, ATTACK=3, DEFENSE=3, SPECIAL_ATTACK=2, SPECIAL_DEFENSE=3, SPEED=3] delta: ATTACK=-3, DEFENSE=-3, SPECIAL_ATTACK=-2, SPECIAL_DEFENSE=-3, SPEED=-3
Blaziken stats changed from [ACCURACY=100, EVASION=100, ATTACK=0, DEFENSE=0, SPECIAL_ATTACK=0, SPECIAL_DEFENSE=0, SPEED=0] to [ACCURACY=100, EVASION=100, ATTACK=2, DEFENSE=3, SPECIAL_ATTACK=2, SPECIAL_DEFENSE=3, SPEED=3] delta: ATTACK=-2, DEFENSE=-3, SPECIAL_ATTACK=-2, SPECIAL_DEFENSE=-3, SPEED=-3
Kadabra stats changed from [ACCURACY=100, EVASION=100, ATTACK=0, DEFENSE=0, SPECIAL_ATTACK=0, SPECIAL_DEFENSE=0, SPEED=0] to [ACCURACY=100, EVASION=100, ATTACK=4, DEFENSE=4, SPECIAL_ATTACK=2, SPECIAL_DEFENSE=3, SPEED=2] delta: ATTACK=-4, DEFENSE=-4, SPECIAL_ATTACK=-2, SPECIAL_DEFENSE=-3, SPEED=-2
Battle Message: literal{Rockruff} summoned some nearby allies to assist them
Rockruff stats changed from [ACCURACY=100, EVASION=100, ATTACK=3, DEFENSE=4, SPECIAL_ATTACK=4, SPECIAL_DEFENSE=4, SPEED=3] to [ACCURACY=100, EVASION=100, ATTACK=244, DEFENSE=162, SPECIAL_ATTACK=140, SPECIAL_DEFENSE=148, SPEED=211] delta: ATTACK=-241, DEFENSE=-158, SPECIAL_ATTACK=-136, SPECIAL_DEFENSE=-144, SPEED=-208
Naclstack stats changed from [ACCURACY=100, EVASION=100, ATTACK=3, DEFENSE=3, SPECIAL_ATTACK=4, SPECIAL_DEFENSE=3, SPEED=4] to [ACCURACY=100, EVASION=100, ATTACK=59, DEFENSE=84, SPECIAL_ATTACK=30, SPECIAL_DEFENSE=54, SPEED=39] delta: ATTACK=-56, DEFENSE=-81, SPECIAL_ATTACK=-26, SPECIAL_DEFENSE=-51, SPEED=-35
Golem stats changed from [ACCURACY=100, EVASION=100, ATTACK=2, DEFENSE=2, SPECIAL_ATTACK=3, SPECIAL_DEFENSE=3, SPEED=4] to [ACCURACY=100, EVASION=100, ATTACK=105, DEFENSE=130, SPECIAL_ATTACK=57, SPECIAL_DEFENSE=59, SPEED=41] delta: ATTACK=-103, DEFENSE=-128, SPECIAL_ATTACK=-54, SPECIAL_DEFENSE=-56, SPEED=-37
Pupitar stats changed from [ACCURACY=100, EVASION=100, ATTACK=3, DEFENSE=3, SPECIAL_ATTACK=3, SPECIAL_DEFENSE=3, SPEED=3] to [ACCURACY=100, EVASION=100, ATTACK=110, DEFENSE=97, SPECIAL_ATTACK=67, SPECIAL_DEFENSE=97, SPEED=63] delta: ATTACK=-107, DEFENSE=-94, SPECIAL_ATTACK=-64, SPECIAL_DEFENSE=-94, SPEED=-60
Clefairy stats changed from [ACCURACY=100, EVASION=100, ATTACK=4, DEFENSE=4, SPECIAL_ATTACK=3, SPECIAL_DEFENSE=3, SPEED=4] to [ACCURACY=100, EVASION=100, ATTACK=36, DEFENSE=40, SPECIAL_ATTACK=51, SPECIAL_DEFENSE=50, SPEED=27] delta: ATTACK=-32, DEFENSE=-36, SPECIAL_ATTACK=-48, SPECIAL_DEFENSE=-47, SPEED=-23
Necrozma stats changed from [ACCURACY=100, EVASION=100, ATTACK=2, DEFENSE=2, SPECIAL_ATTACK=1, SPECIAL_DEFENSE=2, SPEED=3] to [ACCURACY=100, EVASION=100, ATTACK=262, DEFENSE=284, SPECIAL_ATTACK=619, SPECIAL_DEFENSE=295, SPEED=204] delta: ATTACK=-260, DEFENSE=-282, SPECIAL_ATTACK=-618, SPECIAL_DEFENSE=-293, SPEED=-201
translation{key='pixelmon.rockruff', args=[]} weighted their choices as follows:  Tackle, Tier 0, Weight 0.0;  Double Team, Tier 0, Weight 0.0;  Howl, Tier 0, Weight 0.0;  Bite, Tier 2, Weight 46.285717;  
translation{key='pixelmon.rockruff', args=[]} decided their best choices were:  Bite, Tier 2, Weight 46.285717;  
Rockruff selected attack Bite for Rockruff targeting Necrozma and opted to mega evolve
translation{key='pixelmon.naclstack', args=[]} weighted their choices as follows:  Rock Throw, Tier 2, Weight 2.5714285;  Mud Shot, Tier 2, Weight 1.1428571;  Rock Polish, Tier 0, Weight 0.0;  Recover, Tier 0, Weight 0.0;  
translation{key='pixelmon.naclstack', args=[]} decided their best choices were:  Rock Throw, Tier 2, Weight 2.5714285;  
Naclstack selected attack Rock Throw for Naclstack targeting Necrozma and opted to mega evolve
translation{key='pixelmon.golem', args=[]} weighted their choices as follows:  Heavy Slam, Tier 2, Weight 2.857143;  Rock Polish, Tier 0, Weight 0.0;  Bulldoze, Tier 2, Weight -182.08118;  Self-Destruct, Tier -1, Weight 0.0;  
translation{key='pixelmon.golem', args=[]} decided their best choices were:  Heavy Slam, Tier 2, Weight 2.857143;  
Golem selected attack Heavy Slam for Golem targeting Necrozma and opted to mega evolve
translation{key='pixelmon.pupitar', args=[]} weighted their choices as follows:  Iron Defense, Tier 0, Weight 0.0;  Leer, Tier 0, Weight 0.0;  Bite, Tier 2, Weight 11.142858;  Scary Face, Tier 0, Weight 0.0;  
translation{key='pixelmon.pupitar', args=[]} decided their best choices were:  Bite, Tier 2, Weight 11.142858;  
Pupitar selected attack Bite for Pupitar targeting Necrozma and opted to mega evolve
translation{key='pixelmon.clefairy', args=[]} weighted their choices as follows:  Charm, Tier 0, Weight 0.0;  Pound, Tier 0, Weight 0.0;  Sing, Tier 0, Weight 0.0;  Gravity, Tier 0, Weight 0.0;  
translation{key='pixelmon.clefairy', args=[]} couldn't decide if there was a best choice on which course of action to take.
Clefairy selected attack Gravity for Clefairy targeting Clefairy and opted to mega evolve

BATTLE ENDED

BATTLE ENDED
Caught error in battle. Continuing...
Attempted to load class net/minecraft/client/resources/sounds/SoundInstance for invalid dist DEDICATED_SERVER
MC-BOOTSTRAP/fml_loader@4.0.41/net.neoforged.fml.common.asm.RuntimeDistCleaner.processClassWithFlags(RuntimeDistCleaner.java:60)
MC-BOOTSTRAP/cpw.mods.modlauncher@11.0.5/cpw.mods.modlauncher.LaunchPluginHandler.offerClassNodeToPlugins(LaunchPluginHandler.java:94)
MC-BOOTSTRAP/cpw.mods.modlauncher@11.0.5/cpw.mods.modlauncher.ClassTransformer.transform(ClassTransformer.java:120)
MC-BOOTSTRAP/cpw.mods.modlauncher@11.0.5/cpw.mods.modlauncher.TransformingClassLoader.maybeTransformClassBytes(TransformingClassLoader.java:57)
cpw.mods.securejarhandler/cpw.mods.cl.ModuleClassLoader.readerToClass(ModuleClassLoader.java:190)
cpw.mods.securejarhandler/cpw.mods.cl.ModuleClassLoader.lambda$findClass$20(ModuleClassLoader.java:298)
cpw.mods.securejarhandler/cpw.mods.cl.ModuleClassLoader.loadFromModule(ModuleClassLoader.java:311)
cpw.mods.securejarhandler/cpw.mods.cl.ModuleClassLoader.findClass(ModuleClassLoader.java:298)
cpw.mods.securejarhandler/cpw.mods.cl.ModuleClassLoader.loadClass(ModuleClassLoader.java:214)
java.base/java.lang.ClassLoader.loadClass(Unknown Source)
TRANSFORMER/pixelmon@9.3.9/com.pixelmonmod.pixelmon.battles.controller.participants.PlayerParticipant.forfeitBattleForBeingTooFarAway(PlayerParticipant.java:666)
TRANSFORMER/pixelmon@9.3.9/com.pixelmonmod.pixelmon.battles.controller.participants.PlayerParticipant.handlePlayerDistanceFromBattle(PlayerParticipant.java:647)
TRANSFORMER/pixelmon@9.3.9/com.pixelmonmod.pixelmon.battles.controller.participants.PlayerParticipant.tick(PlayerParticipant.java:451)
TRANSFORMER/pixelmon@9.3.9/com.pixelmonmod.pixelmon.battles.controller.BattleController.onUpdate(BattleController.java:1135)
TRANSFORMER/pixelmon@9.3.9/com.pixelmonmod.pixelmon.battles.controller.BattleController.update(BattleController.java:511)
TRANSFORMER/pixelmon@9.3.9/com.pixelmonmod.pixelmon.battles.BattleRegistry.updateBattles(BattleRegistry.java:202)
TRANSFORMER/pixelmon@9.3.9/com.pixelmonmod.pixelmon.battles.BattleTickHandler.tickStart(BattleTickHandler.java:10)
MC-BOOTSTRAP/net.neoforged.bus/net.neoforged.bus.EventBus.post(EventBus.java:360)
MC-BOOTSTRAP/net.neoforged.bus/net.neoforged.bus.EventBus.post(EventBus.java:328)
TRANSFORMER/neoforge@21.1.209/net.neoforged.neoforge.event.EventHooks.fireServerTickPost(EventHooks.java:1020)
TRANSFORMER/minecraft@1.21.1/net.minecraft.server.MinecraftServer.tickServer(MinecraftServer.java:943)
TRANSFORMER/minecraft@1.21.1/net.minecraft.server.MinecraftServer.runServer(MinecraftServer.java:707)
TRANSFORMER/minecraft@1.21.1/net.minecraft.server.MinecraftServer.lambda$spin$2(MinecraftServer.java:267)
java.base/java.lang.Thread.run(Unknown Source)
