Pixelmon Version 9.3.9
Battle data 2025-11-18T16:05:12.068925378Z

Team #0 WildPixelmonParticipant Machoke pixelmon:ultra_space (3844.353297776129, 66.0, -5200.781789264437) 
	Machoke {Ability:"NoGuard",CaughtBall:"poke_ball",DoesLevel:1b,DynamaxLevel:0,EVAttack:0s,EVDefense:0s,EVHP:0s,EVSpecialAttack:0s,EVSpecialDefense:0s,EVSpeed:0s,EXP:0,Friendship:0s,Gender:0b,GigantamaxFactor:0b,Health:66,IVAttack:13b,IVDefense:17b,IVHP:2b,IVSpAtt:10b,IVSpDef:23b,IVSpeed:9b,Level:32,Moveset:[{MoveID:"Focus Energy",MovePP:30b},{MoveID:"Low Kick",MovePP:20b},{MoveID:"Scary Face",MovePP:10b},{MoveID:"Vital Throw",MovePP:10b}],NBT_VERSION:2b,Nature:15b,PAbilitySlot:1,PHiddenAbility:0b,PersistentData:{},Pokerus:{Announced:0b,Type:0s},RelrnMoves:["Focus Energy","Low Kick","Scary Face"],Size:147.46408517892957d,SpecFlags:[],StatsAttack:73s,StatsDefense:55s,StatsHP:93s,StatsSpecialAttack:36s,StatsSpecialDefense:50s,StatsSpeed:39s,UUID:[I;-1370804757,-1134739305,-2095934712,1861340635],Variant:"base",eggCycles:-1,ndex:67,palette:"shiny",ribbons2:[]}
Team #0 WildPixelmonParticipant Vikavolt pixelmon:ultra_space (3843.4011575430472, 64.0, -5210.062511317389) 
	Vikavolt {Ability:"Levitate",CaughtBall:"poke_ball",DoesLevel:1b,DynamaxLevel:0,EVAttack:0s,EVDefense:0s,EVHP:0s,EVSpecialAttack:0s,EVSpecialDefense:0s,EVSpeed:0s,EXP:0,Friendship:0s,Gender:0b,GigantamaxFactor:0b,Health:106,IVAttack:27b,IVDefense:9b,IVHP:23b,IVSpAtt:18b,IVSpDef:5b,IVSpeed:8b,Level:35,Moveset:[{MoveID:"Crunch",MovePP:15b},{MoveID:"Discharge",MovePP:15b},{MoveID:"Thunderbolt",MovePP:15b},{MoveID:"Spark",MovePP:20b}],NBT_VERSION:2b,Nature:12b,PAbilitySlot:0,PHiddenAbility:0b,PersistentData:{},Pokerus:{Announced:0b,Type:0s},RelrnMoves:["Thunderbolt","Discharge","Crunch"],Size:155.05325046477782d,SpecFlags:[],StatsAttack:63s,StatsDefense:78s,StatsHP:106s,StatsSpecialAttack:112s,StatsSpecialDefense:53s,StatsSpeed:37s,UUID:[I;-113245125,-1319744861,-2024207238,844068806],Variant:"base",eggCycles:-1,ndex:738,palette:"none",ribbons2:[]}
Team #0 WildPixelmonParticipant Graveler pixelmon:ultra_space (3845.449999988079, 65.0, -5206.567542711103) 
	Graveler {Ability:"MagnetPull",CaughtBall:"poke_ball",DoesLevel:1b,DynamaxLevel:0,EVAttack:0s,EVDefense:0s,EVHP:0s,EVSpecialAttack:0s,EVSpecialDefense:0s,EVSpeed:0s,EXP:0,Friendship:0s,Gender:0b,GigantamaxFactor:0b,Health:91,HeldItemStack:{count:1,id:"pixelmon:cell_battery"},IVAttack:20b,IVDefense:22b,IVHP:15b,IVSpAtt:6b,IVSpDef:15b,IVSpeed:23b,Level:36,Moveset:[{MoveID:"Defense Curl",MovePP:40b},{MoveID:"Self-Destruct",MovePP:5b},{MoveID:"Stealth Rock",MovePP:20b},{MoveID:"Rock Blast",MovePP:10b}],NBT_VERSION:2b,Nature:5b,PAbilitySlot:0,PHiddenAbility:0b,PersistentData:{},Pokerus:{Announced:0b,Type:0s},RelrnMoves:["Self-Destruct","Stealth Rock","Defense Curl"],Size:91.59060218390385d,SpecFlags:[],StatsAttack:88s,StatsDefense:85s,StatsHP:91s,StatsSpecialAttack:39s,StatsSpecialDefense:42s,StatsSpeed:38s,UUID:[I;-506758504,696271854,-1554503877,1124501062],Variant:"alolan",eggCycles:-1,ndex:75,palette:"none",ribbons2:[]}
Team #0 WildPixelmonParticipant Probopass pixelmon:ultra_space (3841.5, 63.0, -5211.5) 
	Probopass {Ability:"Sturdy",CaughtBall:"poke_ball",DoesLevel:1b,DynamaxLevel:0,EVAttack:0s,EVDefense:0s,EVHP:0s,EVSpecialAttack:0s,EVSpecialDefense:0s,EVSpeed:0s,EXP:0,Friendship:0s,Gender:0b,GigantamaxFactor:0b,Health:111,IVAttack:6b,IVDefense:30b,IVHP:22b,IVSpAtt:27b,IVSpDef:23b,IVSpeed:24b,Level:42,Moveset:[{MoveID:"Gravity",MovePP:5b},{MoveID:"Tackle",MovePP:35b},{MoveID:"Lock-On",MovePP:5b},{MoveID:"Zap Cannon",MovePP:5b}],NBT_VERSION:2b,Nature:7b,PAbilitySlot:0,PHiddenAbility:0b,PersistentData:{},Pokerus:{Announced:0b,Type:0s},RelrnMoves:["Tackle","Lock-On","Gravity"],Size:149.70076970884588d,SpecFlags:[],StatsAttack:58s,StatsDefense:139s,StatsHP:111s,StatsSpecialAttack:71s,StatsSpecialDefense:140s,StatsSpeed:48s,UUID:[I;84064274,167856259,-1984099138,-699027919],Variant:"base",eggCycles:-1,ndex:476,palette:"none",ribbons2:[]}
Team #0 WildPixelmonParticipant Probopass pixelmon:ultra_space (3846.5, 65.0, -5210.5) 
	Probopass {Ability:"SandForce",CaughtBall:"poke_ball",DoesLevel:1b,DynamaxLevel:0,EVAttack:0s,EVDefense:0s,EVHP:0s,EVSpecialAttack:0s,EVSpecialDefense:0s,EVSpeed:0s,EXP:0,Friendship:0s,Gender:0b,GigantamaxFactor:0b,Health:134,HeldItemStack:{count:1,id:"pixelmon:magnet"},IVAttack:10b,IVDefense:19b,IVHP:6b,IVSpAtt:16b,IVSpDef:27b,IVSpeed:25b,Level:55,Moveset:[{MoveID:"Magnetic Flux",MovePP:20b},{MoveID:"Rock Slide",MovePP:10b},{MoveID:"Power Gem",MovePP:20b},{MoveID:"Rock Blast",MovePP:10b}],NBT_VERSION:2b,Nature:15b,PAbilitySlot:0,PHiddenAbility:1b,PersistentData:{},Pokerus:{Announced:0b,Type:0s},RelrnMoves:["Magnetic Flux","Rock Slide","Power Gem"],Size:128.1241519049732d,SpecFlags:[],StatsAttack:71s,StatsDefense:174s,StatsHP:134s,StatsSpecialAttack:86s,StatsSpecialDefense:184s,StatsSpeed:68s,UUID:[I;-1263431872,1160923909,-1167184777,-1549571708],Variant:"base",eggCycles:-1,ndex:476,palette:"none",ribbons2:[]}
Team #1 PlayerParticipant ootodl pixelmon:ultra_space (3852.8786860857226, 66.29369173582195, -5183.800692472192) 
	Aron {Ability:"Sturdy",CaughtBall:"poke_ball",DoesLevel:0b,DynamaxLevel:0,EVAttack:184s,EVDefense:247s,EVHP:17s,EVSpecialAttack:29s,EVSpecialDefense:12s,EVSpeed:21s,EXP:0,Friendship:35s,Gender:0b,GigantamaxFactor:0b,Health:11,HeldItemStack:{count:1,id:"pixelmon:shell_bell"},IVAttack:7b,IVDefense:6b,IVHP:22b,IVSpAtt:14b,IVSpDef:19b,IVSpeed:3b,Level:1,MoveSkillCooldown:[{MoveSkillCooldownCurrent:1762375525284L,MoveSkillCooldownId:"forage",MoveSkillCooldownTarget:1762375550284L}],Moveset:[{MoveID:"Endeavor",MovePP:5b},{MoveID:"Stealth Rock",MovePP:20b},{MoveID:"Aerial Ace",MovePP:20b},{MoveID:"Protect",MovePP:10b}],NBT_VERSION:2b,Nature:5b,PAbilitySlot:0,PHiddenAbility:0b,PersistentData:{},Pokerus:{Announced:0b,Type:0s},RelrnMoves:["Endeavor","Tackle","Stealth Rock","Aerial Ace","Ancient Power","Harden"],Size:70.39756754484455d,SpecFlags:[],StatsAttack:6s,StatsDefense:6s,StatsHP:12s,StatsSpecialAttack:6s,StatsSpecialDefense:6s,StatsSpeed:5s,UUID:[I;1771948924,-1989261577,-2020454325,-391739958],Variant:"base",eggCycles:-1,ndex:304,originalTrainer:"lame1202",originalTrainerUUID:[I;-812478946,543770915,-1079866976,-1753718133],palette:"none",ribbons2:[]}
	IronTreads {Ability:"QuarkDrive",CaughtBall:"ultra_ball",DoesLevel:1b,DynamaxLevel:0,EVAttack:252s,EVDefense:177s,EVHP:1s,EVSpecialAttack:63s,EVSpecialDefense:4s,EVSpeed:13s,EXP:34694,Friendship:28s,Gender:2b,GigantamaxFactor:0b,Health:303,HeldItemStack:{count:1,id:"pixelmon:rocky_helmet"},IVAttack:0b,IVDefense:19b,IVHP:22b,IVSpAtt:15b,IVSpDef:31b,IVSpeed:13b,Level:97,MoveSkillCooldown:[{MoveSkillCooldownCurrent:1763304585820L,MoveSkillCooldownId:"ore_sense",MoveSkillCooldownTarget:1763304705820L}],Moveset:[{MoveID:"Iron Defense",MovePP:15b},{MoveID:"Metal Sound",MovePP:40b},{MoveID:"Iron Head",MovePP:15b},{MoveID:"Earthquake",MovePP:10b}],NBT_VERSION:2b,Nature:11b,PAbilitySlot:0,PHiddenAbility:0b,PersistentData:{},Pokerus:{Announced:1b,Type:0s},RelrnMoves:["Electric Terrain","Endeavor","Rapid Spin","Heavy Slam","Earthquake","Horn Attack","Wild Charge","Iron Defense","Iron Head"],Size:78.12419348751072d,SpecFlags:[],StatsAttack:283s,StatsDefense:328s,StatsHP:303s,StatsSpecialAttack:156s,StatsSpecialDefense:171s,StatsSpeed:226s,UUID:[I;1279146968,1160466108,-2001504577,1615458787],Variant:"base",eggCycles:-1,ndex:990,originalTrainer:"ootodl",originalTrainerUUID:[I;1141033193,-808041599,-1379937266,-349334450],palette:"none",ribbons2:[]}
	Greninja {Ability:"Torrent",CaughtBall:"poke_ball",DoesLevel:1b,DynamaxLevel:0,EVAttack:97s,EVDefense:114s,EVHP:20s,EVSpecialAttack:71s,EVSpecialDefense:14s,EVSpeed:74s,EXP:3204,Friendship:18s,Gender:0b,GigantamaxFactor:0b,Health:162,HeldItemStack:{count:1,id:"pixelmon:lucky_egg"},IVAttack:17b,IVDefense:25b,IVHP:10b,IVSpAtt:25b,IVSpDef:20b,IVSpeed:21b,Level:59,MoveSkillCooldown:[{MoveSkillCooldownCurrent:1763320251546L,MoveSkillCooldownId:"ground",MoveSkillCooldownTarget:1763320296546L}],Moveset:[{MoveID:"Smokescreen",MovePP:20b},{MoveID:"Extrasensory",MovePP:20b},{MoveID:"Smack Down",MovePP:15b},{MoveID:"Water Shuriken",MovePP:20b}],NBT_VERSION:2b,Nature:2b,PAbilitySlot:0,PHiddenAbility:0b,PersistentData:{},Pokerus:{Announced:0b,Type:0s},RelrnMoves:["Water Gun","Quick Attack","Lick","Smack Down","Growl","Smokescreen","Water Shuriken"],Size:189.81280139240192d,SpecFlags:[],StatsAttack:141s,StatsDefense:115s,StatsHP:162s,StatsSpecialAttack:151s,StatsSpecialDefense:102s,StatsSpeed:172s,UUID:[I;87039565,1828342704,-1510327759,-2046487460],Variant:"base",eggCycles:-1,ndex:658,originalTrainer:"ootodl",originalTrainerUUID:[I;1141033193,-808041599,-1379937266,-349334450],palette:"alter",ribbons2:[]}
	Charizard {Ability:"Blaze",CaughtBall:"poke_ball",DoesLevel:1b,DynamaxLevel:0,EVAttack:205s,EVDefense:164s,EVHP:16s,EVSpecialAttack:69s,EVSpecialDefense:16s,EVSpeed:40s,EXP:0,FormattedNickname:'{"text":"","extra":["리자몽"]}',Friendship:248s,Gender:0b,GigantamaxFactor:0b,Health:296,HeldItemStack:{count:1,id:"pixelmon:leftovers"},IVAttack:23b,IVDefense:3b,IVHP:26b,IVSpAtt:22b,IVSpDef:21b,IVSpeed:13b,Level:100,MoveSkillCooldown:[{MoveSkillCooldownCurrent:1762707969494L,MoveSkillCooldownId:"ignite",MoveSkillCooldownTarget:1762708009494L}],Moveset:[{MoveID:"Heat Wave",MovePP:10b},{MoveID:"Dragon Pulse",MovePP:10b},{MoveID:"Overheat",MovePP:5b},{MoveID:"False Swipe",MovePP:40b}],NBT_VERSION:2b,Nature:4b,PAbilitySlot:0,PHiddenAbility:0b,PersistentData:{},Pokerus:{Announced:1b,Type:0s},RelrnMoves:["False Swipe","Dragon Pulse","Flamethrower","Dragon Breath","Air Slash","Growl","Inferno","Overheat","Smokescreen","Fire Fang","Scratch","Fire Spin","Ember","Heat Wave"],Size:216.6912739956298d,SpecFlags:[],StatsAttack:247s,StatsDefense:205s,StatsHP:296s,StatsSpecialAttack:262s,StatsSpecialDefense:200s,StatsSpeed:228s,UUID:[I;-443457251,642927920,-1949964527,109174676],Variant:"base",eggCycles:-1,ndex:6,originalTrainer:"ootodl",originalTrainerUUID:[I;1141033193,-808041599,-1379937266,-349334450],palette:"none",ribbon_display2:{received:1761663791716L,receiver:'""',type:"destiny"},ribbons2:[{received:1761663791716L,receiver:'""',type:"destiny"}]}
	Garchomp {Ability:"SandVeil",CaughtBall:"ultra_ball",DoesLevel:1b,DynamaxLevel:0,EVAttack:162s,EVDefense:164s,EVHP:7s,EVSpecialAttack:95s,EVSpecialDefense:22s,EVSpeed:60s,EXP:1186,Friendship:70s,Gender:0b,GigantamaxFactor:0b,Health:230,HeldItemStack:{count:1,id:"pixelmon:focus_sash"},IVAttack:28b,IVDefense:23b,IVHP:27b,IVSpAtt:21b,IVSpDef:31b,IVSpeed:4b,Level:64,Moveset:[{MoveID:"Draco Meteor",MovePP:5b},{MoveID:"Crunch",MovePP:15b},{MoveID:"Dragon Claw",MovePP:15b},{MoveID:"Earth Power",MovePP:10b}],NBT_VERSION:2b,Nature:14b,PAbilitySlot:0,PHiddenAbility:0b,PersistentData:{},Pokerus:{Announced:0b,Type:0s},RelrnMoves:["Dragon Breath","Sand Attack","Bite","Earth Power","Bulldoze","Dragon Claw","Crunch"],Size:175.6459662084312d,SpecFlags:[],StatsAttack:215s,StatsDefense:150s,StatsHP:230s,StatsSpecialAttack:136s,StatsSpecialDefense:137s,StatsSpeed:161s,UUID:[I;1329278018,-608680319,-1274161708,815353687],Variant:"base",eggCycles:-1,ndex:445,originalTrainer:"ootodl",originalTrainerUUID:[I;1141033193,-808041599,-1379937266,-349334450],palette:"none",ribbons2:[]}
	Necrozma {Ability:"PrismArmor",CaughtBall:"master_ball",DoesLevel:1b,DynamaxLevel:0,EVAttack:38s,EVDefense:47s,EVHP:36s,EVSpecialAttack:35s,EVSpecialDefense:9s,EVSpeed:39s,EXP:3582,Friendship:28s,Gender:2b,GigantamaxFactor:0b,Health:250,HeldItemStack:{count:1,id:"pixelmon:lucky_egg"},IVAttack:8b,IVDefense:31b,IVHP:31b,IVSpAtt:29b,IVSpDef:21b,IVSpeed:31b,Level:72,MoveSkillCooldown:[{MoveSkillCooldownCurrent:1762879625273L,MoveSkillCooldownId:"open_wormhole",MoveSkillCooldownTarget:1762880525273L}],Moveset:[{MoveID:"Cosmic Power",MovePP:20b},{MoveID:"Psychic",MovePP:10b},{MoveID:"Photon Geyser",MovePP:5b},{MoveID:"Moongeist Beam",MovePP:5b}],NBT_VERSION:2b,Nature:17b,PAbilitySlot:0,PHiddenAbility:0b,PersistentData:{FusedPokemon:{Ability:"ShadowShield",CaughtBall:"master_ball",DoesLevel:1b,DynamaxLevel:10,EVAttack:0s,EVDefense:0s,EVHP:0s,EVSpecialAttack:0s,EVSpecialDefense:0s,EVSpeed:0s,EXP:0,Friendship:0s,Gender:2b,GigantamaxFactor:0b,Health:289,IVAttack:31b,IVDefense:31b,IVHP:31b,IVSpAtt:31b,IVSpDef:28b,IVSpeed:31b,Level:69,Moveset:[{MoveID:"Teleport",MovePP:20b},{MoveID:"Moonlight",MovePP:5b},{MoveID:"Night Daze",MovePP:10b},{MoveID:"Psychic",MovePP:10b}],NBT_VERSION:2b,Nature:18b,PAbilitySlot:0,PHiddenAbility:0b,PersistentData:{},Pokerus:{Announced:0b,Type:0s},RelrnMoves:["Moonlight","Night Daze","Shadow Ball","Confusion","Teleport","Moongeist Beam"],Size:381.59440336859046d,SpecFlags:[],StatsAttack:182s,StatsDefense:134s,StatsHP:289s,StatsSpecialAttack:236s,StatsSpecialDefense:171s,StatsSpeed:160s,UUID:[I;-1558164410,2124368610,-1296351061,-509366367],Variant:"base",eggCycles:-1,ndex:792,originalTrainer:"ootodl",originalTrainerUUID:[I;1141033193,-808041599,-1379937266,-349334450],palette:"none",ribbons2:[]}},Pokerus:{Announced:0b,Type:0s},RelrnMoves:["Psychic","Cosmic Power","Psycho Cut","Iron Defense","Rock Blast","Moongeist Beam","Power Gem"],Size:593.7189954572792d,SpecFlags:[],StatsAttack:162s,StatsDefense:192s,StatsHP:250s,StatsSpecialAttack:283s,StatsSpecialDefense:204s,StatsSpeed:145s,UUID:[I;1119583021,-1411626219,-1684254232,742874154],Variant:"dawn",eggCycles:-1,ndex:800,originalTrainer:"Bluegum_",originalTrainerUUID:[I;-18226562,-815576607,-1945710123,1042587051],palette:"none",ribbons2:[]}

Turn #0 has begun
 Terrain: NONE[5 turns remaining]
 Weather: none
 Pokemon: 

Machoke stats changed from [ACCURACY=100, EVASION=100, ATTACK=0, DEFENSE=0, SPECIAL_ATTACK=0, SPECIAL_DEFENSE=0, SPEED=0] to [ACCURACY=100, EVASION=100, ATTACK=3, DEFENSE=3, SPECIAL_ATTACK=4, SPECIAL_DEFENSE=3, SPEED=4] delta: ATTACK=-3, DEFENSE=-3, SPECIAL_ATTACK=-4, SPECIAL_DEFENSE=-3, SPEED=-4
Vikavolt stats changed from [ACCURACY=100, EVASION=100, ATTACK=0, DEFENSE=0, SPECIAL_ATTACK=0, SPECIAL_DEFENSE=0, SPEED=0] to [ACCURACY=100, EVASION=100, ATTACK=3, DEFENSE=3, SPECIAL_ATTACK=2, SPECIAL_DEFENSE=3, SPEED=4] delta: ATTACK=-3, DEFENSE=-3, SPECIAL_ATTACK=-2, SPECIAL_DEFENSE=-3, SPEED=-4
Graveler stats changed from [ACCURACY=100, EVASION=100, ATTACK=0, DEFENSE=0, SPECIAL_ATTACK=0, SPECIAL_DEFENSE=0, SPEED=0] to [ACCURACY=100, EVASION=100, ATTACK=3, DEFENSE=2, SPECIAL_ATTACK=4, SPECIAL_DEFENSE=4, SPEED=4] delta: ATTACK=-3, DEFENSE=-2, SPECIAL_ATTACK=-4, SPECIAL_DEFENSE=-4, SPEED=-4
Probopass stats changed from [ACCURACY=100, EVASION=100, ATTACK=0, DEFENSE=0, SPECIAL_ATTACK=0, SPECIAL_DEFENSE=0, SPEED=0] to [ACCURACY=100, EVASION=100, ATTACK=3, DEFENSE=2, SPECIAL_ATTACK=3, SPECIAL_DEFENSE=2, SPEED=4] delta: ATTACK=-3, DEFENSE=-2, SPECIAL_ATTACK=-3, SPECIAL_DEFENSE=-2, SPEED=-4
Probopass stats changed from [ACCURACY=100, EVASION=100, ATTACK=0, DEFENSE=0, SPECIAL_ATTACK=0, SPECIAL_DEFENSE=0, SPEED=0] to [ACCURACY=100, EVASION=100, ATTACK=3, DEFENSE=2, SPECIAL_ATTACK=3, SPECIAL_DEFENSE=2, SPEED=4] delta: ATTACK=-3, DEFENSE=-2, SPECIAL_ATTACK=-3, SPECIAL_DEFENSE=-2, SPEED=-4
Aron stats changed from [ACCURACY=100, EVASION=100, ATTACK=0, DEFENSE=0, SPECIAL_ATTACK=0, SPECIAL_DEFENSE=0, SPEED=0] to [ACCURACY=100, EVASION=100, ATTACK=3, DEFENSE=3, SPECIAL_ATTACK=4, SPECIAL_DEFENSE=4, SPEED=4] delta: ATTACK=-3, DEFENSE=-3, SPECIAL_ATTACK=-4, SPECIAL_DEFENSE=-4, SPEED=-4
IronTreads stats changed from [ACCURACY=100, EVASION=100, ATTACK=0, DEFENSE=0, SPECIAL_ATTACK=0, SPECIAL_DEFENSE=0, SPEED=0] to [ACCURACY=100, EVASION=100, ATTACK=2, DEFENSE=2, SPECIAL_ATTACK=3, SPECIAL_DEFENSE=3, SPEED=2] delta: ATTACK=-2, DEFENSE=-2, SPECIAL_ATTACK=-3, SPECIAL_DEFENSE=-3, SPEED=-2
Greninja stats changed from [ACCURACY=100, EVASION=100, ATTACK=0, DEFENSE=0, SPECIAL_ATTACK=0, SPECIAL_DEFENSE=0, SPEED=0] to [ACCURACY=100, EVASION=100, ATTACK=3, DEFENSE=3, SPECIAL_ATTACK=2, SPECIAL_DEFENSE=3, SPEED=2] delta: ATTACK=-3, DEFENSE=-3, SPECIAL_ATTACK=-2, SPECIAL_DEFENSE=-3, SPEED=-2
Charizard stats changed from [ACCURACY=100, EVASION=100, ATTACK=0, DEFENSE=0, SPECIAL_ATTACK=0, SPECIAL_DEFENSE=0, SPEED=0] to [ACCURACY=100, EVASION=100, ATTACK=3, DEFENSE=3, SPECIAL_ATTACK=2, SPECIAL_DEFENSE=3, SPEED=3] delta: ATTACK=-3, DEFENSE=-3, SPECIAL_ATTACK=-2, SPECIAL_DEFENSE=-3, SPEED=-3
Garchomp stats changed from [ACCURACY=100, EVASION=100, ATTACK=0, DEFENSE=0, SPECIAL_ATTACK=0, SPECIAL_DEFENSE=0, SPEED=0] to [ACCURACY=100, EVASION=100, ATTACK=2, DEFENSE=3, SPECIAL_ATTACK=3, SPECIAL_DEFENSE=3, SPEED=2] delta: ATTACK=-2, DEFENSE=-3, SPECIAL_ATTACK=-3, SPECIAL_DEFENSE=-3, SPEED=-2
Necrozma stats changed from [ACCURACY=100, EVASION=100, ATTACK=0, DEFENSE=0, SPECIAL_ATTACK=0, SPECIAL_DEFENSE=0, SPEED=0] to [ACCURACY=100, EVASION=100, ATTACK=2, DEFENSE=2, SPECIAL_ATTACK=1, SPECIAL_DEFENSE=2, SPEED=3] delta: ATTACK=-2, DEFENSE=-2, SPECIAL_ATTACK=-1, SPECIAL_DEFENSE=-2, SPEED=-3
Battle Message: literal{Machoke} summoned some nearby allies to assist them
Machoke stats changed from [ACCURACY=100, EVASION=100, ATTACK=3, DEFENSE=3, SPECIAL_ATTACK=4, SPECIAL_DEFENSE=3, SPEED=4] to [ACCURACY=100, EVASION=100, ATTACK=355, DEFENSE=272, SPECIAL_ATTACK=195, SPECIAL_DEFENSE=244, SPEED=225] delta: ATTACK=-352, DEFENSE=-269, SPECIAL_ATTACK=-191, SPECIAL_DEFENSE=-241, SPEED=-221
Vikavolt stats changed from [ACCURACY=100, EVASION=100, ATTACK=3, DEFENSE=3, SPECIAL_ATTACK=2, SPECIAL_DEFENSE=3, SPEED=4] to [ACCURACY=100, EVASION=100, ATTACK=63, DEFENSE=78, SPECIAL_ATTACK=112, SPECIAL_DEFENSE=53, SPEED=37] delta: ATTACK=-60, DEFENSE=-75, SPECIAL_ATTACK=-110, SPECIAL_DEFENSE=-50, SPEED=-33
Graveler stats changed from [ACCURACY=100, EVASION=100, ATTACK=3, DEFENSE=2, SPECIAL_ATTACK=4, SPECIAL_DEFENSE=4, SPEED=4] to [ACCURACY=100, EVASION=100, ATTACK=88, DEFENSE=85, SPECIAL_ATTACK=39, SPECIAL_DEFENSE=42, SPEED=38] delta: ATTACK=-85, DEFENSE=-83, SPECIAL_ATTACK=-35, SPECIAL_DEFENSE=-38, SPEED=-34
Probopass stats changed from [ACCURACY=100, EVASION=100, ATTACK=3, DEFENSE=2, SPECIAL_ATTACK=3, SPECIAL_DEFENSE=2, SPEED=4] to [ACCURACY=100, EVASION=100, ATTACK=58, DEFENSE=139, SPECIAL_ATTACK=71, SPECIAL_DEFENSE=140, SPEED=48] delta: ATTACK=-55, DEFENSE=-137, SPECIAL_ATTACK=-68, SPECIAL_DEFENSE=-138, SPEED=-44
Probopass stats changed from [ACCURACY=100, EVASION=100, ATTACK=3, DEFENSE=2, SPECIAL_ATTACK=3, SPECIAL_DEFENSE=2, SPEED=4] to [ACCURACY=100, EVASION=100, ATTACK=71, DEFENSE=174, SPECIAL_ATTACK=86, SPECIAL_DEFENSE=184, SPEED=68] delta: ATTACK=-68, DEFENSE=-172, SPECIAL_ATTACK=-83, SPECIAL_DEFENSE=-182, SPEED=-64
Aron stats changed from [ACCURACY=100, EVASION=100, ATTACK=3, DEFENSE=3, SPECIAL_ATTACK=4, SPECIAL_DEFENSE=4, SPEED=4] to [ACCURACY=100, EVASION=100, ATTACK=6, DEFENSE=6, SPECIAL_ATTACK=6, SPECIAL_DEFENSE=6, SPEED=5] delta: ATTACK=-3, DEFENSE=-3, SPECIAL_ATTACK=-2, SPECIAL_DEFENSE=-2, SPEED=-1
translation{key='pixelmon.machoke', args=[]} weighted their choices as follows:  Focus Energy, Tier 0, Weight 0.0;  Low Kick, Tier 3, Weight 100.0;  Scary Face, Tier 0, Weight 0.0;  Vital Throw, Tier 3, Weight 100.0;  
translation{key='pixelmon.machoke', args=[]} decided their best choices were:  Low Kick, Tier 3, Weight 100.0;  Vital Throw, Tier 3, Weight 100.0;  
Machoke selected attack Vital Throw for Machoke targeting Aron and opted to mega evolve
translation{key='pixelmon.vikavolt', args=[]} weighted their choices as follows:  Crunch, Tier 3, Weight 100.0;  Discharge, Tier 3, Weight 17.277283;  Thunderbolt, Tier 3, Weight 100.0;  Spark, Tier 3, Weight 100.0;  
translation{key='pixelmon.vikavolt', args=[]} decided their best choices were:  Crunch, Tier 3, Weight 100.0;  Thunderbolt, Tier 3, Weight 100.0;  Spark, Tier 3, Weight 100.0;  
Vikavolt selected attack Thunderbolt for Vikavolt targeting Aron and opted to mega evolve
translation{key='pixelmon.graveler', args=[]} weighted their choices as follows:  Defense Curl, Tier 0, Weight 0.0;  Self-Destruct, Tier 3, Weight 0.0;  Stealth Rock, Tier 0, Weight 0.0;  Rock Blast, Tier 3, Weight 90.0;  
translation{key='pixelmon.graveler', args=[]} decided their best choices were:  Rock Blast, Tier 3, Weight 90.0;  
Graveler selected attack Rock Blast for Graveler targeting Aron and opted to mega evolve
translation{key='pixelmon.probopass', args=[]} weighted their choices as follows:  Gravity, Tier 0, Weight 0.0;  Tackle, Tier 3, Weight 100.0;  Lock-On, Tier 0, Weight 0.0;  Zap Cannon, Tier 3, Weight 50.0;  
translation{key='pixelmon.probopass', args=[]} decided their best choices were:  Tackle, Tier 3, Weight 100.0;  
Probopass selected attack Tackle for Probopass targeting Aron and opted to mega evolve
translation{key='pixelmon.probopass', args=[]} weighted their choices as follows:  Magnetic Flux, Tier 0, Weight 0.0;  Rock Slide, Tier 3, Weight 90.0;  Power Gem, Tier 3, Weight 100.0;  Rock Blast, Tier 3, Weight 90.0;  
translation{key='pixelmon.probopass', args=[]} decided their best choices were:  Power Gem, Tier 3, Weight 100.0;  
Probopass selected attack Power Gem for Probopass targeting Aron and opted to mega evolve

BATTLE ENDED

BATTLE ENDED
Caught error in battle. Continuing...
Attempted to load class net/minecraft/client/resources/sounds/SoundInstance for invalid dist DEDICATED_SERVER
MC-BOOTSTRAP/fml_loader@4.0.41/net.neoforged.fml.common.asm.RuntimeDistCleaner.processClassWithFlags(RuntimeDistCleaner.java:60)
MC-BOOTSTRAP/cpw.mods.modlauncher@11.0.5/cpw.mods.modlauncher.LaunchPluginHandler.offerClassNodeToPlugins(LaunchPluginHandler.java:94)
MC-BOOTSTRAP/cpw.mods.modlauncher@11.0.5/cpw.mods.modlauncher.ClassTransformer.transform(ClassTransformer.java:120)
MC-BOOTSTRAP/cpw.mods.modlauncher@11.0.5/cpw.mods.modlauncher.TransformingClassLoader.maybeTransformClassBytes(TransformingClassLoader.java:57)
cpw.mods.securejarhandler/cpw.mods.cl.ModuleClassLoader.readerToClass(ModuleClassLoader.java:190)
cpw.mods.securejarhandler/cpw.mods.cl.ModuleClassLoader.lambda$findClass$20(ModuleClassLoader.java:298)
cpw.mods.securejarhandler/cpw.mods.cl.ModuleClassLoader.loadFromModule(ModuleClassLoader.java:311)
cpw.mods.securejarhandler/cpw.mods.cl.ModuleClassLoader.findClass(ModuleClassLoader.java:298)
cpw.mods.securejarhandler/cpw.mods.cl.ModuleClassLoader.loadClass(ModuleClassLoader.java:214)
java.base/java.lang.ClassLoader.loadClass(Unknown Source)
TRANSFORMER/pixelmon@9.3.9/com.pixelmonmod.pixelmon.battles.controller.participants.PlayerParticipant.forfeitBattleForBeingTooFarAway(PlayerParticipant.java:666)
TRANSFORMER/pixelmon@9.3.9/com.pixelmonmod.pixelmon.battles.controller.participants.PlayerParticipant.handlePlayerDistanceFromBattle(PlayerParticipant.java:647)
TRANSFORMER/pixelmon@9.3.9/com.pixelmonmod.pixelmon.battles.controller.participants.PlayerParticipant.tick(PlayerParticipant.java:451)
TRANSFORMER/pixelmon@9.3.9/com.pixelmonmod.pixelmon.battles.controller.BattleController.onUpdate(BattleController.java:1135)
TRANSFORMER/pixelmon@9.3.9/com.pixelmonmod.pixelmon.battles.controller.BattleController.update(BattleController.java:511)
TRANSFORMER/pixelmon@9.3.9/com.pixelmonmod.pixelmon.battles.BattleRegistry.updateBattles(BattleRegistry.java:202)
TRANSFORMER/pixelmon@9.3.9/com.pixelmonmod.pixelmon.battles.BattleTickHandler.tickStart(BattleTickHandler.java:10)
MC-BOOTSTRAP/net.neoforged.bus/net.neoforged.bus.EventBus.post(EventBus.java:360)
MC-BOOTSTRAP/net.neoforged.bus/net.neoforged.bus.EventBus.post(EventBus.java:328)
TRANSFORMER/neoforge@21.1.209/net.neoforged.neoforge.event.EventHooks.fireServerTickPost(EventHooks.java:1020)
TRANSFORMER/minecraft@1.21.1/net.minecraft.server.MinecraftServer.tickServer(MinecraftServer.java:943)
TRANSFORMER/minecraft@1.21.1/net.minecraft.server.MinecraftServer.runServer(MinecraftServer.java:707)
TRANSFORMER/minecraft@1.21.1/net.minecraft.server.MinecraftServer.lambda$spin$2(MinecraftServer.java:267)
java.base/java.lang.Thread.run(Unknown Source)
