Pixelmon Version 9.3.9
Battle data 2025-11-20T14:14:36.022592667Z

Team #0 WildPixelmonParticipant Archen pixelmon:ultra_space (2342.0583386241306, 53.0, 31642.189384853238) 
	Archen {Ability:"Defeatist",CaughtBall:"poke_ball",DoesLevel:1b,DynamaxLevel:0,EVAttack:0s,EVDefense:0s,EVHP:0s,EVSpecialAttack:0s,EVSpecialDefense:0s,EVSpeed:0s,EXP:0,Friendship:0s,Gender:0b,GigantamaxFactor:0b,Health:62,IVAttack:23b,IVDefense:1b,IVHP:10b,IVSpAtt:15b,IVSpDef:31b,IVSpeed:16b,Level:24,Moveset:[{MoveID:"Dragon Breath",MovePP:20b},{MoveID:"U-turn",MovePP:20b},{MoveID:"Scary Face",MovePP:10b},{MoveID:"Crunch",MovePP:15b}],NBT_VERSION:2b,Nature:1b,PAbilitySlot:0,PHiddenAbility:0b,PersistentData:{},Pokerus:{Announced:0b,Type:0s},RelrnMoves:["Dragon Breath","Scary Face","U-turn"],Size:73.39932338702812d,SpecFlags:[],StatsAttack:64s,StatsDefense:26s,StatsHP:62s,StatsSpecialAttack:44s,StatsSpecialDefense:34s,StatsSpeed:42s,UUID:[I;-1491890949,1791443174,-2088262937,1547869597],Variant:"base",eggCycles:-1,ndex:566,palette:"none",ribbons2:[]}
Team #0 WildPixelmonParticipant Chatot pixelmon:ultra_space (2339.5, 45.12959995269772, 31639.5) 
	Chatot {Ability:"KeenEye",CaughtBall:"poke_ball",DoesLevel:1b,DynamaxLevel:0,EVAttack:0s,EVDefense:0s,EVHP:0s,EVSpecialAttack:0s,EVSpecialDefense:0s,EVSpeed:0s,EXP:0,Friendship:0s,Gender:1b,GigantamaxFactor:0b,Health:30,IVAttack:18b,IVDefense:0b,IVHP:4b,IVSpAtt:22b,IVSpDef:6b,IVSpeed:6b,Level:8,Moveset:[{MoveID:"Confide",MovePP:20b},{MoveID:"Hyper Voice",MovePP:10b},{MoveID:"Taunt",MovePP:20b},{MoveID:"Growl",MovePP:40b}],NBT_VERSION:2b,Nature:15b,PAbilitySlot:0,PHiddenAbility:0b,PersistentData:{},Pokerus:{Announced:0b,Type:0s},RelrnMoves:["Taunt","Confide","Hyper Voice"],Size:53.9141465717405d,SpecFlags:[],StatsAttack:16s,StatsDefense:12s,StatsHP:30s,StatsSpecialAttack:18s,StatsSpecialDefense:12s,StatsSpeed:22s,UUID:[I;487099538,96486289,-1904349117,-1129559552],Variant:"base",eggCycles:-1,ndex:441,palette:"none",ribbons2:[]}
Team #0 WildPixelmonParticipant Primeape pixelmon:ultra_space (2342.5, 82.0, 31643.5) 
	Primeape {Ability:"VitalSpirit",CaughtBall:"poke_ball",DoesLevel:1b,DynamaxLevel:0,EVAttack:0s,EVDefense:0s,EVHP:0s,EVSpecialAttack:0s,EVSpecialDefense:0s,EVSpeed:0s,EXP:0,Friendship:0s,Gender:0b,GigantamaxFactor:0b,Health:128,IVAttack:9b,IVDefense:4b,IVHP:6b,IVSpAtt:9b,IVSpDef:7b,IVSpeed:17b,Level:50,Moveset:[{MoveID:"Fling",MovePP:10b},{MoveID:"Leer",MovePP:30b},{MoveID:"Thrash",MovePP:10b},{MoveID:"Rage Fist",MovePP:10b}],NBT_VERSION:2b,Nature:24b,PAbilitySlot:0,PHiddenAbility:0b,PersistentData:{},Pokerus:{Announced:0b,Type:0s},RelrnMoves:["Fling","Leer","Thrash"],Size:93.01778681533153d,SpecFlags:[],StatsAttack:114s,StatsDefense:67s,StatsHP:128s,StatsSpecialAttack:62s,StatsSpecialDefense:85s,StatsSpeed:108s,UUID:[I;-1666401338,1303135861,-1740195123,2110529478],Variant:"base",eggCycles:-1,ndex:57,palette:"none",ribbons2:[]}
Team #0 WildPixelmonParticipant Tropius pixelmon:ultra_space (2343.5, 40.12959995269772, 31645.5) 
	Tropius {Ability:"SolarPower",CaughtBall:"poke_ball",DoesLevel:1b,DynamaxLevel:0,EVAttack:0s,EVDefense:0s,EVHP:0s,EVSpecialAttack:0s,EVSpecialDefense:0s,EVSpeed:0s,EXP:0,Friendship:0s,Gender:1b,GigantamaxFactor:0b,Health:58,IVAttack:23b,IVDefense:21b,IVHP:23b,IVSpAtt:10b,IVSpDef:21b,IVSpeed:5b,Level:15,Moveset:[{MoveID:"Leaf Storm",MovePP:5b},{MoveID:"Razor Leaf",MovePP:25b},{MoveID:"Sweet Scent",MovePP:20b},{MoveID:"Magical Leaf",MovePP:20b}],NBT_VERSION:2b,Nature:2b,PAbilitySlot:1,PHiddenAbility:0b,PersistentData:{},Pokerus:{Announced:0b,Type:0s},RelrnMoves:["Sweet Scent","Razor Leaf","Leaf Storm"],Size:211.76003043209502d,SpecFlags:[],StatsAttack:28s,StatsDefense:33s,StatsHP:58s,StatsSpecialAttack:28s,StatsSpecialDefense:34s,StatsSpeed:21s,UUID:[I;975019055,1309167260,-1920673322,364199771],Variant:"base",eggCycles:-1,ndex:357,palette:"none",ribbons2:[]}
Team #0 WildPixelmonParticipant Simipour pixelmon:ultra_space (2343.5, 83.0, 31641.5) 
	Simipour {Ability:"Gluttony",CaughtBall:"poke_ball",DoesLevel:1b,DynamaxLevel:0,EVAttack:0s,EVDefense:0s,EVHP:0s,EVSpecialAttack:0s,EVSpecialDefense:0s,EVSpeed:0s,EXP:0,Friendship:0s,Gender:0b,GigantamaxFactor:0b,Health:102,IVAttack:14b,IVDefense:28b,IVHP:8b,IVSpAtt:25b,IVSpDef:27b,IVSpeed:1b,Level:36,Moveset:[{MoveID:"Fury Swipes",MovePP:15b},{MoveID:"Leer",MovePP:30b},{MoveID:"Lick",MovePP:30b},{MoveID:"Scald",MovePP:15b}],NBT_VERSION:2b,Nature:24b,PAbilitySlot:0,PHiddenAbility:0b,PersistentData:{},Pokerus:{Announced:0b,Type:0s},RelrnMoves:["Lick","Leer","Fury Swipes"],Size:141.30133109977214d,SpecFlags:[],StatsAttack:80s,StatsDefense:60s,StatsHP:102s,StatsSpecialAttack:75s,StatsSpecialDefense:66s,StatsSpeed:78s,UUID:[I;566761526,-926662104,-1749474615,-669485162],Variant:"base",eggCycles:-1,ndex:516,palette:"none",ribbons2:[]}
Team #1 PlayerParticipant ___________12345 pixelmon:ultra_space (2341.301463014149, 53.0, 31642.511292035968) 
	Primarina {Ability:"LiquidVoice",CaughtBall:"poke_ball",DoesLevel:1b,DynamaxLevel:1,EVAttack:166s,EVDefense:143s,EVHP:26s,EVSpecialAttack:65s,EVSpecialDefense:18s,EVSpeed:92s,EXP:504,Friendship:73s,Gender:0b,GigantamaxFactor:0b,Health:276,HeldItemStack:{count:1,id:"pixelmon:waterium_z"},IVAttack:8b,IVDefense:18b,IVHP:0b,IVSpAtt:6b,IVSpDef:1b,IVSpeed:21b,Level:100,MoveSkillCooldown:[{MoveSkillCooldownCurrent:1762268678098L,MoveSkillCooldownId:"forage",MoveSkillCooldownTarget:1762268703098L}],Moveset:[{MoveID:"Moonblast",MovePP:15b},{MoveID:"Ice Beam",MovePP:10b},{MoveID:"Sparkling Aria",MovePP:10b},{MoveID:"Hydro Pump",MovePP:5b}],NBT_VERSION:2b,Nature:24b,PAbilitySlot:0,PHiddenAbility:1b,PersistentData:{},Pokerus:{Announced:1b,Type:0s},RelrnMoves:["Water Gun","Disarming Voice","Growl","Bubble Beam","Icy Wind","Moonblast","Aqua Jet","Pound","Sparkling Aria","Hydro Pump","Misty Terrain","Hyper Voice"],Size:120.20768368133427d,SpecFlags:[],StatsAttack:202s,StatsDefense:206s,StatsHP:276s,StatsSpecialAttack:251s,StatsSpecialDefense:266s,StatsSpeed:169s,UUID:[I;-1172205738,2048607509,-1879822083,-1553849705],Variant:"base",eggCycles:-1,ndex:730,originalTrainer:"___________12345",originalTrainerUUID:[I;-1755248099,-1258862460,-2021475255,1498965264],palette:"none",ribbon_display2:{received:1761568021723L,receiver:'""',type:"destiny"},ribbons2:[{received:1761568021723L,receiver:'""',type:"destiny"}]}
	Lileep {Ability:"SuctionCups",CaughtBall:"poke_ball",DoesLevel:1b,DynamaxLevel:0,EVAttack:54s,EVDefense:4s,EVHP:7s,EVSpecialAttack:1s,EVSpecialDefense:1s,EVSpeed:16s,EXP:2329,Friendship:70s,Gender:0b,GigantamaxFactor:0b,Health:82,HeldItemStack:{count:1,id:"pixelmon:lucky_egg"},IVAttack:1b,IVDefense:11b,IVHP:16b,IVSpAtt:19b,IVSpDef:1b,IVSpeed:30b,Level:29,Moveset:[{MoveID:"Astonish",MovePP:15b},{MoveID:"Ancient Power",MovePP:5b},{MoveID:"Brine",MovePP:10b},{MoveID:"Mega Drain",MovePP:15b}],NBT_VERSION:2b,Nature:10b,PAbilitySlot:0,PHiddenAbility:0b,PersistentData:{},Pokerus:{Announced:0b,Type:0s},RelrnMoves:["Mega Drain","Acid","Wrap","Astonish","Ancient Power","Confuse Ray","Ingrain"],Size:97.83809482060016d,SpecFlags:[],StatsAttack:32s,StatsDefense:58s,StatsHP:82s,StatsSpecialAttack:45s,StatsSpecialDefense:55s,StatsSpeed:25s,UUID:[I;-270069703,1522289614,-1267974574,-935607865],Variant:"base",eggCycles:-1,ndex:345,originalTrainer:"___________12345",originalTrainerUUID:[I;-1755248099,-1258862460,-2021475255,1498965264],palette:"none",ribbons2:[]}
	Silvally {Ability:"RKSSystem",CaughtBall:"poke_ball",DoesLevel:1b,DynamaxLevel:0,EVAttack:187s,EVDefense:87s,EVHP:31s,EVSpecialAttack:30s,EVSpecialDefense:25s,EVSpeed:86s,EXP:908,Friendship:255s,Gender:2b,GigantamaxFactor:0b,Health:210,HeldItemStack:{count:1,id:"pixelmon:lucky_egg"},IVAttack:9b,IVDefense:12b,IVHP:31b,IVSpAtt:31b,IVSpDef:31b,IVSpeed:6b,IV_HTATTACK:1b,IV_HTDEFENSE:1b,IV_HTSPEED:1b,Level:61,Moveset:[{MoveID:"Multi-Attack",MovePP:10b},{MoveID:"Air Slash",MovePP:15b},{MoveID:"Double-Edge",MovePP:15b},{MoveID:"Iron Head",MovePP:15b}],NBT_VERSION:2b,Nature:18b,PAbilitySlot:0,PHiddenAbility:0b,PersistentData:{},Pokerus:{Announced:0b,Type:0s},RelrnMoves:["Double Hit","Tri Attack","Take Down","Air Slash","Crush Claw","X-Scissor","Metal Sound","Iron Head","Tackle","Multi-Attack","Scary Face","Imprison"],Size:175.81294968603214d,SpecFlags:[],StatsAttack:168s,StatsDefense:137s,StatsHP:210s,StatsSpecialAttack:158s,StatsSpecialDefense:143s,StatsSpeed:152s,UUID:[I;517849820,-1370012301,-1370374902,412988919],Variant:"base",eggCycles:-1,ndex:773,originalTrainer:"___________12345",originalTrainerUUID:[I;-1755248099,-1258862460,-2021475255,1498965264],palette:"none",ribbons2:[]}
	Helioptile {Ability:"DrySkin",CaughtBall:"poke_ball",DoesLevel:1b,DynamaxLevel:0,EVAttack:106s,EVDefense:7s,EVHP:8s,EVSpecialAttack:1s,EVSpecialDefense:8s,EVSpeed:54s,EXP:2629,Friendship:15s,Gender:0b,GigantamaxFactor:0b,Health:108,HeldItemStack:{count:1,id:"pixelmon:lucky_egg"},IVAttack:28b,IVDefense:8b,IVHP:28b,IVSpAtt:5b,IVSpDef:1b,IVSpeed:18b,Level:45,Moveset:[{MoveID:"Thunder",MovePP:10b},{MoveID:"Parabolic Charge",MovePP:20b},{MoveID:"Thunder Wave",MovePP:20b},{MoveID:"Bulldoze",MovePP:20b}],NBT_VERSION:2b,Nature:15b,PAbilitySlot:0,PHiddenAbility:0b,PersistentData:{},Pokerus:{Announced:0b,Type:0s},RelrnMoves:["Mud-Slap","Quick Attack","Thunder Shock","Electrify","Bulldoze","Parabolic Charge","Thunderbolt","Thunder Wave"],Size:51.135952953528346d,SpecFlags:[],StatsAttack:63s,StatsDefense:39s,StatsHP:108s,StatsSpecialAttack:55s,StatsSpecialDefense:45s,StatsSpeed:90s,UUID:[I;690878880,1192774337,-1361619956,304173577],Variant:"base",eggCycles:-1,ndex:694,originalTrainer:"___________12345",originalTrainerUUID:[I;-1755248099,-1258862460,-2021475255,1498965264],palette:"none",ribbons2:[]}
	Combusken {Ability:"Blaze",CaughtBall:"master_ball",DoesLevel:1b,DynamaxLevel:0,EVAttack:47s,EVDefense:2s,EVHP:5s,EVSpecialAttack:1s,EVSpecialDefense:0s,EVSpeed:16s,EXP:85,Friendship:72s,Gender:1b,GigantamaxFactor:0b,Health:95,HeldItemStack:{count:1,id:"pixelmon:lucky_egg"},IVAttack:23b,IVDefense:20b,IVHP:30b,IVSpAtt:17b,IVSpDef:3b,IVSpeed:7b,Level:34,Moveset:[{MoveID:"Double Kick",MovePP:30b},{MoveID:"Ember",MovePP:25b},{MoveID:"Bounce",MovePP:5b},{MoveID:"Flame Charge",MovePP:20b}],NBT_VERSION:2b,Nature:17b,PAbilitySlot:0,PHiddenAbility:0b,PersistentData:{},Pokerus:{Announced:0b,Type:0s},RelrnMoves:["Quick Attack","Scratch","Double Kick","Ember","Aerial Ace","Slash","Flame Charge"],Size:103.30820345783705d,SpecFlags:[],StatsAttack:66s,StatsDefense:52s,StatsHP:95s,StatsSpecialAttack:74s,StatsSpecialDefense:46s,StatsSpeed:46s,UUID:[I;1692944937,-1973139851,-1516404840,-935231855],Variant:"base",eggCycles:-1,ndex:256,originalTrainer:"___________12345",originalTrainerUUID:[I;-1755248099,-1258862460,-2021475255,1498965264],palette:"none",ribbons2:[]}
	Arceus {Ability:"Multitype",CaughtBall:"poke_ball",DoesLevel:1b,DynamaxLevel:0,EVAttack:161s,EVDefense:74s,EVHP:21s,EVSpecialAttack:24s,EVSpecialDefense:17s,EVSpeed:81s,EXP:30498,Friendship:100s,Gender:2b,GigantamaxFactor:0b,Health:386,HeldItemStack:{count:1,id:"pixelmon:legend_plate"},IVAttack:4b,IVDefense:31b,IVHP:22b,IVSpAtt:31b,IVSpDef:4b,IVSpeed:31b,IV_HTATTACK:1b,IV_HTHP:1b,IV_HTSPECIAL_DEFENSE:1b,Level:100,Moveset:[{MoveID:"Judgment",MovePP:8b,MovePPLevel:3b},{MoveID:"Hyper Voice",MovePP:10b},{MoveID:"Extreme Speed",MovePP:8b,MovePPLevel:3b},{MoveID:"Perish Song",MovePP:5b}],NBT_VERSION:2b,Nature:16b,PAbilitySlot:0,PHiddenAbility:0b,PersistentData:{},Pokerus:{Announced:0b,Type:0s},RelrnMoves:["Extreme Speed","Perish Song","Seismic Toss","Recover","Hyper Voice"],Size:341.23017593177786d,SpecFlags:[],StatsAttack:316s,StatsDefense:294s,StatsHP:386s,StatsSpecialAttack:282s,StatsSpecialDefense:252s,StatsSpeed:325s,UUID:[I;-89592044,757156893,-1891161653,1352600663],Variant:"base",eggCycles:-1,ndex:493,originalTrainer:"___________12345",originalTrainerUUID:[I;-1755248099,-1258862460,-2021475255,1498965264],palette:"none",ribbons2:[]}

Turn #0 has begun
 Terrain: NONE[5 turns remaining]
 Weather: none
 Pokemon: 

Archen stats changed from [ACCURACY=100, EVASION=100, ATTACK=0, DEFENSE=0, SPECIAL_ATTACK=0, SPECIAL_DEFENSE=0, SPEED=0] to [ACCURACY=100, EVASION=100, ATTACK=2, DEFENSE=4, SPECIAL_ATTACK=3, SPECIAL_DEFENSE=4, SPEED=3] delta: ATTACK=-2, DEFENSE=-4, SPECIAL_ATTACK=-3, SPECIAL_DEFENSE=-4, SPEED=-3
Chatot stats changed from [ACCURACY=100, EVASION=100, ATTACK=0, DEFENSE=0, SPECIAL_ATTACK=0, SPECIAL_DEFENSE=0, SPEED=0] to [ACCURACY=100, EVASION=100, ATTACK=3, DEFENSE=4, SPECIAL_ATTACK=3, SPECIAL_DEFENSE=4, SPEED=3] delta: ATTACK=-3, DEFENSE=-4, SPECIAL_ATTACK=-3, SPECIAL_DEFENSE=-4, SPEED=-3
Primeape stats changed from [ACCURACY=100, EVASION=100, ATTACK=0, DEFENSE=0, SPECIAL_ATTACK=0, SPECIAL_DEFENSE=0, SPEED=0] to [ACCURACY=100, EVASION=100, ATTACK=2, DEFENSE=3, SPECIAL_ATTACK=3, SPECIAL_DEFENSE=3, SPEED=3] delta: ATTACK=-2, DEFENSE=-3, SPECIAL_ATTACK=-3, SPECIAL_DEFENSE=-3, SPEED=-3
Tropius stats changed from [ACCURACY=100, EVASION=100, ATTACK=0, DEFENSE=0, SPECIAL_ATTACK=0, SPECIAL_DEFENSE=0, SPEED=0] to [ACCURACY=100, EVASION=100, ATTACK=3, DEFENSE=3, SPECIAL_ATTACK=3, SPECIAL_DEFENSE=3, SPEED=3] delta: ATTACK=-3, DEFENSE=-3, SPECIAL_ATTACK=-3, SPECIAL_DEFENSE=-3, SPEED=-3
Simipour stats changed from [ACCURACY=100, EVASION=100, ATTACK=0, DEFENSE=0, SPECIAL_ATTACK=0, SPECIAL_DEFENSE=0, SPEED=0] to [ACCURACY=100, EVASION=100, ATTACK=3, DEFENSE=3, SPECIAL_ATTACK=3, SPECIAL_DEFENSE=3, SPEED=2] delta: ATTACK=-3, DEFENSE=-3, SPECIAL_ATTACK=-3, SPECIAL_DEFENSE=-3, SPEED=-2
Primarina stats changed from [ACCURACY=100, EVASION=100, ATTACK=0, DEFENSE=0, SPECIAL_ATTACK=0, SPECIAL_DEFENSE=0, SPEED=0] to [ACCURACY=100, EVASION=100, ATTACK=3, DEFENSE=3, SPECIAL_ATTACK=2, SPECIAL_DEFENSE=2, SPEED=3] delta: ATTACK=-3, DEFENSE=-3, SPECIAL_ATTACK=-2, SPECIAL_DEFENSE=-2, SPEED=-3
Lileep stats changed from [ACCURACY=100, EVASION=100, ATTACK=0, DEFENSE=0, SPECIAL_ATTACK=0, SPECIAL_DEFENSE=0, SPEED=0] to [ACCURACY=100, EVASION=100, ATTACK=4, DEFENSE=3, SPECIAL_ATTACK=3, SPECIAL_DEFENSE=3, SPEED=4] delta: ATTACK=-4, DEFENSE=-3, SPECIAL_ATTACK=-3, SPECIAL_DEFENSE=-3, SPEED=-4
Silvally stats changed from [ACCURACY=100, EVASION=100, ATTACK=0, DEFENSE=0, SPECIAL_ATTACK=0, SPECIAL_DEFENSE=0, SPEED=0] to [ACCURACY=100, EVASION=100, ATTACK=3, DEFENSE=3, SPECIAL_ATTACK=3, SPECIAL_DEFENSE=3, SPEED=3] delta: ATTACK=-3, DEFENSE=-3, SPECIAL_ATTACK=-3, SPECIAL_DEFENSE=-3, SPEED=-3
Helioptile stats changed from [ACCURACY=100, EVASION=100, ATTACK=0, DEFENSE=0, SPECIAL_ATTACK=0, SPECIAL_DEFENSE=0, SPEED=0] to [ACCURACY=100, EVASION=100, ATTACK=4, DEFENSE=4, SPECIAL_ATTACK=3, SPECIAL_DEFENSE=4, SPEED=3] delta: ATTACK=-4, DEFENSE=-4, SPECIAL_ATTACK=-3, SPECIAL_DEFENSE=-4, SPEED=-3
Combusken stats changed from [ACCURACY=100, EVASION=100, ATTACK=0, DEFENSE=0, SPECIAL_ATTACK=0, SPECIAL_DEFENSE=0, SPEED=0] to [ACCURACY=100, EVASION=100, ATTACK=3, DEFENSE=3, SPECIAL_ATTACK=3, SPECIAL_DEFENSE=3, SPEED=3] delta: ATTACK=-3, DEFENSE=-3, SPECIAL_ATTACK=-3, SPECIAL_DEFENSE=-3, SPEED=-3
Arceus stats changed from [ACCURACY=100, EVASION=100, ATTACK=0, DEFENSE=0, SPECIAL_ATTACK=0, SPECIAL_DEFENSE=0, SPEED=0] to [ACCURACY=100, EVASION=100, ATTACK=2, DEFENSE=2, SPECIAL_ATTACK=2, SPECIAL_DEFENSE=2, SPEED=2] delta: ATTACK=-2, DEFENSE=-2, SPECIAL_ATTACK=-2, SPECIAL_DEFENSE=-2, SPEED=-2
Battle Message: literal{Archen} summoned some nearby allies to assist them
Archen stats changed from [ACCURACY=100, EVASION=100, ATTACK=2, DEFENSE=4, SPECIAL_ATTACK=3, SPECIAL_DEFENSE=4, SPEED=3] to [ACCURACY=100, EVASION=100, ATTACK=64, DEFENSE=26, SPECIAL_ATTACK=44, SPECIAL_DEFENSE=34, SPEED=42] delta: ATTACK=-62, DEFENSE=-22, SPECIAL_ATTACK=-41, SPECIAL_DEFENSE=-30, SPEED=-39
Chatot stats changed from [ACCURACY=100, EVASION=100, ATTACK=3, DEFENSE=4, SPECIAL_ATTACK=3, SPECIAL_DEFENSE=4, SPEED=3] to [ACCURACY=100, EVASION=100, ATTACK=16, DEFENSE=12, SPECIAL_ATTACK=18, SPECIAL_DEFENSE=12, SPEED=22] delta: ATTACK=-13, DEFENSE=-8, SPECIAL_ATTACK=-15, SPECIAL_DEFENSE=-8, SPEED=-19
Primeape stats changed from [ACCURACY=100, EVASION=100, ATTACK=2, DEFENSE=3, SPECIAL_ATTACK=3, SPECIAL_DEFENSE=3, SPEED=3] to [ACCURACY=100, EVASION=100, ATTACK=114, DEFENSE=67, SPECIAL_ATTACK=62, SPECIAL_DEFENSE=85, SPEED=108] delta: ATTACK=-112, DEFENSE=-64, SPECIAL_ATTACK=-59, SPECIAL_DEFENSE=-82, SPEED=-105
Tropius stats changed from [ACCURACY=100, EVASION=100, ATTACK=3, DEFENSE=3, SPECIAL_ATTACK=3, SPECIAL_DEFENSE=3, SPEED=3] to [ACCURACY=100, EVASION=100, ATTACK=28, DEFENSE=33, SPECIAL_ATTACK=28, SPECIAL_DEFENSE=34, SPEED=21] delta: ATTACK=-25, DEFENSE=-30, SPECIAL_ATTACK=-25, SPECIAL_DEFENSE=-31, SPEED=-18
Simipour stats changed from [ACCURACY=100, EVASION=100, ATTACK=3, DEFENSE=3, SPECIAL_ATTACK=3, SPECIAL_DEFENSE=3, SPEED=2] to [ACCURACY=100, EVASION=100, ATTACK=80, DEFENSE=60, SPECIAL_ATTACK=75, SPECIAL_DEFENSE=66, SPEED=78] delta: ATTACK=-77, DEFENSE=-57, SPECIAL_ATTACK=-72, SPECIAL_DEFENSE=-63, SPEED=-76
Primarina stats changed from [ACCURACY=100, EVASION=100, ATTACK=3, DEFENSE=3, SPECIAL_ATTACK=2, SPECIAL_DEFENSE=2, SPEED=3] to [ACCURACY=100, EVASION=100, ATTACK=202, DEFENSE=206, SPECIAL_ATTACK=251, SPECIAL_DEFENSE=266, SPEED=169] delta: ATTACK=-199, DEFENSE=-203, SPECIAL_ATTACK=-249, SPECIAL_DEFENSE=-264, SPEED=-166
Archen selected attack Crunch for Archen targeting Primarina and opted to mega evolve
translation{key='pixelmon.chatot', args=[]} weighted their choices as follows:  Confide, Tier 0, Weight 0.0;  Hyper Voice, Tier 2, Weight 1.4492754;  Taunt, Tier 0, Weight 0.0;  Growl, Tier 0, Weight 0.0;  
translation{key='pixelmon.chatot', args=[]} decided their best choices were:  Hyper Voice, Tier 2, Weight 1.4492754;  
Chatot selected attack Hyper Voice for Chatot targeting Primarina and opted to mega evolve
translation{key='pixelmon.primeape', args=[]} weighted their choices as follows:  Fling, Tier 0, Weight 0.0;  Leer, Tier 0, Weight 0.0;  Thrash, Tier 2, Weight 11.231884;  Rage Fist, Tier 2, Weight 5.0724635;  
translation{key='pixelmon.primeape', args=[]} decided their best choices were:  Thrash, Tier 2, Weight 11.231884;  
Primeape selected attack Thrash for Primeape targeting Primarina and opted to mega evolve
translation{key='pixelmon.tropius', args=[]} weighted their choices as follows:  Leaf Storm, Tier 2, Weight 4.347826;  Razor Leaf, Tier 2, Weight 3.2608695;  Sweet Scent, Tier 0, Weight 0.0;  Magical Leaf, Tier 2, Weight 3.2608695;  
translation{key='pixelmon.tropius', args=[]} decided their best choices were:  Leaf Storm, Tier 2, Weight 4.347826;  
Tropius selected attack Leaf Storm for Tropius targeting Primarina and opted to mega evolve
translation{key='pixelmon.simipour', args=[]} weighted their choices as follows:  Fury Swipes, Tier 2, Weight 4.347826;  Leer, Tier 0, Weight 0.0;  Lick, Tier 2, Weight 2.173913;  Scald, Tier 2, Weight 2.173913;  
translation{key='pixelmon.simipour', args=[]} decided their best choices were:  Fury Swipes, Tier 2, Weight 4.347826;  
Simipour selected attack Fury Swipes for Simipour targeting Primarina and opted to mega evolve
___________12345 selected attack Sparkling Aria for Primarina targeting Archen

BATTLE ENDED

BATTLE ENDED
Caught error in battle. Continuing...
Attempted to load class net/minecraft/client/resources/sounds/SoundInstance for invalid dist DEDICATED_SERVER
MC-BOOTSTRAP/fml_loader@4.0.41/net.neoforged.fml.common.asm.RuntimeDistCleaner.processClassWithFlags(RuntimeDistCleaner.java:60)
MC-BOOTSTRAP/cpw.mods.modlauncher@11.0.5/cpw.mods.modlauncher.LaunchPluginHandler.offerClassNodeToPlugins(LaunchPluginHandler.java:94)
MC-BOOTSTRAP/cpw.mods.modlauncher@11.0.5/cpw.mods.modlauncher.ClassTransformer.transform(ClassTransformer.java:120)
MC-BOOTSTRAP/cpw.mods.modlauncher@11.0.5/cpw.mods.modlauncher.TransformingClassLoader.maybeTransformClassBytes(TransformingClassLoader.java:57)
cpw.mods.securejarhandler/cpw.mods.cl.ModuleClassLoader.readerToClass(ModuleClassLoader.java:190)
cpw.mods.securejarhandler/cpw.mods.cl.ModuleClassLoader.lambda$findClass$20(ModuleClassLoader.java:298)
cpw.mods.securejarhandler/cpw.mods.cl.ModuleClassLoader.loadFromModule(ModuleClassLoader.java:311)
cpw.mods.securejarhandler/cpw.mods.cl.ModuleClassLoader.findClass(ModuleClassLoader.java:298)
cpw.mods.securejarhandler/cpw.mods.cl.ModuleClassLoader.loadClass(ModuleClassLoader.java:214)
java.base/java.lang.ClassLoader.loadClass(Unknown Source)
TRANSFORMER/pixelmon@9.3.9/com.pixelmonmod.pixelmon.battles.controller.participants.PlayerParticipant.forfeitBattleForBeingTooFarAway(PlayerParticipant.java:666)
TRANSFORMER/pixelmon@9.3.9/com.pixelmonmod.pixelmon.battles.controller.participants.PlayerParticipant.handlePlayerDistanceFromBattle(PlayerParticipant.java:647)
TRANSFORMER/pixelmon@9.3.9/com.pixelmonmod.pixelmon.battles.controller.participants.PlayerParticipant.tick(PlayerParticipant.java:451)
TRANSFORMER/pixelmon@9.3.9/com.pixelmonmod.pixelmon.battles.controller.BattleController.onUpdate(BattleController.java:1135)
TRANSFORMER/pixelmon@9.3.9/com.pixelmonmod.pixelmon.battles.controller.BattleController.update(BattleController.java:511)
TRANSFORMER/pixelmon@9.3.9/com.pixelmonmod.pixelmon.battles.BattleRegistry.updateBattles(BattleRegistry.java:202)
TRANSFORMER/pixelmon@9.3.9/com.pixelmonmod.pixelmon.battles.BattleTickHandler.tickStart(BattleTickHandler.java:10)
MC-BOOTSTRAP/net.neoforged.bus/net.neoforged.bus.EventBus.post(EventBus.java:360)
MC-BOOTSTRAP/net.neoforged.bus/net.neoforged.bus.EventBus.post(EventBus.java:328)
TRANSFORMER/neoforge@21.1.209/net.neoforged.neoforge.event.EventHooks.fireServerTickPost(EventHooks.java:1020)
TRANSFORMER/minecraft@1.21.1/net.minecraft.server.MinecraftServer.tickServer(MinecraftServer.java:943)
TRANSFORMER/minecraft@1.21.1/net.minecraft.server.MinecraftServer.runServer(MinecraftServer.java:707)
TRANSFORMER/minecraft@1.21.1/net.minecraft.server.MinecraftServer.lambda$spin$2(MinecraftServer.java:267)
java.base/java.lang.Thread.run(Unknown Source)
