Pixelmon Version 9.3.9
Battle data 2025-11-16T17:11:01.180280409Z

Team #0 PlayerParticipant ___________12345 pixelmon:ultra_space (-4001.5591858017347, 65.0, -9498.073531905386) 
	Primarina {Ability:"LiquidVoice",CaughtBall:"poke_ball",DoesLevel:1b,DynamaxLevel:1,EVAttack:166s,EVDefense:143s,EVHP:26s,EVSpecialAttack:65s,EVSpecialDefense:18s,EVSpeed:92s,EXP:504,Friendship:73s,Gender:0b,GigantamaxFactor:0b,Health:259,HeldItemStack:{count:1,id:"pixelmon:waterium_z"},IVAttack:8b,IVDefense:18b,IVHP:0b,IVSpAtt:6b,IVSpDef:1b,IVSpeed:21b,Level:100,MoveSkillCooldown:[{MoveSkillCooldownCurrent:1762268678098L,MoveSkillCooldownId:"forage",MoveSkillCooldownTarget:1762268703098L}],Moveset:[{MoveID:"Moonblast",MovePP:15b},{MoveID:"Ice Beam",MovePP:10b},{MoveID:"Sparkling Aria",MovePP:9b},{MoveID:"Hydro Pump",MovePP:5b}],NBT_VERSION:2b,Nature:24b,PAbilitySlot:0,PHiddenAbility:1b,PersistentData:{},Pokerus:{Announced:1b,Type:0s},RelrnMoves:["Water Gun","Disarming Voice","Growl","Bubble Beam","Icy Wind","Moonblast","Aqua Jet","Pound","Sparkling Aria","Hydro Pump","Misty Terrain","Hyper Voice"],Size:120.20768368133427d,SpecFlags:[],StatsAttack:202s,StatsDefense:206s,StatsHP:276s,StatsSpecialAttack:251s,StatsSpecialDefense:266s,StatsSpeed:169s,UUID:[I;-1172205738,2048607509,-1879822083,-1553849705],Variant:"base",eggCycles:-1,ndex:730,originalTrainer:"___________12345",originalTrainerUUID:[I;-1755248099,-1258862460,-2021475255,1498965264],palette:"none",ribbon_display2:{received:1761568021723L,receiver:'""',type:"destiny"},ribbons2:[{received:1761568021723L,receiver:'""',type:"destiny"}]}
	Lunala {Ability:"ShadowShield",CaughtBall:"poke_ball",DoesLevel:1b,DynamaxLevel:1,EVAttack:186s,EVDefense:153s,EVHP:37s,EVSpecialAttack:72s,EVSpecialDefense:15s,EVSpeed:47s,EXP:0,Friendship:122s,Gender:2b,GigantamaxFactor:0b,Health:424,HeldItemStack:{count:1,id:"pixelmon:life_orb"},IVAttack:31b,IVDefense:31b,IVHP:31b,IVSpAtt:27b,IVSpDef:12b,IVSpeed:6b,IV_HTSPECIAL_ATTACK:1b,IV_HTSPECIAL_DEFENSE:1b,IV_HTSPEED:1b,Level:100,MoveSkillCooldown:[{MoveSkillCooldownCurrent:1762885582654L,MoveSkillCooldownId:"teleport",MoveSkillCooldownTarget:1762885585404L},{MoveSkillCooldownCurrent:1763312858719L,MoveSkillCooldownId:"open_wormhole",MoveSkillCooldownTarget:1763313758719L},{MoveSkillCooldownCurrent:1762327790070L,MoveSkillCooldownId:"forage",MoveSkillCooldownTarget:1762327815070L}],Moveset:[{MoveID:"Shadow Ball",MovePP:15b},{MoveID:"Teleport",MovePP:20b},{MoveID:"Phantom Force",MovePP:10b},{MoveID:"Moongeist Beam",MovePP:5b}],NBT_VERSION:2b,Nature:24b,PAbilitySlot:0,PHiddenAbility:0b,PersistentData:{},Pokerus:{Announced:1b,Type:0s},RelrnMoves:["Cosmic Power","Splash","Shadow Ball","Teleport","Moongeist Beam"],Size:405.9875038263135d,SpecFlags:[],StatsAttack:308s,StatsDefense:252s,StatsHP:424s,StatsSpecialAttack:295s,StatsSpecialDefense:278s,StatsSpeed:241s,UUID:[I;-708358819,-229422748,-1359255917,-1287760405],Variant:"base",eggCycles:-1,ndex:792,originalTrainer:"___________12345",originalTrainerUUID:[I;-1755248099,-1258862460,-2021475255,1498965264],palette:"none",ribbons2:[]}
	Shieldon {Ability:"Sturdy",CaughtBall:"poke_ball",DoesLevel:1b,DynamaxLevel:0,EVAttack:10s,EVDefense:8s,EVHP:8s,EVSpecialAttack:5s,EVSpecialDefense:0s,EVSpeed:3s,EXP:180,Friendship:70s,Gender:0b,GigantamaxFactor:0b,Health:43,HeldItemStack:{count:1,id:"pixelmon:lucky_egg"},IVAttack:5b,IVDefense:19b,IVHP:16b,IVSpAtt:6b,IVSpDef:16b,IVSpeed:22b,Level:20,Moveset:[{MoveID:"Protect",MovePP:10b},{MoveID:"Tackle",MovePP:35b},{MoveID:"Iron Defense",MovePP:15b},{MoveID:"Metal Sound",MovePP:40b}],NBT_VERSION:2b,Nature:15b,PAbilitySlot:0,PHiddenAbility:0b,PersistentData:{},Pokerus:{Announced:0b,Type:0s},RelrnMoves:["Protect","Tackle","Taunt","Metal Sound"],Size:45.385535937632085d,SpecFlags:[],StatsAttack:23s,StatsDefense:56s,StatsHP:45s,StatsSpecialAttack:20s,StatsSpecialDefense:43s,StatsSpeed:23s,UUID:[I;-181072621,1675444309,-1396769257,-1086512380],Variant:"base",eggCycles:-1,ndex:410,originalTrainer:"___________12345",originalTrainerUUID:[I;-1755248099,-1258862460,-2021475255,1498965264],palette:"none",ribbons2:[]}
	Omanyte {Ability:"SwiftSwim",CaughtBall:"poke_ball",DoesLevel:1b,DynamaxLevel:0,EVAttack:12s,EVDefense:8s,EVHP:11s,EVSpecialAttack:5s,EVSpecialDefense:0s,EVSpeed:5s,EXP:1584,Friendship:70s,Gender:0b,GigantamaxFactor:0b,Health:57,HeldItemStack:{count:1,id:"pixelmon:lucky_egg"},IVAttack:31b,IVDefense:28b,IVHP:11b,IVSpAtt:13b,IVSpDef:31b,IVSpeed:13b,Level:26,Moveset:[{MoveID:"Leer",MovePP:30b},{MoveID:"Water Gun",MovePP:25b},{MoveID:"Rollout",MovePP:20b},{MoveID:"Sand Attack",MovePP:15b}],NBT_VERSION:2b,Nature:19b,PAbilitySlot:0,PHiddenAbility:0b,PersistentData:{},Pokerus:{Announced:0b,Type:0s},RelrnMoves:["Water Gun","Bind","Withdraw","Sand Attack","Rollout"],Size:63.24107972620419d,SpecFlags:[],StatsAttack:34s,StatsDefense:64s,StatsHP:57s,StatsSpecialAttack:60s,StatsSpecialDefense:41s,StatsSpeed:23s,UUID:[I;990702618,-1846984404,-1215060640,828599657],Variant:"base",eggCycles:-1,ndex:138,originalTrainer:"___________12345",originalTrainerUUID:[I;-1755248099,-1258862460,-2021475255,1498965264],palette:"none",ribbons2:[]}
	Shelmet {Ability:"Hydration",CaughtBall:"ultra_ball",DoesLevel:1b,DynamaxLevel:0,EVAttack:98s,EVDefense:16s,EVHP:21s,EVSpecialAttack:36s,EVSpecialDefense:23s,EVSpeed:42s,EXP:3053,Friendship:70s,Gender:1b,GigantamaxFactor:0b,Health:119,HeldItemStack:{count:1,id:"pixelmon:lucky_egg"},IVAttack:16b,IVDefense:2b,IVHP:9b,IVSpAtt:14b,IVSpDef:13b,IVSpeed:13b,Level:51,Moveset:[{MoveID:"Final Gambit",MovePP:5b},{MoveID:"Recover",MovePP:5b},{MoveID:"Acid",MovePP:30b},{MoveID:"Bug Buzz",MovePP:10b}],NBT_VERSION:2b,Nature:24b,PAbilitySlot:0,PHiddenAbility:0b,PersistentData:{},Pokerus:{Announced:0b,Type:0s},RelrnMoves:["Protect","Acid","Guard Swap","Bug Buzz","Absorb","Struggle Bug","Body Slam","Recover"],Size:51.61106941084235d,SpecFlags:[],StatsAttack:66s,StatsDefense:94s,StatsHP:119s,StatsSpecialAttack:51s,StatsSpecialDefense:88s,StatsSpeed:42s,UUID:[I;349650921,-1381283002,-1777906433,366174045],Variant:"base",eggCycles:-1,ndex:616,originalTrainer:"Dulmin",originalTrainerUUID:[I;-2036690395,-938456484,-1479550921,1712610171],palette:"none",ribbons2:[]}
	Aron {Ability:"Sturdy",CaughtBall:"poke_ball",DoesLevel:0b,DynamaxLevel:0,EVAttack:128s,EVDefense:76s,EVHP:94s,EVSpecialAttack:81s,EVSpecialDefense:41s,EVSpeed:90s,EXP:0,Friendship:40s,Gender:0b,GigantamaxFactor:0b,Health:12,HeldItemStack:{count:1,id:"pixelmon:focus_sash"},IVAttack:30b,IVDefense:21b,IVHP:19b,IVSpAtt:27b,IVSpDef:20b,IVSpeed:11b,Level:1,Moveset:[{MoveID:"Endeavor",MovePP:5b},{MoveID:"Ancient Power",MovePP:5b},{MoveID:"Harden",MovePP:30b},{MoveID:"Tackle",MovePP:35b}],NBT_VERSION:2b,Nature:1b,PAbilitySlot:0,PHiddenAbility:0b,PersistentData:{},Pokerus:{Announced:1b,Type:0s},RelrnMoves:["Endeavor","Tackle","Ancient Power","Harden"],Size:66.24530750780022d,SpecFlags:[],StatsAttack:7s,StatsDefense:7s,StatsHP:12s,StatsSpecialAttack:6s,StatsSpecialDefense:6s,StatsSpeed:5s,UUID:[I;1059472463,-1483980450,-1364759468,-615544923],Variant:"base",eggCycles:-1,ndex:304,originalTrainer:"lame1202",originalTrainerUUID:[I;-812478946,543770915,-1079866976,-1753718133],palette:"none",ribbons2:[]}
Team #1 WildPixelmonParticipant Heliolisk pixelmon:ultra_space (-4019.2033292674846, 66.0, -9473.725482560994) 
	Heliolisk {Ability:"DrySkin",CaughtBall:"poke_ball",DoesLevel:1b,DynamaxLevel:0,EVAttack:0s,EVDefense:0s,EVHP:0s,EVSpecialAttack:0s,EVSpecialDefense:0s,EVSpeed:0s,EXP:0,Friendship:0s,Gender:1b,GigantamaxFactor:0b,Health:69,IVAttack:2b,IVDefense:21b,IVHP:12b,IVSpAtt:3b,IVSpDef:6b,IVSpeed:8b,Level:25,Moveset:[{MoveID:"Bulldoze",MovePP:20b},{MoveID:"Electrify",MovePP:20b},{MoveID:"Pound",MovePP:35b},{MoveID:"Thunder",MovePP:9b}],NBT_VERSION:2b,Nature:15b,PAbilitySlot:0,PHiddenAbility:0b,PersistentData:{},Pokerus:{Announced:0b,Type:0s},RelrnMoves:["Electrify","Pound","Bulldoze"],Size:96.50899530115511d,SpecFlags:[],StatsAttack:33s,StatsDefense:36s,StatsHP:69s,StatsSpecialAttack:54s,StatsSpecialDefense:53s,StatsSpeed:67s,UUID:[I;1731408042,715538443,-1820574715,-1691437787],Variant:"base",eggCycles:-1,ndex:695,palette:"none",ribbons2:[]}

Turn #0 has begun
 Terrain: NONE[5 turns remaining]
 Weather: none
 Pokemon: 

Primarina stats changed from [ACCURACY=100, EVASION=100, ATTACK=0, DEFENSE=0, SPECIAL_ATTACK=0, SPECIAL_DEFENSE=0, SPEED=0] to [ACCURACY=100, EVASION=100, ATTACK=3, DEFENSE=3, SPECIAL_ATTACK=2, SPECIAL_DEFENSE=2, SPEED=3] delta: ATTACK=-3, DEFENSE=-3, SPECIAL_ATTACK=-2, SPECIAL_DEFENSE=-2, SPEED=-3
Lunala stats changed from [ACCURACY=100, EVASION=100, ATTACK=0, DEFENSE=0, SPECIAL_ATTACK=0, SPECIAL_DEFENSE=0, SPEED=0] to [ACCURACY=100, EVASION=100, ATTACK=2, DEFENSE=3, SPECIAL_ATTACK=2, SPECIAL_DEFENSE=2, SPEED=3] delta: ATTACK=-2, DEFENSE=-3, SPECIAL_ATTACK=-2, SPECIAL_DEFENSE=-2, SPEED=-3
Shieldon stats changed from [ACCURACY=100, EVASION=100, ATTACK=0, DEFENSE=0, SPECIAL_ATTACK=0, SPECIAL_DEFENSE=0, SPEED=0] to [ACCURACY=100, EVASION=100, ATTACK=4, DEFENSE=2, SPECIAL_ATTACK=4, SPECIAL_DEFENSE=3, SPEED=4] delta: ATTACK=-4, DEFENSE=-2, SPECIAL_ATTACK=-4, SPECIAL_DEFENSE=-3, SPEED=-4
Omanyte stats changed from [ACCURACY=100, EVASION=100, ATTACK=0, DEFENSE=0, SPECIAL_ATTACK=0, SPECIAL_DEFENSE=0, SPEED=0] to [ACCURACY=100, EVASION=100, ATTACK=4, DEFENSE=3, SPECIAL_ATTACK=3, SPECIAL_DEFENSE=3, SPEED=4] delta: ATTACK=-4, DEFENSE=-3, SPECIAL_ATTACK=-3, SPECIAL_DEFENSE=-3, SPEED=-4
Shelmet stats changed from [ACCURACY=100, EVASION=100, ATTACK=0, DEFENSE=0, SPECIAL_ATTACK=0, SPECIAL_DEFENSE=0, SPEED=0] to [ACCURACY=100, EVASION=100, ATTACK=4, DEFENSE=3, SPECIAL_ATTACK=4, SPECIAL_DEFENSE=3, SPEED=4] delta: ATTACK=-4, DEFENSE=-3, SPECIAL_ATTACK=-4, SPECIAL_DEFENSE=-3, SPEED=-4
Aron stats changed from [ACCURACY=100, EVASION=100, ATTACK=0, DEFENSE=0, SPECIAL_ATTACK=0, SPECIAL_DEFENSE=0, SPEED=0] to [ACCURACY=100, EVASION=100, ATTACK=3, DEFENSE=3, SPECIAL_ATTACK=4, SPECIAL_DEFENSE=4, SPEED=4] delta: ATTACK=-3, DEFENSE=-3, SPECIAL_ATTACK=-4, SPECIAL_DEFENSE=-4, SPEED=-4
Heliolisk stats changed from [ACCURACY=100, EVASION=100, ATTACK=0, DEFENSE=0, SPECIAL_ATTACK=0, SPECIAL_DEFENSE=0, SPEED=0] to [ACCURACY=100, EVASION=100, ATTACK=3, DEFENSE=3, SPECIAL_ATTACK=2, SPECIAL_DEFENSE=3, SPEED=2] delta: ATTACK=-3, DEFENSE=-3, SPECIAL_ATTACK=-2, SPECIAL_DEFENSE=-3, SPEED=-2
Primarina stats changed from [ACCURACY=100, EVASION=100, ATTACK=3, DEFENSE=3, SPECIAL_ATTACK=2, SPECIAL_DEFENSE=2, SPEED=3] to [ACCURACY=100, EVASION=100, ATTACK=202, DEFENSE=206, SPECIAL_ATTACK=251, SPECIAL_DEFENSE=266, SPEED=169] delta: ATTACK=-199, DEFENSE=-203, SPECIAL_ATTACK=-249, SPECIAL_DEFENSE=-264, SPEED=-166
Heliolisk stats changed from [ACCURACY=100, EVASION=100, ATTACK=3, DEFENSE=3, SPECIAL_ATTACK=2, SPECIAL_DEFENSE=3, SPEED=2] to [ACCURACY=100, EVASION=100, ATTACK=33, DEFENSE=36, SPECIAL_ATTACK=54, SPECIAL_DEFENSE=53, SPEED=67] delta: ATTACK=-30, DEFENSE=-33, SPECIAL_ATTACK=-52, SPECIAL_DEFENSE=-50, SPEED=-65
translation{key='pixelmon.heliolisk', args=[]} weighted their choices as follows:  Bulldoze, Tier 2, Weight 1.4492754;  Electrify, Tier 0, Weight 0.0;  Pound, Tier 2, Weight 2.173913;  Thunder, Tier 2, Weight 7.6086955;  
translation{key='pixelmon.heliolisk', args=[]} decided their best choices were:  Thunder, Tier 2, Weight 7.6086955;  
Heliolisk selected attack Thunder for Heliolisk targeting Primarina and opted to mega evolve
___________12345 used pixelmon:poke_ball on Heliolisk
Battle Message: ___________12345 threw the Quick Ball!
Battle Message: Heliolisk used Thunder!
Battle Message: It's super effective!
Primarina was damaged by Heliolisk type ATTACK for 17 before: 276 after: 259
Heliolisk used Thunder against Primarina with results MoveResults{damage=17, fullDamage=17, power=[], accuracy=0, priority=0.0, result=hit, weightMod=0.0}

Turn #0 has ended
 Terrain: NONE[5 turns remaining]
 Weather: none
 Pokemon: 
 Primarina[health=276, , max health=276]
  Stats: ACCURACY=100, EVASION=100, ATTACK=202, DEFENSE=206, SPECIAL_ATTACK=251, SPECIAL_DEFENSE=266, SPEED=169, stages=[, ACCURACY=0, , , EVASION=0, , , ATTACK=0, , , DEFENSE=0, , , SPECIAL_ATTACK=0, , , SPECIAL_DEFENSE=0, , , SPEED=0, , , ]

 Heliolisk[health=69, , max health=69]
  Stats: ACCURACY=100, EVASION=100, ATTACK=33, DEFENSE=36, SPECIAL_ATTACK=54, SPECIAL_DEFENSE=53, SPEED=67, stages=[, ACCURACY=0, , , EVASION=0, , , ATTACK=0, , , DEFENSE=0, , , SPECIAL_ATTACK=0, , , SPECIAL_DEFENSE=0, , , SPEED=0, , , ]


Turn #1 has begun
 Terrain: NONE[5 turns remaining]
 Weather: none
 Pokemon: 
 Primarina[health=259, , max health=276]
  Stats: ACCURACY=100, EVASION=100, ATTACK=202, DEFENSE=206, SPECIAL_ATTACK=251, SPECIAL_DEFENSE=266, SPEED=169, stages=[, ACCURACY=0, , , EVASION=0, , , ATTACK=0, , , DEFENSE=0, , , SPECIAL_ATTACK=0, , , SPECIAL_DEFENSE=0, , , SPEED=0, , , ]

 Heliolisk[health=69, , max health=69]
  Stats: ACCURACY=100, EVASION=100, ATTACK=33, DEFENSE=36, SPECIAL_ATTACK=54, SPECIAL_DEFENSE=53, SPEED=67, stages=[, ACCURACY=0, , , EVASION=0, , , ATTACK=0, , , DEFENSE=0, , , SPECIAL_ATTACK=0, , , SPECIAL_DEFENSE=0, , , SPEED=0, , , ]


translation{key='pixelmon.heliolisk', args=[]} weighted their choices as follows:  Bulldoze, Tier 2, Weight 1.4492754;  Electrify, Tier 0, Weight 0.0;  Pound, Tier 2, Weight 2.173913;  Thunder, Tier 2, Weight 7.6086955;  
translation{key='pixelmon.heliolisk', args=[]} decided their best choices were:  Thunder, Tier 2, Weight 7.6086955;  
Heliolisk selected attack Thunder for Heliolisk targeting Primarina and opted to mega evolve

BATTLE ENDED

BATTLE ENDED
Caught error in battle. Continuing...
Attempted to load class net/minecraft/client/resources/sounds/SoundInstance for invalid dist DEDICATED_SERVER
MC-BOOTSTRAP/fml_loader@4.0.41/net.neoforged.fml.common.asm.RuntimeDistCleaner.processClassWithFlags(RuntimeDistCleaner.java:60)
MC-BOOTSTRAP/cpw.mods.modlauncher@11.0.5/cpw.mods.modlauncher.LaunchPluginHandler.offerClassNodeToPlugins(LaunchPluginHandler.java:94)
MC-BOOTSTRAP/cpw.mods.modlauncher@11.0.5/cpw.mods.modlauncher.ClassTransformer.transform(ClassTransformer.java:120)
MC-BOOTSTRAP/cpw.mods.modlauncher@11.0.5/cpw.mods.modlauncher.TransformingClassLoader.maybeTransformClassBytes(TransformingClassLoader.java:57)
cpw.mods.securejarhandler/cpw.mods.cl.ModuleClassLoader.readerToClass(ModuleClassLoader.java:190)
cpw.mods.securejarhandler/cpw.mods.cl.ModuleClassLoader.lambda$findClass$20(ModuleClassLoader.java:298)
cpw.mods.securejarhandler/cpw.mods.cl.ModuleClassLoader.loadFromModule(ModuleClassLoader.java:311)
cpw.mods.securejarhandler/cpw.mods.cl.ModuleClassLoader.findClass(ModuleClassLoader.java:298)
cpw.mods.securejarhandler/cpw.mods.cl.ModuleClassLoader.loadClass(ModuleClassLoader.java:214)
java.base/java.lang.ClassLoader.loadClass(Unknown Source)
TRANSFORMER/pixelmon@9.3.9/com.pixelmonmod.pixelmon.battles.controller.participants.PlayerParticipant.forfeitBattleForBeingTooFarAway(PlayerParticipant.java:666)
TRANSFORMER/pixelmon@9.3.9/com.pixelmonmod.pixelmon.battles.controller.participants.PlayerParticipant.handlePlayerDistanceFromBattle(PlayerParticipant.java:647)
TRANSFORMER/pixelmon@9.3.9/com.pixelmonmod.pixelmon.battles.controller.participants.PlayerParticipant.tick(PlayerParticipant.java:451)
TRANSFORMER/pixelmon@9.3.9/com.pixelmonmod.pixelmon.battles.controller.BattleController.onUpdate(BattleController.java:1135)
TRANSFORMER/pixelmon@9.3.9/com.pixelmonmod.pixelmon.battles.controller.BattleController.update(BattleController.java:511)
TRANSFORMER/pixelmon@9.3.9/com.pixelmonmod.pixelmon.battles.BattleRegistry.updateBattles(BattleRegistry.java:202)
TRANSFORMER/pixelmon@9.3.9/com.pixelmonmod.pixelmon.battles.BattleTickHandler.tickStart(BattleTickHandler.java:10)
MC-BOOTSTRAP/net.neoforged.bus/net.neoforged.bus.EventBus.post(EventBus.java:360)
MC-BOOTSTRAP/net.neoforged.bus/net.neoforged.bus.EventBus.post(EventBus.java:328)
TRANSFORMER/neoforge@21.1.209/net.neoforged.neoforge.event.EventHooks.fireServerTickPost(EventHooks.java:1020)
TRANSFORMER/minecraft@1.21.1/net.minecraft.server.MinecraftServer.tickServer(MinecraftServer.java:943)
TRANSFORMER/minecraft@1.21.1/net.minecraft.server.MinecraftServer.runServer(MinecraftServer.java:707)
TRANSFORMER/minecraft@1.21.1/net.minecraft.server.MinecraftServer.lambda$spin$2(MinecraftServer.java:267)
java.base/java.lang.Thread.run(Unknown Source)
