Pixelmon Version 9.3.9
Battle data 2025-11-18T18:47:49.447524726Z

Team #0 PlayerParticipant ___________12345 minecraft:overworld (-24396.340423197613, 85.25220334025373, 25724.83147067773) 
	Primarina {Ability:"LiquidVoice",CaughtBall:"poke_ball",DoesLevel:1b,DynamaxLevel:1,EVAttack:166s,EVDefense:143s,EVHP:26s,EVSpecialAttack:65s,EVSpecialDefense:18s,EVSpeed:92s,EXP:504,Friendship:73s,Gender:0b,GigantamaxFactor:0b,Health:276,HeldItemStack:{count:1,id:"pixelmon:waterium_z"},IVAttack:8b,IVDefense:18b,IVHP:0b,IVSpAtt:6b,IVSpDef:1b,IVSpeed:21b,Level:100,MoveSkillCooldown:[{MoveSkillCooldownCurrent:1762268678098L,MoveSkillCooldownId:"forage",MoveSkillCooldownTarget:1762268703098L}],Moveset:[{MoveID:"Moonblast",MovePP:13b},{MoveID:"Ice Beam",MovePP:10b},{MoveID:"Sparkling Aria",MovePP:9b},{MoveID:"Hydro Pump",MovePP:3b}],NBT_VERSION:2b,Nature:24b,PAbilitySlot:0,PHiddenAbility:1b,PersistentData:{},Pokerus:{Announced:1b,Type:0s},RelrnMoves:["Water Gun","Disarming Voice","Growl","Bubble Beam","Icy Wind","Moonblast","Aqua Jet","Pound","Sparkling Aria","Hydro Pump","Misty Terrain","Hyper Voice"],Size:120.20768368133427d,SpecFlags:[],StatsAttack:202s,StatsDefense:206s,StatsHP:276s,StatsSpecialAttack:251s,StatsSpecialDefense:266s,StatsSpeed:169s,UUID:[I;-1172205738,2048607509,-1879822083,-1553849705],Variant:"base",eggCycles:-1,ndex:730,originalTrainer:"___________12345",originalTrainerUUID:[I;-1755248099,-1258862460,-2021475255,1498965264],palette:"none",ribbon_display2:{received:1761568021723L,receiver:'""',type:"destiny"},ribbons2:[{received:1761568021723L,receiver:'""',type:"destiny"}]}
	Skorupi {Ability:"BattleArmour",CaughtBall:"poke_ball",DoesLevel:1b,DynamaxLevel:0,EVAttack:10s,EVDefense:8s,EVHP:0s,EVSpecialAttack:4s,EVSpecialDefense:3s,EVSpeed:2s,EXP:2362,Friendship:72s,Gender:0b,GigantamaxFactor:0b,Health:61,HeldItemStack:{count:1,id:"pixelmon:lucky_egg"},IVAttack:0b,IVDefense:28b,IVHP:9b,IVSpAtt:17b,IVSpDef:24b,IVSpeed:0b,Level:27,Moveset:[{MoveID:"Poison Sting",MovePP:35b},{MoveID:"Scary Face",MovePP:10b},{MoveID:"Poison Fang",MovePP:15b},{MoveID:"Venoshock",MovePP:15b}],NBT_VERSION:2b,Nature:19b,PAbilitySlot:0,PHiddenAbility:0b,PersistentData:{},Pokerus:{Announced:0b,Type:0s},RelrnMoves:["Venoshock","Poison Sting","Poison Fang","Hone Claws"],Size:38.58549497402435d,SpecFlags:[],StatsAttack:32s,StatsDefense:61s,StatsHP:61s,StatsSpecialAttack:28s,StatsSpecialDefense:41s,StatsSpeed:36s,UUID:[I;-1371989560,1637827205,-1537894962,-1679060235],Variant:"base",eggCycles:-1,ndex:451,originalTrainer:"___________12345",originalTrainerUUID:[I;-1755248099,-1258862460,-2021475255,1498965264],palette:"none",ribbons2:[]}
	Golbat {Ability:"InnerFocus",CaughtBall:"ultra_ball",DoesLevel:1b,DynamaxLevel:0,EVAttack:47s,EVDefense:86s,EVHP:12s,EVSpecialAttack:44s,EVSpecialDefense:5s,EVSpeed:55s,EXP:1710,Friendship:70s,Gender:0b,GigantamaxFactor:0b,Health:147,HeldItemStack:{count:1,id:"pixelmon:lucky_egg"},IVAttack:8b,IVDefense:23b,IVHP:21b,IVSpAtt:13b,IVSpDef:31b,IVSpeed:22b,Level:50,Moveset:[{MoveID:"Absorb",MovePP:25b},{MoveID:"Venoshock",MovePP:15b},{MoveID:"Bite",MovePP:25b},{MoveID:"Quick Guard",MovePP:15b}],NBT_VERSION:2b,Nature:2b,PAbilitySlot:0,PHiddenAbility:0b,PersistentData:{},Pokerus:{Announced:0b,Type:0s},RelrnMoves:["Supersonic","Air Cutter","Astonish","Bite","Absorb","Poison Fang","Quick Guard","Mean Look"],Size:151.6874979731116d,SpecFlags:[],StatsAttack:94s,StatsDefense:97s,StatsHP:147s,StatsSpecialAttack:82s,StatsSpecialDefense:96s,StatsSpeed:112s,UUID:[I;469569835,1229933821,-1336979755,825740269],Variant:"base",eggCycles:-1,ndex:42,originalTrainer:"___________12345",originalTrainerUUID:[I;-1755248099,-1258862460,-2021475255,1498965264],palette:"strike",ribbons2:[]}
	Drakloak {Ability:"Infiltrator",CaughtBall:"ultra_ball",DoesLevel:1b,DynamaxLevel:0,EVAttack:56s,EVDefense:102s,EVHP:18s,EVSpecialAttack:56s,EVSpecialDefense:7s,EVSpeed:74s,EXP:6721,Friendship:50s,Gender:0b,GigantamaxFactor:0b,Health:153,HeldItemStack:{count:1,id:"pixelmon:lucky_egg"},IVAttack:31b,IVDefense:9b,IVHP:16b,IVSpAtt:6b,IVSpDef:24b,IVSpeed:3b,Level:56,Moveset:[{MoveID:"Astonish",MovePP:15b},{MoveID:"Bite",MovePP:25b},{MoveID:"Infestation",MovePP:20b},{MoveID:"Quick Attack",MovePP:30b}],NBT_VERSION:2b,Nature:6b,PAbilitySlot:1,PHiddenAbility:0b,PersistentData:{},Pokerus:{Announced:0b,Type:0s},RelrnMoves:["Astonish","Bite","Infestation"],Size:145.02252076162443d,SpecFlags:[],StatsAttack:130s,StatsDefense:80s,StatsHP:153s,StatsSpecialAttack:83s,StatsSpecialDefense:75s,StatsSpeed:117s,UUID:[I;1994520195,193743593,-1782788533,1958958600],Variant:"base",eggCycles:-1,ndex:886,originalTrainer:"___________12345",originalTrainerUUID:[I;-1755248099,-1258862460,-2021475255,1498965264],palette:"none",ribbons2:[]}
	TypeNull {Ability:"BattleArmour",CaughtBall:"master_ball",DoesLevel:1b,DynamaxLevel:0,EVAttack:7s,EVDefense:5s,EVHP:0s,EVSpecialAttack:4s,EVSpecialDefense:3s,EVSpeed:2s,EXP:1212,Friendship:70s,Gender:2b,GigantamaxFactor:0b,Health:70,HeldItemStack:{count:1,id:"pixelmon:lucky_egg"},IVAttack:9b,IVDefense:12b,IVHP:31b,IVSpAtt:31b,IVSpDef:31b,IVSpeed:6b,Level:19,Moveset:[{MoveID:"Imprison",MovePP:10b},{MoveID:"Tackle",MovePP:35b},{MoveID:"Scary Face",MovePP:10b},{MoveID:"Double Hit",MovePP:10b}],NBT_VERSION:2b,Nature:18b,PAbilitySlot:0,PHiddenAbility:0b,PersistentData:{},Pokerus:{Announced:0b,Type:0s},RelrnMoves:["Tackle","Scary Face","Imprison"],Size:162.72000475566028d,SpecFlags:[],StatsAttack:43s,StatsDefense:38s,StatsHP:70s,StatsSpecialAttack:51s,StatsSpecialDefense:47s,StatsSpeed:28s,UUID:[I;517849820,-1370012301,-1370374902,412988919],Variant:"base",eggCycles:-1,ndex:772,originalTrainer:"___________12345",originalTrainerUUID:[I;-1755248099,-1258862460,-2021475255,1498965264],palette:"none",ribbons2:[]}
	Lunala {Ability:"ShadowShield",CaughtBall:"poke_ball",DoesLevel:1b,DynamaxLevel:1,EVAttack:186s,EVDefense:153s,EVHP:37s,EVSpecialAttack:72s,EVSpecialDefense:15s,EVSpeed:47s,EXP:0,Friendship:150s,Gender:2b,GigantamaxFactor:0b,Health:424,HeldItemStack:{count:1,id:"pixelmon:life_orb"},IVAttack:31b,IVDefense:31b,IVHP:31b,IVSpAtt:27b,IVSpDef:12b,IVSpeed:6b,IV_HTSPECIAL_ATTACK:1b,IV_HTSPECIAL_DEFENSE:1b,IV_HTSPEED:1b,Level:100,MoveSkillCooldown:[{MoveSkillCooldownCurrent:1762885582654L,MoveSkillCooldownId:"teleport",MoveSkillCooldownTarget:1762885585404L},{MoveSkillCooldownCurrent:1763435271052L,MoveSkillCooldownId:"open_wormhole",MoveSkillCooldownTarget:1763436171052L},{MoveSkillCooldownCurrent:1762327790070L,MoveSkillCooldownId:"forage",MoveSkillCooldownTarget:1762327815070L}],Moveset:[{MoveID:"Shadow Ball",MovePP:15b},{MoveID:"Teleport",MovePP:20b},{MoveID:"Phantom Force",MovePP:10b},{MoveID:"Moongeist Beam",MovePP:5b}],NBT_VERSION:2b,Nature:24b,PAbilitySlot:0,PHiddenAbility:0b,PersistentData:{},Pokerus:{Announced:1b,Type:0s},RelrnMoves:["Cosmic Power","Splash","Shadow Ball","Teleport","Moongeist Beam"],Size:405.9875038263135d,SpecFlags:[],StatsAttack:308s,StatsDefense:252s,StatsHP:424s,StatsSpecialAttack:295s,StatsSpecialDefense:278s,StatsSpeed:241s,UUID:[I;-708358819,-229422748,-1359255917,-1287760405],Variant:"base",eggCycles:-1,ndex:792,originalTrainer:"___________12345",originalTrainerUUID:[I;-1755248099,-1258862460,-2021475255,1498965264],palette:"none",ribbons2:[]}
Team #1 WildPixelmonParticipant Geodude minecraft:overworld (-24411.105943931372, 76.0, 25700.277417837082) 
	Geodude {Ability:"RockHead",CaughtBall:"poke_ball",DoesLevel:1b,DynamaxLevel:0,EVAttack:0s,EVDefense:0s,EVHP:0s,EVSpecialAttack:0s,EVSpecialDefense:0s,EVSpeed:0s,EXP:0,Friendship:0s,Gender:0b,GigantamaxFactor:0b,Health:58,IVAttack:13b,IVDefense:9b,IVHP:14b,IVSpAtt:11b,IVSpDef:31b,IVSpeed:6b,Level:25,Moveset:[{MoveID:"Defense Curl",MovePP:40b},{MoveID:"Rock Polish",MovePP:20b},{MoveID:"Bulldoze",MovePP:20b},{MoveID:"Rock Throw",MovePP:15b}],NBT_VERSION:2b,Nature:1b,PAbilitySlot:0,PHiddenAbility:0b,PersistentData:{},Pokerus:{Announced:0b,Type:0s},RelrnMoves:["Bulldoze","Defense Curl","Rock Polish"],Size:40.17631927786156d,SpecFlags:[],StatsAttack:48s,StatsDefense:57s,StatsHP:58s,StatsSpecialAttack:22s,StatsSpecialDefense:27s,StatsSpeed:16s,UUID:[I;-157171008,172902659,-1230574272,-898334135],Variant:"base",eggCycles:-1,ndex:74,palette:"none",ribbons2:[]}

Turn #0 has begun
 Terrain: NONE[5 turns remaining]
 Weather: none
 Pokemon: 

Primarina stats changed from [ACCURACY=100, EVASION=100, ATTACK=0, DEFENSE=0, SPECIAL_ATTACK=0, SPECIAL_DEFENSE=0, SPEED=0] to [ACCURACY=100, EVASION=100, ATTACK=3, DEFENSE=3, SPECIAL_ATTACK=2, SPECIAL_DEFENSE=2, SPEED=3] delta: ATTACK=-3, DEFENSE=-3, SPECIAL_ATTACK=-2, SPECIAL_DEFENSE=-2, SPEED=-3
Skorupi stats changed from [ACCURACY=100, EVASION=100, ATTACK=0, DEFENSE=0, SPECIAL_ATTACK=0, SPECIAL_DEFENSE=0, SPEED=0] to [ACCURACY=100, EVASION=100, ATTACK=4, DEFENSE=3, SPECIAL_ATTACK=4, SPECIAL_DEFENSE=3, SPEED=3] delta: ATTACK=-4, DEFENSE=-3, SPECIAL_ATTACK=-4, SPECIAL_DEFENSE=-3, SPEED=-3
Golbat stats changed from [ACCURACY=100, EVASION=100, ATTACK=0, DEFENSE=0, SPECIAL_ATTACK=0, SPECIAL_DEFENSE=0, SPEED=0] to [ACCURACY=100, EVASION=100, ATTACK=3, DEFENSE=3, SPECIAL_ATTACK=3, SPECIAL_DEFENSE=3, SPEED=3] delta: ATTACK=-3, DEFENSE=-3, SPECIAL_ATTACK=-3, SPECIAL_DEFENSE=-3, SPEED=-3
Drakloak stats changed from [ACCURACY=100, EVASION=100, ATTACK=0, DEFENSE=0, SPECIAL_ATTACK=0, SPECIAL_DEFENSE=0, SPEED=0] to [ACCURACY=100, EVASION=100, ATTACK=3, DEFENSE=4, SPECIAL_ATTACK=3, SPECIAL_DEFENSE=4, SPEED=2] delta: ATTACK=-3, DEFENSE=-4, SPECIAL_ATTACK=-3, SPECIAL_DEFENSE=-4, SPEED=-2
TypeNull stats changed from [ACCURACY=100, EVASION=100, ATTACK=0, DEFENSE=0, SPECIAL_ATTACK=0, SPECIAL_DEFENSE=0, SPEED=0] to [ACCURACY=100, EVASION=100, ATTACK=3, DEFENSE=3, SPECIAL_ATTACK=3, SPECIAL_DEFENSE=3, SPEED=3] delta: ATTACK=-3, DEFENSE=-3, SPECIAL_ATTACK=-3, SPECIAL_DEFENSE=-3, SPEED=-3
Lunala stats changed from [ACCURACY=100, EVASION=100, ATTACK=0, DEFENSE=0, SPECIAL_ATTACK=0, SPECIAL_DEFENSE=0, SPEED=0] to [ACCURACY=100, EVASION=100, ATTACK=2, DEFENSE=3, SPECIAL_ATTACK=2, SPECIAL_DEFENSE=2, SPEED=3] delta: ATTACK=-2, DEFENSE=-3, SPECIAL_ATTACK=-2, SPECIAL_DEFENSE=-2, SPEED=-3
Geodude stats changed from [ACCURACY=100, EVASION=100, ATTACK=0, DEFENSE=0, SPECIAL_ATTACK=0, SPECIAL_DEFENSE=0, SPEED=0] to [ACCURACY=100, EVASION=100, ATTACK=3, DEFENSE=3, SPECIAL_ATTACK=4, SPECIAL_DEFENSE=4, SPEED=4] delta: ATTACK=-3, DEFENSE=-3, SPECIAL_ATTACK=-4, SPECIAL_DEFENSE=-4, SPEED=-4
Primarina stats changed from [ACCURACY=100, EVASION=100, ATTACK=3, DEFENSE=3, SPECIAL_ATTACK=2, SPECIAL_DEFENSE=2, SPEED=3] to [ACCURACY=100, EVASION=100, ATTACK=202, DEFENSE=206, SPECIAL_ATTACK=251, SPECIAL_DEFENSE=266, SPEED=169] delta: ATTACK=-199, DEFENSE=-203, SPECIAL_ATTACK=-249, SPECIAL_DEFENSE=-264, SPEED=-166
Geodude stats changed from [ACCURACY=100, EVASION=100, ATTACK=3, DEFENSE=3, SPECIAL_ATTACK=4, SPECIAL_DEFENSE=4, SPEED=4] to [ACCURACY=100, EVASION=100, ATTACK=48, DEFENSE=57, SPECIAL_ATTACK=22, SPECIAL_DEFENSE=27, SPEED=16] delta: ATTACK=-45, DEFENSE=-54, SPECIAL_ATTACK=-18, SPECIAL_DEFENSE=-23, SPEED=-12
Geodude selected attack Defense Curl for Geodude targeting Geodude and opted to mega evolve

BATTLE ENDED

BATTLE ENDED
Caught error in battle. Continuing...
Attempted to load class net/minecraft/client/resources/sounds/SoundInstance for invalid dist DEDICATED_SERVER
MC-BOOTSTRAP/fml_loader@4.0.41/net.neoforged.fml.common.asm.RuntimeDistCleaner.processClassWithFlags(RuntimeDistCleaner.java:60)
MC-BOOTSTRAP/cpw.mods.modlauncher@11.0.5/cpw.mods.modlauncher.LaunchPluginHandler.offerClassNodeToPlugins(LaunchPluginHandler.java:94)
MC-BOOTSTRAP/cpw.mods.modlauncher@11.0.5/cpw.mods.modlauncher.ClassTransformer.transform(ClassTransformer.java:120)
MC-BOOTSTRAP/cpw.mods.modlauncher@11.0.5/cpw.mods.modlauncher.TransformingClassLoader.maybeTransformClassBytes(TransformingClassLoader.java:57)
cpw.mods.securejarhandler/cpw.mods.cl.ModuleClassLoader.readerToClass(ModuleClassLoader.java:190)
cpw.mods.securejarhandler/cpw.mods.cl.ModuleClassLoader.lambda$findClass$20(ModuleClassLoader.java:298)
cpw.mods.securejarhandler/cpw.mods.cl.ModuleClassLoader.loadFromModule(ModuleClassLoader.java:311)
cpw.mods.securejarhandler/cpw.mods.cl.ModuleClassLoader.findClass(ModuleClassLoader.java:298)
cpw.mods.securejarhandler/cpw.mods.cl.ModuleClassLoader.loadClass(ModuleClassLoader.java:214)
java.base/java.lang.ClassLoader.loadClass(Unknown Source)
TRANSFORMER/pixelmon@9.3.9/com.pixelmonmod.pixelmon.battles.controller.participants.PlayerParticipant.forfeitBattleForBeingTooFarAway(PlayerParticipant.java:666)
TRANSFORMER/pixelmon@9.3.9/com.pixelmonmod.pixelmon.battles.controller.participants.PlayerParticipant.handlePlayerDistanceFromBattle(PlayerParticipant.java:647)
TRANSFORMER/pixelmon@9.3.9/com.pixelmonmod.pixelmon.battles.controller.participants.PlayerParticipant.tick(PlayerParticipant.java:451)
TRANSFORMER/pixelmon@9.3.9/com.pixelmonmod.pixelmon.battles.controller.BattleController.onUpdate(BattleController.java:1135)
TRANSFORMER/pixelmon@9.3.9/com.pixelmonmod.pixelmon.battles.controller.BattleController.update(BattleController.java:511)
TRANSFORMER/pixelmon@9.3.9/com.pixelmonmod.pixelmon.battles.BattleRegistry.updateBattles(BattleRegistry.java:202)
TRANSFORMER/pixelmon@9.3.9/com.pixelmonmod.pixelmon.battles.BattleTickHandler.tickStart(BattleTickHandler.java:10)
MC-BOOTSTRAP/net.neoforged.bus/net.neoforged.bus.EventBus.post(EventBus.java:360)
MC-BOOTSTRAP/net.neoforged.bus/net.neoforged.bus.EventBus.post(EventBus.java:328)
TRANSFORMER/neoforge@21.1.209/net.neoforged.neoforge.event.EventHooks.fireServerTickPost(EventHooks.java:1020)
TRANSFORMER/minecraft@1.21.1/net.minecraft.server.MinecraftServer.tickServer(MinecraftServer.java:943)
TRANSFORMER/minecraft@1.21.1/net.minecraft.server.MinecraftServer.runServer(MinecraftServer.java:707)
TRANSFORMER/minecraft@1.21.1/net.minecraft.server.MinecraftServer.lambda$spin$2(MinecraftServer.java:267)
java.base/java.lang.Thread.run(Unknown Source)
