Pixelmon Version 9.3.9
Battle data 2025-11-13T13:42:49.950663634Z

Team #0 WildPixelmonParticipant Primeape pixelmon:ultra_space (-4008.550000011921, 72.0, 2749.6136258597808) 
	Primeape {Ability:"AngerPoint",CaughtBall:"poke_ball",DoesLevel:1b,DynamaxLevel:0,EVAttack:0s,EVDefense:0s,EVHP:0s,EVSpecialAttack:0s,EVSpecialDefense:0s,EVSpeed:0s,EXP:0,Friendship:0s,Gender:1b,GigantamaxFactor:0b,Health:136,IVAttack:6b,IVDefense:18b,IVHP:23b,IVSpAtt:11b,IVSpDef:4b,IVSpeed:26b,Level:50,Moveset:[{MoveID:"Fling",MovePP:10b},{MoveID:"Scratch",MovePP:35b},{MoveID:"Seismic Toss",MovePP:20b},{MoveID:"Assurance",MovePP:10b}],NBT_VERSION:2b,Nature:12b,PAbilitySlot:1,PHiddenAbility:0b,PersistentData:{},Pokerus:{Announced:0b,Type:0s},RelrnMoves:["Fling","Scratch","Seismic Toss"],Size:88.08092728430253d,SpecFlags:[],StatsAttack:113s,StatsDefense:81s,StatsHP:136s,StatsSpecialAttack:70s,StatsSpecialDefense:69s,StatsSpeed:113s,UUID:[I;62387509,254888426,-1675347296,1862957630],Variant:"base",eggCycles:-1,ndex:57,palette:"none",ribbons2:[]}
Team #0 WildPixelmonParticipant Pinsir pixelmon:ultra_space (-4006.5, 70.0, 2750.5) 
	Pinsir {Ability:"MoldBreaker",CaughtBall:"poke_ball",DoesLevel:1b,DynamaxLevel:0,EVAttack:0s,EVDefense:0s,EVHP:0s,EVSpecialAttack:0s,EVSpecialDefense:0s,EVSpeed:0s,EXP:0,Friendship:0s,Gender:0b,GigantamaxFactor:0b,Health:127,IVAttack:24b,IVDefense:28b,IVHP:4b,IVSpAtt:24b,IVSpDef:22b,IVSpeed:3b,Level:50,Moveset:[{MoveID:"Harden",MovePP:30b},{MoveID:"Bind",MovePP:20b},{MoveID:"Bug Bite",MovePP:20b},{MoveID:"Storm Throw",MovePP:10b}],NBT_VERSION:2b,Nature:14b,PAbilitySlot:1,PHiddenAbility:0b,PersistentData:{},Pokerus:{Announced:0b,Type:0s},RelrnMoves:["Bind","Bug Bite","Harden"],Size:128.32155353227643d,SpecFlags:[],StatsAttack:142s,StatsDefense:107s,StatsHP:127s,StatsSpecialAttack:72s,StatsSpecialDefense:86s,StatsSpeed:100s,UUID:[I;-305926644,-639483418,-1302959561,-1061824882],Variant:"base",eggCycles:-1,ndex:127,palette:"none",ribbons2:[]}
Team #0 WildPixelmonParticipant Aerodactyl pixelmon:ultra_space (-4005.7092380618624, 72.30239986419667, 2746.217783118319) 
	Aerodactyl {Ability:"RockHead",CaughtBall:"poke_ball",DoesLevel:1b,DynamaxLevel:0,EVAttack:0s,EVDefense:0s,EVHP:0s,EVSpecialAttack:0s,EVSpecialDefense:0s,EVSpeed:0s,EXP:0,Friendship:0s,Gender:0b,GigantamaxFactor:0b,Health:86,IVAttack:5b,IVDefense:26b,IVHP:3b,IVSpAtt:3b,IVSpDef:23b,IVSpeed:4b,Level:29,Moveset:[{MoveID:"Ancient Power",MovePP:5b},{MoveID:"Wing Attack",MovePP:35b},{MoveID:"Roar",MovePP:20b},{MoveID:"Crunch",MovePP:15b}],NBT_VERSION:2b,Nature:1b,PAbilitySlot:0,PHiddenAbility:0b,PersistentData:{},Pokerus:{Announced:0b,Type:0s},RelrnMoves:["Roar","Ancient Power","Wing Attack"],Size:165.20991871331364d,SpecFlags:[],StatsAttack:67s,StatsDefense:50s,StatsHP:86s,StatsSpecialAttack:40s,StatsSpecialDefense:55s,StatsSpeed:81s,UUID:[I;1057038347,1896039372,-1222863217,-983497604],Variant:"base",eggCycles:-1,ndex:142,palette:"none",ribbons2:[]}
Team #0 WildPixelmonParticipant Axew pixelmon:ultra_space (-4005.5, 68.0, 2752.5) 
	Axew {Ability:"Rivalry",CaughtBall:"poke_ball",DoesLevel:1b,DynamaxLevel:0,EVAttack:0s,EVDefense:0s,EVHP:0s,EVSpecialAttack:0s,EVSpecialDefense:0s,EVSpeed:0s,EXP:0,Friendship:0s,Gender:1b,GigantamaxFactor:0b,Health:86,IVAttack:0b,IVDefense:6b,IVHP:15b,IVSpAtt:20b,IVSpDef:13b,IVSpeed:25b,Level:37,Moveset:[{MoveID:"False Swipe",MovePP:40b},{MoveID:"Assurance",MovePP:10b},{MoveID:"Dragon Dance",MovePP:20b},{MoveID:"Focus Energy",MovePP:30b}],NBT_VERSION:2b,Nature:17b,PAbilitySlot:0,PHiddenAbility:0b,PersistentData:{},Pokerus:{Announced:0b,Type:0s},RelrnMoves:["False Swipe","Assurance","Dragon Dance"],Size:57.08085702277209d,SpecFlags:[],StatsAttack:62s,StatsDefense:51s,StatsHP:86s,StatsSpecialAttack:37s,StatsSpecialDefense:39s,StatsSpeed:56s,UUID:[I;714374598,1197624847,-1513087041,-1766341625],Variant:"base",eggCycles:-1,ndex:610,palette:"none",ribbons2:[]}
Team #0 WildPixelmonParticipant Scolipede pixelmon:ultra_space (-4009.5, 73.0, 2745.5) 
	Scolipede {Ability:"Swarm",CaughtBall:"poke_ball",DoesLevel:1b,DynamaxLevel:0,EVAttack:0s,EVDefense:0s,EVHP:0s,EVSpecialAttack:0s,EVSpecialDefense:0s,EVSpeed:0s,EXP:0,Friendship:0s,Gender:0b,GigantamaxFactor:0b,Health:115,IVAttack:1b,IVDefense:25b,IVHP:14b,IVSpAtt:13b,IVSpDef:22b,IVSpeed:1b,Level:45,Moveset:[{MoveID:"Baton Pass",MovePP:40b},{MoveID:"Poison Tail",MovePP:25b},{MoveID:"Screech",MovePP:40b},{MoveID:"Venoshock",MovePP:15b}],NBT_VERSION:2b,Nature:14b,PAbilitySlot:1,PHiddenAbility:0b,PersistentData:{},Pokerus:{Announced:0b,Type:0s},RelrnMoves:["Poison Tail","Baton Pass","Screech"],Size:261.832610752002d,SpecFlags:[],StatsAttack:95s,StatsDefense:86s,StatsHP:115s,StatsSpecialAttack:60s,StatsSpecialDefense:77s,StatsSpeed:116s,UUID:[I;647514975,1291472283,-2044891160,1639290579],Variant:"base",eggCycles:-1,ndex:545,palette:"none",ribbons2:[]}
Team #1 PlayerParticipant Bluegum_ pixelmon:ultra_space (-4008.412479025362, 78.57697113138724, 2724.5478212767416) 
	Hattrem {Ability:"Healer",CaughtBall:"ultra_ball",DoesLevel:1b,DynamaxLevel:0,EVAttack:21s,EVDefense:0s,EVHP:2s,EVSpecialAttack:0s,EVSpecialDefense:0s,EVSpeed:6s,EXP:3733,Friendship:52s,Gender:1b,GigantamaxFactor:0b,Health:86,HeldItemStack:{count:1,id:"pixelmon:lucky_egg"},IVAttack:8b,IVDefense:10b,IVHP:16b,IVSpAtt:0b,IVSpDef:14b,IVSpeed:23b,Level:33,Moveset:[{MoveID:"Confusion",MovePP:25b},{MoveID:"Disarming Voice",MovePP:15b},{MoveID:"Psybeam",MovePP:20b},{MoveID:"Dazzling Gleam",MovePP:10b}],NBT_VERSION:2b,Nature:13b,PAbilitySlot:0,PHiddenAbility:0b,PersistentData:{},Pokerus:{Announced:0b,Type:0s},RelrnMoves:["Disarming Voice","Psybeam","Heal Pulse","Confusion"],Size:98.43359837897225d,SpecFlags:[],StatsAttack:31s,StatsDefense:51s,StatsHP:86s,StatsSpecialAttack:61s,StatsSpecialDefense:57s,StatsSpeed:49s,UUID:[I;822989471,1735609560,-1188779883,-652454312],Variant:"base",eggCycles:-1,ndex:857,originalTrainer:"Bluegum_",originalTrainerUUID:[I;-18226562,-815576607,-1945710123,1042587051],palette:"none",ribbons2:[]}
	Kyogre {Ability:"Drizzle",CaughtBall:"ultra_ball",DoesLevel:1b,DynamaxLevel:0,EVAttack:34s,EVDefense:4s,EVHP:4s,EVSpecialAttack:0s,EVSpecialDefense:1s,EVSpeed:10s,EXP:1873,Friendship:10s,Gender:2b,GigantamaxFactor:0b,Health:241,HeldItemStack:{count:1,id:"pixelmon:lucky_egg"},IVAttack:22b,IVDefense:31b,IVHP:12b,IVSpAtt:4b,IVSpDef:31b,IVSpeed:31b,Level:74,Moveset:[{MoveID:"Origin Pulse",MovePP:16b,MovePPLevel:3b},{MoveID:"Calm Mind",MovePP:20b},{MoveID:"Aqua Ring",MovePP:20b},{MoveID:"Hydro Pump",MovePP:5b}],NBT_VERSION:2b,Nature:8b,PAbilitySlot:0,PHiddenAbility:0b,PersistentData:{},Pokerus:{Announced:0b,Type:0s},RelrnMoves:["Calm Mind","Sheer Cold","Aqua Ring","Origin Pulse"],Size:132.15594156969374d,SpecFlags:[],StatsAttack:192s,StatsDefense:161s,StatsHP:241s,StatsSpecialAttack:229s,StatsSpecialDefense:211s,StatsSpeed:162s,UUID:[I;-1451429767,-2144122719,-1631819247,-1312220407],Variant:"base",eggCycles:-1,ndex:382,originalTrainer:"Bluegum_",originalTrainerUUID:[I;-18226562,-815576607,-1945710123,1042587051],palette:"none",ribbons2:[]}
	Metagross {Ability:"ClearBody",CaughtBall:"ultra_ball",DoesLevel:1b,DynamaxLevel:10,EVAttack:195s,EVDefense:192s,EVHP:34s,EVSpecialAttack:0s,EVSpecialDefense:43s,EVSpeed:46s,EXP:15101,Friendship:230s,Gender:2b,GigantamaxFactor:0b,Health:309,HeldItemStack:{components:{"pixelmon:mega_evolution":{duration:5400000L,form_name:"mega",valid_pokemon:["metagross"]},"pixelmon:next_usable":"2025-11-10T01:52:52.877750884Z"},count:1,id:"pixelmon:metagrossite"},IVAttack:1b,IVDefense:9b,IVHP:8b,IVSpAtt:2b,IVSpDef:19b,IVSpeed:15b,IV_HTATTACK:1b,IV_HTDEFENSE:1b,IV_HTHP:1b,IV_HTSPECIAL_ATTACK:1b,IV_HTSPECIAL_DEFENSE:1b,IV_HTSPEED:1b,Level:100,MoveSkillCooldown:[{MoveSkillCooldownCurrent:1762699119515L,MoveSkillCooldownId:"forage",MoveSkillCooldownTarget:1762699144515L}],Moveset:[{MoveID:"Stomping Tantrum",MovePP:10b},{MoveID:"Zen Headbutt",MovePP:15b},{MoveID:"Earthquake",MovePP:10b},{MoveID:"Meteor Mash",MovePP:10b}],NBT_VERSION:2b,Nature:15b,PAbilitySlot:0,PHiddenAbility:0b,PersistentData:{},Pokerus:{Announced:1b,Type:0s},RelrnMoves:["Future Sight","Meteor Mash","Heavy Slam","Take Down","Confusion","Gyro Ball","Stomping Tantrum","Flash Cannon","Hammer Arm","Psychic","Metal Claw","Tackle","Earthquake","Agility"],Size:101.22247353966273d,SpecFlags:[],StatsAttack:354s,StatsDefense:344s,StatsHP:309s,StatsSpecialAttack:203s,StatsSpecialDefense:226s,StatsSpeed:205s,UUID:[I;781686170,684476857,-1222539749,1755248273],Variant:"base",eggCycles:-1,ndex:376,originalTrainer:"godksrk",originalTrainerUUID:[I;-1534560904,-1643165059,-1785036217,-2046744326],palette:"none",ribbons2:[]}
	Naganadel {Ability:"BeastBoost",CaughtBall:"ultra_ball",DoesLevel:1b,DynamaxLevel:0,EVAttack:119s,EVDefense:113s,EVHP:16s,EVSpecialAttack:48s,EVSpecialDefense:7s,EVSpeed:45s,EXP:5999,Friendship:222s,Gender:2b,GigantamaxFactor:0b,Health:189,IVAttack:19b,IVDefense:31b,IVHP:31b,IVSpAtt:4b,IVSpDef:31b,IVSpeed:8b,Level:64,Moveset:[{MoveID:"Sludge Wave",MovePP:10b},{MoveID:"Outrage",MovePP:10b},{MoveID:"Nasty Plot",MovePP:20b},{MoveID:"Fire Blast",MovePP:5b}],NBT_VERSION:2b,Nature:10b,PAbilitySlot:0,PHiddenAbility:0b,PersistentData:{},Pokerus:{Announced:1b,Type:0s},RelrnMoves:["Dragon Pulse","Acid","Air Cutter","Sludge Wave","Nasty Plot","Poison Jab","Fell Stinger","Fire Blast"],Size:631.2316366304217d,SpecFlags:[],StatsAttack:129s,StatsDefense:149s,StatsHP:189s,StatsSpecialAttack:177s,StatsSpecialDefense:119s,StatsSpeed:154s,UUID:[I;1982461732,-824752369,-1781547103,-1792200918],Variant:"base",eggCycles:-1,ndex:804,originalTrainer:"Bluegum_",originalTrainerUUID:[I;-18226562,-815576607,-1945710123,1042587051],palette:"none",ribbons2:[]}
	Aron {Ability:"Sturdy",CaughtBall:"poke_ball",DoesLevel:0b,DynamaxLevel:0,EVAttack:151s,EVDefense:151s,EVHP:32s,EVSpecialAttack:59s,EVSpecialDefense:23s,EVSpeed:94s,EXP:63,Friendship:35s,Gender:0b,GigantamaxFactor:0b,Health:24,IVAttack:30b,IVDefense:21b,IVHP:5b,IVSpAtt:12b,IVSpDef:5b,IVSpeed:3b,Level:7,MoveSkillCooldown:[{MoveSkillCooldownCurrent:1762699103772L,MoveSkillCooldownId:"forage",MoveSkillCooldownTarget:1762699128772L}],Moveset:[{MoveID:"Endeavor",MovePP:5b},{MoveID:"Stealth Rock",MovePP:20b},{MoveID:"Aerial Ace",MovePP:20b},{MoveID:"Protect",MovePP:10b}],NBT_VERSION:2b,Nature:3b,PAbilitySlot:0,PHiddenAbility:0b,PersistentData:{},Pokerus:{Announced:1b,Type:0s},RelrnMoves:["Endeavor","Tackle","Stealth Rock","Aerial Ace","Ancient Power","Harden"],Size:67.07655625324296d,SpecFlags:[],StatsAttack:19s,StatsDefense:23s,StatsHP:24s,StatsSpecialAttack:12s,StatsSpecialDefense:11s,StatsSpeed:11s,UUID:[I;-1741932751,-953857120,-2022190223,-650856533],Variant:"base",eggCycles:-1,ndex:304,originalTrainer:"lame1202",originalTrainerUUID:[I;-812478946,543770915,-1079866976,-1753718133],palette:"none",ribbons2:[]}
	Arceus {Ability:"Multitype",CaughtBall:"poke_ball",DoesLevel:1b,DynamaxLevel:0,EVAttack:71s,EVDefense:68s,EVHP:30s,EVSpecialAttack:226s,EVSpecialDefense:0s,EVSpeed:115s,EXP:4248,Friendship:152s,Gender:2b,GigantamaxFactor:0b,Health:388,HeldItemStack:{count:1,id:"pixelmon:legend_plate"},IVAttack:5b,IVDefense:31b,IVHP:12b,IVSpAtt:31b,IVSpDef:0b,IVSpeed:31b,IV_HTATTACK:1b,IV_HTHP:1b,IV_HTSPECIAL_DEFENSE:1b,Level:100,MoveSkillCooldown:[{MoveSkillCooldownCurrent:1763040994767L,MoveSkillCooldownId:"open_wormhole",MoveSkillCooldownTarget:1763041894767L}],Moveset:[{MoveID:"Thunder",MovePP:10b},{MoveID:"Earthquake",MovePP:10b},{MoveID:"Judgment",MovePP:8b,MovePPLevel:3b},{MoveID:"Future Sight",MovePP:10b}],NBT_VERSION:2b,Nature:21b,PAbilitySlot:0,PHiddenAbility:0b,PersistentData:{},Pokerus:{Announced:1b,Type:0s},RelrnMoves:["Future Sight","Thunder","Earthquake","Earth Power","Natural Gift","Gravity"],Size:323.36980467820183d,SpecFlags:[],StatsAttack:263s,StatsDefense:293s,StatsHP:388s,StatsSpecialAttack:332s,StatsSpecialDefense:303s,StatsSpeed:304s,UUID:[I;1128965582,27870515,-1981550535,2129915363],Variant:"base",eggCycles:-1,ndex:493,originalTrainer:"Bluegum_",originalTrainerUUID:[I;-18226562,-815576607,-1945710123,1042587051],palette:"none",ribbons2:[]}

Turn #0 has begun
 Terrain: NONE[5 turns remaining]
 Weather: none
 Pokemon: 

Primeape stats changed from [ACCURACY=100, EVASION=100, ATTACK=0, DEFENSE=0, SPECIAL_ATTACK=0, SPECIAL_DEFENSE=0, SPEED=0] to [ACCURACY=100, EVASION=100, ATTACK=2, DEFENSE=3, SPECIAL_ATTACK=3, SPECIAL_DEFENSE=3, SPEED=3] delta: ATTACK=-2, DEFENSE=-3, SPECIAL_ATTACK=-3, SPECIAL_DEFENSE=-3, SPEED=-3
Pinsir stats changed from [ACCURACY=100, EVASION=100, ATTACK=0, DEFENSE=0, SPECIAL_ATTACK=0, SPECIAL_DEFENSE=0, SPEED=0] to [ACCURACY=100, EVASION=100, ATTACK=2, DEFENSE=3, SPECIAL_ATTACK=3, SPECIAL_DEFENSE=3, SPEED=3] delta: ATTACK=-2, DEFENSE=-3, SPECIAL_ATTACK=-3, SPECIAL_DEFENSE=-3, SPEED=-3
Aerodactyl stats changed from [ACCURACY=100, EVASION=100, ATTACK=0, DEFENSE=0, SPECIAL_ATTACK=0, SPECIAL_DEFENSE=0, SPEED=0] to [ACCURACY=100, EVASION=100, ATTACK=2, DEFENSE=3, SPECIAL_ATTACK=3, SPECIAL_DEFENSE=3, SPEED=2] delta: ATTACK=-2, DEFENSE=-3, SPECIAL_ATTACK=-3, SPECIAL_DEFENSE=-3, SPEED=-2
Axew stats changed from [ACCURACY=100, EVASION=100, ATTACK=0, DEFENSE=0, SPECIAL_ATTACK=0, SPECIAL_DEFENSE=0, SPEED=0] to [ACCURACY=100, EVASION=100, ATTACK=3, DEFENSE=3, SPECIAL_ATTACK=4, SPECIAL_DEFENSE=4, SPEED=3] delta: ATTACK=-3, DEFENSE=-3, SPECIAL_ATTACK=-4, SPECIAL_DEFENSE=-4, SPEED=-3
Scolipede stats changed from [ACCURACY=100, EVASION=100, ATTACK=0, DEFENSE=0, SPECIAL_ATTACK=0, SPECIAL_DEFENSE=0, SPEED=0] to [ACCURACY=100, EVASION=100, ATTACK=3, DEFENSE=3, SPECIAL_ATTACK=3, SPECIAL_DEFENSE=3, SPEED=2] delta: ATTACK=-3, DEFENSE=-3, SPECIAL_ATTACK=-3, SPECIAL_DEFENSE=-3, SPEED=-2
Hattrem stats changed from [ACCURACY=100, EVASION=100, ATTACK=0, DEFENSE=0, SPECIAL_ATTACK=0, SPECIAL_DEFENSE=0, SPEED=0] to [ACCURACY=100, EVASION=100, ATTACK=4, DEFENSE=3, SPECIAL_ATTACK=3, SPECIAL_DEFENSE=3, SPEED=4] delta: ATTACK=-4, DEFENSE=-3, SPECIAL_ATTACK=-3, SPECIAL_DEFENSE=-3, SPEED=-4
Kyogre stats changed from [ACCURACY=100, EVASION=100, ATTACK=0, DEFENSE=0, SPECIAL_ATTACK=0, SPECIAL_DEFENSE=0, SPEED=0] to [ACCURACY=100, EVASION=100, ATTACK=3, DEFENSE=3, SPECIAL_ATTACK=2, SPECIAL_DEFENSE=2, SPEED=3] delta: ATTACK=-3, DEFENSE=-3, SPECIAL_ATTACK=-2, SPECIAL_DEFENSE=-2, SPEED=-3
Metagross stats changed from [ACCURACY=100, EVASION=100, ATTACK=0, DEFENSE=0, SPECIAL_ATTACK=0, SPECIAL_DEFENSE=0, SPEED=0] to [ACCURACY=100, EVASION=100, ATTACK=2, DEFENSE=2, SPECIAL_ATTACK=3, SPECIAL_DEFENSE=3, SPEED=3] delta: ATTACK=-2, DEFENSE=-2, SPECIAL_ATTACK=-3, SPECIAL_DEFENSE=-3, SPEED=-3
Naganadel stats changed from [ACCURACY=100, EVASION=100, ATTACK=0, DEFENSE=0, SPECIAL_ATTACK=0, SPECIAL_DEFENSE=0, SPEED=0] to [ACCURACY=100, EVASION=100, ATTACK=3, DEFENSE=3, SPECIAL_ATTACK=2, SPECIAL_DEFENSE=3, SPEED=2] delta: ATTACK=-3, DEFENSE=-3, SPECIAL_ATTACK=-2, SPECIAL_DEFENSE=-3, SPEED=-2
Aron stats changed from [ACCURACY=100, EVASION=100, ATTACK=0, DEFENSE=0, SPECIAL_ATTACK=0, SPECIAL_DEFENSE=0, SPEED=0] to [ACCURACY=100, EVASION=100, ATTACK=3, DEFENSE=3, SPECIAL_ATTACK=4, SPECIAL_DEFENSE=4, SPEED=4] delta: ATTACK=-3, DEFENSE=-3, SPECIAL_ATTACK=-4, SPECIAL_DEFENSE=-4, SPEED=-4
Arceus stats changed from [ACCURACY=100, EVASION=100, ATTACK=0, DEFENSE=0, SPECIAL_ATTACK=0, SPECIAL_DEFENSE=0, SPEED=0] to [ACCURACY=100, EVASION=100, ATTACK=2, DEFENSE=2, SPECIAL_ATTACK=2, SPECIAL_DEFENSE=2, SPEED=2] delta: ATTACK=-2, DEFENSE=-2, SPECIAL_ATTACK=-2, SPECIAL_DEFENSE=-2, SPEED=-2
Battle Message: literal{Primeape} summoned some nearby allies to assist them
Primeape stats changed from [ACCURACY=100, EVASION=100, ATTACK=2, DEFENSE=3, SPECIAL_ATTACK=3, SPECIAL_DEFENSE=3, SPEED=3] to [ACCURACY=100, EVASION=100, ATTACK=113, DEFENSE=81, SPECIAL_ATTACK=70, SPECIAL_DEFENSE=69, SPEED=113] delta: ATTACK=-111, DEFENSE=-78, SPECIAL_ATTACK=-67, SPECIAL_DEFENSE=-66, SPEED=-110
Pinsir stats changed from [ACCURACY=100, EVASION=100, ATTACK=2, DEFENSE=3, SPECIAL_ATTACK=3, SPECIAL_DEFENSE=3, SPEED=3] to [ACCURACY=100, EVASION=100, ATTACK=142, DEFENSE=107, SPECIAL_ATTACK=72, SPECIAL_DEFENSE=86, SPEED=100] delta: ATTACK=-140, DEFENSE=-104, SPECIAL_ATTACK=-69, SPECIAL_DEFENSE=-83, SPEED=-97
Aerodactyl stats changed from [ACCURACY=100, EVASION=100, ATTACK=2, DEFENSE=3, SPECIAL_ATTACK=3, SPECIAL_DEFENSE=3, SPEED=2] to [ACCURACY=100, EVASION=100, ATTACK=67, DEFENSE=50, SPECIAL_ATTACK=40, SPECIAL_DEFENSE=55, SPEED=81] delta: ATTACK=-65, DEFENSE=-47, SPECIAL_ATTACK=-37, SPECIAL_DEFENSE=-52, SPEED=-79
Axew stats changed from [ACCURACY=100, EVASION=100, ATTACK=3, DEFENSE=3, SPECIAL_ATTACK=4, SPECIAL_DEFENSE=4, SPEED=3] to [ACCURACY=100, EVASION=100, ATTACK=62, DEFENSE=51, SPECIAL_ATTACK=37, SPECIAL_DEFENSE=39, SPEED=56] delta: ATTACK=-59, DEFENSE=-48, SPECIAL_ATTACK=-33, SPECIAL_DEFENSE=-35, SPEED=-53
Scolipede stats changed from [ACCURACY=100, EVASION=100, ATTACK=3, DEFENSE=3, SPECIAL_ATTACK=3, SPECIAL_DEFENSE=3, SPEED=2] to [ACCURACY=100, EVASION=100, ATTACK=95, DEFENSE=86, SPECIAL_ATTACK=60, SPECIAL_DEFENSE=77, SPEED=116] delta: ATTACK=-92, DEFENSE=-83, SPECIAL_ATTACK=-57, SPECIAL_DEFENSE=-74, SPEED=-114
Hattrem stats changed from [ACCURACY=100, EVASION=100, ATTACK=4, DEFENSE=3, SPECIAL_ATTACK=3, SPECIAL_DEFENSE=3, SPEED=4] to [ACCURACY=100, EVASION=100, ATTACK=31, DEFENSE=51, SPECIAL_ATTACK=61, SPECIAL_DEFENSE=57, SPEED=49] delta: ATTACK=-27, DEFENSE=-48, SPECIAL_ATTACK=-58, SPECIAL_DEFENSE=-54, SPEED=-45
Battle Message: Pinsir breaks the mold!
Primeape selected attack Fling for Primeape targeting Hattrem and opted to mega evolve
translation{key='pixelmon.pinsir', args=[]} weighted their choices as follows:  Harden, Tier 0, Weight 0.0;  Bind, Tier 2, Weight 23.255816;  Bug Bite, Tier 3, Weight 100.0;  Storm Throw, Tier 2, Weight 66.27907;  
translation{key='pixelmon.pinsir', args=[]} decided their best choices were:  Bug Bite, Tier 3, Weight 100.0;  
Pinsir selected attack Bug Bite for Pinsir targeting Hattrem and opted to mega evolve
translation{key='pixelmon.aerodactyl', args=[]} weighted their choices as follows:  Ancient Power, Tier 2, Weight 24.418604;  Wing Attack, Tier 2, Weight 41.860466;  Roar, Tier 0, Weight 0.0;  Crunch, Tier 2, Weight 72.093025;  
translation{key='pixelmon.aerodactyl', args=[]} decided their best choices were:  Crunch, Tier 2, Weight 72.093025;  
Aerodactyl selected attack Crunch for Aerodactyl targeting Hattrem and opted to mega evolve
translation{key='pixelmon.axew', args=[]} weighted their choices as follows:  False Swipe, Tier 2, Weight 26.744186;  Assurance, Tier 3, Weight 100.0;  Dragon Dance, Tier 0, Weight 0.0;  Focus Energy, Tier 0, Weight 0.0;  
translation{key='pixelmon.axew', args=[]} decided their best choices were:  Assurance, Tier 3, Weight 100.0;  
Axew selected attack Assurance for Axew targeting Hattrem and opted to mega evolve
translation{key='pixelmon.scolipede', args=[]} weighted their choices as follows:  Baton Pass, Tier 0, Weight 0.0;  Poison Tail, Tier 2, Weight 67.441864;  Screech, Tier 0, Weight 0.0;  Venoshock, Tier 2, Weight 50.0;  
translation{key='pixelmon.scolipede', args=[]} decided their best choices were:  Poison Tail, Tier 2, Weight 67.441864;  
Scolipede selected attack Poison Tail for Scolipede targeting Hattrem and opted to mega evolve

BATTLE ENDED

BATTLE ENDED
Caught error in battle. Continuing...
Attempted to load class net/minecraft/client/resources/sounds/SoundInstance for invalid dist DEDICATED_SERVER
MC-BOOTSTRAP/fml_loader@4.0.41/net.neoforged.fml.common.asm.RuntimeDistCleaner.processClassWithFlags(RuntimeDistCleaner.java:60)
MC-BOOTSTRAP/cpw.mods.modlauncher@11.0.5/cpw.mods.modlauncher.LaunchPluginHandler.offerClassNodeToPlugins(LaunchPluginHandler.java:94)
MC-BOOTSTRAP/cpw.mods.modlauncher@11.0.5/cpw.mods.modlauncher.ClassTransformer.transform(ClassTransformer.java:120)
MC-BOOTSTRAP/cpw.mods.modlauncher@11.0.5/cpw.mods.modlauncher.TransformingClassLoader.maybeTransformClassBytes(TransformingClassLoader.java:57)
cpw.mods.securejarhandler/cpw.mods.cl.ModuleClassLoader.readerToClass(ModuleClassLoader.java:190)
cpw.mods.securejarhandler/cpw.mods.cl.ModuleClassLoader.lambda$findClass$20(ModuleClassLoader.java:298)
cpw.mods.securejarhandler/cpw.mods.cl.ModuleClassLoader.loadFromModule(ModuleClassLoader.java:311)
cpw.mods.securejarhandler/cpw.mods.cl.ModuleClassLoader.findClass(ModuleClassLoader.java:298)
cpw.mods.securejarhandler/cpw.mods.cl.ModuleClassLoader.loadClass(ModuleClassLoader.java:214)
java.base/java.lang.ClassLoader.loadClass(Unknown Source)
TRANSFORMER/pixelmon@9.3.9/com.pixelmonmod.pixelmon.battles.controller.participants.PlayerParticipant.forfeitBattleForBeingTooFarAway(PlayerParticipant.java:666)
TRANSFORMER/pixelmon@9.3.9/com.pixelmonmod.pixelmon.battles.controller.participants.PlayerParticipant.handlePlayerDistanceFromBattle(PlayerParticipant.java:647)
TRANSFORMER/pixelmon@9.3.9/com.pixelmonmod.pixelmon.battles.controller.participants.PlayerParticipant.tick(PlayerParticipant.java:451)
TRANSFORMER/pixelmon@9.3.9/com.pixelmonmod.pixelmon.battles.controller.BattleController.onUpdate(BattleController.java:1135)
TRANSFORMER/pixelmon@9.3.9/com.pixelmonmod.pixelmon.battles.controller.BattleController.update(BattleController.java:511)
TRANSFORMER/pixelmon@9.3.9/com.pixelmonmod.pixelmon.battles.BattleRegistry.updateBattles(BattleRegistry.java:202)
TRANSFORMER/pixelmon@9.3.9/com.pixelmonmod.pixelmon.battles.BattleTickHandler.tickStart(BattleTickHandler.java:10)
MC-BOOTSTRAP/net.neoforged.bus/net.neoforged.bus.EventBus.post(EventBus.java:360)
MC-BOOTSTRAP/net.neoforged.bus/net.neoforged.bus.EventBus.post(EventBus.java:328)
TRANSFORMER/neoforge@21.1.209/net.neoforged.neoforge.event.EventHooks.fireServerTickPost(EventHooks.java:1020)
TRANSFORMER/minecraft@1.21.1/net.minecraft.server.MinecraftServer.tickServer(MinecraftServer.java:943)
TRANSFORMER/minecraft@1.21.1/net.minecraft.server.MinecraftServer.runServer(MinecraftServer.java:707)
TRANSFORMER/minecraft@1.21.1/net.minecraft.server.MinecraftServer.lambda$spin$2(MinecraftServer.java:267)
java.base/java.lang.Thread.run(Unknown Source)
