Pixelmon Version 9.3.9
Battle data 2025-11-18T16:04:34.025026735Z

Team #0 WildPixelmonParticipant Bellibolt pixelmon:ultra_space (3859.9983370487043, 66.0, -5200.351803668352) 
	Bellibolt {Ability:"Static",CaughtBall:"poke_ball",DoesLevel:1b,DynamaxLevel:0,EVAttack:0s,EVDefense:0s,EVHP:0s,EVSpecialAttack:0s,EVSpecialDefense:0s,EVSpeed:0s,EXP:0,Friendship:0s,Gender:1b,GigantamaxFactor:0b,Health:163,IVAttack:4b,IVDefense:9b,IVHP:23b,IVSpAtt:3b,IVSpDef:24b,IVSpeed:19b,Level:45,Moveset:[{MoveID:"Thunder Shock",MovePP:30b},{MoveID:"Water Gun",MovePP:25b},{MoveID:"Charge",MovePP:20b},{MoveID:"Weather Ball",MovePP:10b}],NBT_VERSION:2b,Nature:12b,PAbilitySlot:1,PHiddenAbility:0b,PersistentData:{},Pokerus:{Announced:0b,Type:0s},RelrnMoves:["Water Gun","Thunder Shock","Charge"],Size:86.7215985325999d,SpecFlags:[],StatsAttack:64s,StatsDefense:99s,StatsHP:163s,StatsSpecialAttack:99s,StatsSpecialDefense:81s,StatsSpeed:54s,UUID:[I;1683557268,-619688475,-1287151293,-1966706283],Variant:"base",eggCycles:-1,ndex:939,palette:"none",ribbons2:[]}
Team #0 WildPixelmonParticipant Toxtricity pixelmon:ultra_space (3858.5, 66.0, -5203.5) 
	Toxtricity {Ability:"PunkRock",CaughtBall:"poke_ball",DoesLevel:1b,DynamaxLevel:0,EVAttack:0s,EVDefense:0s,EVHP:0s,EVSpecialAttack:0s,EVSpecialDefense:0s,EVSpeed:0s,EXP:0,Friendship:0s,Gender:1b,GigantamaxFactor:0b,Health:90,IVAttack:7b,IVDefense:0b,IVHP:19b,IVSpAtt:19b,IVSpDef:9b,IVSpeed:4b,Level:30,Moveset:[{MoveID:"Acid Spray",MovePP:20b},{MoveID:"Spark",MovePP:20b},{MoveID:"Screech",MovePP:40b},{MoveID:"Swagger",MovePP:15b}],NBT_VERSION:2b,Nature:13b,PAbilitySlot:0,PHiddenAbility:0b,PersistentData:{},Pokerus:{Announced:0b,Type:0s},RelrnMoves:["Acid Spray","Spark","Screech"],Size:163.6454607164554d,SpecFlags:[],StatsAttack:58s,StatsDefense:47s,StatsHP:90s,StatsSpecialAttack:79s,StatsSpecialDefense:49s,StatsSpeed:56s,UUID:[I;1031068943,2114864062,-2102159166,785634271],Variant:"lowkey",eggCycles:-1,ndex:849,palette:"none",ribbons2:[]}
Team #0 WildPixelmonParticipant Bellibolt pixelmon:ultra_space (3864.5, 66.0, -5202.5) 
	Bellibolt {Ability:"Static",CaughtBall:"poke_ball",DoesLevel:1b,DynamaxLevel:0,EVAttack:0s,EVDefense:0s,EVHP:0s,EVSpecialAttack:0s,EVSpecialDefense:0s,EVSpeed:0s,EXP:0,Friendship:0s,Gender:1b,GigantamaxFactor:0b,Health:158,IVAttack:5b,IVDefense:29b,IVHP:13b,IVSpAtt:18b,IVSpDef:14b,IVSpeed:0b,Level:45,Moveset:[{MoveID:"Tackle",MovePP:35b},{MoveID:"Spark",MovePP:20b},{MoveID:"Flail",MovePP:15b},{MoveID:"Discharge",MovePP:15b}],NBT_VERSION:2b,Nature:12b,PAbilitySlot:1,PHiddenAbility:0b,PersistentData:{},Pokerus:{Announced:0b,Type:0s},RelrnMoves:["Tackle","Flail","Spark"],Size:93.16492081559018d,SpecFlags:[],StatsAttack:64s,StatsDefense:108s,StatsHP:158s,StatsSpecialAttack:105s,StatsSpecialDefense:77s,StatsSpeed:45s,UUID:[I;942229646,-1372699993,-1939163615,-1167926216],Variant:"base",eggCycles:-1,ndex:939,palette:"none",ribbons2:[]}
Team #0 WildPixelmonParticipant Magneton pixelmon:ultra_space (3861.5, 66.0, -5198.5) 
	Magneton {Ability:"MagnetPull",CaughtBall:"poke_ball",DoesLevel:1b,DynamaxLevel:0,EVAttack:0s,EVDefense:0s,EVHP:0s,EVSpecialAttack:0s,EVSpecialDefense:0s,EVSpeed:0s,EXP:0,Friendship:0s,Gender:2b,GigantamaxFactor:0b,Health:112,IVAttack:29b,IVDefense:3b,IVHP:5b,IVSpAtt:25b,IVSpDef:14b,IVSpeed:17b,Level:50,Moveset:[{MoveID:"Thunder Shock",MovePP:30b},{MoveID:"Thunder Wave",MovePP:20b},{MoveID:"Spark",MovePP:20b},{MoveID:"Screech",MovePP:40b}],NBT_VERSION:2b,Nature:13b,PAbilitySlot:0,PHiddenAbility:0b,PersistentData:{},Pokerus:{Announced:0b,Type:0s},RelrnMoves:["Thunder Shock","Spark","Thunder Wave"],Size:123.8214999191549d,SpecFlags:[],StatsAttack:71s,StatsDefense:101s,StatsHP:112s,StatsSpecialAttack:137s,StatsSpecialDefense:82s,StatsSpeed:91s,UUID:[I;2009720914,1374702286,-2104797517,932707928],Variant:"base",eggCycles:-1,ndex:82,palette:"none",ribbons2:[]}
Team #0 WildPixelmonParticipant Beldum pixelmon:ultra_space (3863.5, 66.0, -5199.5) 
	Beldum {Ability:"ClearBody",CaughtBall:"poke_ball",DoesLevel:1b,DynamaxLevel:0,EVAttack:0s,EVDefense:0s,EVHP:0s,EVSpecialAttack:0s,EVSpecialDefense:0s,EVSpeed:0s,EXP:0,Friendship:0s,Gender:2b,GigantamaxFactor:0b,Health:47,HeldItemStack:{count:1,id:"pixelmon:metal_coat"},IVAttack:11b,IVDefense:3b,IVHP:7b,IVSpAtt:0b,IVSpDef:26b,IVSpeed:14b,Level:20,Moveset:[{MoveID:"Tackle",MovePP:35b}],NBT_VERSION:2b,Nature:24b,PAbilitySlot:0,PHiddenAbility:0b,PersistentData:{},Pokerus:{Announced:0b,Type:0s},RelrnMoves:[],Size:54.36302953508988d,SpecFlags:[],StatsAttack:29s,StatsDefense:37s,StatsHP:47s,StatsSpecialAttack:17s,StatsSpecialDefense:37s,StatsSpeed:19s,UUID:[I;-166310109,256199350,-1236697981,1370406878],Variant:"base",eggCycles:-1,ndex:374,palette:"none",ribbons2:[]}
Team #1 PlayerParticipant ootodl pixelmon:ultra_space (3843.7298477106733, 68.53850040106997, -5222.122507048521) 
	Aron {Ability:"Sturdy",CaughtBall:"poke_ball",DoesLevel:0b,DynamaxLevel:0,EVAttack:184s,EVDefense:247s,EVHP:17s,EVSpecialAttack:29s,EVSpecialDefense:12s,EVSpeed:21s,EXP:0,Friendship:35s,Gender:0b,GigantamaxFactor:0b,Health:0,HeldItemStack:{count:1,id:"pixelmon:shell_bell"},IVAttack:7b,IVDefense:6b,IVHP:22b,IVSpAtt:14b,IVSpDef:19b,IVSpeed:3b,Level:1,MoveSkillCooldown:[{MoveSkillCooldownCurrent:1762375525284L,MoveSkillCooldownId:"forage",MoveSkillCooldownTarget:1762375550284L}],Moveset:[{MoveID:"Endeavor",MovePP:5b},{MoveID:"Stealth Rock",MovePP:20b},{MoveID:"Aerial Ace",MovePP:20b},{MoveID:"Protect",MovePP:10b}],NBT_VERSION:2b,Nature:5b,PAbilitySlot:0,PHiddenAbility:0b,PersistentData:{},Pokerus:{Announced:0b,Type:0s},RelrnMoves:["Endeavor","Tackle","Stealth Rock","Aerial Ace","Ancient Power","Harden"],Size:70.39756754484455d,SpecFlags:[],StatsAttack:6s,StatsDefense:6s,StatsHP:12s,StatsSpecialAttack:6s,StatsSpecialDefense:6s,StatsSpeed:5s,UUID:[I;1771948924,-1989261577,-2020454325,-391739958],Variant:"base",eggCycles:-1,ndex:304,originalTrainer:"lame1202",originalTrainerUUID:[I;-812478946,543770915,-1079866976,-1753718133],palette:"none",ribbons2:[]}
	IronTreads {Ability:"QuarkDrive",CaughtBall:"ultra_ball",DoesLevel:1b,DynamaxLevel:0,EVAttack:252s,EVDefense:177s,EVHP:1s,EVSpecialAttack:63s,EVSpecialDefense:4s,EVSpeed:13s,EXP:34694,Friendship:28s,Gender:2b,GigantamaxFactor:0b,Health:303,HeldItemStack:{count:1,id:"pixelmon:rocky_helmet"},IVAttack:0b,IVDefense:19b,IVHP:22b,IVSpAtt:15b,IVSpDef:31b,IVSpeed:13b,Level:97,MoveSkillCooldown:[{MoveSkillCooldownCurrent:1763304585820L,MoveSkillCooldownId:"ore_sense",MoveSkillCooldownTarget:1763304705820L}],Moveset:[{MoveID:"Iron Defense",MovePP:15b},{MoveID:"Metal Sound",MovePP:40b},{MoveID:"Iron Head",MovePP:15b},{MoveID:"Earthquake",MovePP:10b}],NBT_VERSION:2b,Nature:11b,PAbilitySlot:0,PHiddenAbility:0b,PersistentData:{},Pokerus:{Announced:1b,Type:0s},RelrnMoves:["Electric Terrain","Endeavor","Rapid Spin","Heavy Slam","Earthquake","Horn Attack","Wild Charge","Iron Defense","Iron Head"],Size:78.12419348751072d,SpecFlags:[],StatsAttack:283s,StatsDefense:328s,StatsHP:303s,StatsSpecialAttack:156s,StatsSpecialDefense:171s,StatsSpeed:226s,UUID:[I;1279146968,1160466108,-2001504577,1615458787],Variant:"base",eggCycles:-1,ndex:990,originalTrainer:"ootodl",originalTrainerUUID:[I;1141033193,-808041599,-1379937266,-349334450],palette:"none",ribbons2:[]}
	Greninja {Ability:"Torrent",CaughtBall:"poke_ball",DoesLevel:1b,DynamaxLevel:0,EVAttack:97s,EVDefense:114s,EVHP:20s,EVSpecialAttack:71s,EVSpecialDefense:14s,EVSpeed:74s,EXP:3204,Friendship:18s,Gender:0b,GigantamaxFactor:0b,Health:162,HeldItemStack:{count:1,id:"pixelmon:lucky_egg"},IVAttack:17b,IVDefense:25b,IVHP:10b,IVSpAtt:25b,IVSpDef:20b,IVSpeed:21b,Level:59,MoveSkillCooldown:[{MoveSkillCooldownCurrent:1763320251546L,MoveSkillCooldownId:"ground",MoveSkillCooldownTarget:1763320296546L}],Moveset:[{MoveID:"Smokescreen",MovePP:20b},{MoveID:"Extrasensory",MovePP:20b},{MoveID:"Smack Down",MovePP:15b},{MoveID:"Water Shuriken",MovePP:20b}],NBT_VERSION:2b,Nature:2b,PAbilitySlot:0,PHiddenAbility:0b,PersistentData:{},Pokerus:{Announced:0b,Type:0s},RelrnMoves:["Water Gun","Quick Attack","Lick","Smack Down","Growl","Smokescreen","Water Shuriken"],Size:189.81280139240192d,SpecFlags:[],StatsAttack:141s,StatsDefense:115s,StatsHP:162s,StatsSpecialAttack:151s,StatsSpecialDefense:102s,StatsSpeed:172s,UUID:[I;87039565,1828342704,-1510327759,-2046487460],Variant:"base",eggCycles:-1,ndex:658,originalTrainer:"ootodl",originalTrainerUUID:[I;1141033193,-808041599,-1379937266,-349334450],palette:"alter",ribbons2:[]}
	Charizard {Ability:"Blaze",CaughtBall:"poke_ball",DoesLevel:1b,DynamaxLevel:0,EVAttack:205s,EVDefense:164s,EVHP:16s,EVSpecialAttack:69s,EVSpecialDefense:16s,EVSpeed:40s,EXP:0,FormattedNickname:'{"text":"","extra":["리자몽"]}',Friendship:248s,Gender:0b,GigantamaxFactor:0b,Health:296,HeldItemStack:{count:1,id:"pixelmon:leftovers"},IVAttack:23b,IVDefense:3b,IVHP:26b,IVSpAtt:22b,IVSpDef:21b,IVSpeed:13b,Level:100,MoveSkillCooldown:[{MoveSkillCooldownCurrent:1762707969494L,MoveSkillCooldownId:"ignite",MoveSkillCooldownTarget:1762708009494L}],Moveset:[{MoveID:"Heat Wave",MovePP:10b},{MoveID:"Dragon Pulse",MovePP:10b},{MoveID:"Overheat",MovePP:5b},{MoveID:"False Swipe",MovePP:40b}],NBT_VERSION:2b,Nature:4b,PAbilitySlot:0,PHiddenAbility:0b,PersistentData:{},Pokerus:{Announced:1b,Type:0s},RelrnMoves:["False Swipe","Dragon Pulse","Flamethrower","Dragon Breath","Air Slash","Growl","Inferno","Overheat","Smokescreen","Fire Fang","Scratch","Fire Spin","Ember","Heat Wave"],Size:216.6912739956298d,SpecFlags:[],StatsAttack:247s,StatsDefense:205s,StatsHP:296s,StatsSpecialAttack:262s,StatsSpecialDefense:200s,StatsSpeed:228s,UUID:[I;-443457251,642927920,-1949964527,109174676],Variant:"base",eggCycles:-1,ndex:6,originalTrainer:"ootodl",originalTrainerUUID:[I;1141033193,-808041599,-1379937266,-349334450],palette:"none",ribbon_display2:{received:1761663791716L,receiver:'""',type:"destiny"},ribbons2:[{received:1761663791716L,receiver:'""',type:"destiny"}]}
	Garchomp {Ability:"SandVeil",CaughtBall:"ultra_ball",DoesLevel:1b,DynamaxLevel:0,EVAttack:162s,EVDefense:164s,EVHP:7s,EVSpecialAttack:95s,EVSpecialDefense:22s,EVSpeed:60s,EXP:1186,Friendship:70s,Gender:0b,GigantamaxFactor:0b,Health:230,HeldItemStack:{count:1,id:"pixelmon:focus_sash"},IVAttack:28b,IVDefense:23b,IVHP:27b,IVSpAtt:21b,IVSpDef:31b,IVSpeed:4b,Level:64,Moveset:[{MoveID:"Draco Meteor",MovePP:5b},{MoveID:"Crunch",MovePP:15b},{MoveID:"Dragon Claw",MovePP:15b},{MoveID:"Earth Power",MovePP:10b}],NBT_VERSION:2b,Nature:14b,PAbilitySlot:0,PHiddenAbility:0b,PersistentData:{},Pokerus:{Announced:0b,Type:0s},RelrnMoves:["Dragon Breath","Sand Attack","Bite","Earth Power","Bulldoze","Dragon Claw","Crunch"],Size:175.6459662084312d,SpecFlags:[],StatsAttack:215s,StatsDefense:150s,StatsHP:230s,StatsSpecialAttack:136s,StatsSpecialDefense:137s,StatsSpeed:161s,UUID:[I;1329278018,-608680319,-1274161708,815353687],Variant:"base",eggCycles:-1,ndex:445,originalTrainer:"ootodl",originalTrainerUUID:[I;1141033193,-808041599,-1379937266,-349334450],palette:"none",ribbons2:[]}
	Necrozma {Ability:"PrismArmor",CaughtBall:"master_ball",DoesLevel:1b,DynamaxLevel:0,EVAttack:38s,EVDefense:47s,EVHP:36s,EVSpecialAttack:35s,EVSpecialDefense:9s,EVSpeed:39s,EXP:3582,Friendship:28s,Gender:2b,GigantamaxFactor:0b,Health:250,HeldItemStack:{count:1,id:"pixelmon:lucky_egg"},IVAttack:8b,IVDefense:31b,IVHP:31b,IVSpAtt:29b,IVSpDef:21b,IVSpeed:31b,Level:72,MoveSkillCooldown:[{MoveSkillCooldownCurrent:1762879625273L,MoveSkillCooldownId:"open_wormhole",MoveSkillCooldownTarget:1762880525273L}],Moveset:[{MoveID:"Cosmic Power",MovePP:20b},{MoveID:"Psychic",MovePP:10b},{MoveID:"Photon Geyser",MovePP:5b},{MoveID:"Moongeist Beam",MovePP:5b}],NBT_VERSION:2b,Nature:17b,PAbilitySlot:0,PHiddenAbility:0b,PersistentData:{FusedPokemon:{Ability:"ShadowShield",CaughtBall:"master_ball",DoesLevel:1b,DynamaxLevel:10,EVAttack:0s,EVDefense:0s,EVHP:0s,EVSpecialAttack:0s,EVSpecialDefense:0s,EVSpeed:0s,EXP:0,Friendship:0s,Gender:2b,GigantamaxFactor:0b,Health:289,IVAttack:31b,IVDefense:31b,IVHP:31b,IVSpAtt:31b,IVSpDef:28b,IVSpeed:31b,Level:69,Moveset:[{MoveID:"Teleport",MovePP:20b},{MoveID:"Moonlight",MovePP:5b},{MoveID:"Night Daze",MovePP:10b},{MoveID:"Psychic",MovePP:10b}],NBT_VERSION:2b,Nature:18b,PAbilitySlot:0,PHiddenAbility:0b,PersistentData:{},Pokerus:{Announced:0b,Type:0s},RelrnMoves:["Moonlight","Night Daze","Shadow Ball","Confusion","Teleport","Moongeist Beam"],Size:381.59440336859046d,SpecFlags:[],StatsAttack:182s,StatsDefense:134s,StatsHP:289s,StatsSpecialAttack:236s,StatsSpecialDefense:171s,StatsSpeed:160s,UUID:[I;-1558164410,2124368610,-1296351061,-509366367],Variant:"base",eggCycles:-1,ndex:792,originalTrainer:"ootodl",originalTrainerUUID:[I;1141033193,-808041599,-1379937266,-349334450],palette:"none",ribbons2:[]}},Pokerus:{Announced:0b,Type:0s},RelrnMoves:["Psychic","Cosmic Power","Psycho Cut","Iron Defense","Rock Blast","Moongeist Beam","Power Gem"],Size:593.7189954572792d,SpecFlags:[],StatsAttack:162s,StatsDefense:192s,StatsHP:250s,StatsSpecialAttack:283s,StatsSpecialDefense:204s,StatsSpeed:145s,UUID:[I;1119583021,-1411626219,-1684254232,742874154],Variant:"dawn",eggCycles:-1,ndex:800,originalTrainer:"Bluegum_",originalTrainerUUID:[I;-18226562,-815576607,-1945710123,1042587051],palette:"none",ribbons2:[]}

Turn #0 has begun
 Terrain: NONE[5 turns remaining]
 Weather: none
 Pokemon: 

Bellibolt stats changed from [ACCURACY=100, EVASION=100, ATTACK=0, DEFENSE=0, SPECIAL_ATTACK=0, SPECIAL_DEFENSE=0, SPEED=0] to [ACCURACY=100, EVASION=100, ATTACK=3, DEFENSE=3, SPECIAL_ATTACK=2, SPECIAL_DEFENSE=3, SPEED=4] delta: ATTACK=-3, DEFENSE=-3, SPECIAL_ATTACK=-2, SPECIAL_DEFENSE=-3, SPEED=-4
Toxtricity stats changed from [ACCURACY=100, EVASION=100, ATTACK=0, DEFENSE=0, SPECIAL_ATTACK=0, SPECIAL_DEFENSE=0, SPEED=0] to [ACCURACY=100, EVASION=100, ATTACK=3, DEFENSE=3, SPECIAL_ATTACK=2, SPECIAL_DEFENSE=3, SPEED=3] delta: ATTACK=-3, DEFENSE=-3, SPECIAL_ATTACK=-2, SPECIAL_DEFENSE=-3, SPEED=-3
Bellibolt stats changed from [ACCURACY=100, EVASION=100, ATTACK=0, DEFENSE=0, SPECIAL_ATTACK=0, SPECIAL_DEFENSE=0, SPEED=0] to [ACCURACY=100, EVASION=100, ATTACK=3, DEFENSE=3, SPECIAL_ATTACK=2, SPECIAL_DEFENSE=3, SPEED=4] delta: ATTACK=-3, DEFENSE=-3, SPECIAL_ATTACK=-2, SPECIAL_DEFENSE=-3, SPEED=-4
Magneton stats changed from [ACCURACY=100, EVASION=100, ATTACK=0, DEFENSE=0, SPECIAL_ATTACK=0, SPECIAL_DEFENSE=0, SPEED=0] to [ACCURACY=100, EVASION=100, ATTACK=3, DEFENSE=3, SPECIAL_ATTACK=2, SPECIAL_DEFENSE=3, SPEED=3] delta: ATTACK=-3, DEFENSE=-3, SPECIAL_ATTACK=-2, SPECIAL_DEFENSE=-3, SPEED=-3
Beldum stats changed from [ACCURACY=100, EVASION=100, ATTACK=0, DEFENSE=0, SPECIAL_ATTACK=0, SPECIAL_DEFENSE=0, SPEED=0] to [ACCURACY=100, EVASION=100, ATTACK=3, DEFENSE=3, SPECIAL_ATTACK=4, SPECIAL_DEFENSE=3, SPEED=4] delta: ATTACK=-3, DEFENSE=-3, SPECIAL_ATTACK=-4, SPECIAL_DEFENSE=-3, SPEED=-4
Aron stats changed from [ACCURACY=100, EVASION=100, ATTACK=0, DEFENSE=0, SPECIAL_ATTACK=0, SPECIAL_DEFENSE=0, SPEED=0] to [ACCURACY=100, EVASION=100, ATTACK=3, DEFENSE=3, SPECIAL_ATTACK=4, SPECIAL_DEFENSE=4, SPEED=4] delta: ATTACK=-3, DEFENSE=-3, SPECIAL_ATTACK=-4, SPECIAL_DEFENSE=-4, SPEED=-4
IronTreads stats changed from [ACCURACY=100, EVASION=100, ATTACK=0, DEFENSE=0, SPECIAL_ATTACK=0, SPECIAL_DEFENSE=0, SPEED=0] to [ACCURACY=100, EVASION=100, ATTACK=2, DEFENSE=2, SPECIAL_ATTACK=3, SPECIAL_DEFENSE=3, SPEED=2] delta: ATTACK=-2, DEFENSE=-2, SPECIAL_ATTACK=-3, SPECIAL_DEFENSE=-3, SPEED=-2
Greninja stats changed from [ACCURACY=100, EVASION=100, ATTACK=0, DEFENSE=0, SPECIAL_ATTACK=0, SPECIAL_DEFENSE=0, SPEED=0] to [ACCURACY=100, EVASION=100, ATTACK=3, DEFENSE=3, SPECIAL_ATTACK=2, SPECIAL_DEFENSE=3, SPEED=2] delta: ATTACK=-3, DEFENSE=-3, SPECIAL_ATTACK=-2, SPECIAL_DEFENSE=-3, SPEED=-2
Charizard stats changed from [ACCURACY=100, EVASION=100, ATTACK=0, DEFENSE=0, SPECIAL_ATTACK=0, SPECIAL_DEFENSE=0, SPEED=0] to [ACCURACY=100, EVASION=100, ATTACK=3, DEFENSE=3, SPECIAL_ATTACK=2, SPECIAL_DEFENSE=3, SPEED=3] delta: ATTACK=-3, DEFENSE=-3, SPECIAL_ATTACK=-2, SPECIAL_DEFENSE=-3, SPEED=-3
Garchomp stats changed from [ACCURACY=100, EVASION=100, ATTACK=0, DEFENSE=0, SPECIAL_ATTACK=0, SPECIAL_DEFENSE=0, SPEED=0] to [ACCURACY=100, EVASION=100, ATTACK=2, DEFENSE=3, SPECIAL_ATTACK=3, SPECIAL_DEFENSE=3, SPEED=2] delta: ATTACK=-2, DEFENSE=-3, SPECIAL_ATTACK=-3, SPECIAL_DEFENSE=-3, SPEED=-2
Necrozma stats changed from [ACCURACY=100, EVASION=100, ATTACK=0, DEFENSE=0, SPECIAL_ATTACK=0, SPECIAL_DEFENSE=0, SPEED=0] to [ACCURACY=100, EVASION=100, ATTACK=2, DEFENSE=2, SPECIAL_ATTACK=1, SPECIAL_DEFENSE=2, SPEED=3] delta: ATTACK=-2, DEFENSE=-2, SPECIAL_ATTACK=-1, SPECIAL_DEFENSE=-2, SPEED=-3
Battle Message: literal{Bellibolt} summoned some nearby allies to assist them
Bellibolt stats changed from [ACCURACY=100, EVASION=100, ATTACK=3, DEFENSE=3, SPECIAL_ATTACK=2, SPECIAL_DEFENSE=3, SPEED=4] to [ACCURACY=100, EVASION=100, ATTACK=64, DEFENSE=99, SPECIAL_ATTACK=99, SPECIAL_DEFENSE=81, SPEED=54] delta: ATTACK=-61, DEFENSE=-96, SPECIAL_ATTACK=-97, SPECIAL_DEFENSE=-78, SPEED=-50
Toxtricity stats changed from [ACCURACY=100, EVASION=100, ATTACK=3, DEFENSE=3, SPECIAL_ATTACK=2, SPECIAL_DEFENSE=3, SPEED=3] to [ACCURACY=100, EVASION=100, ATTACK=58, DEFENSE=47, SPECIAL_ATTACK=79, SPECIAL_DEFENSE=49, SPEED=56] delta: ATTACK=-55, DEFENSE=-44, SPECIAL_ATTACK=-77, SPECIAL_DEFENSE=-46, SPEED=-53
Bellibolt stats changed from [ACCURACY=100, EVASION=100, ATTACK=3, DEFENSE=3, SPECIAL_ATTACK=2, SPECIAL_DEFENSE=3, SPEED=4] to [ACCURACY=100, EVASION=100, ATTACK=64, DEFENSE=108, SPECIAL_ATTACK=105, SPECIAL_DEFENSE=77, SPEED=45] delta: ATTACK=-61, DEFENSE=-105, SPECIAL_ATTACK=-103, SPECIAL_DEFENSE=-74, SPEED=-41
Magneton stats changed from [ACCURACY=100, EVASION=100, ATTACK=3, DEFENSE=3, SPECIAL_ATTACK=2, SPECIAL_DEFENSE=3, SPEED=3] to [ACCURACY=100, EVASION=100, ATTACK=71, DEFENSE=101, SPECIAL_ATTACK=137, SPECIAL_DEFENSE=82, SPEED=91] delta: ATTACK=-68, DEFENSE=-98, SPECIAL_ATTACK=-135, SPECIAL_DEFENSE=-79, SPEED=-88
Beldum stats changed from [ACCURACY=100, EVASION=100, ATTACK=3, DEFENSE=3, SPECIAL_ATTACK=4, SPECIAL_DEFENSE=3, SPEED=4] to [ACCURACY=100, EVASION=100, ATTACK=29, DEFENSE=37, SPECIAL_ATTACK=17, SPECIAL_DEFENSE=37, SPEED=19] delta: ATTACK=-26, DEFENSE=-34, SPECIAL_ATTACK=-13, SPECIAL_DEFENSE=-34, SPEED=-15
Aron stats changed from [ACCURACY=100, EVASION=100, ATTACK=3, DEFENSE=3, SPECIAL_ATTACK=4, SPECIAL_DEFENSE=4, SPEED=4] to [ACCURACY=100, EVASION=100, ATTACK=6, DEFENSE=6, SPECIAL_ATTACK=6, SPECIAL_DEFENSE=6, SPEED=5] delta: ATTACK=-3, DEFENSE=-3, SPECIAL_ATTACK=-2, SPECIAL_DEFENSE=-2, SPEED=-1
Bellibolt selected attack Charge for Bellibolt targeting Bellibolt and opted to mega evolve
translation{key='pixelmon.toxtricity', args=[]} weighted their choices as follows:  Acid Spray, Tier 0, Weight 0.0;  Spark, Tier 2, Weight 91.66667;  Screech, Tier 0, Weight 0.0;  Swagger, Tier 0, Weight 0.0;  
translation{key='pixelmon.toxtricity', args=[]} decided their best choices were:  Spark, Tier 2, Weight 91.66667;  
Toxtricity selected attack Spark for Toxtricity targeting Aron and opted to mega evolve
translation{key='pixelmon.bellibolt', args=[]} weighted their choices as follows:  Tackle, Tier 2, Weight 91.66667;  Spark, Tier 2, Weight 91.66667;  Flail, Tier 2, Weight 91.66667;  Discharge, Tier 2, Weight -87.81917;  
translation{key='pixelmon.bellibolt', args=[]} decided their best choices were:  Tackle, Tier 2, Weight 91.66667;  Spark, Tier 2, Weight 91.66667;  Flail, Tier 2, Weight 91.66667;  
Bellibolt selected attack Spark for Bellibolt targeting Aron and opted to mega evolve
translation{key='pixelmon.magneton', args=[]} weighted their choices as follows:  Thunder Shock, Tier 2, Weight 91.66667;  Thunder Wave, Tier 0, Weight 0.0;  Spark, Tier 2, Weight 91.66667;  Screech, Tier 0, Weight 0.0;  
translation{key='pixelmon.magneton', args=[]} decided their best choices were:  Thunder Shock, Tier 2, Weight 91.66667;  Spark, Tier 2, Weight 91.66667;  
Magneton selected attack Thunder Shock for Magneton targeting Aron and opted to mega evolve
translation{key='pixelmon.beldum', args=[]} weighted their choices as follows:  Tackle, Tier 2, Weight 83.33333;  
translation{key='pixelmon.beldum', args=[]} decided their best choices were:  Tackle, Tier 2, Weight 83.33333;  
Beldum selected attack Tackle for Beldum targeting Aron and opted to mega evolve
ootodl selected attack Endeavor for Aron targeting Bellibolt
Battle Message: Magneton used Thunder Shock!
Battle Message: Aron just hung on with Sturdy!
Aron was damaged by Magneton type ATTACK for 11 before: 12 after: 1
Magneton used Thunder Shock against Aron with results MoveResults{damage=11, fullDamage=11, power=[], accuracy=0, priority=0.0, result=hit, weightMod=0.0}
Battle Message: Toxtricity used Spark!
Aron was damaged by Toxtricity type ATTACK for 1 before: 1 after: 0
Battle Message: Aron fainted!
Toxtricity used Spark against Aron with results MoveResults{damage=1, fullDamage=267, power=[], accuracy=0, priority=0.0, result=killed, weightMod=0.0}
Battle Message: Bellibolt used Charge!
Battle Message: Bellibolt's Special Defense was increased!
Battle Message: Bellibolt charged power!
Bellibolt was given status com.pixelmonmod.pixelmon.battles.status.Charge@25152829
Bellibolt used Charge against Bellibolt with results MoveResults{damage=0, fullDamage=0, power=[], accuracy=0, priority=0.0, result=succeeded, weightMod=0.0}
Battle Message: Bellibolt used Spark!
Battle Message: But it failed!
Bellibolt used Spark against 

BATTLE ENDED

BATTLE ENDED
Caught error in battle. Continuing...
Attempted to load class net/minecraft/client/resources/sounds/SoundInstance for invalid dist DEDICATED_SERVER
MC-BOOTSTRAP/fml_loader@4.0.41/net.neoforged.fml.common.asm.RuntimeDistCleaner.processClassWithFlags(RuntimeDistCleaner.java:60)
MC-BOOTSTRAP/cpw.mods.modlauncher@11.0.5/cpw.mods.modlauncher.LaunchPluginHandler.offerClassNodeToPlugins(LaunchPluginHandler.java:94)
MC-BOOTSTRAP/cpw.mods.modlauncher@11.0.5/cpw.mods.modlauncher.ClassTransformer.transform(ClassTransformer.java:120)
MC-BOOTSTRAP/cpw.mods.modlauncher@11.0.5/cpw.mods.modlauncher.TransformingClassLoader.maybeTransformClassBytes(TransformingClassLoader.java:57)
cpw.mods.securejarhandler/cpw.mods.cl.ModuleClassLoader.readerToClass(ModuleClassLoader.java:190)
cpw.mods.securejarhandler/cpw.mods.cl.ModuleClassLoader.lambda$findClass$20(ModuleClassLoader.java:298)
cpw.mods.securejarhandler/cpw.mods.cl.ModuleClassLoader.loadFromModule(ModuleClassLoader.java:311)
cpw.mods.securejarhandler/cpw.mods.cl.ModuleClassLoader.findClass(ModuleClassLoader.java:298)
cpw.mods.securejarhandler/cpw.mods.cl.ModuleClassLoader.loadClass(ModuleClassLoader.java:214)
java.base/java.lang.ClassLoader.loadClass(Unknown Source)
TRANSFORMER/pixelmon@9.3.9/com.pixelmonmod.pixelmon.battles.controller.participants.PlayerParticipant.forfeitBattleForBeingTooFarAway(PlayerParticipant.java:666)
TRANSFORMER/pixelmon@9.3.9/com.pixelmonmod.pixelmon.battles.controller.participants.PlayerParticipant.handlePlayerDistanceFromBattle(PlayerParticipant.java:647)
TRANSFORMER/pixelmon@9.3.9/com.pixelmonmod.pixelmon.battles.controller.participants.PlayerParticipant.tick(PlayerParticipant.java:451)
TRANSFORMER/pixelmon@9.3.9/com.pixelmonmod.pixelmon.battles.controller.BattleController.onUpdate(BattleController.java:1135)
TRANSFORMER/pixelmon@9.3.9/com.pixelmonmod.pixelmon.battles.controller.BattleController.update(BattleController.java:511)
TRANSFORMER/pixelmon@9.3.9/com.pixelmonmod.pixelmon.battles.BattleRegistry.updateBattles(BattleRegistry.java:202)
TRANSFORMER/pixelmon@9.3.9/com.pixelmonmod.pixelmon.battles.BattleTickHandler.tickStart(BattleTickHandler.java:10)
MC-BOOTSTRAP/net.neoforged.bus/net.neoforged.bus.EventBus.post(EventBus.java:360)
MC-BOOTSTRAP/net.neoforged.bus/net.neoforged.bus.EventBus.post(EventBus.java:328)
TRANSFORMER/neoforge@21.1.209/net.neoforged.neoforge.event.EventHooks.fireServerTickPost(EventHooks.java:1020)
TRANSFORMER/minecraft@1.21.1/net.minecraft.server.MinecraftServer.tickServer(MinecraftServer.java:943)
TRANSFORMER/minecraft@1.21.1/net.minecraft.server.MinecraftServer.runServer(MinecraftServer.java:707)
TRANSFORMER/minecraft@1.21.1/net.minecraft.server.MinecraftServer.lambda$spin$2(MinecraftServer.java:267)
java.base/java.lang.Thread.run(Unknown Source)
