Pixelmon Version 9.3.9
Battle data 2025-11-13T15:18:48.327575163Z

Team #0 PlayerParticipant ___________12345 minecraft:the_end (-3316.9515128739736, 2.0, -1404.5195232745007) 
	Primarina {Ability:"LiquidVoice",CaughtBall:"poke_ball",DoesLevel:1b,DynamaxLevel:1,EVAttack:166s,EVDefense:143s,EVHP:26s,EVSpecialAttack:65s,EVSpecialDefense:18s,EVSpeed:92s,EXP:504,Friendship:72s,Gender:0b,GigantamaxFactor:0b,Health:276,HeldItemStack:{count:1,id:"pixelmon:waterium_z"},IVAttack:8b,IVDefense:18b,IVHP:0b,IVSpAtt:6b,IVSpDef:1b,IVSpeed:21b,Level:100,MoveSkillCooldown:[{MoveSkillCooldownCurrent:1762268678098L,MoveSkillCooldownId:"forage",MoveSkillCooldownTarget:1762268703098L}],Moveset:[{MoveID:"Moonblast",MovePP:15b},{MoveID:"Ice Beam",MovePP:10b},{MoveID:"Sparkling Aria",MovePP:10b},{MoveID:"Hydro Pump",MovePP:5b}],NBT_VERSION:2b,Nature:24b,PAbilitySlot:0,PHiddenAbility:1b,PersistentData:{},Pokerus:{Announced:1b,Type:0s},RelrnMoves:["Water Gun","Disarming Voice","Growl","Bubble Beam","Icy Wind","Moonblast","Aqua Jet","Pound","Sparkling Aria","Hydro Pump","Misty Terrain","Hyper Voice"],Size:120.20768368133427d,SpecFlags:[],StatsAttack:202s,StatsDefense:206s,StatsHP:276s,StatsSpecialAttack:251s,StatsSpecialDefense:266s,StatsSpeed:169s,UUID:[I;-1172205738,2048607509,-1879822083,-1553849705],Variant:"base",eggCycles:-1,ndex:730,originalTrainer:"___________12345",originalTrainerUUID:[I;-1755248099,-1258862460,-2021475255,1498965264],palette:"none",ribbon_display2:{received:1761568021723L,receiver:'""',type:"destiny"},ribbons2:[{received:1761568021723L,receiver:'""',type:"destiny"}]}
Team #0 PlayerParticipant Dulmin minecraft:the_end (-3314.6426618594683, 2.5, -1402.2038321737418) 
	Arceus {Ability:"Multitype",CaughtBall:"poke_ball",DoesLevel:1b,DynamaxLevel:0,EVAttack:152s,EVDefense:173s,EVHP:31s,EVSpecialAttack:79s,EVSpecialDefense:19s,EVSpeed:56s,EXP:17006,Friendship:65s,Gender:2b,GigantamaxFactor:0b,Health:388,HeldItemStack:{count:1,id:"pixelmon:legend_plate"},IVAttack:31b,IVDefense:31b,IVHP:2b,IVSpAtt:31b,IVSpDef:0b,IVSpeed:31b,IV_HTATTACK:1b,IV_HTDEFENSE:1b,IV_HTHP:1b,IV_HTSPECIAL_ATTACK:1b,IV_HTSPECIAL_DEFENSE:1b,IV_HTSPEED:1b,Level:100,Moveset:[{MoveID:"Judgment",MovePP:8b,MovePPLevel:3b},{MoveID:"Gravity",MovePP:5b},{MoveID:"Earthquake",MovePP:10b},{MoveID:"Extreme Speed",MovePP:5b}],NBT_VERSION:2b,Nature:0b,PAbilitySlot:0,PHiddenAbility:0b,PersistentData:{},Pokerus:{Announced:0b,Type:0s},RelrnMoves:["Extreme Speed","Earthquake","Cosmic Power","Earth Power","Gravity"],Size:329.9822809754581d,SpecFlags:[],StatsAttack:314s,StatsDefense:319s,StatsHP:388s,StatsSpecialAttack:295s,StatsSpecialDefense:280s,StatsSpeed:290s,UUID:[I;274323203,-1232321768,-1137249648,-857832600],Variant:"base",eggCycles:-1,ndex:493,originalTrainer:"Dulmin",originalTrainerUUID:[I;-2036690395,-938456484,-1479550921,1712610171],palette:"none",ribbons2:[]}
Team #0 PlayerParticipant lame1202 minecraft:the_end (-3314.8994564170885, 2.5, -1403.9552426500502) 
	Garchomp {Ability:"RoughSkin",CaughtBall:"poke_ball",DoesLevel:1b,DynamaxLevel:0,EVAttack:252s,EVDefense:0s,EVHP:6s,EVSpecialAttack:0s,EVSpecialDefense:0s,EVSpeed:252s,EXP:3721,FormattedNickname:'{"text":"","extra":["『ワニ』"]}',Friendship:255s,Gender:1b,GigantamaxFactor:0b,Health:358,HeldItemStack:{count:1,id:"pixelmon:lum_berry"},IVAttack:27b,IVDefense:24b,IVHP:10b,IVSpAtt:12b,IVSpDef:28b,IVSpeed:27b,IV_HTATTACK:1b,IV_HTDEFENSE:1b,IV_HTHP:1b,IV_HTSPECIAL_ATTACK:1b,IV_HTSPECIAL_DEFENSE:1b,IV_HTSPEED:1b,Level:100,MintNature:16b,MoveSkillCooldown:[{MoveSkillCooldownCurrent:1762881070851L,MoveSkillCooldownId:"mount_boost",MoveSkillCooldownTarget:1762881110851L},{MoveSkillCooldownCurrent:1762706851325L,MoveSkillCooldownId:"forage",MoveSkillCooldownTarget:1762706876325L}],Moveset:[{MoveID:"Earthquake",MovePP:10b},{MoveID:"Outrage",MovePP:10b},{MoveID:"Dual Chop",MovePP:15b},{MoveID:"Fire Blast",MovePP:5b}],NBT_VERSION:2b,Nature:12b,PAbilitySlot:0,PHiddenAbility:1b,PersistentData:{},Pokerus:{Announced:0b,Type:0s},RelrnMoves:["False Swipe","Dig","Sand Attack","Bite","Stone Edge","Swords Dance","Outrage","Sand Tomb","Tackle","Tera Blast","Earthquake","Slash","Bulldoze","Crunch","Fire Blast"],Size:179.34559614068806d,SpecFlags:[],StatsAttack:359s,StatsDefense:226s,StatsHP:358s,StatsSpecialAttack:196s,StatsSpecialDefense:185s,StatsSpeed:333s,UUID:[I;6640726,-1809694469,-1176671605,-1159100764],Variant:"base",eggCycles:-1,ndex:445,originalTrainer:"lame1202",originalTrainerUUID:[I;-812478946,543770915,-1079866976,-1753718133],palette:"none",ribbons2:[]}
Team #0 EntityParticipant Kit minecraft:the_end (-3315.5, -127.0190331539064, -1405.5) 
	Dhelmise {Ability:"Steelworker",CaughtBall:"poke_ball",DoesLevel:1b,DynamaxLevel:0,EVAttack:0s,EVDefense:0s,EVHP:0s,EVSpecialAttack:0s,EVSpecialDefense:0s,EVSpeed:0s,EXP:0,Friendship:0s,Gender:2b,GigantamaxFactor:0b,Health:121,IVAttack:28b,IVDefense:26b,IVHP:14b,IVSpAtt:8b,IVSpDef:16b,IVSpeed:22b,Level:70,Moveset:[{MoveID:"Gyro Ball",MovePP:5b},{MoveID:"Slam",MovePP:20b},{MoveID:"Shadow Ball",MovePP:15b},{MoveID:"Giga Drain",MovePP:10b}],NBT_VERSION:2b,Nature:14b,PAbilitySlot:0,PHiddenAbility:0b,PersistentData:{},RelrnMoves:["Slam","Shadow Ball","Gyro Ball"],Size:152.44133388057162d,SpecFlags:[],StatsAttack:132s,StatsDefense:93s,StatsHP:121s,StatsSpecialAttack:84s,StatsSpecialDefense:91s,StatsSpeed:53s,UUID:[I;-606815355,-1129689409,-1450628672,-1259492906],Variant:"base",eggCycles:-1,ndex:781,palette:"none",ribbons2:[]}
Team #1 RaidPixelmonParticipant Eternatus N/A N/A 
	Eternatus {Ability:"Pressure",CaughtBall:"poke_ball",DoesLevel:1b,DynamaxLevel:30,EVAttack:0s,EVDefense:0s,EVHP:0s,EVSpecialAttack:0s,EVSpecialDefense:0s,EVSpeed:0s,EXP:0,Friendship:0s,Gender:2b,GigantamaxFactor:0b,Health:264,IVAttack:31b,IVDefense:31b,IVHP:31b,IVSpAtt:31b,IVSpDef:14b,IVSpeed:31b,Level:62,Moveset:[{MoveID:"Dragon Tail",MovePP:10b},{MoveID:"Poison Tail",MovePP:25b},{MoveID:"Cross Poison",MovePP:20b},{MoveID:"Flamethrower",MovePP:15b}],NBT_VERSION:2b,Nature:22b,PAbilitySlot:0,PHiddenAbility:0b,PersistentData:{},Pokerus:{Announced:0b,Type:0s},RelrnMoves:["Dragon Tail","Poison Tail","Cross Poison"],Size:654.3774150810538d,SpecFlags:[],StatsAttack:129s,StatsDefense:127s,StatsHP:264s,StatsSpecialAttack:204s,StatsSpecialDefense:144s,StatsSpeed:185s,UUID:[I;-172182026,423381623,-1954794178,1856160022],Variant:"ordinary",eggCycles:-1,ndex:890,palette:"none",ribbons2:[]}

Turn #0 has begun
 Terrain: NONE[5 turns remaining]
 Weather: none
 Pokemon: 

Primarina stats changed from [ACCURACY=100, EVASION=100, ATTACK=0, DEFENSE=0, SPECIAL_ATTACK=0, SPECIAL_DEFENSE=0, SPEED=0] to [ACCURACY=100, EVASION=100, ATTACK=3, DEFENSE=3, SPECIAL_ATTACK=2, SPECIAL_DEFENSE=2, SPEED=3] delta: ATTACK=-3, DEFENSE=-3, SPECIAL_ATTACK=-2, SPECIAL_DEFENSE=-2, SPEED=-3
Arceus stats changed from [ACCURACY=100, EVASION=100, ATTACK=0, DEFENSE=0, SPECIAL_ATTACK=0, SPECIAL_DEFENSE=0, SPEED=0] to [ACCURACY=100, EVASION=100, ATTACK=2, DEFENSE=2, SPECIAL_ATTACK=2, SPECIAL_DEFENSE=2, SPEED=2] delta: ATTACK=-2, DEFENSE=-2, SPECIAL_ATTACK=-2, SPECIAL_DEFENSE=-2, SPEED=-2
Garchomp stats changed from [ACCURACY=100, EVASION=100, ATTACK=0, DEFENSE=0, SPECIAL_ATTACK=0, SPECIAL_DEFENSE=0, SPEED=0] to [ACCURACY=100, EVASION=100, ATTACK=2, DEFENSE=3, SPECIAL_ATTACK=3, SPECIAL_DEFENSE=3, SPEED=2] delta: ATTACK=-2, DEFENSE=-3, SPECIAL_ATTACK=-3, SPECIAL_DEFENSE=-3, SPEED=-2
Dhelmise stats changed from [ACCURACY=100, EVASION=100, ATTACK=0, DEFENSE=0, SPECIAL_ATTACK=0, SPECIAL_DEFENSE=0, SPEED=0] to [ACCURACY=100, EVASION=100, ATTACK=2, DEFENSE=3, SPECIAL_ATTACK=3, SPECIAL_DEFENSE=3, SPEED=4] delta: ATTACK=-2, DEFENSE=-3, SPECIAL_ATTACK=-3, SPECIAL_DEFENSE=-3, SPEED=-4
Eternatus stats changed from [ACCURACY=100, EVASION=100, ATTACK=0, DEFENSE=0, SPECIAL_ATTACK=0, SPECIAL_DEFENSE=0, SPEED=0] to [ACCURACY=100, EVASION=100, ATTACK=3, DEFENSE=3, SPECIAL_ATTACK=2, SPECIAL_DEFENSE=3, SPEED=2] delta: ATTACK=-3, DEFENSE=-3, SPECIAL_ATTACK=-2, SPECIAL_DEFENSE=-3, SPEED=-2
Primarina stats changed from [ACCURACY=100, EVASION=100, ATTACK=3, DEFENSE=3, SPECIAL_ATTACK=2, SPECIAL_DEFENSE=2, SPEED=3] to [ACCURACY=100, EVASION=100, ATTACK=202, DEFENSE=206, SPECIAL_ATTACK=251, SPECIAL_DEFENSE=266, SPEED=169] delta: ATTACK=-199, DEFENSE=-203, SPECIAL_ATTACK=-249, SPECIAL_DEFENSE=-264, SPEED=-166
Arceus stats changed from [ACCURACY=100, EVASION=100, ATTACK=2, DEFENSE=2, SPECIAL_ATTACK=2, SPECIAL_DEFENSE=2, SPEED=2] to [ACCURACY=100, EVASION=100, ATTACK=314, DEFENSE=319, SPECIAL_ATTACK=295, SPECIAL_DEFENSE=280, SPEED=290] delta: ATTACK=-312, DEFENSE=-317, SPECIAL_ATTACK=-293, SPECIAL_DEFENSE=-278, SPEED=-288
Garchomp stats changed from [ACCURACY=100, EVASION=100, ATTACK=2, DEFENSE=3, SPECIAL_ATTACK=3, SPECIAL_DEFENSE=3, SPEED=2] to [ACCURACY=100, EVASION=100, ATTACK=359, DEFENSE=226, SPECIAL_ATTACK=196, SPECIAL_DEFENSE=185, SPEED=333] delta: ATTACK=-357, DEFENSE=-223, SPECIAL_ATTACK=-193, SPECIAL_DEFENSE=-182, SPEED=-331
Dhelmise stats changed from [ACCURACY=100, EVASION=100, ATTACK=2, DEFENSE=3, SPECIAL_ATTACK=3, SPECIAL_DEFENSE=3, SPEED=4] to [ACCURACY=100, EVASION=100, ATTACK=208, DEFENSE=146, SPECIAL_ATTACK=131, SPECIAL_DEFENSE=142, SPEED=83] delta: ATTACK=-206, DEFENSE=-143, SPECIAL_ATTACK=-128, SPECIAL_DEFENSE=-139, SPEED=-79
Eternatus stats changed from [ACCURACY=100, EVASION=100, ATTACK=3, DEFENSE=3, SPECIAL_ATTACK=2, SPECIAL_DEFENSE=3, SPEED=2] to [ACCURACY=100, EVASION=100, ATTACK=129, DEFENSE=127, SPECIAL_ATTACK=204, SPECIAL_DEFENSE=144, SPEED=185] delta: ATTACK=-126, DEFENSE=-124, SPECIAL_ATTACK=-202, SPECIAL_DEFENSE=-141, SPEED=-183
Battle Message: Eternatus is exerting its Pressure!
Battle Message: Dynamax Energy gathered around ___________12345!
Battle Message: Dynamax Energy gathered around !
empty weighted their choices as follows:  Gyro Ball, Tier 2, Weight 31.439394;  Slam, Tier 2, Weight 30.681818;  Shadow Ball, Tier 2, Weight 26.336363;  Giga Drain, Tier 2, Weight 6.060606;  
empty decided their best choices were:  Gyro Ball, Tier 2, Weight 31.439394;  Slam, Tier 2, Weight 30.681818;  
Kit selected attack Slam for Dhelmise targeting Eternatus and opted to mega evolve
Primarina was given status com.pixelmonmod.pixelmon.battles.status.Burn@1ce50c6c
Primarina lost status com.pixelmonmod.pixelmon.battles.status.Burn@1ce50c6c
Arceus was given status com.pixelmonmod.pixelmon.battles.status.Burn@7c70ed2b
Arceus lost status com.pixelmonmod.pixelmon.battles.status.Burn@7c70ed2b
Garchomp was given status com.pixelmonmod.pixelmon.battles.status.Burn@68b7ee34
Garchomp lost status com.pixelmonmod.pixelmon.battles.status.Burn@68b7ee34
Dhelmise was given status com.pixelmonmod.pixelmon.battles.status.Burn@6b1a7436
Dhelmise lost status com.pixelmonmod.pixelmon.battles.status.Burn@6b1a7436
empty weighted their choices as follows:  Confuse Ray, Tier 2, Weight 40.0;  Confuse Ray, Tier 2, Weight 40.0;  Confuse Ray, Tier 2, Weight 40.0;  Confuse Ray, Tier 2, Weight 40.0;  Max Guard, Tier 2, Weight 50.0;  Dragon Tail, Tier 0, Weight 0.0;  Dragon Tail, Tier 1, Weight 5.670103;  Dragon Tail, Tier 1, Weight 16.759777;  Dragon Tail, Tier 1, Weight 24.59893;  Max Wyrmwind, Tier 0, Weight 0.0;  Max Wyrmwind, Tier 1, Weight 10.051546;  Max Wyrmwind, Tier 1, Weight 30.167597;  Max Wyrmwind, Tier 1, Weight 43.31551;  Flamethrower, Tier 1, Weight 6.984058;  Flamethrower, Tier 1, Weight 9.636083;  Flamethrower, Tier 1, Weight 7.921229;  Flamethrower, Tier 1, Weight 77.10535;  Max Flare, Tier 1, Weight 90.14493;  Max Flare, Tier 1, Weight 93.65979;  Max Flare, Tier 1, Weight 90.89385;  Max Flare, Tier 3, Weight 0.0;  Dynamax Cannon, Tier 0, Weight 0.0;  Dynamax Cannon, Tier 1, Weight 15.721649;  Dynamax Cannon, Tier 1, Weight 51.955307;  Dynamax Cannon, Tier 1, Weight 64.17113;  Max Wyrmwind, Tier 0, Weight 0.0;  Max Wyrmwind, Tier 1, Weight 20.360825;  Max Wyrmwind, Tier 1, Weight 66.20111;  Max Wyrmwind, Tier 1, Weight 82.35294;  
empty decided their best choices were:  Max Flare, Tier 3, Weight 0.0;  
Eternatus selected attack Max Flare for Eternatus targeting Dhelmise
___________12345 selected attack Sparkling Aria for Primarina targeting Arceus, Eternatus
Dulmin selected attack Judgment for Arceus targeting Eternatus
lame1202 selected attack Outrage for Garchomp targeting 
Battle Message: 『ワニ』 used Outrage!

BATTLE ENDED
Eternatus has un-dynamaxed
Caught error in battle. Continuing...
Cannot invoke "com.pixelmonmod.pixelmon.battles.controller.participants.PixelmonWrapper.getOnBattleField()" because "pw" is null
TRANSFORMER/pixelmon@9.3.9/com.pixelmonmod.pixelmon.battles.controller.participants.PixelmonWrapper.manageTargetingSwitchedOutPokemon(PixelmonWrapper.java:1283)
TRANSFORMER/pixelmon@9.3.9/com.pixelmonmod.pixelmon.battles.controller.participants.PixelmonWrapper.useAttack(PixelmonWrapper.java:1135)
TRANSFORMER/pixelmon@9.3.9/com.pixelmonmod.pixelmon.battles.controller.participants.PixelmonWrapper.useAttack(PixelmonWrapper.java:1075)
TRANSFORMER/pixelmon@9.3.9/com.pixelmonmod.pixelmon.battles.controller.participants.PixelmonWrapper.takeTurn(PixelmonWrapper.java:2035)
TRANSFORMER/pixelmon@9.3.9/com.pixelmonmod.pixelmon.battles.controller.BattleController.takeTurn(BattleController.java:1478)
TRANSFORMER/pixelmon@9.3.9/com.pixelmonmod.pixelmon.battles.controller.BattleController.doTurnLogic(BattleController.java:626)
TRANSFORMER/pixelmon@9.3.9/com.pixelmonmod.pixelmon.battles.controller.BattleController.update(BattleController.java:525)
TRANSFORMER/pixelmon@9.3.9/com.pixelmonmod.pixelmon.battles.BattleRegistry.updateBattles(BattleRegistry.java:202)
TRANSFORMER/pixelmon@9.3.9/com.pixelmonmod.pixelmon.battles.BattleTickHandler.tickStart(BattleTickHandler.java:10)
MC-BOOTSTRAP/net.neoforged.bus/net.neoforged.bus.EventBus.post(EventBus.java:360)
MC-BOOTSTRAP/net.neoforged.bus/net.neoforged.bus.EventBus.post(EventBus.java:328)
TRANSFORMER/neoforge@21.1.209/net.neoforged.neoforge.event.EventHooks.fireServerTickPost(EventHooks.java:1020)
TRANSFORMER/minecraft@1.21.1/net.minecraft.server.MinecraftServer.tickServer(MinecraftServer.java:943)
TRANSFORMER/minecraft@1.21.1/net.minecraft.server.MinecraftServer.runServer(MinecraftServer.java:707)
TRANSFORMER/minecraft@1.21.1/net.minecraft.server.MinecraftServer.lambda$spin$2(MinecraftServer.java:267)
java.base/java.lang.Thread.run(Unknown Source)
