Pixelmon Version 9.3.9
Battle data 2025-11-14T00:53:52.408676241Z

Team #0 PlayerParticipant ___________12345 minecraft:overworld (3416.4274824812587, 63.0, -6090.439450506707) 
	Primarina {Ability:"LiquidVoice",CaughtBall:"poke_ball",DoesLevel:1b,DynamaxLevel:1,EVAttack:166s,EVDefense:143s,EVHP:26s,EVSpecialAttack:65s,EVSpecialDefense:18s,EVSpeed:92s,EXP:504,Friendship:71s,Gender:0b,GigantamaxFactor:0b,Health:273,HeldItemStack:{count:1,id:"pixelmon:waterium_z"},IVAttack:8b,IVDefense:18b,IVHP:0b,IVSpAtt:6b,IVSpDef:1b,IVSpeed:21b,Level:100,MoveSkillCooldown:[{MoveSkillCooldownCurrent:1762268678098L,MoveSkillCooldownId:"forage",MoveSkillCooldownTarget:1762268703098L}],Moveset:[{MoveID:"Moonblast",MovePP:15b},{MoveID:"Ice Beam",MovePP:10b},{MoveID:"Sparkling Aria",MovePP:10b},{MoveID:"Hydro Pump",MovePP:5b}],NBT_VERSION:2b,Nature:24b,PAbilitySlot:0,PHiddenAbility:1b,PersistentData:{},Pokerus:{Announced:1b,Type:0s},RelrnMoves:["Water Gun","Disarming Voice","Growl","Bubble Beam","Icy Wind","Aqua Jet","Moonblast","Pound","Sparkling Aria","Hydro Pump","Misty Terrain","Hyper Voice"],Size:120.20768368133427d,SpecFlags:[],StatsAttack:202s,StatsDefense:206s,StatsHP:276s,StatsSpecialAttack:251s,StatsSpecialDefense:266s,StatsSpeed:169s,UUID:[I;-1172205738,2048607509,-1879822083,-1553849705],Variant:"base",eggCycles:-1,ndex:730,originalTrainer:"___________12345",originalTrainerUUID:[I;-1755248099,-1258862460,-2021475255,1498965264],palette:"none",ribbon_display2:{received:1761568021723L,receiver:'""',type:"destiny"},ribbons2:[{received:1761568021723L,receiver:'""',type:"destiny"}]}
	Lunala {Ability:"ShadowShield",CaughtBall:"poke_ball",DoesLevel:1b,DynamaxLevel:0,EVAttack:186s,EVDefense:153s,EVHP:37s,EVSpecialAttack:72s,EVSpecialDefense:15s,EVSpeed:47s,EXP:0,Friendship:44s,Gender:2b,GigantamaxFactor:0b,Health:424,HeldItemStack:{count:1,id:"pixelmon:life_orb"},IVAttack:31b,IVDefense:31b,IVHP:31b,IVSpAtt:27b,IVSpDef:12b,IVSpeed:6b,Level:100,MoveSkillCooldown:[{MoveSkillCooldownCurrent:1762885582654L,MoveSkillCooldownId:"teleport",MoveSkillCooldownTarget:1762885585404L},{MoveSkillCooldownCurrent:1763044644985L,MoveSkillCooldownId:"open_wormhole",MoveSkillCooldownTarget:1763045544985L},{MoveSkillCooldownCurrent:1762327790070L,MoveSkillCooldownId:"forage",MoveSkillCooldownTarget:1762327815070L}],Moveset:[{MoveID:"Shadow Ball",MovePP:15b},{MoveID:"Teleport",MovePP:20b},{MoveID:"Phantom Force",MovePP:10b},{MoveID:"Moongeist Beam",MovePP:5b}],NBT_VERSION:2b,Nature:24b,PAbilitySlot:0,PHiddenAbility:0b,PersistentData:{},Pokerus:{Announced:1b,Type:0s},RelrnMoves:["Cosmic Power","Splash","Shadow Ball","Teleport","Moongeist Beam"],Size:405.9875038263135d,SpecFlags:[],StatsAttack:308s,StatsDefense:252s,StatsHP:424s,StatsSpecialAttack:291s,StatsSpecialDefense:257s,StatsSpeed:216s,UUID:[I;-708358819,-229422748,-1359255917,-1287760405],Variant:"base",eggCycles:-1,ndex:792,originalTrainer:"___________12345",originalTrainerUUID:[I;-1755248099,-1258862460,-2021475255,1498965264],palette:"none",ribbons2:[]}
	Boldore {Ability:"Sturdy",CaughtBall:"ultra_ball",DoesLevel:1b,DynamaxLevel:0,EVAttack:26s,EVDefense:6s,EVHP:4s,EVSpecialAttack:45s,EVSpecialDefense:0s,EVSpeed:9s,EXP:6302,Friendship:70s,Gender:0b,GigantamaxFactor:0b,Health:137,HeldItemStack:{count:1,id:"pixelmon:lucky_egg"},IVAttack:24b,IVDefense:22b,IVHP:19b,IVSpAtt:26b,IVSpDef:19b,IVSpeed:28b,Level:49,Moveset:[{MoveID:"Harden",MovePP:30b},{MoveID:"Power Gem",MovePP:20b},{MoveID:"Stone Edge",MovePP:5b},{MoveID:"Headbutt",MovePP:15b}],NBT_VERSION:2b,Nature:10b,PAbilitySlot:0,PHiddenAbility:0b,PersistentData:{},Pokerus:{Announced:0b,Type:0s},RelrnMoves:["Smack Down","Sandstorm","Headbutt","Harden","Power Gem"],Size:93.56445288347358d,SpecFlags:[],StatsAttack:122s,StatsDefense:130s,StatsHP:137s,StatsSpecialAttack:72s,StatsSpecialDefense:53s,StatsSpeed:35s,UUID:[I;1012013196,-7778761,-1112697255,-386308225],Variant:"base",eggCycles:-1,ndex:525,originalTrainer:"___________12345",originalTrainerUUID:[I;-1755248099,-1258862460,-2021475255,1498965264],palette:"none",ribbons2:[]}
	Herdier {Ability:"SandRush",CaughtBall:"ultra_ball",DoesLevel:1b,DynamaxLevel:0,EVAttack:12s,EVDefense:1s,EVHP:2s,EVSpecialAttack:3s,EVSpecialDefense:0s,EVSpeed:4s,EXP:943,Friendship:70s,Gender:1b,GigantamaxFactor:0b,Health:79,HeldItemStack:{count:1,id:"pixelmon:lucky_egg"},IVAttack:19b,IVDefense:16b,IVHP:17b,IVSpAtt:0b,IVSpDef:15b,IVSpeed:1b,Level:28,Moveset:[{MoveID:"Leer",MovePP:30b},{MoveID:"Play Rough",MovePP:10b},{MoveID:"Work Up",MovePP:30b},{MoveID:"Bite",MovePP:25b}],NBT_VERSION:2b,Nature:17b,PAbilitySlot:1,PHiddenAbility:0b,PersistentData:{},Pokerus:{Announced:0b,Type:0s},RelrnMoves:["Leer","Tackle","Work Up","Baby-Doll Eyes","Bite"],Size:94.33923735762883d,SpecFlags:[],StatsAttack:49s,StatsDefense:45s,StatsHP:79s,StatsSpecialAttack:26s,StatsSpecialDefense:45s,StatsSpeed:39s,UUID:[I;984181254,-299283001,-1582735515,-457879119],Variant:"base",eggCycles:-1,ndex:507,originalTrainer:"___________12345",originalTrainerUUID:[I;-1755248099,-1258862460,-2021475255,1498965264],palette:"none",ribbons2:[]}
	Talonflame {Ability:"FlameBody",CaughtBall:"ultra_ball",DoesLevel:1b,DynamaxLevel:0,EVAttack:13s,EVDefense:2s,EVHP:2s,EVSpecialAttack:40s,EVSpecialDefense:0s,EVSpeed:4s,EXP:3373,Friendship:10s,Gender:0b,GigantamaxFactor:0b,Health:109,HeldItemStack:{count:1,id:"pixelmon:lucky_egg"},IVAttack:24b,IVDefense:25b,IVHP:21b,IVSpAtt:11b,IVSpDef:27b,IVSpeed:8b,Level:36,Moveset:[{MoveID:"Agility",MovePP:30b},{MoveID:"Acrobatics",MovePP:15b},{MoveID:"Quick Attack",MovePP:30b},{MoveID:"Flame Charge",MovePP:20b}],NBT_VERSION:2b,Nature:19b,PAbilitySlot:0,PHiddenAbility:0b,PersistentData:{},Pokerus:{Announced:0b,Type:0s},RelrnMoves:["Quick Attack","Flail","Growl","Peck","Ember","Acrobatics","Flame Charge"],Size:217.67365357938587d,SpecFlags:[],StatsAttack:73s,StatsDefense:65s,StatsHP:109s,StatsSpecialAttack:71s,StatsSpecialDefense:64s,StatsSpeed:88s,UUID:[I;199688210,-663403879,-1791286528,1674005094],Variant:"base",eggCycles:-1,ndex:663,originalTrainer:"___________12345",originalTrainerUUID:[I;-1755248099,-1258862460,-2021475255,1498965264],palette:"none",ribbons2:[]}
	Aron {Ability:"Sturdy",CaughtBall:"poke_ball",DoesLevel:0b,DynamaxLevel:0,EVAttack:128s,EVDefense:76s,EVHP:94s,EVSpecialAttack:81s,EVSpecialDefense:41s,EVSpeed:90s,EXP:0,Friendship:40s,Gender:0b,GigantamaxFactor:0b,Health:12,HeldItemStack:{count:1,id:"pixelmon:focus_sash"},IVAttack:30b,IVDefense:21b,IVHP:19b,IVSpAtt:27b,IVSpDef:20b,IVSpeed:11b,Level:1,Moveset:[{MoveID:"Endeavor",MovePP:5b},{MoveID:"Ancient Power",MovePP:5b},{MoveID:"Harden",MovePP:30b},{MoveID:"Tackle",MovePP:35b}],NBT_VERSION:2b,Nature:1b,PAbilitySlot:0,PHiddenAbility:0b,PersistentData:{},Pokerus:{Announced:1b,Type:0s},RelrnMoves:["Endeavor","Tackle","Ancient Power","Harden"],Size:66.24530750780022d,SpecFlags:[],StatsAttack:7s,StatsDefense:7s,StatsHP:12s,StatsSpecialAttack:6s,StatsSpecialDefense:6s,StatsSpeed:5s,UUID:[I;1059472463,-1483980450,-1364759468,-615544923],Variant:"base",eggCycles:-1,ndex:304,originalTrainer:"lame1202",originalTrainerUUID:[I;-812478946,543770915,-1079866976,-1753718133],palette:"none",ribbons2:[]}
Team #1 WildPixelmonParticipant Grapploct minecraft:overworld (3424.044878226351, 62.43789179154453, -6087.98968412762) 
	Grapploct {Ability:"Limber",CaughtBall:"poke_ball",DoesLevel:1b,DynamaxLevel:0,EVAttack:0s,EVDefense:0s,EVHP:0s,EVSpecialAttack:0s,EVSpecialDefense:0s,EVSpeed:0s,EXP:0,Friendship:0s,Gender:1b,GigantamaxFactor:0b,Health:89,IVAttack:15b,IVDefense:8b,IVHP:6b,IVSpAtt:21b,IVSpDef:14b,IVSpeed:29b,Level:30,Moveset:[{MoveID:"Leer",MovePP:30b},{MoveID:"Octolock",MovePP:15b},{MoveID:"Rock Smash",MovePP:14b},{MoveID:"Detect",MovePP:4b}],NBT_VERSION:2b,Nature:18b,PAbilitySlot:0,PHiddenAbility:0b,PersistentData:{},Pokerus:{Announced:0b,Type:0s},RelrnMoves:["Rock Smash","Leer","Octolock"],Size:166.64010849822935d,SpecFlags:[],StatsAttack:80s,StatsDefense:54s,StatsHP:89s,StatsSpecialAttack:58s,StatsSpecialDefense:57s,StatsSpeed:38s,UUID:[I;998080664,1116422625,-2035993796,361750893],Variant:"base",eggCycles:-1,ndex:853,palette:"none",ribbons2:[]}

Turn #0 has begun
 Terrain: NONE[5 turns remaining]
 Weather: none
 Pokemon: 

Primarina stats changed from [ACCURACY=100, EVASION=100, ATTACK=0, DEFENSE=0, SPECIAL_ATTACK=0, SPECIAL_DEFENSE=0, SPEED=0] to [ACCURACY=100, EVASION=100, ATTACK=3, DEFENSE=3, SPECIAL_ATTACK=2, SPECIAL_DEFENSE=2, SPEED=3] delta: ATTACK=-3, DEFENSE=-3, SPECIAL_ATTACK=-2, SPECIAL_DEFENSE=-2, SPEED=-3
Lunala stats changed from [ACCURACY=100, EVASION=100, ATTACK=0, DEFENSE=0, SPECIAL_ATTACK=0, SPECIAL_DEFENSE=0, SPEED=0] to [ACCURACY=100, EVASION=100, ATTACK=2, DEFENSE=3, SPECIAL_ATTACK=2, SPECIAL_DEFENSE=2, SPEED=3] delta: ATTACK=-2, DEFENSE=-3, SPECIAL_ATTACK=-2, SPECIAL_DEFENSE=-2, SPEED=-3
Boldore stats changed from [ACCURACY=100, EVASION=100, ATTACK=0, DEFENSE=0, SPECIAL_ATTACK=0, SPECIAL_DEFENSE=0, SPEED=0] to [ACCURACY=100, EVASION=100, ATTACK=2, DEFENSE=2, SPECIAL_ATTACK=4, SPECIAL_DEFENSE=4, SPEED=4] delta: ATTACK=-2, DEFENSE=-2, SPECIAL_ATTACK=-4, SPECIAL_DEFENSE=-4, SPEED=-4
Herdier stats changed from [ACCURACY=100, EVASION=100, ATTACK=0, DEFENSE=0, SPECIAL_ATTACK=0, SPECIAL_DEFENSE=0, SPEED=0] to [ACCURACY=100, EVASION=100, ATTACK=3, DEFENSE=3, SPECIAL_ATTACK=4, SPECIAL_DEFENSE=3, SPEED=3] delta: ATTACK=-3, DEFENSE=-3, SPECIAL_ATTACK=-4, SPECIAL_DEFENSE=-3, SPEED=-3
Talonflame stats changed from [ACCURACY=100, EVASION=100, ATTACK=0, DEFENSE=0, SPECIAL_ATTACK=0, SPECIAL_DEFENSE=0, SPEED=0] to [ACCURACY=100, EVASION=100, ATTACK=3, DEFENSE=3, SPECIAL_ATTACK=3, SPECIAL_DEFENSE=3, SPEED=2] delta: ATTACK=-3, DEFENSE=-3, SPECIAL_ATTACK=-3, SPECIAL_DEFENSE=-3, SPEED=-2
Aron stats changed from [ACCURACY=100, EVASION=100, ATTACK=0, DEFENSE=0, SPECIAL_ATTACK=0, SPECIAL_DEFENSE=0, SPEED=0] to [ACCURACY=100, EVASION=100, ATTACK=3, DEFENSE=3, SPECIAL_ATTACK=4, SPECIAL_DEFENSE=4, SPEED=4] delta: ATTACK=-3, DEFENSE=-3, SPECIAL_ATTACK=-4, SPECIAL_DEFENSE=-4, SPEED=-4
Grapploct stats changed from [ACCURACY=100, EVASION=100, ATTACK=0, DEFENSE=0, SPECIAL_ATTACK=0, SPECIAL_DEFENSE=0, SPEED=0] to [ACCURACY=100, EVASION=100, ATTACK=2, DEFENSE=3, SPECIAL_ATTACK=3, SPECIAL_DEFENSE=3, SPEED=4] delta: ATTACK=-2, DEFENSE=-3, SPECIAL_ATTACK=-3, SPECIAL_DEFENSE=-3, SPEED=-4
Primarina stats changed from [ACCURACY=100, EVASION=100, ATTACK=3, DEFENSE=3, SPECIAL_ATTACK=2, SPECIAL_DEFENSE=2, SPEED=3] to [ACCURACY=100, EVASION=100, ATTACK=202, DEFENSE=206, SPECIAL_ATTACK=251, SPECIAL_DEFENSE=266, SPEED=169] delta: ATTACK=-199, DEFENSE=-203, SPECIAL_ATTACK=-249, SPECIAL_DEFENSE=-264, SPEED=-166
Grapploct stats changed from [ACCURACY=100, EVASION=100, ATTACK=2, DEFENSE=3, SPECIAL_ATTACK=3, SPECIAL_DEFENSE=3, SPEED=4] to [ACCURACY=100, EVASION=100, ATTACK=80, DEFENSE=54, SPECIAL_ATTACK=58, SPECIAL_DEFENSE=57, SPEED=38] delta: ATTACK=-78, DEFENSE=-51, SPECIAL_ATTACK=-55, SPECIAL_DEFENSE=-54, SPEED=-34
Grapploct selected attack Detect for Grapploct targeting Grapploct and opted to mega evolve
___________12345 used pixelmon:poke_ball on Grapploct
Battle Message: ___________12345 threw the Ultra Ball!
Battle Message: Grapploct used Detect!
Battle Message: But it failed!
Grapploct used Detect against Grapploct with results MoveResults{damage=0, fullDamage=0, power=[], accuracy=0, priority=4.0, result=succeeded, weightMod=0.0}

Turn #0 has ended
 Terrain: NONE[5 turns remaining]
 Weather: none
 Pokemon: 
 Primarina[health=276, , max health=276]
  Stats: ACCURACY=100, EVASION=100, ATTACK=202, DEFENSE=206, SPECIAL_ATTACK=251, SPECIAL_DEFENSE=266, SPEED=169, stages=[, ACCURACY=0, , , EVASION=0, , , ATTACK=0, , , DEFENSE=0, , , SPECIAL_ATTACK=0, , , SPECIAL_DEFENSE=0, , , SPEED=0, , , ]

 Grapploct[health=89, , max health=89]
  Stats: ACCURACY=100, EVASION=100, ATTACK=80, DEFENSE=54, SPECIAL_ATTACK=58, SPECIAL_DEFENSE=57, SPEED=38, stages=[, ACCURACY=0, , , EVASION=0, , , ATTACK=0, , , DEFENSE=0, , , SPECIAL_ATTACK=0, , , SPECIAL_DEFENSE=0, , , SPEED=0, , , ]


Turn #1 has begun
 Terrain: NONE[5 turns remaining]
 Weather: none
 Pokemon: 
 Primarina[health=276, , max health=276]
  Stats: ACCURACY=100, EVASION=100, ATTACK=202, DEFENSE=206, SPECIAL_ATTACK=251, SPECIAL_DEFENSE=266, SPEED=169, stages=[, ACCURACY=0, , , EVASION=0, , , ATTACK=0, , , DEFENSE=0, , , SPECIAL_ATTACK=0, , , SPECIAL_DEFENSE=0, , , SPEED=0, , , ]

 Grapploct[health=89, , max health=89]
  Stats: ACCURACY=100, EVASION=100, ATTACK=80, DEFENSE=54, SPECIAL_ATTACK=58, SPECIAL_DEFENSE=57, SPEED=38, stages=[, ACCURACY=0, , , EVASION=0, , , ATTACK=0, , , DEFENSE=0, , , SPECIAL_ATTACK=0, , , SPECIAL_DEFENSE=0, , , SPEED=0, , , ]


Grapploct selected attack Rock Smash for Grapploct targeting Primarina and opted to mega evolve
___________12345 used pixelmon:poke_ball on Grapploct
Battle Message: ___________12345 threw the Ultra Ball!
Battle Message: Grapploct used Rock Smash!
Battle Message: It wasn't very effective...
Primarina was damaged by Grapploct type ATTACK for 3 before: 276 after: 273
Grapploct used Rock Smash against Primarina with results MoveResults{damage=3, fullDamage=3, power=[], accuracy=0, priority=0.0, result=succeeded, weightMod=0.0}

Turn #1 has ended
 Terrain: NONE[5 turns remaining]
 Weather: none
 Pokemon: 
 Primarina[health=276, , max health=276]
  Stats: ACCURACY=100, EVASION=100, ATTACK=202, DEFENSE=206, SPECIAL_ATTACK=251, SPECIAL_DEFENSE=266, SPEED=169, stages=[, ACCURACY=0, , , EVASION=0, , , ATTACK=0, , , DEFENSE=0, , , SPECIAL_ATTACK=0, , , SPECIAL_DEFENSE=0, , , SPEED=0, , , ]

 Grapploct[health=89, , max health=89]
  Stats: ACCURACY=100, EVASION=100, ATTACK=80, DEFENSE=54, SPECIAL_ATTACK=58, SPECIAL_DEFENSE=57, SPEED=38, stages=[, ACCURACY=0, , , EVASION=0, , , ATTACK=0, , , DEFENSE=0, , , SPECIAL_ATTACK=0, , , SPECIAL_DEFENSE=0, , , SPEED=0, , , ]


Turn #2 has begun
 Terrain: NONE[5 turns remaining]
 Weather: none
 Pokemon: 
 Primarina[health=273, , max health=276]
  Stats: ACCURACY=100, EVASION=100, ATTACK=202, DEFENSE=206, SPECIAL_ATTACK=251, SPECIAL_DEFENSE=266, SPEED=169, stages=[, ACCURACY=0, , , EVASION=0, , , ATTACK=0, , , DEFENSE=0, , , SPECIAL_ATTACK=0, , , SPECIAL_DEFENSE=0, , , SPEED=0, , , ]

 Grapploct[health=89, , max health=89]
  Stats: ACCURACY=100, EVASION=100, ATTACK=80, DEFENSE=54, SPECIAL_ATTACK=58, SPECIAL_DEFENSE=57, SPEED=38, stages=[, ACCURACY=0, , , EVASION=0, , , ATTACK=0, , , DEFENSE=0, , , SPECIAL_ATTACK=0, , , SPECIAL_DEFENSE=0, , , SPEED=0, , , ]


Grapploct selected attack Detect for Grapploct targeting Grapploct and opted to mega evolve
___________12345 used pixelmon:poke_ball on Grapploct
Battle Message: ___________12345 threw the Ultra Ball!
Battle Message: Grapploct used Detect!
Battle Message: But it failed!
Grapploct used Detect against Grapploct with results MoveResults{damage=0, fullDamage=0, power=[], accuracy=0, priority=4.0, result=succeeded, weightMod=0.0}

BATTLE ENDED

BATTLE ENDED
Caught error in battle. Continuing...
Attempted to load class net/minecraft/client/resources/sounds/SoundInstance for invalid dist DEDICATED_SERVER
MC-BOOTSTRAP/fml_loader@4.0.41/net.neoforged.fml.common.asm.RuntimeDistCleaner.processClassWithFlags(RuntimeDistCleaner.java:60)
MC-BOOTSTRAP/cpw.mods.modlauncher@11.0.5/cpw.mods.modlauncher.LaunchPluginHandler.offerClassNodeToPlugins(LaunchPluginHandler.java:94)
MC-BOOTSTRAP/cpw.mods.modlauncher@11.0.5/cpw.mods.modlauncher.ClassTransformer.transform(ClassTransformer.java:120)
MC-BOOTSTRAP/cpw.mods.modlauncher@11.0.5/cpw.mods.modlauncher.TransformingClassLoader.maybeTransformClassBytes(TransformingClassLoader.java:57)
cpw.mods.securejarhandler/cpw.mods.cl.ModuleClassLoader.readerToClass(ModuleClassLoader.java:190)
cpw.mods.securejarhandler/cpw.mods.cl.ModuleClassLoader.lambda$findClass$20(ModuleClassLoader.java:298)
cpw.mods.securejarhandler/cpw.mods.cl.ModuleClassLoader.loadFromModule(ModuleClassLoader.java:311)
cpw.mods.securejarhandler/cpw.mods.cl.ModuleClassLoader.findClass(ModuleClassLoader.java:298)
cpw.mods.securejarhandler/cpw.mods.cl.ModuleClassLoader.loadClass(ModuleClassLoader.java:214)
java.base/java.lang.ClassLoader.loadClass(Unknown Source)
TRANSFORMER/pixelmon@9.3.9/com.pixelmonmod.pixelmon.battles.controller.participants.PlayerParticipant.forfeitBattleForBeingTooFarAway(PlayerParticipant.java:666)
TRANSFORMER/pixelmon@9.3.9/com.pixelmonmod.pixelmon.battles.controller.participants.PlayerParticipant.handlePlayerDistanceFromBattle(PlayerParticipant.java:647)
TRANSFORMER/pixelmon@9.3.9/com.pixelmonmod.pixelmon.battles.controller.participants.PlayerParticipant.tick(PlayerParticipant.java:451)
TRANSFORMER/pixelmon@9.3.9/com.pixelmonmod.pixelmon.battles.controller.BattleController.onUpdate(BattleController.java:1135)
TRANSFORMER/pixelmon@9.3.9/com.pixelmonmod.pixelmon.battles.controller.BattleController.update(BattleController.java:511)
TRANSFORMER/pixelmon@9.3.9/com.pixelmonmod.pixelmon.battles.BattleRegistry.updateBattles(BattleRegistry.java:202)
TRANSFORMER/pixelmon@9.3.9/com.pixelmonmod.pixelmon.battles.BattleTickHandler.tickStart(BattleTickHandler.java:10)
MC-BOOTSTRAP/net.neoforged.bus/net.neoforged.bus.EventBus.post(EventBus.java:360)
MC-BOOTSTRAP/net.neoforged.bus/net.neoforged.bus.EventBus.post(EventBus.java:328)
TRANSFORMER/neoforge@21.1.209/net.neoforged.neoforge.event.EventHooks.fireServerTickPost(EventHooks.java:1020)
TRANSFORMER/minecraft@1.21.1/net.minecraft.server.MinecraftServer.tickServer(MinecraftServer.java:943)
TRANSFORMER/minecraft@1.21.1/net.minecraft.server.MinecraftServer.runServer(MinecraftServer.java:707)
TRANSFORMER/minecraft@1.21.1/net.minecraft.server.MinecraftServer.lambda$spin$2(MinecraftServer.java:267)
java.base/java.lang.Thread.run(Unknown Source)
