Pixelmon Version 9.3.9
Battle data 2025-11-18T16:08:13.424863273Z

Team #0 WildPixelmonParticipant Pumpkaboo pixelmon:ultra_space (3805.660358775672, 68.0, -4709.042852178766) 
	Pumpkaboo {Ability:"Pickup",CaughtBall:"poke_ball",DoesLevel:1b,DynamaxLevel:0,EVAttack:0s,EVDefense:0s,EVHP:0s,EVSpecialAttack:0s,EVSpecialDefense:0s,EVSpeed:0s,EXP:0,Friendship:0s,Gender:0b,GigantamaxFactor:0b,Health:62,HeldItemStack:{count:1,id:"pixelmon:miracle_seed"},IVAttack:27b,IVDefense:8b,IVHP:31b,IVSpAtt:15b,IVSpDef:26b,IVSpeed:30b,Level:24,Moveset:[{MoveID:"Astonish",MovePP:15b},{MoveID:"Trick-or-Treat",MovePP:20b},{MoveID:"Shadow Sneak",MovePP:30b},{MoveID:"Razor Leaf",MovePP:25b}],NBT_VERSION:2b,Nature:19b,PAbilitySlot:0,PHiddenAbility:0b,PersistentData:{},Pokerus:{Announced:0b,Type:0s},RelrnMoves:["Trick-or-Treat","Astonish","Shadow Sneak"],Size:68.30209881064326d,SpecFlags:[],StatsAttack:43s,StatsDefense:40s,StatsHP:62s,StatsSpecialAttack:31s,StatsSpecialDefense:37s,StatsSpeed:35s,UUID:[I;240241714,1172000533,-1845699836,1918894352],Variant:"base",eggCycles:-1,ndex:710,palette:"none",ribbons2:[]}
Team #0 WildPixelmonParticipant Noctowl pixelmon:ultra_space (3807.0300448637176, 68.24159976959211, -4707.3700194133835) 
	Noctowl {Ability:"KeenEye",CaughtBall:"poke_ball",DoesLevel:1b,DynamaxLevel:0,EVAttack:0s,EVDefense:0s,EVHP:0s,EVSpecialAttack:0s,EVSpecialDefense:0s,EVSpeed:0s,EXP:0,Friendship:0s,Gender:0b,GigantamaxFactor:0b,Health:187,IVAttack:25b,IVDefense:28b,IVHP:23b,IVSpAtt:19b,IVSpDef:23b,IVSpeed:29b,Level:55,Moveset:[{MoveID:"Peck",MovePP:35b},{MoveID:"Tackle",MovePP:35b},{MoveID:"Reflect",MovePP:20b},{MoveID:"Air Slash",MovePP:15b}],NBT_VERSION:2b,Nature:1b,PAbilitySlot:1,PHiddenAbility:0b,PersistentData:{},Pokerus:{Announced:0b,Type:0s},RelrnMoves:["Tackle","Reflect","Peck"],Size:126.31161511645979d,SpecFlags:[],StatsAttack:73s,StatsDefense:75s,StatsHP:187s,StatsSpecialAttack:110s,StatsSpecialDefense:123s,StatsSpeed:97s,UUID:[I;-1922146648,-1775942375,-1850619967,1065332935],Variant:"base",eggCycles:-1,ndex:164,palette:"none",ribbons2:[]}
Team #0 WildPixelmonParticipant Pumpkaboo pixelmon:ultra_space (3807.5, 68.0, -4711.5) 
	Pumpkaboo {Ability:"Frisk",CaughtBall:"poke_ball",DoesLevel:1b,DynamaxLevel:0,EVAttack:0s,EVDefense:0s,EVHP:0s,EVSpecialAttack:0s,EVSpecialDefense:0s,EVSpeed:0s,EXP:0,Friendship:0s,Gender:0b,GigantamaxFactor:0b,Health:57,HeldItemStack:{count:1,id:"pixelmon:miracle_seed"},IVAttack:8b,IVDefense:2b,IVHP:28b,IVSpAtt:21b,IVSpDef:14b,IVSpeed:18b,Level:22,Moveset:[{MoveID:"Trick-or-Treat",MovePP:20b},{MoveID:"Confuse Ray",MovePP:10b},{MoveID:"Razor Leaf",MovePP:25b},{MoveID:"Leech Seed",MovePP:10b}],NBT_VERSION:2b,Nature:6b,PAbilitySlot:1,PHiddenAbility:0b,PersistentData:{},Pokerus:{Announced:0b,Type:0s},RelrnMoves:["Trick-or-Treat","Razor Leaf","Confuse Ray"],Size:70.44319577927155d,SpecFlags:[],StatsAttack:38s,StatsDefense:36s,StatsHP:57s,StatsSpecialAttack:28s,StatsSpecialDefense:32s,StatsSpeed:29s,UUID:[I;1441662342,1209811258,-1689423197,-49697838],Variant:"base",eggCycles:-1,ndex:710,palette:"none",ribbons2:[]}
Team #0 WildPixelmonParticipant Hoothoot pixelmon:ultra_space (3810.5, 74.0, -4710.5) 
	Hoothoot {Ability:"KeenEye",CaughtBall:"poke_ball",DoesLevel:1b,DynamaxLevel:0,EVAttack:0s,EVDefense:0s,EVHP:0s,EVSpecialAttack:0s,EVSpecialDefense:0s,EVSpeed:0s,EXP:0,Friendship:0s,Gender:0b,GigantamaxFactor:0b,Health:55,IVAttack:21b,IVDefense:17b,IVHP:19b,IVSpAtt:13b,IVSpDef:22b,IVSpeed:16b,Level:19,Moveset:[{MoveID:"Growl",MovePP:40b},{MoveID:"Peck",MovePP:35b},{MoveID:"Tackle",MovePP:35b},{MoveID:"Echoed Voice",MovePP:15b}],NBT_VERSION:2b,Nature:10b,PAbilitySlot:1,PHiddenAbility:0b,PersistentData:{},Pokerus:{Announced:0b,Type:0s},RelrnMoves:["Tackle","Growl","Peck"],Size:69.59752311446245d,SpecFlags:[],StatsAttack:20s,StatsDefense:20s,StatsHP:55s,StatsSpecialAttack:21s,StatsSpecialDefense:30s,StatsSpeed:24s,UUID:[I;-857922873,-733133946,-1554530938,1266572130],Variant:"base",eggCycles:-1,ndex:163,palette:"none",ribbons2:[]}
Team #0 WildPixelmonParticipant Pumpkaboo pixelmon:ultra_space (3806.469659146065, 68.0, -4706.225554153268) 
	Pumpkaboo {Ability:"Pickup",CaughtBall:"poke_ball",DoesLevel:1b,DynamaxLevel:0,EVAttack:0s,EVDefense:0s,EVHP:0s,EVSpecialAttack:0s,EVSpecialDefense:0s,EVSpeed:0s,EXP:0,Friendship:0s,Gender:0b,GigantamaxFactor:0b,Health:61,HeldItemStack:{count:1,id:"pixelmon:miracle_seed"},IVAttack:12b,IVDefense:15b,IVHP:28b,IVSpAtt:12b,IVSpDef:30b,IVSpeed:27b,Level:24,Moveset:[{MoveID:"Astonish",MovePP:15b},{MoveID:"Razor Leaf",MovePP:25b},{MoveID:"Leech Seed",MovePP:10b},{MoveID:"Bullet Seed",MovePP:30b}],NBT_VERSION:2b,Nature:5b,PAbilitySlot:0,PHiddenAbility:0b,PersistentData:{},Pokerus:{Announced:0b,Type:0s},RelrnMoves:["Razor Leaf","Astonish","Leech Seed"],Size:71.633993909145d,SpecFlags:[],StatsAttack:42s,StatsDefense:37s,StatsHP:61s,StatsSpecialAttack:29s,StatsSpecialDefense:38s,StatsSpeed:38s,UUID:[I;1166524881,1482574784,-1737993218,607963686],Variant:"base",eggCycles:-1,ndex:710,palette:"none",ribbons2:[]}
Team #1 PlayerParticipant ootodl pixelmon:ultra_space (3835.4151270666275, 68.0, -4714.181677444729) 
	Aron {Ability:"Sturdy",CaughtBall:"poke_ball",DoesLevel:0b,DynamaxLevel:0,EVAttack:184s,EVDefense:247s,EVHP:17s,EVSpecialAttack:29s,EVSpecialDefense:12s,EVSpeed:21s,EXP:0,Friendship:35s,Gender:0b,GigantamaxFactor:0b,Health:0,HeldItemStack:{count:1,id:"pixelmon:shell_bell"},IVAttack:7b,IVDefense:6b,IVHP:22b,IVSpAtt:14b,IVSpDef:19b,IVSpeed:3b,Level:1,MoveSkillCooldown:[{MoveSkillCooldownCurrent:1762375525284L,MoveSkillCooldownId:"forage",MoveSkillCooldownTarget:1762375550284L}],Moveset:[{MoveID:"Endeavor",MovePP:5b},{MoveID:"Stealth Rock",MovePP:20b},{MoveID:"Aerial Ace",MovePP:20b},{MoveID:"Protect",MovePP:10b}],NBT_VERSION:2b,Nature:5b,PAbilitySlot:0,PHiddenAbility:0b,PersistentData:{},Pokerus:{Announced:0b,Type:0s},RelrnMoves:["Endeavor","Tackle","Stealth Rock","Aerial Ace","Ancient Power","Harden"],Size:70.39756754484455d,SpecFlags:[],StatsAttack:6s,StatsDefense:6s,StatsHP:12s,StatsSpecialAttack:6s,StatsSpecialDefense:6s,StatsSpeed:5s,UUID:[I;1771948924,-1989261577,-2020454325,-391739958],Variant:"base",eggCycles:-1,ndex:304,originalTrainer:"lame1202",originalTrainerUUID:[I;-812478946,543770915,-1079866976,-1753718133],palette:"none",ribbons2:[]}
	IronTreads {Ability:"QuarkDrive",CaughtBall:"ultra_ball",DoesLevel:1b,DynamaxLevel:0,EVAttack:252s,EVDefense:177s,EVHP:1s,EVSpecialAttack:63s,EVSpecialDefense:4s,EVSpeed:13s,EXP:1235,Friendship:28s,Gender:2b,GigantamaxFactor:0b,Health:306,HeldItemStack:{count:1,id:"pixelmon:rocky_helmet"},IVAttack:0b,IVDefense:19b,IVHP:22b,IVSpAtt:15b,IVSpDef:31b,IVSpeed:13b,Level:98,MoveSkillCooldown:[{MoveSkillCooldownCurrent:1763304585820L,MoveSkillCooldownId:"ore_sense",MoveSkillCooldownTarget:1763304705820L}],Moveset:[{MoveID:"Iron Defense",MovePP:15b},{MoveID:"Metal Sound",MovePP:40b},{MoveID:"Iron Head",MovePP:15b},{MoveID:"Earthquake",MovePP:10b}],NBT_VERSION:2b,Nature:11b,PAbilitySlot:0,PHiddenAbility:0b,PersistentData:{},Pokerus:{Announced:1b,Type:0s},RelrnMoves:["Electric Terrain","Endeavor","Rapid Spin","Heavy Slam","Earthquake","Horn Attack","Wild Charge","Iron Defense","Iron Head"],Size:78.12419348751072d,SpecFlags:[],StatsAttack:286s,StatsDefense:332s,StatsHP:306s,StatsSpecialAttack:158s,StatsSpecialDefense:173s,StatsSpeed:228s,UUID:[I;1279146968,1160466108,-2001504577,1615458787],Variant:"base",eggCycles:-1,ndex:990,originalTrainer:"ootodl",originalTrainerUUID:[I;1141033193,-808041599,-1379937266,-349334450],palette:"none",ribbons2:[]}
	Greninja {Ability:"Torrent",CaughtBall:"poke_ball",DoesLevel:1b,DynamaxLevel:0,EVAttack:99s,EVDefense:114s,EVHP:20s,EVSpecialAttack:71s,EVSpecialDefense:14s,EVSpeed:74s,EXP:6489,Friendship:18s,Gender:0b,GigantamaxFactor:0b,Health:162,HeldItemStack:{count:1,id:"pixelmon:lucky_egg"},IVAttack:17b,IVDefense:25b,IVHP:10b,IVSpAtt:25b,IVSpDef:20b,IVSpeed:21b,Level:59,MoveSkillCooldown:[{MoveSkillCooldownCurrent:1763320251546L,MoveSkillCooldownId:"ground",MoveSkillCooldownTarget:1763320296546L}],Moveset:[{MoveID:"Smokescreen",MovePP:20b},{MoveID:"Extrasensory",MovePP:20b},{MoveID:"Smack Down",MovePP:15b},{MoveID:"Water Shuriken",MovePP:20b}],NBT_VERSION:2b,Nature:2b,PAbilitySlot:0,PHiddenAbility:0b,PersistentData:{},Pokerus:{Announced:0b,Type:0s},RelrnMoves:["Water Gun","Quick Attack","Lick","Smack Down","Growl","Smokescreen","Water Shuriken"],Size:189.81280139240192d,SpecFlags:[],StatsAttack:141s,StatsDefense:115s,StatsHP:162s,StatsSpecialAttack:151s,StatsSpecialDefense:102s,StatsSpeed:172s,UUID:[I;87039565,1828342704,-1510327759,-2046487460],Variant:"base",eggCycles:-1,ndex:658,originalTrainer:"ootodl",originalTrainerUUID:[I;1141033193,-808041599,-1379937266,-349334450],palette:"alter",ribbons2:[]}
	Charizard {Ability:"Blaze",CaughtBall:"poke_ball",DoesLevel:1b,DynamaxLevel:0,EVAttack:205s,EVDefense:164s,EVHP:16s,EVSpecialAttack:69s,EVSpecialDefense:16s,EVSpeed:40s,EXP:0,FormattedNickname:'{"text":"","extra":["리자몽"]}',Friendship:248s,Gender:0b,GigantamaxFactor:0b,Health:296,HeldItemStack:{count:1,id:"pixelmon:leftovers"},IVAttack:23b,IVDefense:3b,IVHP:26b,IVSpAtt:22b,IVSpDef:21b,IVSpeed:13b,Level:100,MoveSkillCooldown:[{MoveSkillCooldownCurrent:1762707969494L,MoveSkillCooldownId:"ignite",MoveSkillCooldownTarget:1762708009494L}],Moveset:[{MoveID:"Heat Wave",MovePP:10b},{MoveID:"Dragon Pulse",MovePP:10b},{MoveID:"Overheat",MovePP:5b},{MoveID:"False Swipe",MovePP:40b}],NBT_VERSION:2b,Nature:4b,PAbilitySlot:0,PHiddenAbility:0b,PersistentData:{},Pokerus:{Announced:1b,Type:0s},RelrnMoves:["False Swipe","Dragon Pulse","Flamethrower","Dragon Breath","Air Slash","Growl","Inferno","Overheat","Smokescreen","Fire Fang","Scratch","Fire Spin","Ember","Heat Wave"],Size:216.6912739956298d,SpecFlags:[],StatsAttack:247s,StatsDefense:205s,StatsHP:296s,StatsSpecialAttack:262s,StatsSpecialDefense:200s,StatsSpeed:228s,UUID:[I;-443457251,642927920,-1949964527,109174676],Variant:"base",eggCycles:-1,ndex:6,originalTrainer:"ootodl",originalTrainerUUID:[I;1141033193,-808041599,-1379937266,-349334450],palette:"none",ribbon_display2:{received:1761663791716L,receiver:'""',type:"destiny"},ribbons2:[{received:1761663791716L,receiver:'""',type:"destiny"}]}
	Garchomp {Ability:"SandVeil",CaughtBall:"ultra_ball",DoesLevel:1b,DynamaxLevel:0,EVAttack:162s,EVDefense:164s,EVHP:7s,EVSpecialAttack:95s,EVSpecialDefense:22s,EVSpeed:60s,EXP:3376,Friendship:70s,Gender:0b,GigantamaxFactor:0b,Health:230,HeldItemStack:{count:1,id:"pixelmon:focus_sash"},IVAttack:28b,IVDefense:23b,IVHP:27b,IVSpAtt:21b,IVSpDef:31b,IVSpeed:4b,Level:64,Moveset:[{MoveID:"Draco Meteor",MovePP:5b},{MoveID:"Crunch",MovePP:15b},{MoveID:"Dragon Claw",MovePP:15b},{MoveID:"Earth Power",MovePP:10b}],NBT_VERSION:2b,Nature:14b,PAbilitySlot:0,PHiddenAbility:0b,PersistentData:{},Pokerus:{Announced:0b,Type:0s},RelrnMoves:["Dragon Breath","Sand Attack","Bite","Earth Power","Bulldoze","Dragon Claw","Crunch"],Size:175.6459662084312d,SpecFlags:[],StatsAttack:215s,StatsDefense:150s,StatsHP:230s,StatsSpecialAttack:136s,StatsSpecialDefense:137s,StatsSpeed:161s,UUID:[I;1329278018,-608680319,-1274161708,815353687],Variant:"base",eggCycles:-1,ndex:445,originalTrainer:"ootodl",originalTrainerUUID:[I;1141033193,-808041599,-1379937266,-349334450],palette:"none",ribbons2:[]}
	Necrozma {Ability:"PrismArmor",CaughtBall:"master_ball",DoesLevel:1b,DynamaxLevel:0,EVAttack:40s,EVDefense:47s,EVHP:36s,EVSpecialAttack:35s,EVSpecialDefense:9s,EVSpeed:39s,EXP:6867,Friendship:28s,Gender:2b,GigantamaxFactor:0b,Health:250,HeldItemStack:{count:1,id:"pixelmon:lucky_egg"},IVAttack:8b,IVDefense:31b,IVHP:31b,IVSpAtt:29b,IVSpDef:21b,IVSpeed:31b,Level:72,MoveSkillCooldown:[{MoveSkillCooldownCurrent:1762879625273L,MoveSkillCooldownId:"open_wormhole",MoveSkillCooldownTarget:1762880525273L}],Moveset:[{MoveID:"Cosmic Power",MovePP:20b},{MoveID:"Psychic",MovePP:10b},{MoveID:"Photon Geyser",MovePP:5b},{MoveID:"Moongeist Beam",MovePP:5b}],NBT_VERSION:2b,Nature:17b,PAbilitySlot:0,PHiddenAbility:0b,PersistentData:{FusedPokemon:{Ability:"ShadowShield",CaughtBall:"master_ball",DoesLevel:1b,DynamaxLevel:10,EVAttack:0s,EVDefense:0s,EVHP:0s,EVSpecialAttack:0s,EVSpecialDefense:0s,EVSpeed:0s,EXP:0,Friendship:0s,Gender:2b,GigantamaxFactor:0b,Health:289,IVAttack:31b,IVDefense:31b,IVHP:31b,IVSpAtt:31b,IVSpDef:28b,IVSpeed:31b,Level:69,Moveset:[{MoveID:"Teleport",MovePP:20b},{MoveID:"Moonlight",MovePP:5b},{MoveID:"Night Daze",MovePP:10b},{MoveID:"Psychic",MovePP:10b}],NBT_VERSION:2b,Nature:18b,PAbilitySlot:0,PHiddenAbility:0b,PersistentData:{},Pokerus:{Announced:0b,Type:0s},RelrnMoves:["Moonlight","Night Daze","Shadow Ball","Confusion","Teleport","Moongeist Beam"],Size:381.59440336859046d,SpecFlags:[],StatsAttack:182s,StatsDefense:134s,StatsHP:289s,StatsSpecialAttack:236s,StatsSpecialDefense:171s,StatsSpeed:160s,UUID:[I;-1558164410,2124368610,-1296351061,-509366367],Variant:"base",eggCycles:-1,ndex:792,originalTrainer:"ootodl",originalTrainerUUID:[I;1141033193,-808041599,-1379937266,-349334450],palette:"none",ribbons2:[]}},Pokerus:{Announced:0b,Type:0s},RelrnMoves:["Psychic","Cosmic Power","Psycho Cut","Iron Defense","Rock Blast","Moongeist Beam","Power Gem"],Size:593.7189954572792d,SpecFlags:[],StatsAttack:162s,StatsDefense:192s,StatsHP:250s,StatsSpecialAttack:283s,StatsSpecialDefense:204s,StatsSpeed:145s,UUID:[I;1119583021,-1411626219,-1684254232,742874154],Variant:"dawn",eggCycles:-1,ndex:800,originalTrainer:"Bluegum_",originalTrainerUUID:[I;-18226562,-815576607,-1945710123,1042587051],palette:"none",ribbons2:[]}

Turn #0 has begun
 Terrain: NONE[5 turns remaining]
 Weather: none
 Pokemon: 

Pumpkaboo stats changed from [ACCURACY=100, EVASION=100, ATTACK=0, DEFENSE=0, SPECIAL_ATTACK=0, SPECIAL_DEFENSE=0, SPEED=0] to [ACCURACY=100, EVASION=100, ATTACK=3, DEFENSE=3, SPECIAL_ATTACK=4, SPECIAL_DEFENSE=3, SPEED=3] delta: ATTACK=-3, DEFENSE=-3, SPECIAL_ATTACK=-4, SPECIAL_DEFENSE=-3, SPEED=-3
Noctowl stats changed from [ACCURACY=100, EVASION=100, ATTACK=0, DEFENSE=0, SPECIAL_ATTACK=0, SPECIAL_DEFENSE=0, SPEED=0] to [ACCURACY=100, EVASION=100, ATTACK=4, DEFENSE=4, SPECIAL_ATTACK=3, SPECIAL_DEFENSE=3, SPEED=3] delta: ATTACK=-4, DEFENSE=-4, SPECIAL_ATTACK=-3, SPECIAL_DEFENSE=-3, SPEED=-3
Pumpkaboo stats changed from [ACCURACY=100, EVASION=100, ATTACK=0, DEFENSE=0, SPECIAL_ATTACK=0, SPECIAL_DEFENSE=0, SPEED=0] to [ACCURACY=100, EVASION=100, ATTACK=3, DEFENSE=3, SPECIAL_ATTACK=4, SPECIAL_DEFENSE=3, SPEED=3] delta: ATTACK=-3, DEFENSE=-3, SPECIAL_ATTACK=-4, SPECIAL_DEFENSE=-3, SPEED=-3
Hoothoot stats changed from [ACCURACY=100, EVASION=100, ATTACK=0, DEFENSE=0, SPECIAL_ATTACK=0, SPECIAL_DEFENSE=0, SPEED=0] to [ACCURACY=100, EVASION=100, ATTACK=4, DEFENSE=4, SPECIAL_ATTACK=4, SPECIAL_DEFENSE=3, SPEED=4] delta: ATTACK=-4, DEFENSE=-4, SPECIAL_ATTACK=-4, SPECIAL_DEFENSE=-3, SPEED=-4
Pumpkaboo stats changed from [ACCURACY=100, EVASION=100, ATTACK=0, DEFENSE=0, SPECIAL_ATTACK=0, SPECIAL_DEFENSE=0, SPEED=0] to [ACCURACY=100, EVASION=100, ATTACK=3, DEFENSE=3, SPECIAL_ATTACK=4, SPECIAL_DEFENSE=3, SPEED=3] delta: ATTACK=-3, DEFENSE=-3, SPECIAL_ATTACK=-4, SPECIAL_DEFENSE=-3, SPEED=-3
Aron stats changed from [ACCURACY=100, EVASION=100, ATTACK=0, DEFENSE=0, SPECIAL_ATTACK=0, SPECIAL_DEFENSE=0, SPEED=0] to [ACCURACY=100, EVASION=100, ATTACK=3, DEFENSE=3, SPECIAL_ATTACK=4, SPECIAL_DEFENSE=4, SPEED=4] delta: ATTACK=-3, DEFENSE=-3, SPECIAL_ATTACK=-4, SPECIAL_DEFENSE=-4, SPEED=-4
IronTreads stats changed from [ACCURACY=100, EVASION=100, ATTACK=0, DEFENSE=0, SPECIAL_ATTACK=0, SPECIAL_DEFENSE=0, SPEED=0] to [ACCURACY=100, EVASION=100, ATTACK=2, DEFENSE=2, SPECIAL_ATTACK=3, SPECIAL_DEFENSE=3, SPEED=2] delta: ATTACK=-2, DEFENSE=-2, SPECIAL_ATTACK=-3, SPECIAL_DEFENSE=-3, SPEED=-2
Greninja stats changed from [ACCURACY=100, EVASION=100, ATTACK=0, DEFENSE=0, SPECIAL_ATTACK=0, SPECIAL_DEFENSE=0, SPEED=0] to [ACCURACY=100, EVASION=100, ATTACK=3, DEFENSE=3, SPECIAL_ATTACK=2, SPECIAL_DEFENSE=3, SPEED=2] delta: ATTACK=-3, DEFENSE=-3, SPECIAL_ATTACK=-2, SPECIAL_DEFENSE=-3, SPEED=-2
Charizard stats changed from [ACCURACY=100, EVASION=100, ATTACK=0, DEFENSE=0, SPECIAL_ATTACK=0, SPECIAL_DEFENSE=0, SPEED=0] to [ACCURACY=100, EVASION=100, ATTACK=3, DEFENSE=3, SPECIAL_ATTACK=2, SPECIAL_DEFENSE=3, SPEED=3] delta: ATTACK=-3, DEFENSE=-3, SPECIAL_ATTACK=-2, SPECIAL_DEFENSE=-3, SPEED=-3
Garchomp stats changed from [ACCURACY=100, EVASION=100, ATTACK=0, DEFENSE=0, SPECIAL_ATTACK=0, SPECIAL_DEFENSE=0, SPEED=0] to [ACCURACY=100, EVASION=100, ATTACK=2, DEFENSE=3, SPECIAL_ATTACK=3, SPECIAL_DEFENSE=3, SPEED=2] delta: ATTACK=-2, DEFENSE=-3, SPECIAL_ATTACK=-3, SPECIAL_DEFENSE=-3, SPEED=-2
Necrozma stats changed from [ACCURACY=100, EVASION=100, ATTACK=0, DEFENSE=0, SPECIAL_ATTACK=0, SPECIAL_DEFENSE=0, SPEED=0] to [ACCURACY=100, EVASION=100, ATTACK=2, DEFENSE=2, SPECIAL_ATTACK=1, SPECIAL_DEFENSE=2, SPEED=3] delta: ATTACK=-2, DEFENSE=-2, SPECIAL_ATTACK=-1, SPECIAL_DEFENSE=-2, SPEED=-3
Battle Message: literal{Pumpkaboo} summoned some nearby allies to assist them
Pumpkaboo stats changed from [ACCURACY=100, EVASION=100, ATTACK=3, DEFENSE=3, SPECIAL_ATTACK=4, SPECIAL_DEFENSE=3, SPEED=3] to [ACCURACY=100, EVASION=100, ATTACK=202, DEFENSE=208, SPECIAL_ATTACK=170, SPECIAL_DEFENSE=174, SPEED=155] delta: ATTACK=-199, DEFENSE=-205, SPECIAL_ATTACK=-166, SPECIAL_DEFENSE=-171, SPEED=-152
Noctowl stats changed from [ACCURACY=100, EVASION=100, ATTACK=4, DEFENSE=4, SPECIAL_ATTACK=3, SPECIAL_DEFENSE=3, SPEED=3] to [ACCURACY=100, EVASION=100, ATTACK=73, DEFENSE=75, SPECIAL_ATTACK=110, SPECIAL_DEFENSE=123, SPEED=97] delta: ATTACK=-69, DEFENSE=-71, SPECIAL_ATTACK=-107, SPECIAL_DEFENSE=-120, SPEED=-94
Pumpkaboo stats changed from [ACCURACY=100, EVASION=100, ATTACK=3, DEFENSE=3, SPECIAL_ATTACK=4, SPECIAL_DEFENSE=3, SPEED=3] to [ACCURACY=100, EVASION=100, ATTACK=38, DEFENSE=36, SPECIAL_ATTACK=28, SPECIAL_DEFENSE=32, SPEED=29] delta: ATTACK=-35, DEFENSE=-33, SPECIAL_ATTACK=-24, SPECIAL_DEFENSE=-29, SPEED=-26
Hoothoot stats changed from [ACCURACY=100, EVASION=100, ATTACK=4, DEFENSE=4, SPECIAL_ATTACK=4, SPECIAL_DEFENSE=3, SPEED=4] to [ACCURACY=100, EVASION=100, ATTACK=20, DEFENSE=20, SPECIAL_ATTACK=21, SPECIAL_DEFENSE=30, SPEED=24] delta: ATTACK=-16, DEFENSE=-16, SPECIAL_ATTACK=-17, SPECIAL_DEFENSE=-27, SPEED=-20
Pumpkaboo stats changed from [ACCURACY=100, EVASION=100, ATTACK=3, DEFENSE=3, SPECIAL_ATTACK=4, SPECIAL_DEFENSE=3, SPEED=3] to [ACCURACY=100, EVASION=100, ATTACK=42, DEFENSE=37, SPECIAL_ATTACK=29, SPECIAL_DEFENSE=38, SPEED=38] delta: ATTACK=-39, DEFENSE=-34, SPECIAL_ATTACK=-25, SPECIAL_DEFENSE=-35, SPEED=-35
Aron stats changed from [ACCURACY=100, EVASION=100, ATTACK=3, DEFENSE=3, SPECIAL_ATTACK=4, SPECIAL_DEFENSE=4, SPEED=4] to [ACCURACY=100, EVASION=100, ATTACK=6, DEFENSE=6, SPECIAL_ATTACK=6, SPECIAL_DEFENSE=6, SPEED=5] delta: ATTACK=-3, DEFENSE=-3, SPECIAL_ATTACK=-2, SPECIAL_DEFENSE=-2, SPEED=-1
Battle Message: Pumpkaboo frisked Aron and found its Shell Bell!
translation{key='pixelmon.pumpkaboo', args=[]} weighted their choices as follows:  Astonish, Tier 2, Weight 91.66667;  Trick-or-Treat, Tier 0, Weight 0.0;  Shadow Sneak, Tier 2, Weight 91.66667;  Razor Leaf, Tier 2, Weight 91.66667;  
translation{key='pixelmon.pumpkaboo', args=[]} decided their best choices were:  Astonish, Tier 2, Weight 91.66667;  Shadow Sneak, Tier 2, Weight 91.66667;  Razor Leaf, Tier 2, Weight 91.66667;  
Pumpkaboo selected attack Astonish for Pumpkaboo targeting Aron and opted to mega evolve
translation{key='pixelmon.noctowl', args=[]} weighted their choices as follows:  Peck, Tier 2, Weight 91.66667;  Tackle, Tier 2, Weight 91.66667;  Reflect, Tier 0, Weight 0.0;  Air Slash, Tier 2, Weight 91.66667;  
translation{key='pixelmon.noctowl', args=[]} decided their best choices were:  Peck, Tier 2, Weight 91.66667;  Tackle, Tier 2, Weight 91.66667;  Air Slash, Tier 2, Weight 91.66667;  
Noctowl selected attack Tackle for Noctowl targeting Aron and opted to mega evolve
translation{key='pixelmon.pumpkaboo', args=[]} weighted their choices as follows:  Trick-or-Treat, Tier 0, Weight 0.0;  Confuse Ray, Tier 0, Weight 0.0;  Razor Leaf, Tier 2, Weight 91.66667;  Leech Seed, Tier 0, Weight 0.0;  
translation{key='pixelmon.pumpkaboo', args=[]} decided their best choices were:  Razor Leaf, Tier 2, Weight 91.66667;  
Pumpkaboo selected attack Razor Leaf for Pumpkaboo targeting Aron and opted to mega evolve
translation{key='pixelmon.hoothoot', args=[]} weighted their choices as follows:  Growl, Tier 0, Weight 0.0;  Peck, Tier 2, Weight 75.0;  Tackle, Tier 2, Weight 83.33333;  Echoed Voice, Tier 2, Weight 91.66667;  
translation{key='pixelmon.hoothoot', args=[]} decided their best choices were:  Echoed Voice, Tier 2, Weight 91.66667;  
Hoothoot selected attack Echoed Voice for Hoothoot targeting Aron and opted to mega evolve
translation{key='pixelmon.pumpkaboo', args=[]} weighted their choices as follows:  Astonish, Tier 2, Weight 91.66667;  Razor Leaf, Tier 2, Weight 91.66667;  Leech Seed, Tier 0, Weight 0.0;  Bullet Seed, Tier 3, Weight 100.0;  
translation{key='pixelmon.pumpkaboo', args=[]} decided their best choices were:  Bullet Seed, Tier 3, Weight 100.0;  
Pumpkaboo selected attack Bullet Seed for Pumpkaboo targeting Aron and opted to mega evolve
Battle Message: Aron couldn't escape!
ootodl fled the battle
Battle Message: Pumpkaboo used Astonish!
Battle Message: Aron just hung on with Sturdy!
Aron was damaged by Pumpkaboo type ATTACK for 11 before: 12 after: 1
Pumpkaboo used Astonish against Aron with results MoveResults{damage=11, fullDamage=11, power=[], accuracy=0, priority=0.0, result=hit, weightMod=0.0}
Battle Message: Noctowl used Tackle!
Battle Message: It wasn't very effective...
Aron was damaged by Noctowl type ATTACK for 1 before: 1 after: 0
Battle Message: Aron fainted!
Noctowl used Tackle against Aron with results MoveResults{damage=1, fullDamage=75, power=[], accuracy=0, priority=0.0, result=killed, weightMod=0.0}

BATTLE ENDED

BATTLE ENDED
Caught error in battle. Continuing...
Attempted to load class net/minecraft/client/resources/sounds/SoundInstance for invalid dist DEDICATED_SERVER
MC-BOOTSTRAP/fml_loader@4.0.41/net.neoforged.fml.common.asm.RuntimeDistCleaner.processClassWithFlags(RuntimeDistCleaner.java:60)
MC-BOOTSTRAP/cpw.mods.modlauncher@11.0.5/cpw.mods.modlauncher.LaunchPluginHandler.offerClassNodeToPlugins(LaunchPluginHandler.java:94)
MC-BOOTSTRAP/cpw.mods.modlauncher@11.0.5/cpw.mods.modlauncher.ClassTransformer.transform(ClassTransformer.java:120)
MC-BOOTSTRAP/cpw.mods.modlauncher@11.0.5/cpw.mods.modlauncher.TransformingClassLoader.maybeTransformClassBytes(TransformingClassLoader.java:57)
cpw.mods.securejarhandler/cpw.mods.cl.ModuleClassLoader.readerToClass(ModuleClassLoader.java:190)
cpw.mods.securejarhandler/cpw.mods.cl.ModuleClassLoader.lambda$findClass$20(ModuleClassLoader.java:298)
cpw.mods.securejarhandler/cpw.mods.cl.ModuleClassLoader.loadFromModule(ModuleClassLoader.java:311)
cpw.mods.securejarhandler/cpw.mods.cl.ModuleClassLoader.findClass(ModuleClassLoader.java:298)
cpw.mods.securejarhandler/cpw.mods.cl.ModuleClassLoader.loadClass(ModuleClassLoader.java:214)
java.base/java.lang.ClassLoader.loadClass(Unknown Source)
TRANSFORMER/pixelmon@9.3.9/com.pixelmonmod.pixelmon.battles.controller.participants.PlayerParticipant.forfeitBattleForBeingTooFarAway(PlayerParticipant.java:666)
TRANSFORMER/pixelmon@9.3.9/com.pixelmonmod.pixelmon.battles.controller.participants.PlayerParticipant.handlePlayerDistanceFromBattle(PlayerParticipant.java:647)
TRANSFORMER/pixelmon@9.3.9/com.pixelmonmod.pixelmon.battles.controller.participants.PlayerParticipant.tick(PlayerParticipant.java:451)
TRANSFORMER/pixelmon@9.3.9/com.pixelmonmod.pixelmon.battles.controller.BattleController.onUpdate(BattleController.java:1135)
TRANSFORMER/pixelmon@9.3.9/com.pixelmonmod.pixelmon.battles.controller.BattleController.update(BattleController.java:511)
TRANSFORMER/pixelmon@9.3.9/com.pixelmonmod.pixelmon.battles.BattleRegistry.updateBattles(BattleRegistry.java:202)
TRANSFORMER/pixelmon@9.3.9/com.pixelmonmod.pixelmon.battles.BattleTickHandler.tickStart(BattleTickHandler.java:10)
MC-BOOTSTRAP/net.neoforged.bus/net.neoforged.bus.EventBus.post(EventBus.java:360)
MC-BOOTSTRAP/net.neoforged.bus/net.neoforged.bus.EventBus.post(EventBus.java:328)
TRANSFORMER/neoforge@21.1.209/net.neoforged.neoforge.event.EventHooks.fireServerTickPost(EventHooks.java:1020)
TRANSFORMER/minecraft@1.21.1/net.minecraft.server.MinecraftServer.tickServer(MinecraftServer.java:943)
TRANSFORMER/minecraft@1.21.1/net.minecraft.server.MinecraftServer.runServer(MinecraftServer.java:707)
TRANSFORMER/minecraft@1.21.1/net.minecraft.server.MinecraftServer.lambda$spin$2(MinecraftServer.java:267)
java.base/java.lang.Thread.run(Unknown Source)
