Pixelmon Version 9.3.9
Battle data 2025-11-01T11:47:15.821642272Z

Team #0 WildPixelmonParticipant Lycanroc pixelmon:ultra_space (3065.054948486045, 62.0, -4373.317748241318) 
	Lycanroc {Ability:"KeenEye",CaughtBall:"poke_ball",DoesLevel:1b,DynamaxLevel:0,EVAttack:0s,EVDefense:0s,EVHP:0s,EVSpecialAttack:0s,EVSpecialDefense:0s,EVSpeed:0s,EXP:0,Friendship:0s,Gender:1b,GigantamaxFactor:0b,Health:112,IVAttack:10b,IVDefense:15b,IVHP:6b,IVSpAtt:6b,IVSpDef:27b,IVSpeed:16b,Level:40,Moveset:[{MoveID:"Quick Guard",MovePP:15b},{MoveID:"Sucker Punch",MovePP:5b},{MoveID:"Tackle",MovePP:35b},{MoveID:"Rock Tomb",MovePP:15b}],NBT_VERSION:2b,Nature:14b,PAbilitySlot:0,PHiddenAbility:0b,PersistentData:{},Pokerus:{Announced:0b,Type:0s},RelrnMoves:["Sucker Punch","Tackle","Quick Guard"],Size:97.82413387821886d,SpecFlags:[],StatsAttack:101s,StatsDefense:56s,StatsHP:112s,StatsSpecialAttack:51s,StatsSpecialDefense:67s,StatsSpeed:111s,UUID:[I;-1035632996,-889633554,-1448612674,68454494],Variant:"midday",eggCycles:-1,ndex:745,palette:"none",ribbons2:[]}
Team #0 WildPixelmonParticipant Naclstack pixelmon:ultra_space (3062.5, 58.0, -4370.5) 
	Naclstack {Ability:"Sturdy",CaughtBall:"poke_ball",DoesLevel:1b,DynamaxLevel:0,EVAttack:0s,EVDefense:0s,EVHP:0s,EVSpecialAttack:0s,EVSpecialDefense:0s,EVSpeed:0s,EXP:0,Friendship:0s,Gender:0b,GigantamaxFactor:0b,Health:101,IVAttack:24b,IVDefense:27b,IVHP:28b,IVSpAtt:6b,IVSpDef:0b,IVSpeed:1b,Level:37,Moveset:[{MoveID:"Rock Throw",MovePP:15b},{MoveID:"Smack Down",MovePP:15b},{MoveID:"Rock Polish",MovePP:20b},{MoveID:"Rock Slide",MovePP:10b}],NBT_VERSION:2b,Nature:2b,PAbilitySlot:1,PHiddenAbility:0b,PersistentData:{},Pokerus:{Announced:0b,Type:0s},RelrnMoves:["Smack Down","Rock Throw","Rock Polish"],Size:59.210323276948124d,SpecFlags:[],StatsAttack:58s,StatsDefense:88s,StatsHP:101s,StatsSpecialAttack:33s,StatsSpecialDefense:53s,StatsSpeed:31s,UUID:[I;325890259,-729332856,-1852861388,319641505],Variant:"base",eggCycles:-1,ndex:933,palette:"none",ribbons2:[]}
Team #0 WildPixelmonParticipant Shieldon pixelmon:ultra_space (3062.5, 58.0, -4372.5) 
	Shieldon {Ability:"Sturdy",CaughtBall:"poke_ball",DoesLevel:1b,DynamaxLevel:0,EVAttack:0s,EVDefense:0s,EVHP:0s,EVSpecialAttack:0s,EVSpecialDefense:0s,EVSpeed:0s,EXP:0,Friendship:0s,Gender:0b,GigantamaxFactor:0b,Health:68,IVAttack:20b,IVDefense:16b,IVHP:8b,IVSpAtt:21b,IVSpDef:2b,IVSpeed:0b,Level:35,Moveset:[{MoveID:"Protect",MovePP:10b},{MoveID:"Tackle",MovePP:35b},{MoveID:"Taunt",MovePP:20b},{MoveID:"Take Down",MovePP:20b}],NBT_VERSION:2b,Nature:18b,PAbilitySlot:0,PHiddenAbility:0b,PersistentData:{},Pokerus:{Announced:0b,Type:0s},RelrnMoves:["Protect","Tackle","Taunt"],Size:43.87899661527448d,SpecFlags:[],StatsAttack:41s,StatsDefense:83s,StatsHP:68s,StatsSpecialAttack:45s,StatsSpecialDefense:67s,StatsSpeed:26s,UUID:[I;-791372660,1809467336,-2056070775,1210949556],Variant:"base",eggCycles:-1,ndex:410,palette:"none",ribbons2:[]}
Team #0 WildPixelmonParticipant Beheeyem pixelmon:ultra_space (3069.5, 58.0, -4373.5) 
	Beheeyem {Ability:"Telepathy",CaughtBall:"poke_ball",DoesLevel:1b,DynamaxLevel:0,EVAttack:0s,EVDefense:0s,EVHP:0s,EVSpecialAttack:0s,EVSpecialDefense:0s,EVSpeed:0s,EXP:0,Friendship:0s,Gender:0b,GigantamaxFactor:0b,Health:156,IVAttack:15b,IVDefense:9b,IVHP:21b,IVSpAtt:4b,IVSpDef:31b,IVSpeed:11b,Level:54,Moveset:[{MoveID:"Confusion",MovePP:25b},{MoveID:"Imprison",MovePP:10b},{MoveID:"Teleport",MovePP:20b},{MoveID:"Recover",MovePP:5b}],NBT_VERSION:2b,Nature:20b,PAbilitySlot:0,PHiddenAbility:0b,PersistentData:{},Pokerus:{Announced:0b,Type:0s},RelrnMoves:["Confusion","Imprison","Teleport"],Size:109.37546599910485d,SpecFlags:[],StatsAttack:94s,StatsDefense:90s,StatsHP:156s,StatsSpecialAttack:156s,StatsSpecialDefense:111s,StatsSpeed:54s,UUID:[I;1420721369,-2003874470,-1375918554,1004313110],Variant:"base",eggCycles:-1,ndex:606,palette:"none",ribbons2:[]}
Team #0 WildPixelmonParticipant Larvesta pixelmon:ultra_space (3062.4355036939755, 58.0, -4371.3232468720435) 
	Larvesta {Ability:"FlameBody",CaughtBall:"poke_ball",DoesLevel:1b,DynamaxLevel:0,EVAttack:0s,EVDefense:0s,EVHP:0s,EVSpecialAttack:0s,EVSpecialDefense:0s,EVSpeed:0s,EXP:0,Friendship:0s,Gender:0b,GigantamaxFactor:0b,Health:75,IVAttack:5b,IVDefense:20b,IVHP:7b,IVSpAtt:7b,IVSpDef:30b,IVSpeed:18b,Level:30,Moveset:[{MoveID:"Ember",MovePP:25b},{MoveID:"String Shot",MovePP:30b},{MoveID:"Flame Charge",MovePP:20b}],NBT_VERSION:2b,Nature:8b,PAbilitySlot:0,PHiddenAbility:0b,PersistentData:{},Pokerus:{Announced:0b,Type:0s},RelrnMoves:["String Shot","Ember"],Size:82.57941489848903d,SpecFlags:[],StatsAttack:62s,StatsDefense:44s,StatsHP:75s,StatsSpecialAttack:37s,StatsSpecialDefense:42s,StatsSpeed:46s,UUID:[I;-1441873624,1814578486,-1317694226,1451835219],Variant:"base",eggCycles:-1,ndex:636,palette:"none",ribbons2:[]}
Team #1 PlayerParticipant godksrk pixelmon:ultra_space (3065.6159417863255, 62.0, -4372.4367124426935) 
	Tyranitar {Ability:"SandStream",CaughtBall:"heal_ball",DoesLevel:1b,DynamaxLevel:0,EVAttack:152s,EVDefense:136s,EVHP:20s,EVSpecialAttack:142s,EVSpecialDefense:19s,EVSpeed:41s,EXP:13036,Friendship:235s,Gender:0b,GigantamaxFactor:0b,Health:200,HeldItemStack:{count:1,id:"pixelmon:groundium_z"},IVAttack:23b,IVDefense:20b,IVHP:2b,IVSpAtt:22b,IVSpDef:31b,IVSpeed:25b,Level:73,Moveset:[{MoveID:"Earthquake",MovePP:10b},{MoveID:"Crunch",MovePP:15b},{MoveID:"Stone Edge",MovePP:5b},{MoveID:"Rock Slide",MovePP:10b}],NBT_VERSION:2b,Nature:13b,PAbilitySlot:0,PHiddenAbility:0b,PersistentData:{},Pokerus:{Announced:0b,Type:0s},RelrnMoves:["Payback","Smack Down","Earthquake","Rock Throw","Rock Slide","Bite","Scary Face","Crunch"],Size:183.92491232552595d,SpecFlags:[],StatsAttack:220s,StatsDefense:205s,StatsHP:234s,StatsSpecialAttack:185s,StatsSpecialDefense:177s,StatsSpeed:130s,UUID:[I;1488337459,1577471459,-1770934281,-453487938],Variant:"base",eggCycles:-1,ndex:248,originalTrainer:"godksrk",originalTrainerUUID:[I;-1534560904,-1643165059,-1785036217,-2046744326],palette:"none",ribbons2:[]}
	Marshadow {Ability:"Technician",CaughtBall:"great_ball",DoesLevel:1b,DynamaxLevel:0,EVAttack:58s,EVDefense:31s,EVHP:19s,EVSpecialAttack:30s,EVSpecialDefense:17s,EVSpeed:55s,EXP:18288,Friendship:114s,Gender:2b,GigantamaxFactor:0b,Health:282,HeldItemStack:{count:1,id:"pixelmon:spooky_plate"},IVAttack:10b,IVDefense:16b,IVHP:25b,IVSpAtt:31b,IVSpDef:31b,IVSpeed:31b,Level:88,MoveSkillCooldown:[{MoveSkillCooldownCurrent:1761716256933L,MoveSkillCooldownId:"forage",MoveSkillCooldownTarget:1761716281933L}],Moveset:[{MoveID:"Spectral Thief",MovePP:10b},{MoveID:"Fire Punch",MovePP:15b},{MoveID:"Ice Punch",MovePP:15b},{MoveID:"Assurance",MovePP:10b}],NBT_VERSION:2b,Nature:7b,PAbilitySlot:0,PHiddenAbility:0b,PersistentData:{},Pokerus:{Announced:0b,Type:0s},RelrnMoves:["Assurance","Counter","Fire Punch","Ice Punch"],Size:75.66592948916545d,SpecFlags:[],StatsAttack:270s,StatsDefense:166s,StatsHP:282s,StatsSpecialAttack:177s,StatsSpecialDefense:194s,StatsSpeed:264s,UUID:[I;-1003270197,-1468055099,-1629377688,-1872919878],Variant:"base",eggCycles:-1,ndex:802,originalTrainer:"godksrk",originalTrainerUUID:[I;-1534560904,-1643165059,-1785036217,-2046744326],palette:"none",ribbons2:[]}
	Zacian {Ability:"IntrepidSword",CaughtBall:"ultra_ball",DoesLevel:1b,DynamaxLevel:0,EVAttack:46s,EVDefense:70s,EVHP:5s,EVSpecialAttack:22s,EVSpecialDefense:16s,EVSpeed:25s,EXP:4866,Friendship:19s,Gender:2b,GigantamaxFactor:0b,Health:246,HeldItemStack:{count:1,id:"pixelmon:rusted_sword"},IVAttack:19b,IVDefense:31b,IVHP:18b,IVSpAtt:2b,IVSpDef:31b,IVSpeed:31b,Level:78,MoveSkillCooldown:[{MoveSkillCooldownCurrent:1761838423817L,MoveSkillCooldownId:"forage",MoveSkillCooldownTarget:1761838448817L}],Moveset:[{MoveID:"Close Combat",MovePP:5b},{MoveID:"Metal Claw",MovePP:35b},{MoveID:"Swords Dance",MovePP:20b},{MoveID:"Crunch",MovePP:15b}],NBT_VERSION:2b,Nature:13b,PAbilitySlot:0,PHiddenAbility:0b,PersistentData:{},Pokerus:{Announced:0b,Type:0s},RelrnMoves:["Metal Claw","Bite","Swords Dance","Howl","Crunch"],Size:207.21406434338417d,SpecFlags:[],StatsAttack:235s,StatsDefense:222s,StatsHP:246s,StatsSpecialAttack:135s,StatsSpecialDefense:211s,StatsSpeed:290s,UUID:[I;-111684309,625560974,-1636721223,722140422],Variant:"hero",eggCycles:-1,ndex:888,originalTrainer:"godksrk",originalTrainerUUID:[I;-1534560904,-1643165059,-1785036217,-2046744326],palette:"none",ribbons2:[]}
	Solgaleo {Ability:"FullMetalBody",CaughtBall:"master_ball",DoesLevel:1b,DynamaxLevel:0,EVAttack:85s,EVDefense:95s,EVHP:18s,EVSpecialAttack:34s,EVSpecialDefense:27s,EVSpeed:36s,EXP:12675,Friendship:59s,Gender:2b,GigantamaxFactor:0b,Health:247,HeldItemStack:{count:1,id:"pixelmon:lucky_egg"},IVAttack:31b,IVDefense:11b,IVHP:31b,IVSpAtt:31b,IVSpDef:26b,IVSpeed:11b,Level:58,MoveSkillCooldown:[{MoveSkillCooldownCurrent:1761996283922L,MoveSkillCooldownId:"open_wormhole",MoveSkillCooldownTarget:1761997183922L},{MoveSkillCooldownCurrent:1761996474225L,MoveSkillCooldownId:"teleport",MoveSkillCooldownTarget:1761996478625L}],Moveset:[{MoveID:"Zen Headbutt",MovePP:15b},{MoveID:"Teleport",MovePP:20b},{MoveID:"Wild Charge",MovePP:15b},{MoveID:"Sunsteel Strike",MovePP:5b}],NBT_VERSION:2b,Nature:17b,PAbilitySlot:0,PHiddenAbility:0b,PersistentData:{},Pokerus:{Announced:0b,Type:0s},RelrnMoves:["Cosmic Power","Sunsteel Strike","Splash","Zen Headbutt","Teleport"],Size:316.22780950652975d,SpecFlags:[],StatsAttack:174s,StatsDefense:149s,StatsHP:247s,StatsSpecialAttack:173s,StatsSpecialDefense:127s,StatsSpeed:129s,UUID:[I;783626790,41830964,-1469870044,-783743995],Variant:"base",eggCycles:-1,ndex:791,originalTrainer:"godksrk",originalTrainerUUID:[I;-1534560904,-1643165059,-1785036217,-2046744326],palette:"none",ribbons2:[]}
	Dragapult {Ability:"ClearBody",CaughtBall:"dive_ball",DoesLevel:1b,DynamaxLevel:10,EVAttack:59s,EVDefense:69s,EVHP:14s,EVSpecialAttack:22s,EVSpecialDefense:7s,EVSpeed:24s,EXP:689,Friendship:255s,Gender:0b,GigantamaxFactor:0b,Health:273,HeldItemStack:{count:1,id:"pixelmon:dragonium_z"},IVAttack:24b,IVDefense:28b,IVHP:13b,IVSpAtt:3b,IVSpDef:13b,IVSpeed:20b,IV_HTATTACK:1b,IV_HTDEFENSE:1b,IV_HTHP:1b,IV_HTSPECIAL_ATTACK:1b,IV_HTSPECIAL_DEFENSE:1b,IV_HTSPEED:1b,Level:85,Moveset:[{MoveID:"Shadow Ball",MovePP:15b},{MoveID:"Dragon Darts",MovePP:10b},{MoveID:"Draco Meteor",MovePP:5b},{MoveID:"Dragon Rush",MovePP:10b}],NBT_VERSION:2b,Nature:14b,PAbilitySlot:0,PHiddenAbility:0b,PersistentData:{},Pokerus:{Announced:0b,Type:0s},RelrnMoves:["Dragon Pulse","Assurance","Dragon Rush","Shadow Ball","Hex","Dragon Darts","Dragon Dance"],Size:173.4553657311622d,SpecFlags:[],StatsAttack:247s,StatsDefense:155s,StatsHP:273s,StatsSpecialAttack:206s,StatsSpecialDefense:160s,StatsSpeed:304s,UUID:[I;1223637489,-2089007078,-1471043172,-135570784],Variant:"base",eggCycles:-1,ndex:887,originalTrainer:"godksrk",originalTrainerUUID:[I;-1534560904,-1643165059,-1785036217,-2046744326],palette:"none",ribbons2:[]}
	Garganacl {Ability:"PurifyingSalt",CaughtBall:"heal_ball",DoesLevel:1b,DynamaxLevel:0,EVAttack:17s,EVDefense:31s,EVHP:2s,EVSpecialAttack:15s,EVSpecialDefense:0s,EVSpeed:7s,EXP:4341,Friendship:50s,Gender:1b,GigantamaxFactor:0b,Health:183,HeldItemStack:{count:1,id:"pixelmon:exp_share"},IVAttack:12b,IVDefense:25b,IVHP:4b,IVSpAtt:5b,IVSpDef:25b,IVSpeed:13b,Level:57,Moveset:[{MoveID:"Rock Tomb",MovePP:15b},{MoveID:"Salt Cure",MovePP:15b},{MoveID:"Rock Slide",MovePP:10b},{MoveID:"Stealth Rock",MovePP:20b}],NBT_VERSION:2b,Nature:5b,PAbilitySlot:0,PHiddenAbility:0b,PersistentData:{},Pokerus:{Announced:0b,Type:0s},RelrnMoves:["Rock Tomb","Rock Slide","Salt Cure"],Size:172.86984321320344d,SpecFlags:[],StatsAttack:140s,StatsDefense:153s,StatsHP:183s,StatsSpecialAttack:61s,StatsSpecialDefense:121s,StatsSpeed:53s,UUID:[I;-1165940767,2088454217,-1619320555,-1972163299],Variant:"base",eggCycles:-1,ndex:934,originalTrainer:"godksrk",originalTrainerUUID:[I;-1534560904,-1643165059,-1785036217,-2046744326],palette:"none",ribbons2:[]}

Turn #0 has begun
 Terrain: NONE[5 turns remaining]
 Weather: none
 Pokemon: 

Lycanroc stats changed from [ACCURACY=100, EVASION=100, ATTACK=0, DEFENSE=0, SPECIAL_ATTACK=0, SPECIAL_DEFENSE=0, SPEED=0] to [ACCURACY=100, EVASION=100, ATTACK=2, DEFENSE=3, SPECIAL_ATTACK=3, SPECIAL_DEFENSE=3, SPEED=2] delta: ATTACK=-2, DEFENSE=-3, SPECIAL_ATTACK=-3, SPECIAL_DEFENSE=-3, SPEED=-2
Naclstack stats changed from [ACCURACY=100, EVASION=100, ATTACK=0, DEFENSE=0, SPECIAL_ATTACK=0, SPECIAL_DEFENSE=0, SPEED=0] to [ACCURACY=100, EVASION=100, ATTACK=3, DEFENSE=3, SPECIAL_ATTACK=4, SPECIAL_DEFENSE=3, SPEED=4] delta: ATTACK=-3, DEFENSE=-3, SPECIAL_ATTACK=-4, SPECIAL_DEFENSE=-3, SPEED=-4
Shieldon stats changed from [ACCURACY=100, EVASION=100, ATTACK=0, DEFENSE=0, SPECIAL_ATTACK=0, SPECIAL_DEFENSE=0, SPEED=0] to [ACCURACY=100, EVASION=100, ATTACK=4, DEFENSE=2, SPECIAL_ATTACK=4, SPECIAL_DEFENSE=3, SPEED=4] delta: ATTACK=-4, DEFENSE=-2, SPECIAL_ATTACK=-4, SPECIAL_DEFENSE=-3, SPEED=-4
Beheeyem stats changed from [ACCURACY=100, EVASION=100, ATTACK=0, DEFENSE=0, SPECIAL_ATTACK=0, SPECIAL_DEFENSE=0, SPEED=0] to [ACCURACY=100, EVASION=100, ATTACK=3, DEFENSE=3, SPECIAL_ATTACK=2, SPECIAL_DEFENSE=3, SPEED=4] delta: ATTACK=-3, DEFENSE=-3, SPECIAL_ATTACK=-2, SPECIAL_DEFENSE=-3, SPEED=-4
Larvesta stats changed from [ACCURACY=100, EVASION=100, ATTACK=0, DEFENSE=0, SPECIAL_ATTACK=0, SPECIAL_DEFENSE=0, SPEED=0] to [ACCURACY=100, EVASION=100, ATTACK=3, DEFENSE=3, SPECIAL_ATTACK=4, SPECIAL_DEFENSE=3, SPEED=3] delta: ATTACK=-3, DEFENSE=-3, SPECIAL_ATTACK=-4, SPECIAL_DEFENSE=-3, SPEED=-3
Tyranitar stats changed from [ACCURACY=100, EVASION=100, ATTACK=0, DEFENSE=0, SPECIAL_ATTACK=0, SPECIAL_DEFENSE=0, SPEED=0] to [ACCURACY=100, EVASION=100, ATTACK=2, DEFENSE=2, SPECIAL_ATTACK=3, SPECIAL_DEFENSE=3, SPEED=3] delta: ATTACK=-2, DEFENSE=-2, SPECIAL_ATTACK=-3, SPECIAL_DEFENSE=-3, SPEED=-3
Marshadow stats changed from [ACCURACY=100, EVASION=100, ATTACK=0, DEFENSE=0, SPECIAL_ATTACK=0, SPECIAL_DEFENSE=0, SPEED=0] to [ACCURACY=100, EVASION=100, ATTACK=2, DEFENSE=3, SPECIAL_ATTACK=3, SPECIAL_DEFENSE=3, SPEED=2] delta: ATTACK=-2, DEFENSE=-3, SPECIAL_ATTACK=-3, SPECIAL_DEFENSE=-3, SPEED=-2
Zacian stats changed from [ACCURACY=100, EVASION=100, ATTACK=0, DEFENSE=0, SPECIAL_ATTACK=0, SPECIAL_DEFENSE=0, SPEED=0] to [ACCURACY=100, EVASION=100, ATTACK=2, DEFENSE=2, SPECIAL_ATTACK=3, SPECIAL_DEFENSE=2, SPEED=2] delta: ATTACK=-2, DEFENSE=-2, SPECIAL_ATTACK=-3, SPECIAL_DEFENSE=-2, SPEED=-2
Solgaleo stats changed from [ACCURACY=100, EVASION=100, ATTACK=0, DEFENSE=0, SPECIAL_ATTACK=0, SPECIAL_DEFENSE=0, SPEED=0] to [ACCURACY=100, EVASION=100, ATTACK=2, DEFENSE=2, SPECIAL_ATTACK=2, SPECIAL_DEFENSE=3, SPEED=3] delta: ATTACK=-2, DEFENSE=-2, SPECIAL_ATTACK=-2, SPECIAL_DEFENSE=-3, SPEED=-3
Dragapult stats changed from [ACCURACY=100, EVASION=100, ATTACK=0, DEFENSE=0, SPECIAL_ATTACK=0, SPECIAL_DEFENSE=0, SPEED=0] to [ACCURACY=100, EVASION=100, ATTACK=2, DEFENSE=3, SPECIAL_ATTACK=3, SPECIAL_DEFENSE=3, SPEED=2] delta: ATTACK=-2, DEFENSE=-3, SPECIAL_ATTACK=-3, SPECIAL_DEFENSE=-3, SPEED=-2
Garganacl stats changed from [ACCURACY=100, EVASION=100, ATTACK=0, DEFENSE=0, SPECIAL_ATTACK=0, SPECIAL_DEFENSE=0, SPEED=0] to [ACCURACY=100, EVASION=100, ATTACK=3, DEFENSE=2, SPECIAL_ATTACK=4, SPECIAL_DEFENSE=3, SPEED=4] delta: ATTACK=-3, DEFENSE=-2, SPECIAL_ATTACK=-4, SPECIAL_DEFENSE=-3, SPEED=-4
Battle Message: literal{Lycanroc} summoned some nearby allies to assist them
Lycanroc stats changed from [ACCURACY=100, EVASION=100, ATTACK=2, DEFENSE=3, SPECIAL_ATTACK=3, SPECIAL_DEFENSE=3, SPEED=2] to [ACCURACY=100, EVASION=100, ATTACK=101, DEFENSE=56, SPECIAL_ATTACK=51, SPECIAL_DEFENSE=67, SPEED=111] delta: ATTACK=-99, DEFENSE=-53, SPECIAL_ATTACK=-48, SPECIAL_DEFENSE=-64, SPEED=-109
Naclstack stats changed from [ACCURACY=100, EVASION=100, ATTACK=3, DEFENSE=3, SPECIAL_ATTACK=4, SPECIAL_DEFENSE=3, SPEED=4] to [ACCURACY=100, EVASION=100, ATTACK=58, DEFENSE=88, SPECIAL_ATTACK=33, SPECIAL_DEFENSE=53, SPEED=31] delta: ATTACK=-55, DEFENSE=-85, SPECIAL_ATTACK=-29, SPECIAL_DEFENSE=-50, SPEED=-27
Shieldon stats changed from [ACCURACY=100, EVASION=100, ATTACK=4, DEFENSE=2, SPECIAL_ATTACK=4, SPECIAL_DEFENSE=3, SPEED=4] to [ACCURACY=100, EVASION=100, ATTACK=41, DEFENSE=83, SPECIAL_ATTACK=45, SPECIAL_DEFENSE=67, SPEED=26] delta: ATTACK=-37, DEFENSE=-81, SPECIAL_ATTACK=-41, SPECIAL_DEFENSE=-64, SPEED=-22
Beheeyem stats changed from [ACCURACY=100, EVASION=100, ATTACK=3, DEFENSE=3, SPECIAL_ATTACK=2, SPECIAL_DEFENSE=3, SPEED=4] to [ACCURACY=100, EVASION=100, ATTACK=94, DEFENSE=90, SPECIAL_ATTACK=156, SPECIAL_DEFENSE=111, SPEED=54] delta: ATTACK=-91, DEFENSE=-87, SPECIAL_ATTACK=-154, SPECIAL_DEFENSE=-108, SPEED=-50
Larvesta stats changed from [ACCURACY=100, EVASION=100, ATTACK=3, DEFENSE=3, SPECIAL_ATTACK=4, SPECIAL_DEFENSE=3, SPEED=3] to [ACCURACY=100, EVASION=100, ATTACK=62, DEFENSE=44, SPECIAL_ATTACK=37, SPECIAL_DEFENSE=42, SPEED=46] delta: ATTACK=-59, DEFENSE=-41, SPECIAL_ATTACK=-33, SPECIAL_DEFENSE=-39, SPEED=-43
Tyranitar stats changed from [ACCURACY=100, EVASION=100, ATTACK=2, DEFENSE=2, SPECIAL_ATTACK=3, SPECIAL_DEFENSE=3, SPEED=3] to [ACCURACY=100, EVASION=100, ATTACK=220, DEFENSE=205, SPECIAL_ATTACK=185, SPECIAL_DEFENSE=177, SPEED=130] delta: ATTACK=-218, DEFENSE=-203, SPECIAL_ATTACK=-182, SPECIAL_DEFENSE=-174, SPEED=-127
Zacian stats changed from [ACCURACY=100, EVASION=100, ATTACK=2, DEFENSE=2, SPECIAL_ATTACK=3, SPECIAL_DEFENSE=2, SPEED=2] to [ACCURACY=100, EVASION=100, ATTACK=235, DEFENSE=222, SPECIAL_ATTACK=135, SPECIAL_DEFENSE=211, SPEED=290] delta: ATTACK=-233, DEFENSE=-220, SPECIAL_ATTACK=-132, SPECIAL_DEFENSE=-209, SPEED=-288
Global status added Sandstorm[5 turns remaining] by Tyranitar
Weather is now set to Sandstorm[5 turns remaining] by Tyranitar
Battle Message: Tyranitar's Sand Stream whipped up a sandstorm!
Lycanroc selected attack Rock Tomb for Lycanroc targeting Tyranitar and opted to mega evolve
Lycanroc stats changed from [ACCURACY=100, EVASION=100, ATTACK=101, DEFENSE=56, SPECIAL_ATTACK=51, SPECIAL_DEFENSE=67, SPEED=111] to [ACCURACY=100, EVASION=100, ATTACK=101, DEFENSE=56, SPECIAL_ATTACK=51, SPECIAL_DEFENSE=100, SPEED=111] delta: SPECIAL_DEFENSE=-33
Naclstack stats changed from [ACCURACY=100, EVASION=100, ATTACK=58, DEFENSE=88, SPECIAL_ATTACK=33, SPECIAL_DEFENSE=53, SPEED=31] to [ACCURACY=100, EVASION=100, ATTACK=58, DEFENSE=88, SPECIAL_ATTACK=33, SPECIAL_DEFENSE=79, SPEED=31] delta: SPECIAL_DEFENSE=-26
Shieldon stats changed from [ACCURACY=100, EVASION=100, ATTACK=41, DEFENSE=83, SPECIAL_ATTACK=45, SPECIAL_DEFENSE=67, SPEED=26] to [ACCURACY=100, EVASION=100, ATTACK=41, DEFENSE=83, SPECIAL_ATTACK=45, SPECIAL_DEFENSE=100, SPEED=26] delta: SPECIAL_DEFENSE=-33
Tyranitar stats changed from [ACCURACY=100, EVASION=100, ATTACK=220, DEFENSE=205, SPECIAL_ATTACK=185, SPECIAL_DEFENSE=177, SPEED=130] to [ACCURACY=100, EVASION=100, ATTACK=220, DEFENSE=205, SPECIAL_ATTACK=185, SPECIAL_DEFENSE=265, SPEED=130] delta: SPECIAL_DEFENSE=-88
translation{key='pixelmon.naclstack', args=[]} weighted their choices as follows:  Rock Throw, Tier 2, Weight 4.2735043;  Smack Down, Tier 2, Weight 4.2735043;  Rock Polish, Tier 0, Weight 0.0;  Rock Slide, Tier 2, Weight 5.555556;  
translation{key='pixelmon.naclstack', args=[]} decided their best choices were:  Rock Slide, Tier 2, Weight 5.555556;  
Naclstack selected attack Rock Slide for Naclstack targeting Tyranitar and opted to mega evolve
translation{key='pixelmon.shieldon', args=[]} weighted their choices as follows:  Protect, Tier 0, Weight 0.0;  Tackle, Tier 2, Weight 0.8547009;  Taunt, Tier 0, Weight 0.0;  Take Down, Tier 2, Weight 1.7094018;  
translation{key='pixelmon.shieldon', args=[]} decided their best choices were:  Tackle, Tier 2, Weight 0.8547009;  Take Down, Tier 2, Weight 1.7094018;  
Shieldon selected attack Take Down for Shieldon targeting Tyranitar and opted to mega evolve
translation{key='pixelmon.beheeyem', args=[]} weighted their choices as follows:  Confusion, Tier 0, Weight 0.0;  Imprison, Tier 0, Weight 0.0;  Teleport, Tier 0, Weight 0.0;  Recover, Tier 0, Weight 0.0;  
translation{key='pixelmon.beheeyem', args=[]} couldn't decide if there was a best choice on which course of action to take.
Beheeyem selected attack Teleport for Beheeyem targeting Beheeyem and opted to mega evolve
translation{key='pixelmon.larvesta', args=[]} weighted their choices as follows:  Ember, Tier 2, Weight 1.2820513;  String Shot, Tier 0, Weight 0.0;  Flame Charge, Tier 2, Weight 1.7094018;  
translation{key='pixelmon.larvesta', args=[]} decided their best choices were:  Ember, Tier 2, Weight 1.2820513;  Flame Charge, Tier 2, Weight 1.7094018;  
Larvesta selected attack Ember for Larvesta targeting Tyranitar and opted to mega evolve
Battle Message: Tyranitar couldn't escape!
godksrk fled the battle
Battle Message: Lycanroc used Rock Tomb!
Tyranitar was damaged by Lycanroc type ATTACK for 18 before: 234 after: 216
Tyranitar stats changed from [ACCURACY=100, EVASION=100, ATTACK=220, DEFENSE=205, SPECIAL_ATTACK=185, SPECIAL_DEFENSE=265, SPEED=130] to [ACCURACY=100, EVASION=100, ATTACK=220, DEFENSE=205, SPECIAL_ATTACK=185, SPECIAL_DEFENSE=177, SPEED=130] delta: SPECIAL_DEFENSE=88
Battle Message: Tyranitar's Speed was decreased!
Lycanroc used Rock Tomb against Tyranitar with results MoveResults{damage=18, fullDamage=18, power=[], accuracy=0, priority=0.0, result=succeeded, weightMod=0.0}
Battle Message: Larvesta used Ember!
Battle Message: It wasn't very effective...
Tyranitar was damaged by Larvesta type ATTACK for 2 before: 216 after: 214
Larvesta used Ember against Tyranitar with results MoveResults{damage=2, fullDamage=2, power=[], accuracy=0, priority=0.0, result=hit, weightMod=0.0}
Battle Message: Naclstack used Rock Slide!
Tyranitar was damaged by Naclstack type ATTACK for 11 before: 214 after: 203
Naclstack used Rock Slide against Tyranitar with results MoveResults{damage=11, fullDamage=11, power=[], accuracy=0, priority=0.0, result=hit, weightMod=0.0}
Battle Message: Shieldon used Take Down!
Battle Message: It wasn't very effective...
Tyranitar was damaged by Shieldon type ATTACK for 3 before: 203 after: 200
Battle Message: Shieldon took recoil damage!
Shieldon was damaged by Shieldon type RECOIL for 1 before: 68 after: 67
Shieldon used Take Down against Tyranitar with results MoveResults{damage=3, fullDamage=3, power=[], accuracy=0, priority=0.0, result=hit, weightMod=0.0}
Battle Message: Beheeyem used Teleport!
Battle Message: Beheeyem teleported away!

BATTLE ENDED
Zacian stats changed from [ACCURACY=100, EVASION=100, ATTACK=235, DEFENSE=222, SPECIAL_ATTACK=135, SPECIAL_DEFENSE=211, SPEED=290] to [ACCURACY=100, EVASION=100, ATTACK=193, DEFENSE=222, SPECIAL_ATTACK=135, SPECIAL_DEFENSE=211, SPEED=273] delta: ATTACK=42, SPEED=17
Beheeyem used Teleport against Beheeyem with results MoveResults{damage=0, fullDamage=0, power=[], accuracy=0, priority=-6.0, result=succeeded, weightMod=0.0}
Error in applyEffect for class com.pixelmonmod.pixelmon.battles.attacks.specialAttacks.basic.Teleport for attack Teleport
Cannot invoke "com.pixelmonmod.pixelmon.entities.pixelmon.PixelmonEntity.setHealth(float)" because the return value of "com.pixelmonmod.pixelmon.battles.controller.participants.PixelmonWrapper.getEntity()" is null
TRANSFORMER/pixelmon@9.3.9/com.pixelmonmod.pixelmon.battles.attacks.specialAttacks.basic.Teleport.wildPokemonAttemptsEscape(Teleport.java:56)
TRANSFORMER/pixelmon@9.3.9/com.pixelmonmod.pixelmon.battles.attacks.specialAttacks.basic.Teleport.applyEffectDuring(Teleport.java:26)
TRANSFORMER/pixelmon@9.3.9/com.pixelmonmod.pixelmon.battles.attacks.Attack.applySelfStatusMove(Attack.java:1193)
TRANSFORMER/pixelmon@9.3.9/com.pixelmonmod.pixelmon.battles.attacks.Attack.useSelfTargetingStatusMoves(Attack.java:619)
TRANSFORMER/pixelmon@9.3.9/com.pixelmonmod.pixelmon.battles.attacks.Attack.use(Attack.java:393)
TRANSFORMER/pixelmon@9.3.9/com.pixelmonmod.pixelmon.battles.controller.participants.PixelmonWrapper.useAttack(PixelmonWrapper.java:1146)
TRANSFORMER/pixelmon@9.3.9/com.pixelmonmod.pixelmon.battles.controller.participants.PixelmonWrapper.useAttack(PixelmonWrapper.java:1075)
TRANSFORMER/pixelmon@9.3.9/com.pixelmonmod.pixelmon.battles.controller.participants.PixelmonWrapper.takeTurn(PixelmonWrapper.java:2035)
TRANSFORMER/pixelmon@9.3.9/com.pixelmonmod.pixelmon.battles.controller.BattleController.takeTurn(BattleController.java:1478)
TRANSFORMER/pixelmon@9.3.9/com.pixelmonmod.pixelmon.battles.controller.BattleController.doTurnLogic(BattleController.java:626)
TRANSFORMER/pixelmon@9.3.9/com.pixelmonmod.pixelmon.battles.controller.BattleController.update(BattleController.java:525)
TRANSFORMER/pixelmon@9.3.9/com.pixelmonmod.pixelmon.battles.BattleRegistry.updateBattles(BattleRegistry.java:202)
TRANSFORMER/pixelmon@9.3.9/com.pixelmonmod.pixelmon.battles.BattleTickHandler.tickStart(BattleTickHandler.java:10)
MC-BOOTSTRAP/net.neoforged.bus/net.neoforged.bus.EventBus.post(EventBus.java:360)
MC-BOOTSTRAP/net.neoforged.bus/net.neoforged.bus.EventBus.post(EventBus.java:328)
TRANSFORMER/neoforge@21.1.209/net.neoforged.neoforge.event.EventHooks.fireServerTickPost(EventHooks.java:1020)
TRANSFORMER/minecraft@1.21.1/net.minecraft.server.MinecraftServer.tickServer(MinecraftServer.java:943)
TRANSFORMER/minecraft@1.21.1/net.minecraft.server.MinecraftServer.runServer(MinecraftServer.java:707)
TRANSFORMER/minecraft@1.21.1/net.minecraft.server.MinecraftServer.lambda$spin$2(MinecraftServer.java:267)
java.base/java.lang.Thread.run(Unknown Source)
