Pixelmon Version 9.3.9
Battle data 2025-11-20T19:31:24.205213641Z

Team #0 PlayerParticipant ___________12345 minecraft:overworld (3775.679230871038, 95.0, -2614.133693695865) 
	Primarina {Ability:"LiquidVoice",CaughtBall:"poke_ball",DoesLevel:1b,DynamaxLevel:1,EVAttack:166s,EVDefense:143s,EVHP:26s,EVSpecialAttack:65s,EVSpecialDefense:18s,EVSpeed:92s,EXP:504,Friendship:77s,Gender:0b,GigantamaxFactor:0b,Health:276,HeldItemStack:{count:1,id:"pixelmon:waterium_z"},IVAttack:8b,IVDefense:18b,IVHP:0b,IVSpAtt:6b,IVSpDef:1b,IVSpeed:21b,Level:100,MoveSkillCooldown:[{MoveSkillCooldownCurrent:1762268678098L,MoveSkillCooldownId:"forage",MoveSkillCooldownTarget:1762268703098L}],Moveset:[{MoveID:"Moonblast",MovePP:14b},{MoveID:"Ice Beam",MovePP:10b},{MoveID:"Sparkling Aria",MovePP:10b},{MoveID:"Hydro Pump",MovePP:5b}],NBT_VERSION:2b,Nature:24b,PAbilitySlot:0,PHiddenAbility:1b,PersistentData:{},Pokerus:{Announced:1b,Type:0s},RelrnMoves:["Water Gun","Disarming Voice","Growl","Bubble Beam","Icy Wind","Aqua Jet","Moonblast","Pound","Sparkling Aria","Hydro Pump","Misty Terrain","Hyper Voice"],Size:120.20768368133427d,SpecFlags:[],StatsAttack:202s,StatsDefense:206s,StatsHP:276s,StatsSpecialAttack:251s,StatsSpecialDefense:266s,StatsSpeed:169s,UUID:[I;-1172205738,2048607509,-1879822083,-1553849705],Variant:"base",eggCycles:-1,ndex:730,originalTrainer:"___________12345",originalTrainerUUID:[I;-1755248099,-1258862460,-2021475255,1498965264],palette:"none",ribbon_display2:{received:1761568021723L,receiver:'""',type:"destiny"},ribbons2:[{received:1761568021723L,receiver:'""',type:"destiny"}]}
	Klang {Ability:"Plus",CaughtBall:"ultra_ball",DoesLevel:1b,DynamaxLevel:4,EVAttack:12s,EVDefense:6s,EVHP:2s,EVSpecialAttack:1s,EVSpecialDefense:0s,EVSpeed:2s,EXP:2878,Friendship:0s,Gender:2b,GigantamaxFactor:0b,Health:102,HeldItemStack:{count:1,id:"pixelmon:lucky_egg"},IVAttack:15b,IVDefense:28b,IVHP:11b,IVSpAtt:31b,IVSpDef:21b,IVSpeed:31b,Level:40,Moveset:[{MoveID:"Metal Sound",MovePP:40b},{MoveID:"Discharge",MovePP:15b},{MoveID:"Screech",MovePP:40b},{MoveID:"Lock-On",MovePP:5b}],NBT_VERSION:2b,Nature:21b,PAbilitySlot:0,PHiddenAbility:0b,PersistentData:{},Pokerus:{Announced:0b,Type:0s},RelrnMoves:["Bind","Thunder Shock","Charge Beam","Screech","Discharge","Metal Sound"],Size:59.47306077569671d,SpecFlags:[],StatsAttack:68s,StatsDefense:92s,StatsHP:102s,StatsSpecialAttack:73s,StatsSpecialDefense:89s,StatsSpeed:57s,UUID:[I;-235264991,1056066737,-1597184917,-1813682401],Variant:"base",eggCycles:-1,ndex:600,originalTrainer:"___________12345",originalTrainerUUID:[I;-1755248099,-1258862460,-2021475255,1498965264],palette:"none",ribbons2:[]}
	Silvally {Ability:"RKSSystem",CaughtBall:"poke_ball",DoesLevel:1b,DynamaxLevel:0,EVAttack:215s,EVDefense:94s,EVHP:33s,EVSpecialAttack:31s,EVSpecialDefense:27s,EVSpeed:110s,EXP:5019,Friendship:255s,Gender:2b,GigantamaxFactor:0b,Health:253,HeldItemStack:{count:1,id:"pixelmon:lucky_egg"},IVAttack:9b,IVDefense:12b,IVHP:31b,IVSpAtt:31b,IVSpDef:31b,IVSpeed:6b,IV_HTATTACK:1b,IV_HTDEFENSE:1b,IV_HTSPEED:1b,Level:74,Moveset:[{MoveID:"Multi-Attack",MovePP:10b},{MoveID:"Air Slash",MovePP:15b},{MoveID:"Double-Edge",MovePP:15b},{MoveID:"Iron Head",MovePP:15b}],NBT_VERSION:2b,Nature:18b,PAbilitySlot:0,PHiddenAbility:0b,PersistentData:{},Pokerus:{Announced:0b,Type:0s},RelrnMoves:["Double Hit","Tri Attack","Take Down","Air Slash","Crush Claw","X-Scissor","Metal Sound","Iron Head","Tackle","Multi-Attack","Scary Face","Imprison"],Size:175.81294968603214d,SpecFlags:[],StatsAttack:208s,StatsDefense:166s,StatsHP:253s,StatsSpecialAttack:191s,StatsSpecialDefense:173s,StatsSpeed:188s,UUID:[I;517849820,-1370012301,-1370374902,412988919],Variant:"base",eggCycles:-1,ndex:773,originalTrainer:"___________12345",originalTrainerUUID:[I;-1755248099,-1258862460,-2021475255,1498965264],palette:"none",ribbons2:[]}
	Helioptile {Ability:"DrySkin",CaughtBall:"poke_ball",DoesLevel:1b,DynamaxLevel:0,EVAttack:216s,EVDefense:53s,EVHP:22s,EVSpecialAttack:30s,EVSpecialDefense:28s,EVSpeed:161s,EXP:4271,Friendship:255s,Gender:0b,GigantamaxFactor:0b,Health:165,HeldItemStack:{count:1,id:"pixelmon:lucky_egg"},IVAttack:28b,IVDefense:8b,IVHP:28b,IVSpAtt:5b,IVSpDef:1b,IVSpeed:18b,Level:70,Moveset:[{MoveID:"Thunder",MovePP:10b},{MoveID:"Parabolic Charge",MovePP:20b},{MoveID:"Thunder Wave",MovePP:20b},{MoveID:"Bulldoze",MovePP:20b}],NBT_VERSION:2b,Nature:15b,PAbilitySlot:0,PHiddenAbility:0b,PersistentData:{},Pokerus:{Announced:0b,Type:0s},RelrnMoves:["Mud-Slap","Quick Attack","Thunder Shock","Electrify","Bulldoze","Parabolic Charge","Thunderbolt","Thunder Wave"],Size:51.135952953528346d,SpecFlags:[],StatsAttack:115s,StatsDefense:66s,StatsHP:165s,StatsSpecialAttack:89s,StatsSpecialDefense:70s,StatsSpeed:157s,UUID:[I;690878880,1192774337,-1361619956,304173577],Variant:"base",eggCycles:-1,ndex:694,originalTrainer:"___________12345",originalTrainerUUID:[I;-1755248099,-1258862460,-2021475255,1498965264],palette:"none",ribbons2:[]}
	Zweilous {Ability:"Hustle",CaughtBall:"master_ball",DoesLevel:1b,DynamaxLevel:0,EVAttack:87s,EVDefense:95s,EVHP:15s,EVSpecialAttack:58s,EVSpecialDefense:20s,EVSpeed:64s,EXP:7112,Friendship:37s,Gender:1b,GigantamaxFactor:0b,Health:153,HeldItemStack:{count:1,id:"pixelmon:lucky_egg"},IVAttack:25b,IVDefense:22b,IVHP:4b,IVSpAtt:12b,IVSpDef:13b,IVSpeed:16b,Level:57,Moveset:[{MoveID:"Assurance",MovePP:10b},{MoveID:"Hyper Voice",MovePP:10b},{MoveID:"Dragon Rush",MovePP:10b},{MoveID:"Dragon Pulse",MovePP:10b}],NBT_VERSION:2b,Nature:6b,PAbilitySlot:0,PHiddenAbility:0b,PersistentData:{},Pokerus:{Announced:0b,Type:0s},RelrnMoves:["Dragon Pulse","Assurance","Slam","Body Slam","Headbutt","Hyper Voice"],Size:114.1961241844322d,SpecFlags:[],StatsAttack:140s,StatsDefense:110s,StatsHP:153s,StatsSpecialAttack:94s,StatsSpecialDefense:95s,StatsSpeed:80s,UUID:[I;713863251,110512107,-1667218992,-81775385],Variant:"base",eggCycles:-1,ndex:634,originalTrainer:"___________12345",originalTrainerUUID:[I;-1755248099,-1258862460,-2021475255,1498965264],palette:"none",ribbons2:[]}
	Arceus {Ability:"Multitype",CaughtBall:"poke_ball",DoesLevel:1b,DynamaxLevel:0,EVAttack:217s,EVDefense:82s,EVHP:25s,EVSpecialAttack:29s,EVSpecialDefense:24s,EVSpeed:133s,EXP:30498,Friendship:100s,Gender:2b,GigantamaxFactor:0b,Health:387,HeldItemStack:{count:1,id:"pixelmon:legend_plate"},IVAttack:4b,IVDefense:31b,IVHP:22b,IVSpAtt:31b,IVSpDef:4b,IVSpeed:31b,IV_HTATTACK:1b,IV_HTHP:1b,IV_HTSPECIAL_DEFENSE:1b,Level:100,Moveset:[{MoveID:"Judgment",MovePP:8b,MovePPLevel:3b},{MoveID:"Hyper Voice",MovePP:10b},{MoveID:"Extreme Speed",MovePP:8b,MovePPLevel:3b},{MoveID:"Perish Song",MovePP:5b}],NBT_VERSION:2b,Nature:16b,PAbilitySlot:0,PHiddenAbility:0b,PersistentData:{},Pokerus:{Announced:0b,Type:0s},RelrnMoves:["Extreme Speed","Perish Song","Seismic Toss","Recover","Hyper Voice"],Size:341.23017593177786d,SpecFlags:[],StatsAttack:330s,StatsDefense:296s,StatsHP:387s,StatsSpecialAttack:283s,StatsSpecialDefense:253s,StatsSpeed:339s,UUID:[I;-89592044,757156893,-1891161653,1352600663],Variant:"base",eggCycles:-1,ndex:493,originalTrainer:"___________12345",originalTrainerUUID:[I;-1755248099,-1258862460,-2021475255,1498965264],palette:"none",ribbons2:[]}
Team #1 WildPixelmonParticipant Glameow minecraft:overworld (3793.749657615296, 101.0, -2637.3336720428483) 
	Glameow {Ability:"OwnTempo",CaughtBall:"poke_ball",DoesLevel:1b,DynamaxLevel:0,EVAttack:0s,EVDefense:0s,EVHP:0s,EVSpecialAttack:0s,EVSpecialDefense:0s,EVSpeed:0s,EXP:0,Friendship:0s,Gender:1b,GigantamaxFactor:0b,Health:92,IVAttack:28b,IVDefense:27b,IVHP:25b,IVSpAtt:7b,IVSpDef:6b,IVSpeed:27b,Level:37,Moveset:[{MoveID:"Scratch",MovePP:35b},{MoveID:"Hypnosis",MovePP:20b},{MoveID:"Fury Swipes",MovePP:15b},{MoveID:"Captivate",MovePP:20b}],NBT_VERSION:2b,Nature:9b,PAbilitySlot:1,PHiddenAbility:0b,PersistentData:{},Pokerus:{Announced:0b,Type:0s},RelrnMoves:["Scratch","Hypnosis","Fury Swipes"],Size:77.19051922780194d,SpecFlags:[],StatsAttack:50s,StatsDefense:50s,StatsHP:92s,StatsSpecialAttack:38s,StatsSpecialDefense:34s,StatsSpeed:77s,UUID:[I;-11469566,-1322956865,-1954391628,1374218323],Variant:"base",eggCycles:-1,ndex:431,palette:"none",ribbons2:[]}

Turn #0 has begun
 Terrain: NONE[5 turns remaining]
 Weather: none
 Pokemon: 

Primarina stats changed from [ACCURACY=100, EVASION=100, ATTACK=0, DEFENSE=0, SPECIAL_ATTACK=0, SPECIAL_DEFENSE=0, SPEED=0] to [ACCURACY=100, EVASION=100, ATTACK=3, DEFENSE=3, SPECIAL_ATTACK=2, SPECIAL_DEFENSE=2, SPEED=3] delta: ATTACK=-3, DEFENSE=-3, SPECIAL_ATTACK=-2, SPECIAL_DEFENSE=-2, SPEED=-3
Klang stats changed from [ACCURACY=100, EVASION=100, ATTACK=0, DEFENSE=0, SPECIAL_ATTACK=0, SPECIAL_DEFENSE=0, SPEED=0] to [ACCURACY=100, EVASION=100, ATTACK=3, DEFENSE=3, SPECIAL_ATTACK=3, SPECIAL_DEFENSE=3, SPEED=4] delta: ATTACK=-3, DEFENSE=-3, SPECIAL_ATTACK=-3, SPECIAL_DEFENSE=-3, SPEED=-4
Silvally stats changed from [ACCURACY=100, EVASION=100, ATTACK=0, DEFENSE=0, SPECIAL_ATTACK=0, SPECIAL_DEFENSE=0, SPEED=0] to [ACCURACY=100, EVASION=100, ATTACK=3, DEFENSE=3, SPECIAL_ATTACK=3, SPECIAL_DEFENSE=3, SPEED=3] delta: ATTACK=-3, DEFENSE=-3, SPECIAL_ATTACK=-3, SPECIAL_DEFENSE=-3, SPEED=-3
Helioptile stats changed from [ACCURACY=100, EVASION=100, ATTACK=0, DEFENSE=0, SPECIAL_ATTACK=0, SPECIAL_DEFENSE=0, SPEED=0] to [ACCURACY=100, EVASION=100, ATTACK=4, DEFENSE=4, SPECIAL_ATTACK=3, SPECIAL_DEFENSE=4, SPEED=3] delta: ATTACK=-4, DEFENSE=-4, SPECIAL_ATTACK=-3, SPECIAL_DEFENSE=-4, SPEED=-3
Zweilous stats changed from [ACCURACY=100, EVASION=100, ATTACK=0, DEFENSE=0, SPECIAL_ATTACK=0, SPECIAL_DEFENSE=0, SPEED=0] to [ACCURACY=100, EVASION=100, ATTACK=3, DEFENSE=3, SPECIAL_ATTACK=3, SPECIAL_DEFENSE=3, SPEED=3] delta: ATTACK=-3, DEFENSE=-3, SPECIAL_ATTACK=-3, SPECIAL_DEFENSE=-3, SPEED=-3
Arceus stats changed from [ACCURACY=100, EVASION=100, ATTACK=0, DEFENSE=0, SPECIAL_ATTACK=0, SPECIAL_DEFENSE=0, SPEED=0] to [ACCURACY=100, EVASION=100, ATTACK=2, DEFENSE=2, SPECIAL_ATTACK=2, SPECIAL_DEFENSE=2, SPEED=2] delta: ATTACK=-2, DEFENSE=-2, SPECIAL_ATTACK=-2, SPECIAL_DEFENSE=-2, SPEED=-2
Glameow stats changed from [ACCURACY=100, EVASION=100, ATTACK=0, DEFENSE=0, SPECIAL_ATTACK=0, SPECIAL_DEFENSE=0, SPEED=0] to [ACCURACY=100, EVASION=100, ATTACK=3, DEFENSE=4, SPECIAL_ATTACK=4, SPECIAL_DEFENSE=4, SPEED=3] delta: ATTACK=-3, DEFENSE=-4, SPECIAL_ATTACK=-4, SPECIAL_DEFENSE=-4, SPEED=-3
Primarina stats changed from [ACCURACY=100, EVASION=100, ATTACK=3, DEFENSE=3, SPECIAL_ATTACK=2, SPECIAL_DEFENSE=2, SPEED=3] to [ACCURACY=100, EVASION=100, ATTACK=202, DEFENSE=206, SPECIAL_ATTACK=251, SPECIAL_DEFENSE=266, SPEED=169] delta: ATTACK=-199, DEFENSE=-203, SPECIAL_ATTACK=-249, SPECIAL_DEFENSE=-264, SPEED=-166
Glameow stats changed from [ACCURACY=100, EVASION=100, ATTACK=3, DEFENSE=4, SPECIAL_ATTACK=4, SPECIAL_DEFENSE=4, SPEED=3] to [ACCURACY=100, EVASION=100, ATTACK=50, DEFENSE=50, SPECIAL_ATTACK=38, SPECIAL_DEFENSE=34, SPEED=77] delta: ATTACK=-47, DEFENSE=-46, SPECIAL_ATTACK=-34, SPECIAL_DEFENSE=-30, SPEED=-74
Glameow selected attack Captivate for Glameow targeting Primarina and opted to mega evolve

BATTLE ENDED

BATTLE ENDED
Caught error in battle. Continuing...
Attempted to load class net/minecraft/client/resources/sounds/SoundInstance for invalid dist DEDICATED_SERVER
MC-BOOTSTRAP/fml_loader@4.0.41/net.neoforged.fml.common.asm.RuntimeDistCleaner.processClassWithFlags(RuntimeDistCleaner.java:60)
MC-BOOTSTRAP/cpw.mods.modlauncher@11.0.5/cpw.mods.modlauncher.LaunchPluginHandler.offerClassNodeToPlugins(LaunchPluginHandler.java:94)
MC-BOOTSTRAP/cpw.mods.modlauncher@11.0.5/cpw.mods.modlauncher.ClassTransformer.transform(ClassTransformer.java:120)
MC-BOOTSTRAP/cpw.mods.modlauncher@11.0.5/cpw.mods.modlauncher.TransformingClassLoader.maybeTransformClassBytes(TransformingClassLoader.java:57)
cpw.mods.securejarhandler/cpw.mods.cl.ModuleClassLoader.readerToClass(ModuleClassLoader.java:190)
cpw.mods.securejarhandler/cpw.mods.cl.ModuleClassLoader.lambda$findClass$20(ModuleClassLoader.java:298)
cpw.mods.securejarhandler/cpw.mods.cl.ModuleClassLoader.loadFromModule(ModuleClassLoader.java:311)
cpw.mods.securejarhandler/cpw.mods.cl.ModuleClassLoader.findClass(ModuleClassLoader.java:298)
cpw.mods.securejarhandler/cpw.mods.cl.ModuleClassLoader.loadClass(ModuleClassLoader.java:214)
java.base/java.lang.ClassLoader.loadClass(Unknown Source)
TRANSFORMER/pixelmon@9.3.9/com.pixelmonmod.pixelmon.battles.controller.participants.PlayerParticipant.forfeitBattleForBeingTooFarAway(PlayerParticipant.java:666)
TRANSFORMER/pixelmon@9.3.9/com.pixelmonmod.pixelmon.battles.controller.participants.PlayerParticipant.handlePlayerDistanceFromBattle(PlayerParticipant.java:647)
TRANSFORMER/pixelmon@9.3.9/com.pixelmonmod.pixelmon.battles.controller.participants.PlayerParticipant.tick(PlayerParticipant.java:451)
TRANSFORMER/pixelmon@9.3.9/com.pixelmonmod.pixelmon.battles.controller.BattleController.onUpdate(BattleController.java:1135)
TRANSFORMER/pixelmon@9.3.9/com.pixelmonmod.pixelmon.battles.controller.BattleController.update(BattleController.java:511)
TRANSFORMER/pixelmon@9.3.9/com.pixelmonmod.pixelmon.battles.BattleRegistry.updateBattles(BattleRegistry.java:202)
TRANSFORMER/pixelmon@9.3.9/com.pixelmonmod.pixelmon.battles.BattleTickHandler.tickStart(BattleTickHandler.java:10)
MC-BOOTSTRAP/net.neoforged.bus/net.neoforged.bus.EventBus.post(EventBus.java:360)
MC-BOOTSTRAP/net.neoforged.bus/net.neoforged.bus.EventBus.post(EventBus.java:328)
TRANSFORMER/neoforge@21.1.209/net.neoforged.neoforge.event.EventHooks.fireServerTickPost(EventHooks.java:1020)
TRANSFORMER/minecraft@1.21.1/net.minecraft.server.MinecraftServer.tickServer(MinecraftServer.java:943)
TRANSFORMER/minecraft@1.21.1/net.minecraft.server.MinecraftServer.runServer(MinecraftServer.java:707)
TRANSFORMER/minecraft@1.21.1/net.minecraft.server.MinecraftServer.lambda$spin$2(MinecraftServer.java:267)
java.base/java.lang.Thread.run(Unknown Source)
