Pixelmon Version 9.3.9
Battle data 2025-11-16T12:46:32.094715861Z

Team #0 PlayerParticipant ___________12345 pixelmon:ultra_space (-4236.533776203018, 66.90795311114435, 2738.6277125097777) 
	Aron {Ability:"Sturdy",CaughtBall:"poke_ball",DoesLevel:0b,DynamaxLevel:0,EVAttack:128s,EVDefense:76s,EVHP:94s,EVSpecialAttack:81s,EVSpecialDefense:41s,EVSpeed:90s,EXP:0,Friendship:40s,Gender:0b,GigantamaxFactor:0b,Health:0,HeldItemStack:{count:1,id:"pixelmon:focus_sash"},IVAttack:30b,IVDefense:21b,IVHP:19b,IVSpAtt:27b,IVSpDef:20b,IVSpeed:11b,Level:1,Moveset:[{MoveID:"Endeavor",MovePP:4b},{MoveID:"Ancient Power",MovePP:5b},{MoveID:"Harden",MovePP:30b},{MoveID:"Tackle",MovePP:35b}],NBT_VERSION:2b,Nature:1b,PAbilitySlot:0,PHiddenAbility:0b,PersistentData:{},Pokerus:{Announced:1b,Type:0s},RelrnMoves:["Endeavor","Tackle","Ancient Power","Harden"],Size:66.24530750780022d,SpecFlags:[],StatsAttack:7s,StatsDefense:7s,StatsHP:12s,StatsSpecialAttack:6s,StatsSpecialDefense:6s,StatsSpeed:5s,UUID:[I;1059472463,-1483980450,-1364759468,-615544923],Variant:"base",eggCycles:-1,ndex:304,originalTrainer:"lame1202",originalTrainerUUID:[I;-812478946,543770915,-1079866976,-1753718133],palette:"none",ribbons2:[]}
	Primarina {Ability:"LiquidVoice",CaughtBall:"poke_ball",DoesLevel:1b,DynamaxLevel:1,EVAttack:166s,EVDefense:143s,EVHP:26s,EVSpecialAttack:65s,EVSpecialDefense:18s,EVSpeed:92s,EXP:504,Friendship:73s,Gender:0b,GigantamaxFactor:0b,Health:276,HeldItemStack:{count:1,id:"pixelmon:waterium_z"},IVAttack:8b,IVDefense:18b,IVHP:0b,IVSpAtt:6b,IVSpDef:1b,IVSpeed:21b,Level:100,MoveSkillCooldown:[{MoveSkillCooldownCurrent:1762268678098L,MoveSkillCooldownId:"forage",MoveSkillCooldownTarget:1762268703098L}],Moveset:[{MoveID:"Moonblast",MovePP:14b},{MoveID:"Ice Beam",MovePP:10b},{MoveID:"Sparkling Aria",MovePP:10b},{MoveID:"Hydro Pump",MovePP:5b}],NBT_VERSION:2b,Nature:24b,PAbilitySlot:0,PHiddenAbility:1b,PersistentData:{},Pokerus:{Announced:1b,Type:0s},RelrnMoves:["Water Gun","Disarming Voice","Growl","Bubble Beam","Icy Wind","Aqua Jet","Moonblast","Pound","Sparkling Aria","Hydro Pump","Misty Terrain","Hyper Voice"],Size:120.20768368133427d,SpecFlags:[],StatsAttack:202s,StatsDefense:206s,StatsHP:276s,StatsSpecialAttack:251s,StatsSpecialDefense:266s,StatsSpeed:169s,UUID:[I;-1172205738,2048607509,-1879822083,-1553849705],Variant:"base",eggCycles:-1,ndex:730,originalTrainer:"___________12345",originalTrainerUUID:[I;-1755248099,-1258862460,-2021475255,1498965264],palette:"none",ribbon_display2:{received:1761568021723L,receiver:'""',type:"destiny"},ribbons2:[{received:1761568021723L,receiver:'""',type:"destiny"}]}
	Lunala {Ability:"ShadowShield",CaughtBall:"poke_ball",DoesLevel:1b,DynamaxLevel:0,EVAttack:186s,EVDefense:153s,EVHP:37s,EVSpecialAttack:72s,EVSpecialDefense:15s,EVSpeed:47s,EXP:0,Friendship:86s,Gender:2b,GigantamaxFactor:0b,Health:421,HeldItemStack:{count:1,id:"pixelmon:life_orb"},IVAttack:31b,IVDefense:31b,IVHP:31b,IVSpAtt:27b,IVSpDef:12b,IVSpeed:6b,IV_HTSPECIAL_ATTACK:1b,IV_HTSPECIAL_DEFENSE:1b,IV_HTSPEED:1b,Level:100,MoveSkillCooldown:[{MoveSkillCooldownCurrent:1762885582654L,MoveSkillCooldownId:"teleport",MoveSkillCooldownTarget:1762885585404L},{MoveSkillCooldownCurrent:1763090765552L,MoveSkillCooldownId:"open_wormhole",MoveSkillCooldownTarget:1763091665552L},{MoveSkillCooldownCurrent:1762327790070L,MoveSkillCooldownId:"forage",MoveSkillCooldownTarget:1762327815070L}],Moveset:[{MoveID:"Shadow Ball",MovePP:15b},{MoveID:"Teleport",MovePP:20b},{MoveID:"Phantom Force",MovePP:10b},{MoveID:"Moongeist Beam",MovePP:5b}],NBT_VERSION:2b,Nature:24b,PAbilitySlot:0,PHiddenAbility:0b,PersistentData:{},Pokerus:{Announced:1b,Type:0s},RelrnMoves:["Cosmic Power","Splash","Shadow Ball","Teleport","Moongeist Beam"],Size:405.9875038263135d,SpecFlags:[],StatsAttack:308s,StatsDefense:252s,StatsHP:424s,StatsSpecialAttack:295s,StatsSpecialDefense:278s,StatsSpeed:241s,UUID:[I;-708358819,-229422748,-1359255917,-1287760405],Variant:"base",eggCycles:-1,ndex:792,originalTrainer:"___________12345",originalTrainerUUID:[I;-1755248099,-1258862460,-2021475255,1498965264],palette:"none",ribbons2:[]}
	Vullaby {Ability:"Overcoat",CaughtBall:"poke_ball",DoesLevel:1b,DynamaxLevel:0,EVAttack:39s,EVDefense:2s,EVHP:0s,EVSpecialAttack:3s,EVSpecialDefense:2s,EVSpeed:21s,EXP:2242,Friendship:35s,Gender:1b,GigantamaxFactor:0b,Health:129,HeldItemStack:{count:1,id:"pixelmon:lucky_egg"},IVAttack:13b,IVDefense:27b,IVHP:26b,IVSpAtt:16b,IVSpDef:9b,IVSpeed:28b,Level:45,Moveset:[{MoveID:"Gust",MovePP:35b},{MoveID:"Leer",MovePP:30b},{MoveID:"Knock Off",MovePP:20b},{MoveID:"Iron Defense",MovePP:15b}],NBT_VERSION:2b,Nature:16b,PAbilitySlot:1,PHiddenAbility:0b,PersistentData:{},Pokerus:{Announced:0b,Type:0s},RelrnMoves:["Leer","Knock Off","Gust"],Size:62.13430677359025d,SpecFlags:[],StatsAttack:64s,StatsDefense:84s,StatsHP:129s,StatsSpecialAttack:53s,StatsSpecialDefense:60s,StatsSpeed:80s,UUID:[I;-1731570381,10964899,-2084270016,1295233179],Variant:"base",eggCycles:-1,ndex:629,originalTrainer:"___________12345",originalTrainerUUID:[I;-1755248099,-1258862460,-2021475255,1498965264],palette:"none",ribbons2:[]}
	Klawf {Ability:"ShellArmour",CaughtBall:"poke_ball",DoesLevel:1b,DynamaxLevel:0,EVAttack:0s,EVDefense:0s,EVHP:0s,EVSpecialAttack:0s,EVSpecialDefense:0s,EVSpeed:0s,EXP:0,Friendship:50s,Gender:0b,GigantamaxFactor:0b,Health:55,HeldItemStack:{count:1,id:"pixelmon:lucky_egg"},IVAttack:12b,IVDefense:11b,IVHP:12b,IVSpAtt:3b,IVSpDef:25b,IVSpeed:1b,Level:18,Moveset:[{MoveID:"Rock Smash",MovePP:15b},{MoveID:"Rock Tomb",MovePP:15b},{MoveID:"Swords Dance",MovePP:20b},{MoveID:"Flail",MovePP:15b}],NBT_VERSION:2b,Nature:9b,PAbilitySlot:1,PHiddenAbility:0b,PersistentData:{},Pokerus:{Announced:0b,Type:0s},RelrnMoves:["Rock Smash","Rock Tomb","Swords Dance"],Size:49.3063810035252d,SpecFlags:[],StatsAttack:38s,StatsDefense:52s,StatsHP:55s,StatsSpecialAttack:18s,StatsSpecialDefense:29s,StatsSpeed:32s,UUID:[I;-461636433,1010257824,-2101574103,-1195461946],Variant:"base",eggCycles:-1,ndex:950,originalTrainer:"___________12345",originalTrainerUUID:[I;-1755248099,-1258862460,-2021475255,1498965264],palette:"none",ribbons2:[]}
	Shelmet {Ability:"Hydration",CaughtBall:"ultra_ball",DoesLevel:1b,DynamaxLevel:0,EVAttack:33s,EVDefense:0s,EVHP:0s,EVSpecialAttack:0s,EVSpecialDefense:1s,EVSpeed:17s,EXP:519,Friendship:70s,Gender:1b,GigantamaxFactor:0b,Health:78,HeldItemStack:{count:1,id:"pixelmon:lucky_egg"},IVAttack:16b,IVDefense:2b,IVHP:9b,IVSpAtt:14b,IVSpDef:13b,IVSpeed:13b,Level:34,Moveset:[{MoveID:"Guard Swap",MovePP:10b},{MoveID:"Protect",MovePP:10b},{MoveID:"Acid",MovePP:30b},{MoveID:"Struggle Bug",MovePP:20b}],NBT_VERSION:2b,Nature:24b,PAbilitySlot:0,PHiddenAbility:0b,PersistentData:{},Pokerus:{Announced:0b,Type:0s},RelrnMoves:["Protect","Acid","Absorb","Struggle Bug"],Size:51.61106941084235d,SpecFlags:[],StatsAttack:40s,StatsDefense:63s,StatsHP:81s,StatsSpecialAttack:32s,StatsSpecialDefense:58s,StatsSpeed:27s,UUID:[I;349650921,-1381283002,-1777906433,366174045],Variant:"base",eggCycles:-1,ndex:616,originalTrainer:"Dulmin",originalTrainerUUID:[I;-2036690395,-938456484,-1479550921,1712610171],palette:"none",ribbons2:[]}
Team #1 WildPixelmonParticipant Lurantis pixelmon:ultra_space (-4214.002576320555, 62.0, 2719.399999976158) 
	Lurantis {Ability:"LeafGuard",CaughtBall:"poke_ball",DoesLevel:1b,DynamaxLevel:0,EVAttack:0s,EVDefense:0s,EVHP:0s,EVSpecialAttack:0s,EVSpecialDefense:0s,EVSpeed:0s,EXP:0,Friendship:0s,Gender:1b,GigantamaxFactor:0b,Health:1,IVAttack:4b,IVDefense:11b,IVHP:18b,IVSpAtt:21b,IVSpDef:18b,IVSpeed:14b,Level:34,Moveset:[{MoveID:"Growth",MovePP:20b},{MoveID:"Leafage",MovePP:38b},{MoveID:"Razor Leaf",MovePP:24b},{MoveID:"Synthesis",MovePP:5b}],NBT_VERSION:2b,Nature:0b,PAbilitySlot:0,PHiddenAbility:0b,PersistentData:{},Pokerus:{Announced:0b,Type:0s},RelrnMoves:["Growth","Razor Leaf","Leafage"],Size:156.55433652322438d,SpecFlags:[],StatsAttack:77s,StatsDefense:69s,StatsHP:97s,StatsSpecialAttack:66s,StatsSpecialDefense:72s,StatsSpeed:40s,UUID:[I;856825704,-753971625,-1624599868,-685298693],Variant:"base",eggCycles:-1,ndex:754,palette:"none",ribbons2:[]}

Turn #0 has begun
 Terrain: NONE[5 turns remaining]
 Weather: none
 Pokemon: 

Aron stats changed from [ACCURACY=100, EVASION=100, ATTACK=0, DEFENSE=0, SPECIAL_ATTACK=0, SPECIAL_DEFENSE=0, SPEED=0] to [ACCURACY=100, EVASION=100, ATTACK=3, DEFENSE=3, SPECIAL_ATTACK=4, SPECIAL_DEFENSE=4, SPEED=4] delta: ATTACK=-3, DEFENSE=-3, SPECIAL_ATTACK=-4, SPECIAL_DEFENSE=-4, SPEED=-4
Primarina stats changed from [ACCURACY=100, EVASION=100, ATTACK=0, DEFENSE=0, SPECIAL_ATTACK=0, SPECIAL_DEFENSE=0, SPEED=0] to [ACCURACY=100, EVASION=100, ATTACK=3, DEFENSE=3, SPECIAL_ATTACK=2, SPECIAL_DEFENSE=2, SPEED=3] delta: ATTACK=-3, DEFENSE=-3, SPECIAL_ATTACK=-2, SPECIAL_DEFENSE=-2, SPEED=-3
Lunala stats changed from [ACCURACY=100, EVASION=100, ATTACK=0, DEFENSE=0, SPECIAL_ATTACK=0, SPECIAL_DEFENSE=0, SPEED=0] to [ACCURACY=100, EVASION=100, ATTACK=2, DEFENSE=3, SPECIAL_ATTACK=2, SPECIAL_DEFENSE=2, SPEED=3] delta: ATTACK=-2, DEFENSE=-3, SPECIAL_ATTACK=-2, SPECIAL_DEFENSE=-2, SPEED=-3
Vullaby stats changed from [ACCURACY=100, EVASION=100, ATTACK=0, DEFENSE=0, SPECIAL_ATTACK=0, SPECIAL_DEFENSE=0, SPEED=0] to [ACCURACY=100, EVASION=100, ATTACK=3, DEFENSE=3, SPECIAL_ATTACK=4, SPECIAL_DEFENSE=3, SPEED=3] delta: ATTACK=-3, DEFENSE=-3, SPECIAL_ATTACK=-4, SPECIAL_DEFENSE=-3, SPEED=-3
Klawf stats changed from [ACCURACY=100, EVASION=100, ATTACK=0, DEFENSE=0, SPECIAL_ATTACK=0, SPECIAL_DEFENSE=0, SPEED=0] to [ACCURACY=100, EVASION=100, ATTACK=3, DEFENSE=2, SPECIAL_ATTACK=4, SPECIAL_DEFENSE=3, SPEED=3] delta: ATTACK=-3, DEFENSE=-2, SPECIAL_ATTACK=-4, SPECIAL_DEFENSE=-3, SPEED=-3
Shelmet stats changed from [ACCURACY=100, EVASION=100, ATTACK=0, DEFENSE=0, SPECIAL_ATTACK=0, SPECIAL_DEFENSE=0, SPEED=0] to [ACCURACY=100, EVASION=100, ATTACK=4, DEFENSE=3, SPECIAL_ATTACK=4, SPECIAL_DEFENSE=3, SPEED=4] delta: ATTACK=-4, DEFENSE=-3, SPECIAL_ATTACK=-4, SPECIAL_DEFENSE=-3, SPEED=-4
Lurantis stats changed from [ACCURACY=100, EVASION=100, ATTACK=0, DEFENSE=0, SPECIAL_ATTACK=0, SPECIAL_DEFENSE=0, SPEED=0] to [ACCURACY=100, EVASION=100, ATTACK=2, DEFENSE=3, SPECIAL_ATTACK=3, SPECIAL_DEFENSE=3, SPEED=4] delta: ATTACK=-2, DEFENSE=-3, SPECIAL_ATTACK=-3, SPECIAL_DEFENSE=-3, SPEED=-4
Aron stats changed from [ACCURACY=100, EVASION=100, ATTACK=3, DEFENSE=3, SPECIAL_ATTACK=4, SPECIAL_DEFENSE=4, SPEED=4] to [ACCURACY=100, EVASION=100, ATTACK=7, DEFENSE=7, SPECIAL_ATTACK=6, SPECIAL_DEFENSE=6, SPEED=5] delta: ATTACK=-4, DEFENSE=-4, SPECIAL_ATTACK=-2, SPECIAL_DEFENSE=-2, SPEED=-1
Lurantis stats changed from [ACCURACY=100, EVASION=100, ATTACK=2, DEFENSE=3, SPECIAL_ATTACK=3, SPECIAL_DEFENSE=3, SPEED=4] to [ACCURACY=100, EVASION=100, ATTACK=77, DEFENSE=69, SPECIAL_ATTACK=66, SPECIAL_DEFENSE=72, SPEED=40] delta: ATTACK=-75, DEFENSE=-66, SPECIAL_ATTACK=-63, SPECIAL_DEFENSE=-69, SPEED=-36
translation{key='pixelmon.lurantis', args=[]} weighted their choices as follows:  Growth, Tier 0, Weight 0.0;  Leafage, Tier 2, Weight 91.66667;  Razor Leaf, Tier 2, Weight 91.66667;  Synthesis, Tier 0, Weight 0.0;  
translation{key='pixelmon.lurantis', args=[]} decided their best choices were:  Leafage, Tier 2, Weight 91.66667;  Razor Leaf, Tier 2, Weight 91.66667;  
Lurantis selected attack Razor Leaf for Lurantis targeting Aron and opted to mega evolve
___________12345 selected attack Endeavor for Aron targeting Lurantis
Battle Message: Lurantis used Razor Leaf!
Battle Message: Aron just hung on with Sturdy!
Aron was damaged by Lurantis type ATTACK for 11 before: 12 after: 1
Lurantis used Razor Leaf against Aron with results MoveResults{damage=11, fullDamage=11, power=[], accuracy=0, priority=0.0, result=hit, weightMod=0.0}
Battle Message: Aron used Endeavor!
Lurantis was damaged by Aron type ATTACKFIXED for 96 before: 97 after: 1
___________12345 told Aron to use Endeavor against Lurantis with results MoveResults{damage=96, fullDamage=96, power=[], accuracy=0, priority=0.0, result=hit, weightMod=0.0}

Turn #0 has ended
 Terrain: NONE[5 turns remaining]
 Weather: none
 Pokemon: 
 Aron[health=12, , max health=12]
  Stats: ACCURACY=100, EVASION=100, ATTACK=7, DEFENSE=7, SPECIAL_ATTACK=6, SPECIAL_DEFENSE=6, SPEED=5, stages=[, ACCURACY=0, , , EVASION=0, , , ATTACK=0, , , DEFENSE=0, , , SPECIAL_ATTACK=0, , , SPECIAL_DEFENSE=0, , , SPEED=0, , , ]

 Lurantis[health=97, , max health=97]
  Stats: ACCURACY=100, EVASION=100, ATTACK=77, DEFENSE=69, SPECIAL_ATTACK=66, SPECIAL_DEFENSE=72, SPEED=40, stages=[, ACCURACY=0, , , EVASION=0, , , ATTACK=0, , , DEFENSE=0, , , SPECIAL_ATTACK=0, , , SPECIAL_DEFENSE=0, , , SPEED=0, , , ]


Turn #1 has begun
 Terrain: NONE[5 turns remaining]
 Weather: none
 Pokemon: 
 Aron[health=1, , max health=12]
  Stats: ACCURACY=100, EVASION=100, ATTACK=7, DEFENSE=7, SPECIAL_ATTACK=6, SPECIAL_DEFENSE=6, SPEED=5, stages=[, ACCURACY=0, , , EVASION=0, , , ATTACK=0, , , DEFENSE=0, , , SPECIAL_ATTACK=0, , , SPECIAL_DEFENSE=0, , , SPEED=0, , , ]

 Lurantis[health=1, , max health=97]
  Stats: ACCURACY=100, EVASION=100, ATTACK=77, DEFENSE=69, SPECIAL_ATTACK=66, SPECIAL_DEFENSE=72, SPEED=40, stages=[, ACCURACY=0, , , EVASION=0, , , ATTACK=0, , , DEFENSE=0, , , SPECIAL_ATTACK=0, , , SPECIAL_DEFENSE=0, , , SPEED=0, , , ]


translation{key='pixelmon.lurantis', args=[]} weighted their choices as follows:  Growth, Tier 0, Weight 0.0;  Leafage, Tier 3, Weight 100.0;  Razor Leaf, Tier 3, Weight 95.0;  Synthesis, Tier 0, Weight 0.0;  
translation{key='pixelmon.lurantis', args=[]} decided their best choices were:  Leafage, Tier 3, Weight 100.0;  
Lurantis selected attack Leafage for Lurantis targeting Aron and opted to mega evolve
___________12345 used pixelmon:poke_ball on Lurantis
Battle Message: ___________12345 threw the Ultra Ball!
Battle Message: Lurantis used Leafage!
Aron was damaged by Lurantis type ATTACK for 1 before: 1 after: 0
Battle Message: Aron fainted!
Lurantis used Leafage against Aron with results MoveResults{damage=1, fullDamage=195, power=[], accuracy=0, priority=0.0, result=killed, weightMod=0.0}

Turn #1 has ended
 Terrain: NONE[5 turns remaining]
 Weather: none
 Pokemon: 
 Lunala[health=424, , max health=424]
  Stats: ACCURACY=100, EVASION=100, ATTACK=2, DEFENSE=3, SPECIAL_ATTACK=2, SPECIAL_DEFENSE=2, SPEED=3, stages=[, ACCURACY=0, , , EVASION=0, , , ATTACK=0, , , DEFENSE=0, , , SPECIAL_ATTACK=0, , , SPECIAL_DEFENSE=0, , , SPEED=0, , , ]

 Lurantis[health=1, , max health=97]
  Stats: ACCURACY=100, EVASION=100, ATTACK=77, DEFENSE=69, SPECIAL_ATTACK=66, SPECIAL_DEFENSE=72, SPEED=40, stages=[, ACCURACY=0, , , EVASION=0, , , ATTACK=0, , , DEFENSE=0, , , SPECIAL_ATTACK=0, , , SPECIAL_DEFENSE=0, , , SPEED=0, , , ]


Turn #2 has begun
 Terrain: NONE[5 turns remaining]
 Weather: none
 Pokemon: 
 Lunala[health=424, , max health=424]
  Stats: ACCURACY=100, EVASION=100, ATTACK=2, DEFENSE=3, SPECIAL_ATTACK=2, SPECIAL_DEFENSE=2, SPEED=3, stages=[, ACCURACY=0, , , EVASION=0, , , ATTACK=0, , , DEFENSE=0, , , SPECIAL_ATTACK=0, , , SPECIAL_DEFENSE=0, , , SPEED=0, , , ]

 Lurantis[health=1, , max health=97]
  Stats: ACCURACY=100, EVASION=100, ATTACK=77, DEFENSE=69, SPECIAL_ATTACK=66, SPECIAL_DEFENSE=72, SPEED=40, stages=[, ACCURACY=0, , , EVASION=0, , , ATTACK=0, , , DEFENSE=0, , , SPECIAL_ATTACK=0, , , SPECIAL_DEFENSE=0, , , SPEED=0, , , ]


Lunala stats changed from [ACCURACY=100, EVASION=100, ATTACK=2, DEFENSE=3, SPECIAL_ATTACK=2, SPECIAL_DEFENSE=2, SPEED=3] to [ACCURACY=100, EVASION=100, ATTACK=308, DEFENSE=252, SPECIAL_ATTACK=295, SPECIAL_DEFENSE=278, SPEED=241] delta: ATTACK=-306, DEFENSE=-249, SPECIAL_ATTACK=-293, SPECIAL_DEFENSE=-276, SPEED=-238
translation{key='pixelmon.lurantis', args=[]} weighted their choices as follows:  Growth, Tier 0, Weight 0.0;  Leafage, Tier 2, Weight 0.9433962;  Razor Leaf, Tier 2, Weight 1.1792454;  Synthesis, Tier 0, Weight 0.0;  
translation{key='pixelmon.lurantis', args=[]} decided their best choices were:  Leafage, Tier 2, Weight 0.9433962;  Razor Leaf, Tier 2, Weight 1.1792454;  
Lurantis selected attack Leafage for Lurantis targeting Lunala and opted to mega evolve
___________12345 executed command pc
___________12345 executed command pc
___________12345 used pixelmon:poke_ball on Lurantis
Battle Message: ___________12345 threw the Ultra Ball!
Battle Message: Lurantis used Leafage!
Lunala was damaged by Lurantis type ATTACK for 3 before: 424 after: 421
Lurantis used Leafage against Lunala with results MoveResults{damage=3, fullDamage=3, power=[], accuracy=0, priority=0.0, result=hit, weightMod=0.0}

Turn #2 has ended
 Terrain: NONE[5 turns remaining]
 Weather: none
 Pokemon: 
 Lunala[health=424, , max health=424]
  Stats: ACCURACY=100, EVASION=100, ATTACK=308, DEFENSE=252, SPECIAL_ATTACK=295, SPECIAL_DEFENSE=278, SPEED=241, stages=[, ACCURACY=0, , , EVASION=0, , , ATTACK=0, , , DEFENSE=0, , , SPECIAL_ATTACK=0, , , SPECIAL_DEFENSE=0, , , SPEED=0, , , ]

 Lurantis[health=1, , max health=97]
  Stats: ACCURACY=100, EVASION=100, ATTACK=77, DEFENSE=69, SPECIAL_ATTACK=66, SPECIAL_DEFENSE=72, SPEED=40, stages=[, ACCURACY=0, , , EVASION=0, , , ATTACK=0, , , DEFENSE=0, , , SPECIAL_ATTACK=0, , , SPECIAL_DEFENSE=0, , , SPEED=0, , , ]


Turn #3 has begun
 Terrain: NONE[5 turns remaining]
 Weather: none
 Pokemon: 
 Lunala[health=421, , max health=424]
  Stats: ACCURACY=100, EVASION=100, ATTACK=308, DEFENSE=252, SPECIAL_ATTACK=295, SPECIAL_DEFENSE=278, SPEED=241, stages=[, ACCURACY=0, , , EVASION=0, , , ATTACK=0, , , DEFENSE=0, , , SPECIAL_ATTACK=0, , , SPECIAL_DEFENSE=0, , , SPEED=0, , , ]

 Lurantis[health=1, , max health=97]
  Stats: ACCURACY=100, EVASION=100, ATTACK=77, DEFENSE=69, SPECIAL_ATTACK=66, SPECIAL_DEFENSE=72, SPEED=40, stages=[, ACCURACY=0, , , EVASION=0, , , ATTACK=0, , , DEFENSE=0, , , SPECIAL_ATTACK=0, , , SPECIAL_DEFENSE=0, , , SPEED=0, , , ]


translation{key='pixelmon.lurantis', args=[]} weighted their choices as follows:  Growth, Tier 0, Weight 0.0;  Leafage, Tier 2, Weight 2.1226416;  Razor Leaf, Tier 2, Weight 2.3584907;  Synthesis, Tier 0, Weight 0.0;  
translation{key='pixelmon.lurantis', args=[]} decided their best choices were:  Leafage, Tier 2, Weight 2.1226416;  Razor Leaf, Tier 2, Weight 2.3584907;  
Lurantis selected attack Razor Leaf for Lurantis targeting Lunala and opted to mega evolve

BATTLE ENDED

BATTLE ENDED
Caught error in battle. Continuing...
Attempted to load class net/minecraft/client/resources/sounds/SoundInstance for invalid dist DEDICATED_SERVER
MC-BOOTSTRAP/fml_loader@4.0.41/net.neoforged.fml.common.asm.RuntimeDistCleaner.processClassWithFlags(RuntimeDistCleaner.java:60)
MC-BOOTSTRAP/cpw.mods.modlauncher@11.0.5/cpw.mods.modlauncher.LaunchPluginHandler.offerClassNodeToPlugins(LaunchPluginHandler.java:94)
MC-BOOTSTRAP/cpw.mods.modlauncher@11.0.5/cpw.mods.modlauncher.ClassTransformer.transform(ClassTransformer.java:120)
MC-BOOTSTRAP/cpw.mods.modlauncher@11.0.5/cpw.mods.modlauncher.TransformingClassLoader.maybeTransformClassBytes(TransformingClassLoader.java:57)
cpw.mods.securejarhandler/cpw.mods.cl.ModuleClassLoader.readerToClass(ModuleClassLoader.java:190)
cpw.mods.securejarhandler/cpw.mods.cl.ModuleClassLoader.lambda$findClass$20(ModuleClassLoader.java:298)
cpw.mods.securejarhandler/cpw.mods.cl.ModuleClassLoader.loadFromModule(ModuleClassLoader.java:311)
cpw.mods.securejarhandler/cpw.mods.cl.ModuleClassLoader.findClass(ModuleClassLoader.java:298)
cpw.mods.securejarhandler/cpw.mods.cl.ModuleClassLoader.loadClass(ModuleClassLoader.java:214)
java.base/java.lang.ClassLoader.loadClass(Unknown Source)
TRANSFORMER/pixelmon@9.3.9/com.pixelmonmod.pixelmon.battles.controller.participants.PlayerParticipant.forfeitBattleForBeingTooFarAway(PlayerParticipant.java:666)
TRANSFORMER/pixelmon@9.3.9/com.pixelmonmod.pixelmon.battles.controller.participants.PlayerParticipant.handlePlayerDistanceFromBattle(PlayerParticipant.java:647)
TRANSFORMER/pixelmon@9.3.9/com.pixelmonmod.pixelmon.battles.controller.participants.PlayerParticipant.tick(PlayerParticipant.java:451)
TRANSFORMER/pixelmon@9.3.9/com.pixelmonmod.pixelmon.battles.controller.BattleController.onUpdate(BattleController.java:1135)
TRANSFORMER/pixelmon@9.3.9/com.pixelmonmod.pixelmon.battles.controller.BattleController.update(BattleController.java:511)
TRANSFORMER/pixelmon@9.3.9/com.pixelmonmod.pixelmon.battles.BattleRegistry.updateBattles(BattleRegistry.java:202)
TRANSFORMER/pixelmon@9.3.9/com.pixelmonmod.pixelmon.battles.BattleTickHandler.tickStart(BattleTickHandler.java:10)
MC-BOOTSTRAP/net.neoforged.bus/net.neoforged.bus.EventBus.post(EventBus.java:360)
MC-BOOTSTRAP/net.neoforged.bus/net.neoforged.bus.EventBus.post(EventBus.java:328)
TRANSFORMER/neoforge@21.1.209/net.neoforged.neoforge.event.EventHooks.fireServerTickPost(EventHooks.java:1020)
TRANSFORMER/minecraft@1.21.1/net.minecraft.server.MinecraftServer.tickServer(MinecraftServer.java:943)
TRANSFORMER/minecraft@1.21.1/net.minecraft.server.MinecraftServer.runServer(MinecraftServer.java:707)
TRANSFORMER/minecraft@1.21.1/net.minecraft.server.MinecraftServer.lambda$spin$2(MinecraftServer.java:267)
java.base/java.lang.Thread.run(Unknown Source)
