Pixelmon Version 9.3.9
Battle data 2025-11-18T16:07:55.649373410Z

Team #0 PlayerParticipant Bluegum_ pixelmon:ultra_space (3826.9389234396353, 72.06848623980925, -4686.30940184052) 
	Aron {Ability:"Sturdy",CaughtBall:"poke_ball",DoesLevel:0b,DynamaxLevel:0,EVAttack:151s,EVDefense:151s,EVHP:32s,EVSpecialAttack:59s,EVSpecialDefense:23s,EVSpeed:94s,EXP:63,FormattedNickname:'{"text":"","extra":["보스로라"]}',Friendship:47s,Gender:0b,GigantamaxFactor:0b,Health:24,HeldItemStack:{count:1,id:"pixelmon:shell_bell"},IVAttack:30b,IVDefense:21b,IVHP:5b,IVSpAtt:12b,IVSpDef:5b,IVSpeed:3b,Level:7,MoveSkillCooldown:[{MoveSkillCooldownCurrent:1762699103772L,MoveSkillCooldownId:"forage",MoveSkillCooldownTarget:1762699128772L}],Moveset:[{MoveID:"Endeavor",MovePP:5b},{MoveID:"Stealth Rock",MovePP:20b},{MoveID:"Aerial Ace",MovePP:20b},{MoveID:"Protect",MovePP:10b}],NBT_VERSION:2b,Nature:3b,PAbilitySlot:0,PHiddenAbility:0b,PersistentData:{},Pokerus:{Announced:1b,Type:0s},RelrnMoves:["Endeavor","Tackle","Stealth Rock","Aerial Ace","Ancient Power","Harden"],Size:67.07655625324296d,SpecFlags:[],StatsAttack:19s,StatsDefense:23s,StatsHP:24s,StatsSpecialAttack:12s,StatsSpecialDefense:11s,StatsSpeed:11s,UUID:[I;-1741932751,-953857120,-2022190223,-650856533],Variant:"base",eggCycles:-1,ndex:304,originalTrainer:"lame1202",originalTrainerUUID:[I;-812478946,543770915,-1079866976,-1753718133],palette:"none",ribbons2:[]}
	Arceus {Ability:"Multitype",CaughtBall:"poke_ball",DoesLevel:1b,DynamaxLevel:10,EVAttack:71s,EVDefense:68s,EVHP:30s,EVSpecialAttack:226s,EVSpecialDefense:0s,EVSpeed:115s,EXP:4248,Friendship:235s,Gender:2b,GigantamaxFactor:0b,Health:388,HeldItemStack:{count:1,id:"pixelmon:legend_plate"},IVAttack:5b,IVDefense:31b,IVHP:12b,IVSpAtt:31b,IVSpDef:0b,IVSpeed:31b,IV_HTATTACK:1b,IV_HTHP:1b,IV_HTSPECIAL_DEFENSE:1b,Level:100,MoveSkillCooldown:[{MoveSkillCooldownCurrent:1763392413249L,MoveSkillCooldownId:"open_wormhole",MoveSkillCooldownTarget:1763393313249L}],Moveset:[{MoveID:"Thunder",MovePP:10b},{MoveID:"Earthquake",MovePP:10b},{MoveID:"Judgment",MovePP:8b,MovePPLevel:3b},{MoveID:"Future Sight",MovePP:10b}],NBT_VERSION:2b,Nature:21b,PAbilitySlot:0,PHiddenAbility:0b,PersistentData:{},Pokerus:{Announced:1b,Type:0s},RelrnMoves:["Future Sight","Thunder","Earthquake","Earth Power","Natural Gift","Gravity"],Size:323.36980467820183d,SpecFlags:[],StatsAttack:263s,StatsDefense:293s,StatsHP:388s,StatsSpecialAttack:332s,StatsSpecialDefense:303s,StatsSpeed:304s,UUID:[I;1128965582,27870515,-1981550535,2129915363],Variant:"base",eggCycles:-1,ndex:493,originalTrainer:"Bluegum_",originalTrainerUUID:[I;-18226562,-815576607,-1945710123,1042587051],palette:"none",ribbons2:[]}
	Kyogre {Ability:"Drizzle",CaughtBall:"ultra_ball",DoesLevel:1b,DynamaxLevel:7,EVAttack:147s,EVDefense:125s,EVHP:67s,EVSpecialAttack:78s,EVSpecialDefense:16s,EVSpeed:71s,EXP:9483,Friendship:141s,Gender:2b,GigantamaxFactor:0b,Health:357,HeldItemStack:{count:1,id:"pixelmon:blue_orb"},IVAttack:22b,IVDefense:31b,IVHP:12b,IVSpAtt:4b,IVSpDef:31b,IVSpeed:31b,IV_HTATTACK:1b,IV_HTDEFENSE:1b,IV_HTHP:1b,IV_HTSPECIAL_ATTACK:1b,IV_HTSPECIAL_DEFENSE:1b,IV_HTSPEED:1b,Level:100,MoveSkillCooldown:[{MoveSkillCooldownCurrent:1763397204192L,MoveSkillCooldownId:"forage",MoveSkillCooldownTarget:1763397229192L}],Moveset:[{MoveID:"Origin Pulse",MovePP:16b,MovePPLevel:3b},{MoveID:"Calm Mind",MovePP:20b},{MoveID:"Water Spout",MovePP:5b},{MoveID:"Hydro Pump",MovePP:5b}],NBT_VERSION:2b,Nature:8b,PAbilitySlot:0,PHiddenAbility:0b,PersistentData:{SrcForm:"base"},Pokerus:{Announced:0b,Type:0s},RelrnMoves:["Calm Mind","Sheer Cold","Hydro Pump","Aqua Ring","Origin Pulse"],Size:132.15594156969374d,SpecFlags:[],StatsAttack:299s,StatsDefense:247s,StatsHP:357s,StatsSpecialAttack:355s,StatsSpecialDefense:288s,StatsSpeed:233s,UUID:[I;-1451429767,-2144122719,-1631819247,-1312220407],Variant:"base",eggCycles:-1,ndex:382,originalTrainer:"Bluegum_",originalTrainerUUID:[I;-18226562,-815576607,-1945710123,1042587051],palette:"none",ribbons2:[]}
	Necrozma {Ability:"PrismArmor",CaughtBall:"master_ball",DoesLevel:1b,DynamaxLevel:10,EVAttack:0s,EVDefense:4s,EVHP:20s,EVSpecialAttack:252s,EVSpecialDefense:4s,EVSpeed:230s,EXP:2688,Friendship:2s,Gender:2b,GigantamaxFactor:0b,Health:340,HeldItemStack:{count:1,id:"pixelmon:choice_specs"},IVAttack:14b,IVDefense:31b,IVHP:31b,IVSpAtt:12b,IVSpDef:31b,IVSpeed:28b,IV_HTATTACK:1b,IV_HTDEFENSE:1b,IV_HTHP:1b,IV_HTSPECIAL_ATTACK:1b,IV_HTSPECIAL_DEFENSE:1b,IV_HTSPEED:1b,Level:100,MoveSkillCooldown:[{MoveSkillCooldownCurrent:1763298935164L,MoveSkillCooldownId:"open_wormhole",MoveSkillCooldownTarget:1763299835164L}],Moveset:[{MoveID:"Earthquake",MovePP:10b},{MoveID:"Photon Geyser",MovePP:8b,MovePPLevel:3b},{MoveID:"Prismatic Laser",MovePP:16b,MovePPLevel:3b},{MoveID:"Moongeist Beam",MovePP:8b,MovePPLevel:3b}],NBT_VERSION:2b,Nature:2b,PAbilitySlot:0,PHiddenAbility:0b,PersistentData:{FusedPokemon:{Ability:"ShadowShield",CaughtBall:"master_ball",DoesLevel:1b,DynamaxLevel:10,EVAttack:52s,EVDefense:61s,EVHP:10s,EVSpecialAttack:30s,EVSpecialDefense:15s,EVSpeed:10s,EXP:2523,Friendship:132s,Gender:2b,GigantamaxFactor:0b,Health:274,IVAttack:31b,IVDefense:31b,IVHP:31b,IVSpAtt:31b,IVSpDef:31b,IVSpeed:31b,Level:65,MoveSkillCooldown:[{MoveSkillCooldownCurrent:1762540468759L,MoveSkillCooldownId:"open_wormhole",MoveSkillCooldownTarget:1762541368759L}],Moveset:[{MoveID:"Moongeist Beam",MovePP:5b},{MoveID:"Shadow Ball",MovePP:15b},{MoveID:"Night Daze",MovePP:10b},{MoveID:"Psychic",MovePP:10b}],NBT_VERSION:2b,Nature:2b,PAbilitySlot:0,PHiddenAbility:0b,PersistentData:{},Pokerus:{Announced:0b,Type:0s},RelrnMoves:["Cosmic Power","Night Daze","Shadow Ball","Confuse Ray","Confusion","Moongeist Beam"],Size:423.68655728993264d,SpecFlags:[],StatsAttack:180s,StatsDefense:150s,StatsHP:274s,StatsSpecialAttack:208s,StatsSpecialDefense:166s,StatsSpeed:152s,UUID:[I;262669123,-1009497750,-1895264588,-494530766],Variant:"base",eggCycles:-1,ndex:792,originalTrainer:"Bluegum_",originalTrainerUUID:[I;-18226562,-815576607,-1945710123,1042587051],palette:"none",ribbons2:[]},SrcForm:"dawn"},Pokerus:{Announced:1b,Type:0s},RelrnMoves:["Earthquake","Moonlight","Night Slash","Confusion","Photon Geyser","Prismatic Laser","Moongeist Beam","Stored Power","Hyper Voice"],Size:527.1826480247724d,SpecFlags:[],StatsAttack:262s,StatsDefense:255s,StatsHP:340s,StatsSpecialAttack:413s,StatsSpecialDefense:291s,StatsSpeed:247s,UUID:[I;1907024463,-107854951,-1498588856,370906150],Variant:"dawn",eggCycles:-1,ndex:800,originalTrainer:"Bluegum_",originalTrainerUUID:[I;-18226562,-815576607,-1945710123,1042587051],palette:"none",ribbons2:[]}
	Solgaleo {Ability:"FullMetalBody",CaughtBall:"master_ball",DoesLevel:1b,DynamaxLevel:10,EVAttack:4s,EVDefense:19s,EVHP:4s,EVSpecialAttack:12s,EVSpecialDefense:2s,EVSpeed:5s,EXP:14323,Friendship:0s,Gender:2b,GigantamaxFactor:0b,Health:273,IVAttack:31b,IVDefense:31b,IVHP:31b,IVSpAtt:31b,IVSpDef:17b,IVSpeed:22b,Level:65,MoveSkillCooldown:[{MoveSkillCooldownCurrent:1762876628852L,MoveSkillCooldownId:"open_wormhole",MoveSkillCooldownTarget:1762877528852L}],Moveset:[{MoveID:"Metal Claw",MovePP:35b},{MoveID:"Noble Roar",MovePP:30b},{MoveID:"Sunsteel Strike",MovePP:5b},{MoveID:"Flash Cannon",MovePP:10b}],NBT_VERSION:2b,Nature:11b,PAbilitySlot:0,PHiddenAbility:0b,PersistentData:{},Pokerus:{Announced:0b,Type:0s},RelrnMoves:["Noble Roar","Metal Claw","Sunsteel Strike","Morning Sun","Teleport","Metal Sound"],Size:313.0336105059347d,SpecFlags:[],StatsAttack:203s,StatsDefense:183s,StatsHP:273s,StatsSpecialAttack:156s,StatsSpecialDefense:132s,StatsSpeed:146s,UUID:[I;2035204228,-691977779,-1758625033,-1363879109],Variant:"base",eggCycles:-1,ndex:791,originalTrainer:"Bluegum_",originalTrainerUUID:[I;-18226562,-815576607,-1945710123,1042587051],palette:"none",ribbons2:[]}
	Eternatus {Ability:"Pressure",CaughtBall:"ultra_ball",DoesLevel:1b,DynamaxLevel:0,EVAttack:0s,EVDefense:0s,EVHP:6s,EVSpecialAttack:252s,EVSpecialDefense:0s,EVSpeed:252s,EXP:8471,Friendship:251s,Gender:2b,GigantamaxFactor:0b,Health:377,HeldItemStack:{count:1,id:"pixelmon:lucky_egg"},IVAttack:4b,IVDefense:6b,IVHP:31b,IVSpAtt:28b,IVSpDef:31b,IVSpeed:31b,IV_HTATTACK:1b,IV_HTDEFENSE:1b,IV_HTHP:1b,IV_HTSPECIAL_ATTACK:1b,IV_HTSPECIAL_DEFENSE:1b,IV_HTSPEED:1b,Level:89,MoveSkillCooldown:[{MoveSkillCooldownCurrent:1763478232698L,MoveSkillCooldownId:"ignite",MoveSkillCooldownTarget:1763478272698L},{MoveSkillCooldownCurrent:1763391478759L,MoveSkillCooldownId:"mount_boost",MoveSkillCooldownTarget:1763391518759L}],Moveset:[{MoveID:"Sludge Wave",MovePP:10b},{MoveID:"Dynamax Cannon",MovePP:5b},{MoveID:"Eternabeam",MovePP:5b},{MoveID:"Flamethrower",MovePP:15b}],NBT_VERSION:2b,Nature:12b,PAbilitySlot:0,PHiddenAbility:0b,PersistentData:{},Pokerus:{Announced:0b,Type:0s},RelrnMoves:["Flamethrower","Cross Poison","Toxic","Cosmic Power","Sludge Wave","Agility","Dynamax Cannon"],Size:611.6809543191971d,SpecFlags:[],StatsAttack:181s,StatsDefense:218s,StatsHP:373s,StatsSpecialAttack:342s,StatsSpecialDefense:179s,StatsSpeed:316s,UUID:[I;-196961598,-1781706844,-1894809558,1554356736],Variant:"ordinary",eggCycles:-1,ndex:890,originalTrainer:"Bluegum_",originalTrainerUUID:[I;-18226562,-815576607,-1945710123,1042587051],palette:"none",ribbons2:[]}
Team #1 WildPixelmonParticipant Pumpkaboo pixelmon:ultra_space (3807.6388918240878, 68.0, -4708.986116669481) 
	Pumpkaboo {Ability:"Pickup",CaughtBall:"poke_ball",DoesLevel:1b,DynamaxLevel:0,EVAttack:0s,EVDefense:0s,EVHP:0s,EVSpecialAttack:0s,EVSpecialDefense:0s,EVSpeed:0s,EXP:0,Friendship:0s,Gender:0b,GigantamaxFactor:0b,Health:62,HeldItemStack:{count:1,id:"pixelmon:miracle_seed"},IVAttack:27b,IVDefense:8b,IVHP:31b,IVSpAtt:15b,IVSpDef:26b,IVSpeed:30b,Level:24,Moveset:[{MoveID:"Astonish",MovePP:15b},{MoveID:"Trick-or-Treat",MovePP:20b},{MoveID:"Shadow Sneak",MovePP:30b},{MoveID:"Razor Leaf",MovePP:25b}],NBT_VERSION:2b,Nature:19b,PAbilitySlot:0,PHiddenAbility:0b,PersistentData:{},Pokerus:{Announced:0b,Type:0s},RelrnMoves:["Trick-or-Treat","Astonish","Shadow Sneak"],Size:68.30209881064326d,SpecFlags:[],StatsAttack:43s,StatsDefense:40s,StatsHP:62s,StatsSpecialAttack:31s,StatsSpecialDefense:37s,StatsSpeed:35s,UUID:[I;240241714,1172000533,-1845699836,1918894352],Variant:"base",eggCycles:-1,ndex:710,palette:"none",ribbons2:[]}

Turn #0 has begun
 Terrain: NONE[5 turns remaining]
 Weather: none
 Pokemon: 

Aron stats changed from [ACCURACY=100, EVASION=100, ATTACK=0, DEFENSE=0, SPECIAL_ATTACK=0, SPECIAL_DEFENSE=0, SPEED=0] to [ACCURACY=100, EVASION=100, ATTACK=3, DEFENSE=3, SPECIAL_ATTACK=4, SPECIAL_DEFENSE=4, SPEED=4] delta: ATTACK=-3, DEFENSE=-3, SPECIAL_ATTACK=-4, SPECIAL_DEFENSE=-4, SPEED=-4
Arceus stats changed from [ACCURACY=100, EVASION=100, ATTACK=0, DEFENSE=0, SPECIAL_ATTACK=0, SPECIAL_DEFENSE=0, SPEED=0] to [ACCURACY=100, EVASION=100, ATTACK=2, DEFENSE=2, SPECIAL_ATTACK=2, SPECIAL_DEFENSE=2, SPEED=2] delta: ATTACK=-2, DEFENSE=-2, SPECIAL_ATTACK=-2, SPECIAL_DEFENSE=-2, SPEED=-2
Kyogre stats changed from [ACCURACY=100, EVASION=100, ATTACK=0, DEFENSE=0, SPECIAL_ATTACK=0, SPECIAL_DEFENSE=0, SPEED=0] to [ACCURACY=100, EVASION=100, ATTACK=3, DEFENSE=3, SPECIAL_ATTACK=2, SPECIAL_DEFENSE=2, SPEED=3] delta: ATTACK=-3, DEFENSE=-3, SPECIAL_ATTACK=-2, SPECIAL_DEFENSE=-2, SPEED=-3
Necrozma stats changed from [ACCURACY=100, EVASION=100, ATTACK=0, DEFENSE=0, SPECIAL_ATTACK=0, SPECIAL_DEFENSE=0, SPEED=0] to [ACCURACY=100, EVASION=100, ATTACK=2, DEFENSE=2, SPECIAL_ATTACK=1, SPECIAL_DEFENSE=2, SPEED=3] delta: ATTACK=-2, DEFENSE=-2, SPECIAL_ATTACK=-1, SPECIAL_DEFENSE=-2, SPEED=-3
Solgaleo stats changed from [ACCURACY=100, EVASION=100, ATTACK=0, DEFENSE=0, SPECIAL_ATTACK=0, SPECIAL_DEFENSE=0, SPEED=0] to [ACCURACY=100, EVASION=100, ATTACK=2, DEFENSE=2, SPECIAL_ATTACK=2, SPECIAL_DEFENSE=3, SPEED=3] delta: ATTACK=-2, DEFENSE=-2, SPECIAL_ATTACK=-2, SPECIAL_DEFENSE=-3, SPEED=-3
Eternatus stats changed from [ACCURACY=100, EVASION=100, ATTACK=0, DEFENSE=0, SPECIAL_ATTACK=0, SPECIAL_DEFENSE=0, SPEED=0] to [ACCURACY=100, EVASION=100, ATTACK=3, DEFENSE=3, SPECIAL_ATTACK=2, SPECIAL_DEFENSE=3, SPEED=2] delta: ATTACK=-3, DEFENSE=-3, SPECIAL_ATTACK=-2, SPECIAL_DEFENSE=-3, SPEED=-2
Pumpkaboo stats changed from [ACCURACY=100, EVASION=100, ATTACK=0, DEFENSE=0, SPECIAL_ATTACK=0, SPECIAL_DEFENSE=0, SPEED=0] to [ACCURACY=100, EVASION=100, ATTACK=3, DEFENSE=3, SPECIAL_ATTACK=4, SPECIAL_DEFENSE=3, SPEED=3] delta: ATTACK=-3, DEFENSE=-3, SPECIAL_ATTACK=-4, SPECIAL_DEFENSE=-3, SPEED=-3
Aron stats changed from [ACCURACY=100, EVASION=100, ATTACK=3, DEFENSE=3, SPECIAL_ATTACK=4, SPECIAL_DEFENSE=4, SPEED=4] to [ACCURACY=100, EVASION=100, ATTACK=19, DEFENSE=23, SPECIAL_ATTACK=12, SPECIAL_DEFENSE=11, SPEED=11] delta: ATTACK=-16, DEFENSE=-20, SPECIAL_ATTACK=-8, SPECIAL_DEFENSE=-7, SPEED=-7
Pumpkaboo stats changed from [ACCURACY=100, EVASION=100, ATTACK=3, DEFENSE=3, SPECIAL_ATTACK=4, SPECIAL_DEFENSE=3, SPEED=3] to [ACCURACY=100, EVASION=100, ATTACK=201, DEFENSE=202, SPECIAL_ATTACK=171, SPECIAL_DEFENSE=176, SPEED=159] delta: ATTACK=-198, DEFENSE=-199, SPECIAL_ATTACK=-167, SPECIAL_DEFENSE=-173, SPEED=-156
translation{key='pixelmon.pumpkaboo', args=[]} weighted their choices as follows:  Astonish, Tier 2, Weight 95.83333;  Trick-or-Treat, Tier 0, Weight 0.0;  Shadow Sneak, Tier 2, Weight 95.83333;  Razor Leaf, Tier 2, Weight 95.83333;  
translation{key='pixelmon.pumpkaboo', args=[]} decided their best choices were:  Astonish, Tier 2, Weight 95.83333;  Shadow Sneak, Tier 2, Weight 95.83333;  Razor Leaf, Tier 2, Weight 95.83333;  
Pumpkaboo selected attack Razor Leaf for Pumpkaboo targeting Aron and opted to mega evolve

BATTLE ENDED

BATTLE ENDED
Caught error in battle. Continuing...
Attempted to load class net/minecraft/client/resources/sounds/SoundInstance for invalid dist DEDICATED_SERVER
MC-BOOTSTRAP/fml_loader@4.0.41/net.neoforged.fml.common.asm.RuntimeDistCleaner.processClassWithFlags(RuntimeDistCleaner.java:60)
MC-BOOTSTRAP/cpw.mods.modlauncher@11.0.5/cpw.mods.modlauncher.LaunchPluginHandler.offerClassNodeToPlugins(LaunchPluginHandler.java:94)
MC-BOOTSTRAP/cpw.mods.modlauncher@11.0.5/cpw.mods.modlauncher.ClassTransformer.transform(ClassTransformer.java:120)
MC-BOOTSTRAP/cpw.mods.modlauncher@11.0.5/cpw.mods.modlauncher.TransformingClassLoader.maybeTransformClassBytes(TransformingClassLoader.java:57)
cpw.mods.securejarhandler/cpw.mods.cl.ModuleClassLoader.readerToClass(ModuleClassLoader.java:190)
cpw.mods.securejarhandler/cpw.mods.cl.ModuleClassLoader.lambda$findClass$20(ModuleClassLoader.java:298)
cpw.mods.securejarhandler/cpw.mods.cl.ModuleClassLoader.loadFromModule(ModuleClassLoader.java:311)
cpw.mods.securejarhandler/cpw.mods.cl.ModuleClassLoader.findClass(ModuleClassLoader.java:298)
cpw.mods.securejarhandler/cpw.mods.cl.ModuleClassLoader.loadClass(ModuleClassLoader.java:214)
java.base/java.lang.ClassLoader.loadClass(Unknown Source)
TRANSFORMER/pixelmon@9.3.9/com.pixelmonmod.pixelmon.battles.controller.participants.PlayerParticipant.forfeitBattleForBeingTooFarAway(PlayerParticipant.java:666)
TRANSFORMER/pixelmon@9.3.9/com.pixelmonmod.pixelmon.battles.controller.participants.PlayerParticipant.handlePlayerDistanceFromBattle(PlayerParticipant.java:647)
TRANSFORMER/pixelmon@9.3.9/com.pixelmonmod.pixelmon.battles.controller.participants.PlayerParticipant.tick(PlayerParticipant.java:451)
TRANSFORMER/pixelmon@9.3.9/com.pixelmonmod.pixelmon.battles.controller.BattleController.onUpdate(BattleController.java:1135)
TRANSFORMER/pixelmon@9.3.9/com.pixelmonmod.pixelmon.battles.controller.BattleController.update(BattleController.java:511)
TRANSFORMER/pixelmon@9.3.9/com.pixelmonmod.pixelmon.battles.BattleRegistry.updateBattles(BattleRegistry.java:202)
TRANSFORMER/pixelmon@9.3.9/com.pixelmonmod.pixelmon.battles.BattleTickHandler.tickStart(BattleTickHandler.java:10)
MC-BOOTSTRAP/net.neoforged.bus/net.neoforged.bus.EventBus.post(EventBus.java:360)
MC-BOOTSTRAP/net.neoforged.bus/net.neoforged.bus.EventBus.post(EventBus.java:328)
TRANSFORMER/neoforge@21.1.209/net.neoforged.neoforge.event.EventHooks.fireServerTickPost(EventHooks.java:1020)
TRANSFORMER/minecraft@1.21.1/net.minecraft.server.MinecraftServer.tickServer(MinecraftServer.java:943)
TRANSFORMER/minecraft@1.21.1/net.minecraft.server.MinecraftServer.runServer(MinecraftServer.java:707)
TRANSFORMER/minecraft@1.21.1/net.minecraft.server.MinecraftServer.lambda$spin$2(MinecraftServer.java:267)
java.base/java.lang.Thread.run(Unknown Source)
