Pixelmon Version 9.3.9
Battle data 2025-11-09T15:39:09.524723291Z

Team #0 WildPixelmonParticipant Simipour pixelmon:ultra_space (39901.60000002384, 101.0, -2824.3251091254238) 
	Simipour {Ability:"Gluttony",CaughtBall:"poke_ball",DoesLevel:1b,DynamaxLevel:0,EVAttack:0s,EVDefense:0s,EVHP:0s,EVSpecialAttack:0s,EVSpecialDefense:0s,EVSpeed:0s,EXP:0,Friendship:0s,Gender:0b,GigantamaxFactor:0b,Health:85,IVAttack:18b,IVDefense:1b,IVHP:0b,IVSpAtt:5b,IVSpDef:11b,IVSpeed:19b,Level:30,Moveset:[{MoveID:"Fury Swipes",MovePP:15b},{MoveID:"Leer",MovePP:30b},{MoveID:"Lick",MovePP:30b},{MoveID:"Scald",MovePP:15b}],NBT_VERSION:2b,Nature:1b,PAbilitySlot:0,PHiddenAbility:0b,PersistentData:{},Pokerus:{Announced:0b,Type:0s},RelrnMoves:["Lick","Leer","Fury Swipes"],Size:162.93932871669725d,SpecFlags:[],StatsAttack:69s,StatsDefense:43s,StatsHP:85s,StatsSpecialAttack:65s,StatsSpecialDefense:46s,StatsSpeed:71s,UUID:[I;-31570849,1863207778,-1491102418,1009412952],Variant:"base",eggCycles:-1,ndex:516,palette:"none",ribbons2:[]}
Team #0 WildPixelmonParticipant Galvantula pixelmon:ultra_space (39897.456183674985, 104.0, -2822.5767139022205) 
	Galvantula {Ability:"CompoundEyes",CaughtBall:"poke_ball",DoesLevel:1b,DynamaxLevel:0,EVAttack:0s,EVDefense:0s,EVHP:0s,EVSpecialAttack:0s,EVSpecialDefense:0s,EVSpeed:0s,EXP:0,Friendship:0s,Gender:0b,GigantamaxFactor:0b,Health:142,IVAttack:27b,IVDefense:29b,IVHP:25b,IVSpAtt:29b,IVSpDef:24b,IVSpeed:2b,Level:50,Moveset:[{MoveID:"Fury Cutter",MovePP:20b},{MoveID:"Sticky Web",MovePP:20b},{MoveID:"Agility",MovePP:30b},{MoveID:"Discharge",MovePP:15b}],NBT_VERSION:2b,Nature:23b,PAbilitySlot:0,PHiddenAbility:0b,PersistentData:{},Pokerus:{Announced:0b,Type:0s},RelrnMoves:["Agility","Sticky Web","Fury Cutter"],Size:83.31468986335052d,SpecFlags:[],StatsAttack:95s,StatsDefense:79s,StatsHP:142s,StatsSpecialAttack:116s,StatsSpecialDefense:84s,StatsSpeed:102s,UUID:[I;-1916034489,-770749386,-1335951667,-1810749651],Variant:"base",eggCycles:-1,ndex:596,palette:"none",ribbons2:[]}
Team #0 WildPixelmonParticipant Passimian pixelmon:ultra_space (39900.5, 98.0, -2818.5) 
	Passimian {Ability:"Receiver",CaughtBall:"poke_ball",DoesLevel:1b,DynamaxLevel:0,EVAttack:0s,EVDefense:0s,EVHP:0s,EVSpecialAttack:0s,EVSpecialDefense:0s,EVSpeed:0s,EXP:0,Friendship:0s,Gender:0b,GigantamaxFactor:0b,Health:136,IVAttack:3b,IVDefense:23b,IVHP:15b,IVSpAtt:30b,IVSpDef:29b,IVSpeed:26b,Level:40,Moveset:[{MoveID:"Focus Energy",MovePP:30b},{MoveID:"Fling",MovePP:10b},{MoveID:"Bulk Up",MovePP:20b},{MoveID:"Thrash",MovePP:10b}],NBT_VERSION:2b,Nature:15b,PAbilitySlot:0,PHiddenAbility:0b,PersistentData:{},Pokerus:{Announced:0b,Type:0s},RelrnMoves:["Fling","Focus Energy","Bulk Up"],Size:95.75567748701405d,SpecFlags:[],StatsAttack:102s,StatsDefense:86s,StatsHP:136s,StatsSpecialAttack:44s,StatsSpecialDefense:64s,StatsSpeed:86s,UUID:[I;-62905296,648235568,-1573110359,1571385386],Variant:"base",eggCycles:-1,ndex:766,palette:"none",ribbons2:[]}
Team #0 WildPixelmonParticipant Primeape pixelmon:ultra_space (39900.82572034846, 102.0, -2822.8182440322516) 
	Primeape {Ability:"AngerPoint",CaughtBall:"poke_ball",DoesLevel:1b,DynamaxLevel:0,EVAttack:0s,EVDefense:0s,EVHP:0s,EVSpecialAttack:0s,EVSpecialDefense:0s,EVSpeed:0s,EXP:0,Friendship:0s,Gender:0b,GigantamaxFactor:0b,Health:129,IVAttack:14b,IVDefense:20b,IVHP:9b,IVSpAtt:28b,IVSpDef:6b,IVSpeed:9b,Level:50,Moveset:[{MoveID:"Fling",MovePP:10b},{MoveID:"Low Kick",MovePP:20b},{MoveID:"Seismic Toss",MovePP:20b},{MoveID:"Assurance",MovePP:10b}],NBT_VERSION:2b,Nature:18b,PAbilitySlot:1,PHiddenAbility:0b,PersistentData:{},Pokerus:{Announced:0b,Type:0s},RelrnMoves:["Fling","Low Kick","Seismic Toss"],Size:88.3730229928256d,SpecFlags:[],StatsAttack:117s,StatsDefense:67s,StatsHP:129s,StatsSpecialAttack:86s,StatsSpecialDefense:78s,StatsSpeed:104s,UUID:[I;-1128950133,879642430,-1759882301,-691329448],Variant:"base",eggCycles:-1,ndex:57,palette:"none",ribbons2:[]}
Team #0 WildPixelmonParticipant Trumbeak pixelmon:ultra_space (39901.5, 98.11679996490476, -2822.5) 
	Trumbeak {Ability:"KeenEye",CaughtBall:"poke_ball",DoesLevel:1b,DynamaxLevel:0,EVAttack:0s,EVDefense:0s,EVHP:0s,EVSpecialAttack:0s,EVSpecialDefense:0s,EVSpeed:0s,EXP:0,Friendship:0s,Gender:1b,GigantamaxFactor:0b,Health:69,IVAttack:27b,IVDefense:11b,IVHP:10b,IVSpAtt:27b,IVSpDef:11b,IVSpeed:12b,Level:27,Moveset:[{MoveID:"Growl",MovePP:40b},{MoveID:"Rock Blast",MovePP:10b},{MoveID:"Pluck",MovePP:20b},{MoveID:"Screech",MovePP:40b}],NBT_VERSION:2b,Nature:11b,PAbilitySlot:0,PHiddenAbility:0b,PersistentData:{},Pokerus:{Announced:0b,Type:0s},RelrnMoves:["Growl","Pluck","Rock Blast"],Size:78.86834626023702d,SpecFlags:[],StatsAttack:58s,StatsDefense:37s,StatsHP:69s,StatsSpecialAttack:29s,StatsSpecialDefense:34s,StatsSpeed:48s,UUID:[I;233012990,-1434891785,-1662132426,869560216],Variant:"base",eggCycles:-1,ndex:732,palette:"none",ribbons2:[]}
Team #1 PlayerParticipant Dulmin pixelmon:ultra_space (39898.333392147426, 103.0, -2822.7350017809426) 
	Arceus {Ability:"Multitype",CaughtBall:"poke_ball",DoesLevel:1b,DynamaxLevel:0,EVAttack:152s,EVDefense:173s,EVHP:31s,EVSpecialAttack:79s,EVSpecialDefense:19s,EVSpeed:56s,EXP:17006,Friendship:56s,Gender:2b,GigantamaxFactor:0b,Health:185,HeldItemStack:{count:1,id:"pixelmon:legend_plate"},IVAttack:31b,IVDefense:31b,IVHP:2b,IVSpAtt:31b,IVSpDef:0b,IVSpeed:31b,IV_HTATTACK:1b,IV_HTDEFENSE:1b,IV_HTHP:1b,IV_HTSPECIAL_ATTACK:1b,IV_HTSPECIAL_DEFENSE:1b,IV_HTSPEED:1b,Level:100,Moveset:[{MoveID:"Judgment",MovePP:8b,MovePPLevel:3b},{MoveID:"Gravity",MovePP:5b},{MoveID:"Earthquake",MovePP:10b},{MoveID:"Extreme Speed",MovePP:5b}],NBT_VERSION:2b,Nature:0b,PAbilitySlot:0,PHiddenAbility:0b,PersistentData:{},Pokerus:{Announced:0b,Type:0s},RelrnMoves:["Extreme Speed","Earthquake","Cosmic Power","Earth Power","Gravity"],Size:329.9822809754581d,SpecFlags:[],StatsAttack:314s,StatsDefense:319s,StatsHP:388s,StatsSpecialAttack:295s,StatsSpecialDefense:280s,StatsSpeed:290s,Status:0s,UUID:[I;274323203,-1232321768,-1137249648,-857832600],Variant:"base",eggCycles:-1,ndex:493,originalTrainer:"Dulmin",originalTrainerUUID:[I;-2036690395,-938456484,-1479550921,1712610171],palette:"none",ribbons2:[]}
	Meowscarada {Ability:"Overgrow",CaughtBall:"poke_ball",DoesLevel:1b,DynamaxLevel:4,EVAttack:160s,EVDefense:74s,EVHP:45s,EVSpecialAttack:104s,EVSpecialDefense:47s,EVSpeed:80s,EXP:15560,Friendship:123s,Gender:0b,GigantamaxFactor:0b,Health:272,HeldItemStack:{count:1,id:"pixelmon:lucky_egg"},IVAttack:8b,IVDefense:19b,IVHP:7b,IVSpAtt:4b,IVSpDef:3b,IVSpeed:28b,Level:97,Moveset:[{MoveID:"Play Rough",MovePP:10b},{MoveID:"Leaf Storm",MovePP:5b},{MoveID:"Night Slash",MovePP:15b},{MoveID:"Flower Trick",MovePP:10b}],NBT_VERSION:2b,Nature:24b,PAbilitySlot:0,PHiddenAbility:0b,PersistentData:{},Pokerus:{Announced:0b,Type:0s},RelrnMoves:["Quick Attack","Tail Whip","Play Rough","Bite","U-turn","Flower Trick","Magical Leaf","Seed Bomb","Scratch","Night Slash","Leafage","Slash","Hone Claws"],Size:148.3402534215136d,SpecFlags:[],StatsAttack:264s,StatsDefense:177s,StatsHP:272s,StatsSpecialAttack:171s,StatsSpecialDefense:170s,StatsSpeed:290s,UUID:[I;1021258708,906510405,-1579751669,282896280],Variant:"base",eggCycles:-1,ndex:908,originalTrainer:"Dulmin",originalTrainerUUID:[I;-2036690395,-938456484,-1479550921,1712610171],palette:"none",ribbon_display2:{received:1761542430734L,receiver:'""',type:"destiny"},ribbons2:[{received:1761542430734L,receiver:'""',type:"destiny"}]}
	Cosmoem {Ability:"Sturdy",CaughtBall:"poke_ball",DoesLevel:1b,DynamaxLevel:0,EVAttack:56s,EVDefense:30s,EVHP:22s,EVSpecialAttack:49s,EVSpecialDefense:47s,EVSpeed:21s,EXP:5062,Friendship:2s,Gender:2b,GigantamaxFactor:0b,Health:103,IVAttack:31b,IVDefense:31b,IVHP:22b,IVSpAtt:29b,IVSpDef:31b,IVSpeed:25b,Level:44,MoveSkillCooldown:[{MoveSkillCooldownCurrent:1762700855610L,MoveSkillCooldownId:"teleport",MoveSkillCooldownTarget:1762700861510L}],Moveset:[{MoveID:"Splash",MovePP:40b},{MoveID:"Teleport",MovePP:20b},{MoveID:"Cosmic Power",MovePP:20b}],NBT_VERSION:2b,Nature:15b,PAbilitySlot:0,PHiddenAbility:0b,PersistentData:{},Pokerus:{Announced:0b,Type:0s},RelrnMoves:["Splash","Teleport"],Size:189.79521341905757d,SpecFlags:[],StatsAttack:50s,StatsDefense:137s,StatsHP:103s,StatsSpecialAttack:43s,StatsSpecialDefense:139s,StatsSpeed:55s,UUID:[I;-544381260,922239223,-1657801711,-1273304958],Variant:"base",eggCycles:-1,ndex:790,originalTrainer:"Dulmin",originalTrainerUUID:[I;-2036690395,-938456484,-1479550921,1712610171],palette:"none",ribbons2:[]}
	Celebi {Ability:"NaturalCure",CaughtBall:"timer_ball",DoesLevel:1b,DynamaxLevel:0,EVAttack:23s,EVDefense:21s,EVHP:9s,EVSpecialAttack:28s,EVSpecialDefense:6s,EVSpeed:15s,EXP:8378,Friendship:100s,Gender:2b,GigantamaxFactor:0b,Health:243,HeldItemStack:{count:1,id:"pixelmon:lucky_egg"},IVAttack:31b,IVDefense:11b,IVHP:17b,IVSpAtt:15b,IVSpDef:31b,IVSpeed:31b,Level:73,Moveset:[{MoveID:"Heal Bell",MovePP:5b},{MoveID:"Magical Leaf",MovePP:20b},{MoveID:"Ancient Power",MovePP:5b},{MoveID:"Future Sight",MovePP:10b}],NBT_VERSION:2b,Nature:16b,PAbilitySlot:0,PHiddenAbility:0b,PersistentData:{},Pokerus:{Announced:0b,Type:0s},RelrnMoves:["Magical Leaf","Ancient Power","Heal Bell"],Size:80.27506906399852d,SpecFlags:[],StatsAttack:177s,StatsDefense:162s,StatsHP:243s,StatsSpecialAttack:167s,StatsSpecialDefense:156s,StatsSpeed:193s,UUID:[I;414510221,-147894510,-1243886360,-680334375],Variant:"base",eggCycles:-1,ndex:251,originalTrainer:"Dulmin",originalTrainerUUID:[I;-2036690395,-938456484,-1479550921,1712610171],palette:"none",ribbons2:[]}
	Zeraora {Ability:"VoltAbsorb",CaughtBall:"ultra_ball",DoesLevel:1b,DynamaxLevel:0,EVAttack:95s,EVDefense:101s,EVHP:21s,EVSpecialAttack:63s,EVSpecialDefense:24s,EVSpeed:45s,EXP:8661,Friendship:70s,Gender:2b,GigantamaxFactor:0b,Health:195,HeldItemStack:{count:1,id:"pixelmon:lucky_egg"},IVAttack:31b,IVDefense:31b,IVHP:9b,IVSpAtt:31b,IVSpDef:18b,IVSpeed:19b,Level:64,MoveSkillCooldown:[{MoveSkillCooldownCurrent:1762498231567L,MoveSkillCooldownId:"forage",MoveSkillCooldownTarget:1762498256567L}],Moveset:[{MoveID:"Power-Up Punch",MovePP:20b},{MoveID:"False Swipe",MovePP:40b},{MoveID:"Discharge",MovePP:15b},{MoveID:"Volt Switch",MovePP:20b}],NBT_VERSION:2b,Nature:1b,PAbilitySlot:0,PHiddenAbility:0b,PersistentData:{},Pokerus:{Announced:0b,Type:0s},RelrnMoves:["Power-Up Punch","False Swipe","Scratch","Volt Switch","Slash","Hone Claws"],Size:120.59886162978043d,SpecFlags:[],StatsAttack:183s,StatsDefense:137s,StatsHP:195s,StatsSpecialAttack:165s,StatsSpecialDefense:122s,StatsSpeed:207s,UUID:[I;365991058,-1622324458,-1316234411,-396164988],Variant:"base",eggCycles:-1,ndex:807,originalTrainer:"Dulmin",originalTrainerUUID:[I;-2036690395,-938456484,-1479550921,1712610171],palette:"none",ribbons2:[]}
	Lunala {Ability:"ShadowShield",CaughtBall:"sport_ball",DoesLevel:1b,DynamaxLevel:0,EVAttack:175s,EVDefense:107s,EVHP:32s,EVSpecialAttack:115s,EVSpecialDefense:30s,EVSpeed:51s,EXP:20218,Friendship:255s,Gender:2b,GigantamaxFactor:0b,Health:340,HeldItemStack:{count:1,id:"pixelmon:lucky_egg"},IVAttack:2b,IVDefense:9b,IVHP:31b,IVSpAtt:31b,IVSpDef:14b,IVSpeed:31b,Level:80,MoveSkillCooldown:[{MoveSkillCooldownCurrent:1761798911410L,MoveSkillCooldownId:"teleport",MoveSkillCooldownTarget:1761798915410L},{MoveSkillCooldownCurrent:1762701590833L,MoveSkillCooldownId:"open_wormhole",MoveSkillCooldownTarget:1762702490833L},{MoveSkillCooldownCurrent:1761644522110L,MoveSkillCooldownId:"forage",MoveSkillCooldownTarget:1761644547110L}],Moveset:[{MoveID:"Moonblast",MovePP:15b},{MoveID:"Phantom Force",MovePP:10b},{MoveID:"Cosmic Power",MovePP:20b},{MoveID:"Moongeist Beam",MovePP:5b}],NBT_VERSION:2b,Nature:2b,PAbilitySlot:0,PHiddenAbility:0b,PersistentData:{},Pokerus:{Announced:0b,Type:0s},RelrnMoves:["Cosmic Power","Splash","Teleport","Moongeist Beam","Moonblast"],Size:408.9626233022486d,SpecFlags:[],StatsAttack:222s,StatsDefense:176s,StatsHP:340s,StatsSpecialAttack:272s,StatsSpecialDefense:193s,StatsSpeed:195s,UUID:[I;1899233864,386286474,-2089601150,-441269346],Variant:"base",eggCycles:-1,ndex:792,originalTrainer:"Dulmin",originalTrainerUUID:[I;-2036690395,-938456484,-1479550921,1712610171],palette:"none",ribbons2:[]}

Turn #0 has begun
 Terrain: NONE[5 turns remaining]
 Weather: none
 Pokemon: 

Simipour stats changed from [ACCURACY=100, EVASION=100, ATTACK=0, DEFENSE=0, SPECIAL_ATTACK=0, SPECIAL_DEFENSE=0, SPEED=0] to [ACCURACY=100, EVASION=100, ATTACK=3, DEFENSE=3, SPECIAL_ATTACK=3, SPECIAL_DEFENSE=3, SPEED=2] delta: ATTACK=-3, DEFENSE=-3, SPECIAL_ATTACK=-3, SPECIAL_DEFENSE=-3, SPEED=-2
Galvantula stats changed from [ACCURACY=100, EVASION=100, ATTACK=0, DEFENSE=0, SPECIAL_ATTACK=0, SPECIAL_DEFENSE=0, SPEED=0] to [ACCURACY=100, EVASION=100, ATTACK=3, DEFENSE=3, SPECIAL_ATTACK=3, SPECIAL_DEFENSE=3, SPEED=2] delta: ATTACK=-3, DEFENSE=-3, SPECIAL_ATTACK=-3, SPECIAL_DEFENSE=-3, SPEED=-2
Passimian stats changed from [ACCURACY=100, EVASION=100, ATTACK=0, DEFENSE=0, SPECIAL_ATTACK=0, SPECIAL_DEFENSE=0, SPEED=0] to [ACCURACY=100, EVASION=100, ATTACK=2, DEFENSE=3, SPECIAL_ATTACK=4, SPECIAL_DEFENSE=3, SPEED=3] delta: ATTACK=-2, DEFENSE=-3, SPECIAL_ATTACK=-4, SPECIAL_DEFENSE=-3, SPEED=-3
Primeape stats changed from [ACCURACY=100, EVASION=100, ATTACK=0, DEFENSE=0, SPECIAL_ATTACK=0, SPECIAL_DEFENSE=0, SPEED=0] to [ACCURACY=100, EVASION=100, ATTACK=2, DEFENSE=3, SPECIAL_ATTACK=3, SPECIAL_DEFENSE=3, SPEED=3] delta: ATTACK=-2, DEFENSE=-3, SPECIAL_ATTACK=-3, SPECIAL_DEFENSE=-3, SPEED=-3
Trumbeak stats changed from [ACCURACY=100, EVASION=100, ATTACK=0, DEFENSE=0, SPECIAL_ATTACK=0, SPECIAL_DEFENSE=0, SPEED=0] to [ACCURACY=100, EVASION=100, ATTACK=3, DEFENSE=4, SPECIAL_ATTACK=4, SPECIAL_DEFENSE=4, SPEED=3] delta: ATTACK=-3, DEFENSE=-4, SPECIAL_ATTACK=-4, SPECIAL_DEFENSE=-4, SPEED=-3
Arceus stats changed from [ACCURACY=100, EVASION=100, ATTACK=0, DEFENSE=0, SPECIAL_ATTACK=0, SPECIAL_DEFENSE=0, SPEED=0] to [ACCURACY=100, EVASION=100, ATTACK=2, DEFENSE=2, SPECIAL_ATTACK=2, SPECIAL_DEFENSE=2, SPEED=2] delta: ATTACK=-2, DEFENSE=-2, SPECIAL_ATTACK=-2, SPECIAL_DEFENSE=-2, SPEED=-2
Meowscarada stats changed from [ACCURACY=100, EVASION=100, ATTACK=0, DEFENSE=0, SPECIAL_ATTACK=0, SPECIAL_DEFENSE=0, SPEED=0] to [ACCURACY=100, EVASION=100, ATTACK=2, DEFENSE=3, SPECIAL_ATTACK=3, SPECIAL_DEFENSE=3, SPEED=2] delta: ATTACK=-2, DEFENSE=-3, SPECIAL_ATTACK=-3, SPECIAL_DEFENSE=-3, SPEED=-2
Cosmoem stats changed from [ACCURACY=100, EVASION=100, ATTACK=0, DEFENSE=0, SPECIAL_ATTACK=0, SPECIAL_DEFENSE=0, SPEED=0] to [ACCURACY=100, EVASION=100, ATTACK=4, DEFENSE=2, SPECIAL_ATTACK=4, SPECIAL_DEFENSE=2, SPEED=4] delta: ATTACK=-4, DEFENSE=-2, SPECIAL_ATTACK=-4, SPECIAL_DEFENSE=-2, SPEED=-4
Celebi stats changed from [ACCURACY=100, EVASION=100, ATTACK=0, DEFENSE=0, SPECIAL_ATTACK=0, SPECIAL_DEFENSE=0, SPEED=0] to [ACCURACY=100, EVASION=100, ATTACK=3, DEFENSE=3, SPECIAL_ATTACK=3, SPECIAL_DEFENSE=3, SPEED=3] delta: ATTACK=-3, DEFENSE=-3, SPECIAL_ATTACK=-3, SPECIAL_DEFENSE=-3, SPEED=-3
Zeraora stats changed from [ACCURACY=100, EVASION=100, ATTACK=0, DEFENSE=0, SPECIAL_ATTACK=0, SPECIAL_DEFENSE=0, SPEED=0] to [ACCURACY=100, EVASION=100, ATTACK=2, DEFENSE=3, SPECIAL_ATTACK=2, SPECIAL_DEFENSE=3, SPEED=2] delta: ATTACK=-2, DEFENSE=-3, SPECIAL_ATTACK=-2, SPECIAL_DEFENSE=-3, SPEED=-2
Lunala stats changed from [ACCURACY=100, EVASION=100, ATTACK=0, DEFENSE=0, SPECIAL_ATTACK=0, SPECIAL_DEFENSE=0, SPEED=0] to [ACCURACY=100, EVASION=100, ATTACK=2, DEFENSE=3, SPECIAL_ATTACK=2, SPECIAL_DEFENSE=2, SPEED=3] delta: ATTACK=-2, DEFENSE=-3, SPECIAL_ATTACK=-2, SPECIAL_DEFENSE=-2, SPEED=-3
Battle Message: literal{Simipour} summoned some nearby allies to assist them
Simipour stats changed from [ACCURACY=100, EVASION=100, ATTACK=3, DEFENSE=3, SPECIAL_ATTACK=3, SPECIAL_DEFENSE=3, SPEED=2] to [ACCURACY=100, EVASION=100, ATTACK=333, DEFENSE=235, SPECIAL_ATTACK=328, SPECIAL_DEFENSE=235, SPEED=331] delta: ATTACK=-330, DEFENSE=-232, SPECIAL_ATTACK=-325, SPECIAL_DEFENSE=-232, SPEED=-329
Galvantula stats changed from [ACCURACY=100, EVASION=100, ATTACK=3, DEFENSE=3, SPECIAL_ATTACK=3, SPECIAL_DEFENSE=3, SPEED=2] to [ACCURACY=100, EVASION=100, ATTACK=95, DEFENSE=79, SPECIAL_ATTACK=116, SPECIAL_DEFENSE=84, SPEED=102] delta: ATTACK=-92, DEFENSE=-76, SPECIAL_ATTACK=-113, SPECIAL_DEFENSE=-81, SPEED=-100
Passimian stats changed from [ACCURACY=100, EVASION=100, ATTACK=2, DEFENSE=3, SPECIAL_ATTACK=4, SPECIAL_DEFENSE=3, SPEED=3] to [ACCURACY=100, EVASION=100, ATTACK=102, DEFENSE=86, SPECIAL_ATTACK=44, SPECIAL_DEFENSE=64, SPEED=86] delta: ATTACK=-100, DEFENSE=-83, SPECIAL_ATTACK=-40, SPECIAL_DEFENSE=-61, SPEED=-83
Primeape stats changed from [ACCURACY=100, EVASION=100, ATTACK=2, DEFENSE=3, SPECIAL_ATTACK=3, SPECIAL_DEFENSE=3, SPEED=3] to [ACCURACY=100, EVASION=100, ATTACK=117, DEFENSE=67, SPECIAL_ATTACK=86, SPECIAL_DEFENSE=78, SPEED=104] delta: ATTACK=-115, DEFENSE=-64, SPECIAL_ATTACK=-83, SPECIAL_DEFENSE=-75, SPEED=-101
Trumbeak stats changed from [ACCURACY=100, EVASION=100, ATTACK=3, DEFENSE=4, SPECIAL_ATTACK=4, SPECIAL_DEFENSE=4, SPEED=3] to [ACCURACY=100, EVASION=100, ATTACK=58, DEFENSE=37, SPECIAL_ATTACK=29, SPECIAL_DEFENSE=34, SPEED=48] delta: ATTACK=-55, DEFENSE=-33, SPECIAL_ATTACK=-25, SPECIAL_DEFENSE=-30, SPEED=-45
Arceus stats changed from [ACCURACY=100, EVASION=100, ATTACK=2, DEFENSE=2, SPECIAL_ATTACK=2, SPECIAL_DEFENSE=2, SPEED=2] to [ACCURACY=100, EVASION=100, ATTACK=314, DEFENSE=319, SPECIAL_ATTACK=295, SPECIAL_DEFENSE=280, SPEED=290] delta: ATTACK=-312, DEFENSE=-317, SPECIAL_ATTACK=-293, SPECIAL_DEFENSE=-278, SPEED=-288
translation{key='pixelmon.simipour', args=[]} weighted their choices as follows:  Fury Swipes, Tier 2, Weight 17.783504;  Leer, Tier 0, Weight 0.0;  Lick, Tier 0, Weight 0.0;  Scald, Tier 2, Weight 39.69072;  
translation{key='pixelmon.simipour', args=[]} decided their best choices were:  Scald, Tier 2, Weight 39.69072;  
Simipour selected attack Scald for Simipour targeting Arceus and opted to mega evolve
translation{key='pixelmon.galvantula', args=[]} weighted their choices as follows:  Fury Cutter, Tier 2, Weight 2.5773196;  Sticky Web, Tier 0, Weight 0.0;  Agility, Tier 0, Weight 0.0;  Discharge, Tier 2, Weight -206.50029;  
translation{key='pixelmon.galvantula', args=[]} decided their best choices were:  Fury Cutter, Tier 2, Weight 2.5773196;  
Galvantula selected attack Fury Cutter for Galvantula targeting Arceus and opted to mega evolve
translation{key='pixelmon.passimian', args=[]} weighted their choices as follows:  Focus Energy, Tier 0, Weight 0.0;  Fling, Tier 0, Weight 0.0;  Bulk Up, Tier 0, Weight 0.0;  Thrash, Tier 2, Weight 4.123711;  
translation{key='pixelmon.passimian', args=[]} decided their best choices were:  Thrash, Tier 2, Weight 4.123711;  
Passimian selected attack Thrash for Passimian targeting Arceus and opted to mega evolve
translation{key='pixelmon.primeape', args=[]} weighted their choices as follows:  Fling, Tier 0, Weight 0.0;  Low Kick, Tier 2, Weight 16.237112;  Seismic Toss, Tier 2, Weight 12.886598;  Assurance, Tier 2, Weight 5.412371;  
translation{key='pixelmon.primeape', args=[]} decided their best choices were:  Low Kick, Tier 2, Weight 16.237112;  
Primeape selected attack Low Kick for Primeape targeting Arceus and opted to mega evolve
translation{key='pixelmon.trumbeak', args=[]} weighted their choices as follows:  Growl, Tier 0, Weight 0.0;  Rock Blast, Tier 2, Weight 2.3195875;  Pluck, Tier 2, Weight 1.8041236;  Screech, Tier 0, Weight 0.0;  
translation{key='pixelmon.trumbeak', args=[]} decided their best choices were:  Rock Blast, Tier 2, Weight 2.3195875;  Pluck, Tier 2, Weight 1.8041236;  
Trumbeak selected attack Pluck for Trumbeak targeting Arceus and opted to mega evolve
Battle Message: Arceus couldn't escape!
Dulmin fled the battle
Battle Message: Simipour used Scald!
Arceus was damaged by Simipour type ATTACK for 142 before: 388 after: 246
Arceus was given status com.pixelmonmod.pixelmon.battles.status.Burn@4b1a646c
Simipour used Scald against Arceus with results MoveResults{damage=142, fullDamage=142, power=[], accuracy=0, priority=0.0, result=hit, weightMod=0.0}
Battle Message: Primeape used Low Kick!
Battle Message: It's super effective!
Arceus was damaged by Primeape type ATTACK for 53 before: 246 after: 193
Primeape used Low Kick against Arceus with results MoveResults{damage=53, fullDamage=53, power=[], accuracy=0, priority=0.0, result=hit, weightMod=0.0}
Battle Message: Galvantula used Fury Cutter!
Galvantula was given status com.pixelmonmod.pixelmon.battles.status.FuryCutterStatus@325e883d
Arceus was damaged by Galvantula type ATTACK for 8 before: 193 after: 185
Galvantula used Fury Cutter against Arceus with results MoveResults{damage=8, fullDamage=8, power=[], accuracy=0, priority=0.0, result=hit, weightMod=0.0}
Battle Message: Passimian used Thrash!

BATTLE ENDED
Caught error in battle. Continuing...
Cannot invoke "com.pixelmonmod.pixelmon.battles.controller.participants.PixelmonWrapper.getOnBattleField()" because "pw" is null
TRANSFORMER/pixelmon@9.3.9/com.pixelmonmod.pixelmon.battles.controller.participants.PixelmonWrapper.manageTargetingSwitchedOutPokemon(PixelmonWrapper.java:1283)
TRANSFORMER/pixelmon@9.3.9/com.pixelmonmod.pixelmon.battles.controller.participants.PixelmonWrapper.useAttack(PixelmonWrapper.java:1135)
TRANSFORMER/pixelmon@9.3.9/com.pixelmonmod.pixelmon.battles.controller.participants.PixelmonWrapper.useAttack(PixelmonWrapper.java:1075)
TRANSFORMER/pixelmon@9.3.9/com.pixelmonmod.pixelmon.battles.controller.participants.PixelmonWrapper.takeTurn(PixelmonWrapper.java:2035)
TRANSFORMER/pixelmon@9.3.9/com.pixelmonmod.pixelmon.battles.controller.BattleController.takeTurn(BattleController.java:1478)
TRANSFORMER/pixelmon@9.3.9/com.pixelmonmod.pixelmon.battles.controller.BattleController.doTurnLogic(BattleController.java:626)
TRANSFORMER/pixelmon@9.3.9/com.pixelmonmod.pixelmon.battles.controller.BattleController.update(BattleController.java:525)
TRANSFORMER/pixelmon@9.3.9/com.pixelmonmod.pixelmon.battles.BattleRegistry.updateBattles(BattleRegistry.java:202)
TRANSFORMER/pixelmon@9.3.9/com.pixelmonmod.pixelmon.battles.BattleTickHandler.tickStart(BattleTickHandler.java:10)
MC-BOOTSTRAP/net.neoforged.bus/net.neoforged.bus.EventBus.post(EventBus.java:360)
MC-BOOTSTRAP/net.neoforged.bus/net.neoforged.bus.EventBus.post(EventBus.java:328)
TRANSFORMER/neoforge@21.1.209/net.neoforged.neoforge.event.EventHooks.fireServerTickPost(EventHooks.java:1020)
TRANSFORMER/minecraft@1.21.1/net.minecraft.server.MinecraftServer.tickServer(MinecraftServer.java:943)
TRANSFORMER/minecraft@1.21.1/net.minecraft.server.MinecraftServer.runServer(MinecraftServer.java:707)
TRANSFORMER/minecraft@1.21.1/net.minecraft.server.MinecraftServer.lambda$spin$2(MinecraftServer.java:267)
java.base/java.lang.Thread.run(Unknown Source)
