Pixelmon Version 9.3.9
Battle data 2025-11-13T15:14:48.961437343Z

Team #0 WildPixelmonParticipant Sudowoodo pixelmon:ultra_space (3363.8500661436406, 50.0, -4772.350458861397) 
	Sudowoodo {Ability:"Sturdy",CaughtBall:"poke_ball",DoesLevel:1b,DynamaxLevel:0,EVAttack:0s,EVDefense:0s,EVHP:0s,EVSpecialAttack:0s,EVSpecialDefense:0s,EVSpeed:0s,EXP:0,Friendship:0s,Gender:0b,GigantamaxFactor:0b,Health:114,IVAttack:11b,IVDefense:21b,IVHP:21b,IVSpAtt:31b,IVSpDef:13b,IVSpeed:25b,Level:40,Moveset:[{MoveID:"Copycat",MovePP:20b},{MoveID:"Rock Throw",MovePP:15b},{MoveID:"Counter",MovePP:20b},{MoveID:"Head Smash",MovePP:5b}],NBT_VERSION:2b,Nature:17b,PAbilitySlot:0,PHiddenAbility:0b,PersistentData:{},Pokerus:{Announced:0b,Type:0s},RelrnMoves:["Counter","Rock Throw","Copycat"],Size:124.03913024301704d,SpecFlags:[],StatsAttack:80s,StatsDefense:105s,StatsHP:114s,StatsSpecialAttack:45s,StatsSpecialDefense:62s,StatsSpeed:39s,UUID:[I;1201023139,1872318091,-1181523414,722128113],Variant:"base",eggCycles:-1,ndex:185,palette:"none",ribbons2:[]}
Team #0 WildPixelmonParticipant Pikachu pixelmon:ultra_space (3361.5, 51.0, -4775.5) 
	Pikachu {Ability:"Static",CaughtBall:"poke_ball",DoesLevel:1b,DynamaxLevel:0,EVAttack:0s,EVDefense:0s,EVHP:0s,EVSpecialAttack:0s,EVSpecialDefense:0s,EVSpeed:0s,EXP:0,Friendship:0s,Gender:1b,GigantamaxFactor:0b,Health:78,IVAttack:31b,IVDefense:24b,IVHP:26b,IVSpAtt:19b,IVSpDef:3b,IVSpeed:15b,Level:35,Moveset:[{MoveID:"Nuzzle",MovePP:20b},{MoveID:"Quick Attack",MovePP:30b},{MoveID:"Spark",MovePP:20b},{MoveID:"Thunderbolt",MovePP:15b}],NBT_VERSION:2b,Nature:1b,PAbilitySlot:0,PHiddenAbility:0b,PersistentData:{},Pokerus:{Announced:0b,Type:0s},RelrnMoves:["Quick Attack","Nuzzle","Spark"],Size:51.762700855841395d,SpecFlags:[],StatsAttack:54s,StatsDefense:41s,StatsHP:78s,StatsSpecialAttack:46s,StatsSpecialDefense:41s,StatsSpeed:73s,UUID:[I;1108156404,-629390174,-1378738914,1796293985],Variant:"base",eggCycles:-1,ndex:25,palette:"none",ribbons2:[]}
Team #0 WildPixelmonParticipant Swablu pixelmon:ultra_space (3362.5, 50.12319988250724, -4775.5) 
	Swablu {Ability:"NaturalCure",CaughtBall:"poke_ball",DoesLevel:1b,DynamaxLevel:0,EVAttack:0s,EVDefense:0s,EVHP:0s,EVSpecialAttack:0s,EVSpecialDefense:0s,EVSpeed:0s,EXP:0,Friendship:0s,Gender:0b,GigantamaxFactor:0b,Health:76,IVAttack:5b,IVDefense:23b,IVHP:6b,IVSpAtt:10b,IVSpDef:1b,IVSpeed:5b,Level:34,Moveset:[{MoveID:"Peck",MovePP:35b},{MoveID:"Mist",MovePP:30b},{MoveID:"Fury Attack",MovePP:20b},{MoveID:"Dragon Breath",MovePP:20b}],NBT_VERSION:2b,Nature:8b,PAbilitySlot:0,PHiddenAbility:0b,PersistentData:{},Pokerus:{Announced:0b,Type:0s},RelrnMoves:["Peck","Mist","Fury Attack"],Size:73.7454159938444d,SpecFlags:[],StatsAttack:36s,StatsDefense:53s,StatsHP:76s,StatsSpecialAttack:35s,StatsSpecialDefense:50s,StatsSpeed:40s,UUID:[I;2145334739,-1197193195,-1299015663,-1052846333],Variant:"base",eggCycles:-1,ndex:333,palette:"none",ribbons2:[]}
Team #0 WildPixelmonParticipant Mightyena pixelmon:ultra_space (3365.5, 49.0, -4776.5) 
	Mightyena {Ability:"QuickFeet",CaughtBall:"poke_ball",DoesLevel:1b,DynamaxLevel:0,EVAttack:0s,EVDefense:0s,EVHP:0s,EVSpecialAttack:0s,EVSpecialDefense:0s,EVSpeed:0s,EXP:0,Friendship:0s,Gender:1b,GigantamaxFactor:0b,Health:138,IVAttack:0b,IVDefense:0b,IVHP:28b,IVSpAtt:1b,IVSpDef:26b,IVSpeed:14b,Level:48,Moveset:[{MoveID:"Thunder Fang",MovePP:15b},{MoveID:"Swagger",MovePP:15b},{MoveID:"Take Down",MovePP:20b},{MoveID:"Play Rough",MovePP:10b}],NBT_VERSION:2b,Nature:0b,PAbilitySlot:1,PHiddenAbility:0b,PersistentData:{},Pokerus:{Announced:0b,Type:0s},RelrnMoves:["Thunder Fang","Take Down","Swagger"],Size:81.41782452237756d,SpecFlags:[],StatsAttack:91s,StatsDefense:72s,StatsHP:138s,StatsSpecialAttack:63s,StatsSpecialDefense:75s,StatsSpeed:78s,UUID:[I;1926681904,1374308256,-1468346591,927097459],Variant:"base",eggCycles:-1,ndex:262,palette:"none",ribbons2:[]}
Team #0 WildPixelmonParticipant Vileplume pixelmon:ultra_space (3364.9829221466334, 50.0, -4772.345345594801) 
	Vileplume {Ability:"Chlorophyll",CaughtBall:"poke_ball",DoesLevel:1b,DynamaxLevel:0,EVAttack:0s,EVDefense:0s,EVHP:0s,EVSpecialAttack:0s,EVSpecialDefense:0s,EVSpeed:0s,EXP:0,Friendship:0s,Gender:0b,GigantamaxFactor:0b,Health:136,IVAttack:22b,IVDefense:16b,IVHP:3b,IVSpAtt:24b,IVSpDef:2b,IVSpeed:31b,Level:50,Moveset:[{MoveID:"Mega Drain",MovePP:15b},{MoveID:"Petal Dance",MovePP:10b},{MoveID:"Sleep Powder",MovePP:15b},{MoveID:"Sweet Scent",MovePP:20b}],NBT_VERSION:2b,Nature:3b,PAbilitySlot:0,PHiddenAbility:0b,PersistentData:{},Pokerus:{Announced:0b,Type:0s},RelrnMoves:["Mega Drain","Petal Dance","Sleep Powder"],Size:103.0147468559252d,SpecFlags:[],StatsAttack:96s,StatsDefense:98s,StatsHP:136s,StatsSpecialAttack:127s,StatsSpecialDefense:96s,StatsSpeed:70s,UUID:[I;-151667303,-1942207141,-2044079377,2084697650],Variant:"base",eggCycles:-1,ndex:45,palette:"none",ribbons2:[]}
Team #1 PlayerParticipant ___________12345 pixelmon:ultra_space (3338.1393464158537, 54.337722063064575, -4763.078458340302) 
	Primarina {Ability:"LiquidVoice",CaughtBall:"poke_ball",DoesLevel:1b,DynamaxLevel:1,EVAttack:166s,EVDefense:143s,EVHP:26s,EVSpecialAttack:65s,EVSpecialDefense:18s,EVSpeed:92s,EXP:504,Friendship:72s,Gender:0b,GigantamaxFactor:0b,Health:276,HeldItemStack:{count:1,id:"pixelmon:waterium_z"},IVAttack:8b,IVDefense:18b,IVHP:0b,IVSpAtt:6b,IVSpDef:1b,IVSpeed:21b,Level:100,MoveSkillCooldown:[{MoveSkillCooldownCurrent:1762268678098L,MoveSkillCooldownId:"forage",MoveSkillCooldownTarget:1762268703098L}],Moveset:[{MoveID:"Moonblast",MovePP:15b},{MoveID:"Ice Beam",MovePP:10b},{MoveID:"Sparkling Aria",MovePP:10b},{MoveID:"Hydro Pump",MovePP:5b}],NBT_VERSION:2b,Nature:24b,PAbilitySlot:0,PHiddenAbility:1b,PersistentData:{},Pokerus:{Announced:1b,Type:0s},RelrnMoves:["Water Gun","Disarming Voice","Growl","Bubble Beam","Icy Wind","Moonblast","Aqua Jet","Pound","Sparkling Aria","Hydro Pump","Misty Terrain","Hyper Voice"],Size:120.20768368133427d,SpecFlags:[],StatsAttack:202s,StatsDefense:206s,StatsHP:276s,StatsSpecialAttack:251s,StatsSpecialDefense:266s,StatsSpeed:169s,UUID:[I;-1172205738,2048607509,-1879822083,-1553849705],Variant:"base",eggCycles:-1,ndex:730,originalTrainer:"___________12345",originalTrainerUUID:[I;-1755248099,-1258862460,-2021475255,1498965264],palette:"none",ribbon_display2:{received:1761568021723L,receiver:'""',type:"destiny"},ribbons2:[{received:1761568021723L,receiver:'""',type:"destiny"}]}
	Lunala {Ability:"ShadowShield",CaughtBall:"poke_ball",DoesLevel:1b,DynamaxLevel:0,EVAttack:186s,EVDefense:153s,EVHP:37s,EVSpecialAttack:72s,EVSpecialDefense:15s,EVSpeed:47s,EXP:0,Friendship:255s,Gender:2b,GigantamaxFactor:0b,Health:424,HeldItemStack:{count:1,id:"pixelmon:quick_claw"},IVAttack:31b,IVDefense:31b,IVHP:31b,IVSpAtt:27b,IVSpDef:12b,IVSpeed:6b,Level:100,MoveSkillCooldown:[{MoveSkillCooldownCurrent:1762885582654L,MoveSkillCooldownId:"teleport",MoveSkillCooldownTarget:1762885585404L},{MoveSkillCooldownCurrent:1763044644985L,MoveSkillCooldownId:"open_wormhole",MoveSkillCooldownTarget:1763045544985L},{MoveSkillCooldownCurrent:1762327790070L,MoveSkillCooldownId:"forage",MoveSkillCooldownTarget:1762327815070L}],Moveset:[{MoveID:"Shadow Ball",MovePP:15b},{MoveID:"Teleport",MovePP:20b},{MoveID:"Phantom Force",MovePP:10b},{MoveID:"Moongeist Beam",MovePP:5b}],NBT_VERSION:2b,Nature:24b,PAbilitySlot:0,PHiddenAbility:0b,PersistentData:{},Pokerus:{Announced:1b,Type:0s},RelrnMoves:["Cosmic Power","Splash","Shadow Ball","Teleport","Moongeist Beam"],Size:405.9875038263135d,SpecFlags:[],StatsAttack:308s,StatsDefense:252s,StatsHP:424s,StatsSpecialAttack:291s,StatsSpecialDefense:257s,StatsSpeed:216s,UUID:[I;-708358819,-229422748,-1359255917,-1287760405],Variant:"base",eggCycles:-1,ndex:792,originalTrainer:"___________12345",originalTrainerUUID:[I;-1755248099,-1258862460,-2021475255,1498965264],palette:"none",ribbons2:[]}
	Hoopa {Ability:"Magician",CaughtBall:"master_ball",DoesLevel:1b,DynamaxLevel:10,EVAttack:25s,EVDefense:11s,EVHP:7s,EVSpecialAttack:9s,EVSpecialDefense:1s,EVSpeed:29s,EXP:5900,Friendship:0s,Gender:2b,GigantamaxFactor:0b,Health:203,HeldItemStack:{count:1,id:"pixelmon:lucky_egg"},IVAttack:31b,IVDefense:31b,IVHP:31b,IVSpAtt:31b,IVSpDef:31b,IVSpeed:25b,Level:66,Moveset:[{MoveID:"Ally Switch",MovePP:15b},{MoveID:"Light Screen",MovePP:30b},{MoveID:"Trick Room",MovePP:5b},{MoveID:"Wonder Room",MovePP:10b}],NBT_VERSION:2b,Nature:5b,PAbilitySlot:0,PHiddenAbility:0b,PersistentData:{},Pokerus:{Announced:0b,Type:0s},RelrnMoves:["Destiny Bond","Light Screen","Zen Headbutt","Guard Split","Ally Switch","Trick Room"],Size:114.05578580723133d,SpecFlags:[],StatsAttack:191s,StatsDefense:95s,StatsHP:203s,StatsSpecialAttack:224s,StatsSpecialDefense:197s,StatsSpeed:118s,UUID:[I;1509997942,-356170720,-1237332650,1451805124],Variant:"confined",eggCycles:-1,ndex:720,originalTrainer:"___________12345",originalTrainerUUID:[I;-1755248099,-1258862460,-2021475255,1498965264],palette:"none",ribbons2:[]}
	Magearna {Ability:"SoulHeart",CaughtBall:"master_ball",DoesLevel:1b,DynamaxLevel:0,EVAttack:133s,EVDefense:72s,EVHP:54s,EVSpecialAttack:93s,EVSpecialDefense:45s,EVSpeed:113s,EXP:242,Friendship:70s,Gender:2b,GigantamaxFactor:0b,Health:244,HeldItemStack:{count:1,id:"pixelmon:lucky_egg"},IVAttack:9b,IVDefense:14b,IVHP:31b,IVSpAtt:15b,IVSpDef:31b,IVSpeed:31b,Level:77,Moveset:[{MoveID:"Thunder Wave",MovePP:20b},{MoveID:"Crafty Shield",MovePP:10b},{MoveID:"Iron Head",MovePP:15b},{MoveID:"Aurora Beam",MovePP:20b}],NBT_VERSION:2b,Nature:24b,PAbilitySlot:0,PHiddenAbility:0b,PersistentData:{},Pokerus:{Announced:1b,Type:0s},RelrnMoves:["Gear Up","Aurora Beam","Crafty Shield","Aura Sphere","Gyro Ball","Iron Defense","Iron Head"],Size:174.69188523014634d,SpecFlags:[],StatsAttack:183s,StatsDefense:206s,StatsHP:244s,StatsSpecialAttack:210s,StatsSpecialDefense:235s,StatsSpeed:150s,UUID:[I;-1275608947,1845641262,-1336595985,-1662497522],Variant:"base",eggCycles:-1,ndex:801,originalTrainer:"godksrk",originalTrainerUUID:[I;-1534560904,-1643165059,-1785036217,-2046744326],palette:"none",ribbons2:[]}
	Garganacl {Ability:"Sturdy",CaughtBall:"poke_ball",DoesLevel:1b,DynamaxLevel:0,EVAttack:186s,EVDefense:132s,EVHP:25s,EVSpecialAttack:82s,EVSpecialDefense:14s,EVSpeed:71s,EXP:20447,Friendship:116s,Gender:1b,GigantamaxFactor:0b,Health:295,HeldItemStack:{count:1,id:"pixelmon:grip_claw"},IVAttack:29b,IVDefense:30b,IVHP:11b,IVSpAtt:9b,IVSpDef:0b,IVSpeed:21b,Level:90,MoveSkillCooldown:[{MoveSkillCooldownCurrent:1762268669243L,MoveSkillCooldownId:"forage",MoveSkillCooldownTarget:1762268694243L}],Moveset:[{MoveID:"Earthquake",MovePP:10b},{MoveID:"Power Gem",MovePP:20b},{MoveID:"Hammer Arm",MovePP:10b},{MoveID:"Salt Cure",MovePP:15b}],NBT_VERSION:2b,Nature:19b,PAbilitySlot:1,PHiddenAbility:0b,PersistentData:{},Pokerus:{Announced:1b,Type:0s},RelrnMoves:["Heavy Slam","Rock Throw","Stone Edge","Rock Polish","Headbutt","Hammer Arm","Power Gem","Smack Down","Earthquake","Rock Slide","Salt Cure","Iron Defense","Recover","Harden"],Size:163.60431217324987d,SpecFlags:[],StatsAttack:252s,StatsDefense:295s,StatsHP:295s,StatsSpecialAttack:123s,StatsSpecialDefense:170s,StatsSpeed:91s,UUID:[I;1713029720,1545488389,-1483056504,-113463254],Variant:"base",eggCycles:-1,ndex:934,originalTrainer:"godksrk",originalTrainerUUID:[I;-1534560904,-1643165059,-1785036217,-2046744326],palette:"none",ribbons2:[]}
	Aron {Ability:"Sturdy",CaughtBall:"poke_ball",DoesLevel:0b,DynamaxLevel:0,EVAttack:128s,EVDefense:76s,EVHP:94s,EVSpecialAttack:81s,EVSpecialDefense:41s,EVSpeed:90s,EXP:0,Friendship:40s,Gender:0b,GigantamaxFactor:0b,Health:12,HeldItemStack:{count:1,id:"pixelmon:focus_sash"},IVAttack:30b,IVDefense:21b,IVHP:19b,IVSpAtt:27b,IVSpDef:20b,IVSpeed:11b,Level:1,Moveset:[{MoveID:"Endeavor",MovePP:5b},{MoveID:"Ancient Power",MovePP:5b},{MoveID:"Harden",MovePP:30b},{MoveID:"Tackle",MovePP:35b}],NBT_VERSION:2b,Nature:1b,PAbilitySlot:0,PHiddenAbility:0b,PersistentData:{},Pokerus:{Announced:1b,Type:0s},RelrnMoves:["Endeavor","Tackle","Ancient Power","Harden"],Size:66.24530750780022d,SpecFlags:[],StatsAttack:7s,StatsDefense:7s,StatsHP:12s,StatsSpecialAttack:6s,StatsSpecialDefense:6s,StatsSpeed:5s,UUID:[I;1059472463,-1483980450,-1364759468,-615544923],Variant:"base",eggCycles:-1,ndex:304,originalTrainer:"lame1202",originalTrainerUUID:[I;-812478946,543770915,-1079866976,-1753718133],palette:"none",ribbons2:[]}

Turn #0 has begun
 Terrain: NONE[5 turns remaining]
 Weather: none
 Pokemon: 

Sudowoodo stats changed from [ACCURACY=100, EVASION=100, ATTACK=0, DEFENSE=0, SPECIAL_ATTACK=0, SPECIAL_DEFENSE=0, SPEED=0] to [ACCURACY=100, EVASION=100, ATTACK=3, DEFENSE=2, SPECIAL_ATTACK=4, SPECIAL_DEFENSE=3, SPEED=4] delta: ATTACK=-3, DEFENSE=-2, SPECIAL_ATTACK=-4, SPECIAL_DEFENSE=-3, SPEED=-4
Pikachu stats changed from [ACCURACY=100, EVASION=100, ATTACK=0, DEFENSE=0, SPECIAL_ATTACK=0, SPECIAL_DEFENSE=0, SPEED=0] to [ACCURACY=100, EVASION=100, ATTACK=3, DEFENSE=4, SPECIAL_ATTACK=4, SPECIAL_DEFENSE=4, SPEED=3] delta: ATTACK=-3, DEFENSE=-4, SPECIAL_ATTACK=-4, SPECIAL_DEFENSE=-4, SPEED=-3
Swablu stats changed from [ACCURACY=100, EVASION=100, ATTACK=0, DEFENSE=0, SPECIAL_ATTACK=0, SPECIAL_DEFENSE=0, SPEED=0] to [ACCURACY=100, EVASION=100, ATTACK=4, DEFENSE=3, SPECIAL_ATTACK=4, SPECIAL_DEFENSE=3, SPEED=4] delta: ATTACK=-4, DEFENSE=-3, SPECIAL_ATTACK=-4, SPECIAL_DEFENSE=-3, SPEED=-4
Mightyena stats changed from [ACCURACY=100, EVASION=100, ATTACK=0, DEFENSE=0, SPECIAL_ATTACK=0, SPECIAL_DEFENSE=0, SPEED=0] to [ACCURACY=100, EVASION=100, ATTACK=3, DEFENSE=3, SPECIAL_ATTACK=3, SPECIAL_DEFENSE=3, SPEED=3] delta: ATTACK=-3, DEFENSE=-3, SPECIAL_ATTACK=-3, SPECIAL_DEFENSE=-3, SPEED=-3
Vileplume stats changed from [ACCURACY=100, EVASION=100, ATTACK=0, DEFENSE=0, SPECIAL_ATTACK=0, SPECIAL_DEFENSE=0, SPEED=0] to [ACCURACY=100, EVASION=100, ATTACK=3, DEFENSE=3, SPECIAL_ATTACK=2, SPECIAL_DEFENSE=3, SPEED=4] delta: ATTACK=-3, DEFENSE=-3, SPECIAL_ATTACK=-2, SPECIAL_DEFENSE=-3, SPEED=-4
Primarina stats changed from [ACCURACY=100, EVASION=100, ATTACK=0, DEFENSE=0, SPECIAL_ATTACK=0, SPECIAL_DEFENSE=0, SPEED=0] to [ACCURACY=100, EVASION=100, ATTACK=3, DEFENSE=3, SPECIAL_ATTACK=2, SPECIAL_DEFENSE=2, SPEED=3] delta: ATTACK=-3, DEFENSE=-3, SPECIAL_ATTACK=-2, SPECIAL_DEFENSE=-2, SPEED=-3
Lunala stats changed from [ACCURACY=100, EVASION=100, ATTACK=0, DEFENSE=0, SPECIAL_ATTACK=0, SPECIAL_DEFENSE=0, SPEED=0] to [ACCURACY=100, EVASION=100, ATTACK=2, DEFENSE=3, SPECIAL_ATTACK=2, SPECIAL_DEFENSE=2, SPEED=3] delta: ATTACK=-2, DEFENSE=-3, SPECIAL_ATTACK=-2, SPECIAL_DEFENSE=-2, SPEED=-3
Hoopa stats changed from [ACCURACY=100, EVASION=100, ATTACK=0, DEFENSE=0, SPECIAL_ATTACK=0, SPECIAL_DEFENSE=0, SPEED=0] to [ACCURACY=100, EVASION=100, ATTACK=2, DEFENSE=3, SPECIAL_ATTACK=2, SPECIAL_DEFENSE=2, SPEED=3] delta: ATTACK=-2, DEFENSE=-3, SPECIAL_ATTACK=-2, SPECIAL_DEFENSE=-2, SPEED=-3
Magearna stats changed from [ACCURACY=100, EVASION=100, ATTACK=0, DEFENSE=0, SPECIAL_ATTACK=0, SPECIAL_DEFENSE=0, SPEED=0] to [ACCURACY=100, EVASION=100, ATTACK=3, DEFENSE=2, SPECIAL_ATTACK=2, SPECIAL_DEFENSE=2, SPEED=3] delta: ATTACK=-3, DEFENSE=-2, SPECIAL_ATTACK=-2, SPECIAL_DEFENSE=-2, SPEED=-3
Garganacl stats changed from [ACCURACY=100, EVASION=100, ATTACK=0, DEFENSE=0, SPECIAL_ATTACK=0, SPECIAL_DEFENSE=0, SPEED=0] to [ACCURACY=100, EVASION=100, ATTACK=3, DEFENSE=2, SPECIAL_ATTACK=4, SPECIAL_DEFENSE=3, SPEED=4] delta: ATTACK=-3, DEFENSE=-2, SPECIAL_ATTACK=-4, SPECIAL_DEFENSE=-3, SPEED=-4
Aron stats changed from [ACCURACY=100, EVASION=100, ATTACK=0, DEFENSE=0, SPECIAL_ATTACK=0, SPECIAL_DEFENSE=0, SPEED=0] to [ACCURACY=100, EVASION=100, ATTACK=3, DEFENSE=3, SPECIAL_ATTACK=4, SPECIAL_DEFENSE=4, SPEED=4] delta: ATTACK=-3, DEFENSE=-3, SPECIAL_ATTACK=-4, SPECIAL_DEFENSE=-4, SPEED=-4
Battle Message: literal{Sudowoodo} summoned some nearby allies to assist them
Sudowoodo stats changed from [ACCURACY=100, EVASION=100, ATTACK=3, DEFENSE=2, SPECIAL_ATTACK=4, SPECIAL_DEFENSE=3, SPEED=4] to [ACCURACY=100, EVASION=100, ATTACK=80, DEFENSE=105, SPECIAL_ATTACK=45, SPECIAL_DEFENSE=62, SPEED=39] delta: ATTACK=-77, DEFENSE=-103, SPECIAL_ATTACK=-41, SPECIAL_DEFENSE=-59, SPEED=-35
Pikachu stats changed from [ACCURACY=100, EVASION=100, ATTACK=3, DEFENSE=4, SPECIAL_ATTACK=4, SPECIAL_DEFENSE=4, SPEED=3] to [ACCURACY=100, EVASION=100, ATTACK=54, DEFENSE=41, SPECIAL_ATTACK=46, SPECIAL_DEFENSE=41, SPEED=73] delta: ATTACK=-51, DEFENSE=-37, SPECIAL_ATTACK=-42, SPECIAL_DEFENSE=-37, SPEED=-70
Swablu stats changed from [ACCURACY=100, EVASION=100, ATTACK=4, DEFENSE=3, SPECIAL_ATTACK=4, SPECIAL_DEFENSE=3, SPEED=4] to [ACCURACY=100, EVASION=100, ATTACK=36, DEFENSE=53, SPECIAL_ATTACK=35, SPECIAL_DEFENSE=50, SPEED=40] delta: ATTACK=-32, DEFENSE=-50, SPECIAL_ATTACK=-31, SPECIAL_DEFENSE=-47, SPEED=-36
Mightyena stats changed from [ACCURACY=100, EVASION=100, ATTACK=3, DEFENSE=3, SPECIAL_ATTACK=3, SPECIAL_DEFENSE=3, SPEED=3] to [ACCURACY=100, EVASION=100, ATTACK=91, DEFENSE=72, SPECIAL_ATTACK=63, SPECIAL_DEFENSE=75, SPEED=78] delta: ATTACK=-88, DEFENSE=-69, SPECIAL_ATTACK=-60, SPECIAL_DEFENSE=-72, SPEED=-75
Vileplume stats changed from [ACCURACY=100, EVASION=100, ATTACK=3, DEFENSE=3, SPECIAL_ATTACK=2, SPECIAL_DEFENSE=3, SPEED=4] to [ACCURACY=100, EVASION=100, ATTACK=96, DEFENSE=98, SPECIAL_ATTACK=127, SPECIAL_DEFENSE=96, SPEED=70] delta: ATTACK=-93, DEFENSE=-95, SPECIAL_ATTACK=-125, SPECIAL_DEFENSE=-93, SPEED=-66
Primarina stats changed from [ACCURACY=100, EVASION=100, ATTACK=3, DEFENSE=3, SPECIAL_ATTACK=2, SPECIAL_DEFENSE=2, SPEED=3] to [ACCURACY=100, EVASION=100, ATTACK=202, DEFENSE=206, SPECIAL_ATTACK=251, SPECIAL_DEFENSE=266, SPEED=169] delta: ATTACK=-199, DEFENSE=-203, SPECIAL_ATTACK=-249, SPECIAL_DEFENSE=-264, SPEED=-166
Sudowoodo selected attack Copycat for Sudowoodo targeting Sudowoodo and opted to mega evolve
translation{key='pixelmon.pikachu', args=[]} weighted their choices as follows:  Nuzzle, Tier 2, Weight 4.347826;  Quick Attack, Tier 2, Weight 1.8115941;  Spark, Tier 2, Weight 7.6086955;  Thunderbolt, Tier 2, Weight 7.6086955;  
translation{key='pixelmon.pikachu', args=[]} decided their best choices were:  Spark, Tier 2, Weight 7.6086955;  Thunderbolt, Tier 2, Weight 7.6086955;  
Pikachu selected attack Spark for Pikachu targeting Primarina and opted to mega evolve
translation{key='pixelmon.swablu', args=[]} weighted their choices as follows:  Peck, Tier 2, Weight 2.173913;  Mist, Tier 0, Weight 0.0;  Fury Attack, Tier 2, Weight 4.347826;  Dragon Breath, Tier 0, Weight 0.0;  
translation{key='pixelmon.swablu', args=[]} decided their best choices were:  Fury Attack, Tier 2, Weight 4.347826;  
Swablu selected attack Fury Attack for Swablu targeting Primarina and opted to mega evolve
translation{key='pixelmon.mightyena', args=[]} weighted their choices as follows:  Thunder Fang, Tier 2, Weight 10.144927;  Swagger, Tier 0, Weight 0.0;  Take Down, Tier 2, Weight 6.884058;  Play Rough, Tier 2, Weight 6.884058;  
translation{key='pixelmon.mightyena', args=[]} decided their best choices were:  Thunder Fang, Tier 2, Weight 10.144927;  
Mightyena selected attack Thunder Fang for Mightyena targeting Primarina and opted to mega evolve
translation{key='pixelmon.vileplume', args=[]} weighted their choices as follows:  Mega Drain, Tier 2, Weight 10.869565;  Petal Dance, Tier 2, Weight 29.347824;  Sleep Powder, Tier 0, Weight 0.0;  Sweet Scent, Tier 0, Weight 0.0;  
translation{key='pixelmon.vileplume', args=[]} decided their best choices were:  Petal Dance, Tier 2, Weight 29.347824;  
Vileplume selected attack Petal Dance for Vileplume targeting Primarina and opted to mega evolve

BATTLE ENDED

BATTLE ENDED
Caught error in battle. Continuing...
Attempted to load class net/minecraft/client/resources/sounds/SoundInstance for invalid dist DEDICATED_SERVER
MC-BOOTSTRAP/fml_loader@4.0.41/net.neoforged.fml.common.asm.RuntimeDistCleaner.processClassWithFlags(RuntimeDistCleaner.java:60)
MC-BOOTSTRAP/cpw.mods.modlauncher@11.0.5/cpw.mods.modlauncher.LaunchPluginHandler.offerClassNodeToPlugins(LaunchPluginHandler.java:94)
MC-BOOTSTRAP/cpw.mods.modlauncher@11.0.5/cpw.mods.modlauncher.ClassTransformer.transform(ClassTransformer.java:120)
MC-BOOTSTRAP/cpw.mods.modlauncher@11.0.5/cpw.mods.modlauncher.TransformingClassLoader.maybeTransformClassBytes(TransformingClassLoader.java:57)
cpw.mods.securejarhandler/cpw.mods.cl.ModuleClassLoader.readerToClass(ModuleClassLoader.java:190)
cpw.mods.securejarhandler/cpw.mods.cl.ModuleClassLoader.lambda$findClass$20(ModuleClassLoader.java:298)
cpw.mods.securejarhandler/cpw.mods.cl.ModuleClassLoader.loadFromModule(ModuleClassLoader.java:311)
cpw.mods.securejarhandler/cpw.mods.cl.ModuleClassLoader.findClass(ModuleClassLoader.java:298)
cpw.mods.securejarhandler/cpw.mods.cl.ModuleClassLoader.loadClass(ModuleClassLoader.java:214)
java.base/java.lang.ClassLoader.loadClass(Unknown Source)
TRANSFORMER/pixelmon@9.3.9/com.pixelmonmod.pixelmon.battles.controller.participants.PlayerParticipant.forfeitBattleForBeingTooFarAway(PlayerParticipant.java:666)
TRANSFORMER/pixelmon@9.3.9/com.pixelmonmod.pixelmon.battles.controller.participants.PlayerParticipant.handlePlayerDistanceFromBattle(PlayerParticipant.java:647)
TRANSFORMER/pixelmon@9.3.9/com.pixelmonmod.pixelmon.battles.controller.participants.PlayerParticipant.tick(PlayerParticipant.java:451)
TRANSFORMER/pixelmon@9.3.9/com.pixelmonmod.pixelmon.battles.controller.BattleController.onUpdate(BattleController.java:1135)
TRANSFORMER/pixelmon@9.3.9/com.pixelmonmod.pixelmon.battles.controller.BattleController.update(BattleController.java:511)
TRANSFORMER/pixelmon@9.3.9/com.pixelmonmod.pixelmon.battles.BattleRegistry.updateBattles(BattleRegistry.java:202)
TRANSFORMER/pixelmon@9.3.9/com.pixelmonmod.pixelmon.battles.BattleTickHandler.tickStart(BattleTickHandler.java:10)
MC-BOOTSTRAP/net.neoforged.bus/net.neoforged.bus.EventBus.post(EventBus.java:360)
MC-BOOTSTRAP/net.neoforged.bus/net.neoforged.bus.EventBus.post(EventBus.java:328)
TRANSFORMER/neoforge@21.1.209/net.neoforged.neoforge.event.EventHooks.fireServerTickPost(EventHooks.java:1020)
TRANSFORMER/minecraft@1.21.1/net.minecraft.server.MinecraftServer.tickServer(MinecraftServer.java:943)
TRANSFORMER/minecraft@1.21.1/net.minecraft.server.MinecraftServer.runServer(MinecraftServer.java:707)
TRANSFORMER/minecraft@1.21.1/net.minecraft.server.MinecraftServer.lambda$spin$2(MinecraftServer.java:267)
java.base/java.lang.Thread.run(Unknown Source)
